[2025-05-12T14:32:23.490+0000] {taskinstance.py:1956} INFO - Dependencies all met for dep_context=non-requeueable deps ti=<TaskInstance: raw_to_staging_dag.load_staging_cards scheduled__2025-05-04T00:00:00+00:00 [queued]>
[2025-05-12T14:32:23.513+0000] {taskinstance.py:1956} INFO - Dependencies all met for dep_context=requeueable deps ti=<TaskInstance: raw_to_staging_dag.load_staging_cards scheduled__2025-05-04T00:00:00+00:00 [queued]>
[2025-05-12T14:32:23.515+0000] {taskinstance.py:2170} INFO - Starting attempt 1 of 4
[2025-05-12T14:32:23.595+0000] {taskinstance.py:2191} INFO - Executing <Task(PostgresOperator): load_staging_cards> on 2025-05-04 00:00:00+00:00
[2025-05-12T14:32:23.611+0000] {standard_task_runner.py:60} INFO - Started process 13740 to run task
[2025-05-12T14:32:23.619+0000] {standard_task_runner.py:87} INFO - Running: ['airflow', 'tasks', 'run', 'raw_to_staging_dag', 'load_staging_cards', 'scheduled__2025-05-04T00:00:00+00:00', '--job-id', '3962', '--raw', '--subdir', 'DAGS_FOLDER/raw_to_staging_dag.py', '--cfg-path', '/tmp/tmpbov62xq1']
[2025-05-12T14:32:23.639+0000] {standard_task_runner.py:88} INFO - Job 3962: Subtask load_staging_cards
[2025-05-12T14:32:23.737+0000] {task_command.py:423} INFO - Running <TaskInstance: raw_to_staging_dag.load_staging_cards scheduled__2025-05-04T00:00:00+00:00 [running]> on host 03858235192c
[2025-05-12T14:32:23.995+0000] {taskinstance.py:2480} INFO - Exporting env vars: AIRFLOW_CTX_DAG_OWNER='simran' AIRFLOW_CTX_DAG_ID='raw_to_staging_dag' AIRFLOW_CTX_TASK_ID='load_staging_cards' AIRFLOW_CTX_EXECUTION_DATE='2025-05-04T00:00:00+00:00' AIRFLOW_CTX_TRY_NUMBER='1' AIRFLOW_CTX_DAG_RUN_ID='scheduled__2025-05-04T00:00:00+00:00'
[2025-05-12T14:32:23.996+0000] {sql.py:276} INFO - Executing: INSERT INTO staging.cards
SELECT * FROM raw.cards;
[2025-05-12T14:32:24.029+0000] {base.py:83} INFO - Using connection ID 'airflow_db' for task execution.
[2025-05-12T14:32:24.053+0000] {base.py:83} INFO - Using connection ID 'airflow_db' for task execution.
[2025-05-12T14:32:24.089+0000] {sql.py:450} INFO - Running statement: INSERT INTO staging.cards
SELECT * FROM raw.cards;, parameters: None
[2025-05-12T14:32:24.112+0000] {sql.py:459} INFO - Rows affected: 188
[2025-05-12T14:32:24.176+0000] {taskinstance.py:1138} INFO - Marking task as SUCCESS. dag_id=raw_to_staging_dag, task_id=load_staging_cards, execution_date=20250504T000000, start_date=20250512T143223, end_date=20250512T143224
[2025-05-12T14:32:24.241+0000] {local_task_job_runner.py:234} INFO - Task exited with return code 0
[2025-05-12T14:32:24.347+0000] {taskinstance.py:3280} INFO - 0 downstream tasks scheduled from follow-on schedule check
[2025-05-22T02:23:15.986+0000] {taskinstance.py:1956} INFO - Dependencies all met for dep_context=non-requeueable deps ti=<TaskInstance: raw_to_staging_dag.load_staging_cards scheduled__2025-05-04T00:00:00+00:00 [queued]>
[2025-05-22T02:23:16.018+0000] {taskinstance.py:1956} INFO - Dependencies all met for dep_context=requeueable deps ti=<TaskInstance: raw_to_staging_dag.load_staging_cards scheduled__2025-05-04T00:00:00+00:00 [queued]>
[2025-05-22T02:23:16.021+0000] {taskinstance.py:2170} INFO - Starting attempt 1 of 4
[2025-05-22T02:23:16.067+0000] {taskinstance.py:2191} INFO - Executing <Task(PostgresOperator): load_staging_cards> on 2025-05-04 00:00:00+00:00
[2025-05-22T02:23:16.104+0000] {standard_task_runner.py:60} INFO - Started process 28473 to run task
[2025-05-22T02:23:16.124+0000] {standard_task_runner.py:87} INFO - Running: ['airflow', 'tasks', 'run', 'raw_to_staging_dag', 'load_staging_cards', 'scheduled__2025-05-04T00:00:00+00:00', '--job-id', '3863', '--raw', '--subdir', 'DAGS_FOLDER/raw_to_staging_dag.py', '--cfg-path', '/tmp/tmpim7d9yse']
[2025-05-22T02:23:16.135+0000] {standard_task_runner.py:88} INFO - Job 3863: Subtask load_staging_cards
[2025-05-22T02:23:16.266+0000] {task_command.py:423} INFO - Running <TaskInstance: raw_to_staging_dag.load_staging_cards scheduled__2025-05-04T00:00:00+00:00 [running]> on host 123cdc80f7f3
[2025-05-22T02:23:16.446+0000] {taskinstance.py:2480} INFO - Exporting env vars: AIRFLOW_CTX_DAG_OWNER='simran' AIRFLOW_CTX_DAG_ID='raw_to_staging_dag' AIRFLOW_CTX_TASK_ID='load_staging_cards' AIRFLOW_CTX_EXECUTION_DATE='2025-05-04T00:00:00+00:00' AIRFLOW_CTX_TRY_NUMBER='1' AIRFLOW_CTX_DAG_RUN_ID='scheduled__2025-05-04T00:00:00+00:00'
[2025-05-22T02:23:16.449+0000] {sql.py:276} INFO - Executing: TRUNCATE TABLE staging.cards;

INSERT INTO staging.cards
SELECT * FROM raw.cards;
[2025-05-22T02:23:16.475+0000] {base.py:83} INFO - Using connection ID 'airflow_db' for task execution.
[2025-05-22T02:23:16.508+0000] {base.py:83} INFO - Using connection ID 'airflow_db' for task execution.
[2025-05-22T02:23:16.527+0000] {sql.py:450} INFO - Running statement: TRUNCATE TABLE staging.cards;

INSERT INTO staging.cards
SELECT * FROM raw.cards;, parameters: None
[2025-05-22T02:23:16.552+0000] {sql.py:459} INFO - Rows affected: 0
[2025-05-22T02:23:16.593+0000] {taskinstance.py:1138} INFO - Marking task as SUCCESS. dag_id=raw_to_staging_dag, task_id=load_staging_cards, execution_date=20250504T000000, start_date=20250522T022315, end_date=20250522T022316
[2025-05-22T02:23:16.639+0000] {local_task_job_runner.py:234} INFO - Task exited with return code 0
[2025-05-22T02:23:16.724+0000] {taskinstance.py:3280} INFO - 0 downstream tasks scheduled from follow-on schedule check
