[2025-05-11T13:58:50.077+0000] {taskinstance.py:1956} INFO - Dependencies all met for dep_context=non-requeueable deps ti=<TaskInstance: raw_to_staging_dag.create_staging_accounts scheduled__2025-04-05T00:00:00+00:00 [queued]>
[2025-05-11T13:58:50.090+0000] {taskinstance.py:1956} INFO - Dependencies all met for dep_context=requeueable deps ti=<TaskInstance: raw_to_staging_dag.create_staging_accounts scheduled__2025-04-05T00:00:00+00:00 [queued]>
[2025-05-11T13:58:50.093+0000] {taskinstance.py:2170} INFO - Starting attempt 4 of 4
[2025-05-11T13:58:50.126+0000] {taskinstance.py:2191} INFO - Executing <Task(PostgresOperator): create_staging_accounts> on 2025-04-05 00:00:00+00:00
[2025-05-11T13:58:50.135+0000] {standard_task_runner.py:60} INFO - Started process 4892 to run task
[2025-05-11T13:58:50.144+0000] {standard_task_runner.py:87} INFO - Running: ['airflow', 'tasks', 'run', 'raw_to_staging_dag', 'create_staging_accounts', 'scheduled__2025-04-05T00:00:00+00:00', '--job-id', '2078', '--raw', '--subdir', 'DAGS_FOLDER/raw_to_staging_dag.py', '--cfg-path', '/tmp/tmp2l0x85f3']
[2025-05-11T13:58:50.147+0000] {standard_task_runner.py:88} INFO - Job 2078: Subtask create_staging_accounts
[2025-05-11T13:58:50.267+0000] {task_command.py:423} INFO - Running <TaskInstance: raw_to_staging_dag.create_staging_accounts scheduled__2025-04-05T00:00:00+00:00 [running]> on host 03858235192c
[2025-05-11T13:58:50.433+0000] {taskinstance.py:2480} INFO - Exporting env vars: AIRFLOW_CTX_DAG_OWNER='simran' AIRFLOW_CTX_DAG_ID='raw_to_staging_dag' AIRFLOW_CTX_TASK_ID='create_staging_accounts' AIRFLOW_CTX_EXECUTION_DATE='2025-04-05T00:00:00+00:00' AIRFLOW_CTX_TRY_NUMBER='4' AIRFLOW_CTX_DAG_RUN_ID='scheduled__2025-04-05T00:00:00+00:00'
[2025-05-11T13:58:50.437+0000] {sql.py:276} INFO - Executing: CREATE TABLE IF NOT EXISTS staging.accounts AS
SELECT * FROM raw.account WHERE 1=0;
[2025-05-11T13:58:50.454+0000] {base.py:83} INFO - Using connection ID 'postgres_local' for task execution.
[2025-05-11T13:58:50.468+0000] {base.py:83} INFO - Using connection ID 'postgres_local' for task execution.
[2025-05-11T13:58:50.471+0000] {taskinstance.py:2698} ERROR - Task failed with exception
Traceback (most recent call last):
  File "/home/airflow/.local/lib/python3.8/site-packages/airflow/models/taskinstance.py", line 433, in _execute_task
    result = execute_callable(context=context, **execute_callable_kwargs)
  File "/home/airflow/.local/lib/python3.8/site-packages/airflow/providers/common/sql/operators/sql.py", line 282, in execute
    output = hook.run(
  File "/home/airflow/.local/lib/python3.8/site-packages/airflow/providers/common/sql/hooks/sql.py", line 391, in run
    with closing(self.get_conn()) as conn:
  File "/home/airflow/.local/lib/python3.8/site-packages/airflow/providers/postgres/hooks/postgres.py", line 158, in get_conn
    self.conn = psycopg2.connect(**conn_args)
  File "/home/airflow/.local/lib/python3.8/site-packages/psycopg2/__init__.py", line 122, in connect
    conn = _connect(dsn, connection_factory=connection_factory, **kwasync)
psycopg2.OperationalError: connection to server at "localhost" (::1), port 5433 failed: Connection refused
	Is the server running on that host and accepting TCP/IP connections?
connection to server at "localhost" (127.0.0.1), port 5433 failed: Connection refused
	Is the server running on that host and accepting TCP/IP connections?

[2025-05-11T13:58:50.487+0000] {taskinstance.py:1138} INFO - Marking task as FAILED. dag_id=raw_to_staging_dag, task_id=create_staging_accounts, execution_date=20250405T000000, start_date=20250511T135850, end_date=20250511T135850
[2025-05-11T13:58:50.501+0000] {standard_task_runner.py:107} ERROR - Failed to execute job 2078 for task create_staging_accounts (connection to server at "localhost" (::1), port 5433 failed: Connection refused
	Is the server running on that host and accepting TCP/IP connections?
connection to server at "localhost" (127.0.0.1), port 5433 failed: Connection refused
	Is the server running on that host and accepting TCP/IP connections?
; 4892)
[2025-05-11T13:58:50.530+0000] {local_task_job_runner.py:234} INFO - Task exited with return code 1
[2025-05-11T13:58:50.569+0000] {taskinstance.py:3280} INFO - 0 downstream tasks scheduled from follow-on schedule check
[2025-05-19T05:18:49.650+0000] {taskinstance.py:1956} INFO - Dependencies all met for dep_context=non-requeueable deps ti=<TaskInstance: raw_to_staging_dag.create_staging_accounts scheduled__2025-04-05T00:00:00+00:00 [queued]>
[2025-05-19T05:18:49.662+0000] {taskinstance.py:1956} INFO - Dependencies all met for dep_context=requeueable deps ti=<TaskInstance: raw_to_staging_dag.create_staging_accounts scheduled__2025-04-05T00:00:00+00:00 [queued]>
[2025-05-19T05:18:49.662+0000] {taskinstance.py:2170} INFO - Starting attempt 4 of 4
[2025-05-19T05:18:49.680+0000] {taskinstance.py:2191} INFO - Executing <Task(PostgresOperator): create_staging_accounts> on 2025-04-05 00:00:00+00:00
[2025-05-19T05:18:49.686+0000] {standard_task_runner.py:60} INFO - Started process 5664 to run task
[2025-05-19T05:18:49.690+0000] {standard_task_runner.py:87} INFO - Running: ['airflow', 'tasks', 'run', 'raw_to_staging_dag', 'create_staging_accounts', 'scheduled__2025-04-05T00:00:00+00:00', '--job-id', '1914', '--raw', '--subdir', 'DAGS_FOLDER/raw_to_staging_dag.py', '--cfg-path', '/tmp/tmpbnebmnnb']
[2025-05-19T05:18:49.692+0000] {standard_task_runner.py:88} INFO - Job 1914: Subtask create_staging_accounts
[2025-05-19T05:18:49.763+0000] {task_command.py:423} INFO - Running <TaskInstance: raw_to_staging_dag.create_staging_accounts scheduled__2025-04-05T00:00:00+00:00 [running]> on host 98044bf8a4b3
[2025-05-19T05:18:49.911+0000] {taskinstance.py:2480} INFO - Exporting env vars: AIRFLOW_CTX_DAG_OWNER='simran' AIRFLOW_CTX_DAG_ID='raw_to_staging_dag' AIRFLOW_CTX_TASK_ID='create_staging_accounts' AIRFLOW_CTX_EXECUTION_DATE='2025-04-05T00:00:00+00:00' AIRFLOW_CTX_TRY_NUMBER='4' AIRFLOW_CTX_DAG_RUN_ID='scheduled__2025-04-05T00:00:00+00:00'
[2025-05-19T05:18:49.913+0000] {sql.py:276} INFO - Executing: CREATE TABLE IF NOT EXISTS staging.accounts AS
SELECT * FROM raw.account WHERE 1=0;
[2025-05-19T05:18:49.923+0000] {base.py:83} INFO - Using connection ID 'airflow_db' for task execution.
[2025-05-19T05:18:49.949+0000] {base.py:83} INFO - Using connection ID 'airflow_db' for task execution.
[2025-05-19T05:18:49.975+0000] {taskinstance.py:2698} ERROR - Task failed with exception
Traceback (most recent call last):
  File "/home/airflow/.local/lib/python3.9/site-packages/airflow/models/taskinstance.py", line 433, in _execute_task
    result = execute_callable(context=context, **execute_callable_kwargs)
  File "/home/airflow/.local/lib/python3.9/site-packages/airflow/providers/common/sql/operators/sql.py", line 282, in execute
    output = hook.run(
  File "/home/airflow/.local/lib/python3.9/site-packages/airflow/providers/common/sql/hooks/sql.py", line 391, in run
    with closing(self.get_conn()) as conn:
  File "/home/airflow/.local/lib/python3.9/site-packages/airflow/providers/mysql/hooks/mysql.py", line 195, in get_conn
    return MySQLdb.connect(**conn_config)
  File "/home/airflow/.local/lib/python3.9/site-packages/MySQLdb/__init__.py", line 121, in Connect
    return Connection(*args, **kwargs)
  File "/home/airflow/.local/lib/python3.9/site-packages/MySQLdb/connections.py", line 193, in __init__
    super().__init__(*args, **kwargs2)
MySQLdb.OperationalError: (2005, "Unknown server host 'mysql' (-2)")
[2025-05-19T05:18:49.993+0000] {taskinstance.py:1138} INFO - Marking task as FAILED. dag_id=raw_to_staging_dag, task_id=create_staging_accounts, execution_date=20250405T000000, start_date=20250519T051849, end_date=20250519T051849
[2025-05-19T05:18:50.005+0000] {standard_task_runner.py:107} ERROR - Failed to execute job 1914 for task create_staging_accounts ((2005, "Unknown server host 'mysql' (-2)"); 5664)
[2025-05-19T05:18:50.059+0000] {local_task_job_runner.py:234} INFO - Task exited with return code 1
[2025-05-19T05:18:50.149+0000] {taskinstance.py:3280} INFO - 0 downstream tasks scheduled from follow-on schedule check
[2025-05-20T04:12:17.613+0000] {taskinstance.py:1956} INFO - Dependencies all met for dep_context=non-requeueable deps ti=<TaskInstance: raw_to_staging_dag.create_staging_accounts scheduled__2025-04-05T00:00:00+00:00 [queued]>
[2025-05-20T04:12:17.623+0000] {taskinstance.py:1956} INFO - Dependencies all met for dep_context=requeueable deps ti=<TaskInstance: raw_to_staging_dag.create_staging_accounts scheduled__2025-04-05T00:00:00+00:00 [queued]>
[2025-05-20T04:12:17.624+0000] {taskinstance.py:2170} INFO - Starting attempt 4 of 4
[2025-05-20T04:12:17.677+0000] {taskinstance.py:2191} INFO - Executing <Task(PostgresOperator): create_staging_accounts> on 2025-04-05 00:00:00+00:00
[2025-05-20T04:12:17.694+0000] {standard_task_runner.py:60} INFO - Started process 5565 to run task
[2025-05-20T04:12:17.716+0000] {standard_task_runner.py:87} INFO - Running: ['airflow', 'tasks', 'run', 'raw_to_staging_dag', 'create_staging_accounts', 'scheduled__2025-04-05T00:00:00+00:00', '--job-id', '1915', '--raw', '--subdir', 'DAGS_FOLDER/raw_to_staging_dag.py', '--cfg-path', '/tmp/tmp0saygxa8']
[2025-05-20T04:12:17.727+0000] {standard_task_runner.py:88} INFO - Job 1915: Subtask create_staging_accounts
[2025-05-20T04:12:17.908+0000] {task_command.py:423} INFO - Running <TaskInstance: raw_to_staging_dag.create_staging_accounts scheduled__2025-04-05T00:00:00+00:00 [running]> on host 123cdc80f7f3
[2025-05-20T04:12:18.058+0000] {taskinstance.py:2480} INFO - Exporting env vars: AIRFLOW_CTX_DAG_OWNER='simran' AIRFLOW_CTX_DAG_ID='raw_to_staging_dag' AIRFLOW_CTX_TASK_ID='create_staging_accounts' AIRFLOW_CTX_EXECUTION_DATE='2025-04-05T00:00:00+00:00' AIRFLOW_CTX_TRY_NUMBER='4' AIRFLOW_CTX_DAG_RUN_ID='scheduled__2025-04-05T00:00:00+00:00'
[2025-05-20T04:12:18.061+0000] {sql.py:276} INFO - Executing: CREATE TABLE IF NOT EXISTS staging.accounts AS
SELECT * FROM raw.account WHERE 1=0;
[2025-05-20T04:12:18.149+0000] {base.py:83} INFO - Using connection ID 'airflow_db' for task execution.
[2025-05-20T04:12:18.196+0000] {base.py:83} INFO - Using connection ID 'airflow_db' for task execution.
[2025-05-20T04:12:18.336+0000] {sql.py:450} INFO - Running statement: CREATE TABLE IF NOT EXISTS staging.accounts AS
SELECT * FROM raw.account WHERE 1=0;, parameters: None
[2025-05-20T04:12:18.351+0000] {taskinstance.py:2698} ERROR - Task failed with exception
Traceback (most recent call last):
  File "/home/airflow/.local/lib/python3.9/site-packages/airflow/models/taskinstance.py", line 433, in _execute_task
    result = execute_callable(context=context, **execute_callable_kwargs)
  File "/home/airflow/.local/lib/python3.9/site-packages/airflow/providers/common/sql/operators/sql.py", line 282, in execute
    output = hook.run(
  File "/home/airflow/.local/lib/python3.9/site-packages/airflow/providers/common/sql/hooks/sql.py", line 398, in run
    self._run_command(cur, sql_statement, parameters)
  File "/home/airflow/.local/lib/python3.9/site-packages/airflow/providers/common/sql/hooks/sql.py", line 455, in _run_command
    cur.execute(sql_statement)
psycopg2.errors.UndefinedTable: relation "raw.account" does not exist
LINE 2: SELECT * FROM raw.account WHERE 1=0;
                      ^

[2025-05-20T04:12:18.389+0000] {taskinstance.py:1138} INFO - Marking task as FAILED. dag_id=raw_to_staging_dag, task_id=create_staging_accounts, execution_date=20250405T000000, start_date=20250520T041217, end_date=20250520T041218
[2025-05-20T04:12:18.429+0000] {standard_task_runner.py:107} ERROR - Failed to execute job 1915 for task create_staging_accounts (relation "raw.account" does not exist
LINE 2: SELECT * FROM raw.account WHERE 1=0;
                      ^
; 5565)
[2025-05-20T04:12:18.486+0000] {local_task_job_runner.py:234} INFO - Task exited with return code 1
[2025-05-20T04:12:18.653+0000] {taskinstance.py:3280} INFO - 0 downstream tasks scheduled from follow-on schedule check
