[2025-05-11T09:21:27.968+0000] {taskinstance.py:1956} INFO - Dependencies all met for dep_context=non-requeueable deps ti=<TaskInstance: raw_to_staging_dag.create_staging_products scheduled__2025-02-21T00:00:00+00:00 [queued]>
[2025-05-11T09:21:28.002+0000] {taskinstance.py:1956} INFO - Dependencies all met for dep_context=requeueable deps ti=<TaskInstance: raw_to_staging_dag.create_staging_products scheduled__2025-02-21T00:00:00+00:00 [queued]>
[2025-05-11T09:21:28.008+0000] {taskinstance.py:2170} INFO - Starting attempt 1 of 4
[2025-05-11T09:21:28.041+0000] {taskinstance.py:2191} INFO - Executing <Task(PostgresOperator): create_staging_products> on 2025-02-21 00:00:00+00:00
[2025-05-11T09:21:28.061+0000] {standard_task_runner.py:87} INFO - Running: ['airflow', 'tasks', 'run', 'raw_to_staging_dag', 'create_staging_products', 'scheduled__2025-02-21T00:00:00+00:00', '--job-id', '971', '--raw', '--subdir', 'DAGS_FOLDER/raw_to_staging_dag.py', '--cfg-path', '/tmp/tmp8kt2suc9']
[2025-05-11T09:21:28.066+0000] {standard_task_runner.py:88} INFO - Job 971: Subtask create_staging_products
[2025-05-11T09:21:28.056+0000] {standard_task_runner.py:60} INFO - Started process 2388 to run task
[2025-05-11T09:21:28.167+0000] {task_command.py:423} INFO - Running <TaskInstance: raw_to_staging_dag.create_staging_products scheduled__2025-02-21T00:00:00+00:00 [running]> on host 03858235192c
[2025-05-11T09:21:28.356+0000] {taskinstance.py:2480} INFO - Exporting env vars: AIRFLOW_CTX_DAG_OWNER='simran' AIRFLOW_CTX_DAG_ID='raw_to_staging_dag' AIRFLOW_CTX_TASK_ID='create_staging_products' AIRFLOW_CTX_EXECUTION_DATE='2025-02-21T00:00:00+00:00' AIRFLOW_CTX_TRY_NUMBER='1' AIRFLOW_CTX_DAG_RUN_ID='scheduled__2025-02-21T00:00:00+00:00'
[2025-05-11T09:21:28.359+0000] {sql.py:276} INFO - Executing: CREATE TABLE IF NOT EXISTS staging.products AS
SELECT * FROM raw.product WHERE 1=0;
[2025-05-11T09:21:28.397+0000] {taskinstance.py:2698} ERROR - Task failed with exception
Traceback (most recent call last):
  File "/home/airflow/.local/lib/python3.8/site-packages/airflow/models/taskinstance.py", line 433, in _execute_task
    result = execute_callable(context=context, **execute_callable_kwargs)
  File "/home/airflow/.local/lib/python3.8/site-packages/airflow/providers/common/sql/operators/sql.py", line 277, in execute
    hook = self.get_db_hook()
  File "/home/airflow/.local/lib/python3.8/site-packages/airflow/providers/common/sql/operators/sql.py", line 188, in get_db_hook
    return self._hook
  File "/usr/local/lib/python3.8/functools.py", line 967, in __get__
    val = self.func(instance)
  File "/home/airflow/.local/lib/python3.8/site-packages/airflow/providers/common/sql/operators/sql.py", line 150, in _hook
    conn = BaseHook.get_connection(conn_id)
  File "/home/airflow/.local/lib/python3.8/site-packages/airflow/hooks/base.py", line 82, in get_connection
    conn = Connection.get_connection_from_secrets(conn_id)
  File "/home/airflow/.local/lib/python3.8/site-packages/airflow/models/connection.py", line 479, in get_connection_from_secrets
    raise AirflowNotFoundException(f"The conn_id `{conn_id}` isn't defined")
airflow.exceptions.AirflowNotFoundException: The conn_id `postgres_local` isn't defined
[2025-05-11T09:21:28.406+0000] {taskinstance.py:1138} INFO - Marking task as UP_FOR_RETRY. dag_id=raw_to_staging_dag, task_id=create_staging_products, execution_date=20250221T000000, start_date=20250511T092127, end_date=20250511T092128
[2025-05-11T09:21:28.427+0000] {standard_task_runner.py:107} ERROR - Failed to execute job 971 for task create_staging_products (The conn_id `postgres_local` isn't defined; 2388)
[2025-05-11T09:21:28.456+0000] {local_task_job_runner.py:234} INFO - Task exited with return code 1
[2025-05-11T09:21:28.541+0000] {taskinstance.py:3280} INFO - 0 downstream tasks scheduled from follow-on schedule check
[2025-05-12T14:29:48.206+0000] {taskinstance.py:1956} INFO - Dependencies all met for dep_context=non-requeueable deps ti=<TaskInstance: raw_to_staging_dag.create_staging_products scheduled__2025-02-21T00:00:00+00:00 [queued]>
[2025-05-12T14:29:48.216+0000] {taskinstance.py:1956} INFO - Dependencies all met for dep_context=requeueable deps ti=<TaskInstance: raw_to_staging_dag.create_staging_products scheduled__2025-02-21T00:00:00+00:00 [queued]>
[2025-05-12T14:29:48.219+0000] {taskinstance.py:2170} INFO - Starting attempt 1 of 4
[2025-05-12T14:29:48.258+0000] {taskinstance.py:2191} INFO - Executing <Task(PostgresOperator): create_staging_products> on 2025-02-21 00:00:00+00:00
[2025-05-12T14:29:48.272+0000] {standard_task_runner.py:60} INFO - Started process 12231 to run task
[2025-05-12T14:29:48.299+0000] {standard_task_runner.py:87} INFO - Running: ['airflow', 'tasks', 'run', 'raw_to_staging_dag', 'create_staging_products', 'scheduled__2025-02-21T00:00:00+00:00', '--job-id', '3216', '--raw', '--subdir', 'DAGS_FOLDER/raw_to_staging_dag.py', '--cfg-path', '/tmp/tmp2q8umow0']
[2025-05-12T14:29:48.311+0000] {standard_task_runner.py:88} INFO - Job 3216: Subtask create_staging_products
[2025-05-12T14:29:48.513+0000] {task_command.py:423} INFO - Running <TaskInstance: raw_to_staging_dag.create_staging_products scheduled__2025-02-21T00:00:00+00:00 [running]> on host 03858235192c
[2025-05-12T14:29:48.749+0000] {taskinstance.py:2480} INFO - Exporting env vars: AIRFLOW_CTX_DAG_OWNER='simran' AIRFLOW_CTX_DAG_ID='raw_to_staging_dag' AIRFLOW_CTX_TASK_ID='create_staging_products' AIRFLOW_CTX_EXECUTION_DATE='2025-02-21T00:00:00+00:00' AIRFLOW_CTX_TRY_NUMBER='1' AIRFLOW_CTX_DAG_RUN_ID='scheduled__2025-02-21T00:00:00+00:00'
[2025-05-12T14:29:48.753+0000] {sql.py:276} INFO - Executing: CREATE TABLE IF NOT EXISTS staging.products AS
SELECT * FROM raw.product WHERE 1=0;
[2025-05-12T14:29:48.789+0000] {base.py:83} INFO - Using connection ID 'airflow_db' for task execution.
[2025-05-12T14:29:48.826+0000] {base.py:83} INFO - Using connection ID 'airflow_db' for task execution.
[2025-05-12T14:29:48.910+0000] {sql.py:450} INFO - Running statement: CREATE TABLE IF NOT EXISTS staging.products AS
SELECT * FROM raw.product WHERE 1=0;, parameters: None
[2025-05-12T14:29:48.963+0000] {taskinstance.py:1138} INFO - Marking task as SUCCESS. dag_id=raw_to_staging_dag, task_id=create_staging_products, execution_date=20250221T000000, start_date=20250512T142948, end_date=20250512T142948
[2025-05-12T14:29:49.050+0000] {local_task_job_runner.py:234} INFO - Task exited with return code 0
[2025-05-12T14:29:49.223+0000] {taskinstance.py:3280} INFO - 1 downstream tasks scheduled from follow-on schedule check
