[2025-05-19T05:50:45.203+0000] {taskinstance.py:1956} INFO - Dependencies all met for dep_context=non-requeueable deps ti=<TaskInstance: raw_to_staging_dag.create_staging_accounts scheduled__2025-05-16T00:00:00+00:00 [queued]>
[2025-05-19T05:50:45.210+0000] {taskinstance.py:1956} INFO - Dependencies all met for dep_context=requeueable deps ti=<TaskInstance: raw_to_staging_dag.create_staging_accounts scheduled__2025-05-16T00:00:00+00:00 [queued]>
[2025-05-19T05:50:45.210+0000] {taskinstance.py:2170} INFO - Starting attempt 1 of 4
[2025-05-19T05:50:45.254+0000] {taskinstance.py:2191} INFO - Executing <Task(PostgresOperator): create_staging_accounts> on 2025-05-16 00:00:00+00:00
[2025-05-19T05:50:45.265+0000] {standard_task_runner.py:60} INFO - Started process 7655 to run task
[2025-05-19T05:50:45.276+0000] {standard_task_runner.py:87} INFO - Running: ['airflow', 'tasks', 'run', 'raw_to_staging_dag', 'create_staging_accounts', 'scheduled__2025-05-16T00:00:00+00:00', '--job-id', '2601', '--raw', '--subdir', 'DAGS_FOLDER/raw_to_staging_dag.py', '--cfg-path', '/tmp/tmp56tqmacu']
[2025-05-19T05:50:45.281+0000] {standard_task_runner.py:88} INFO - Job 2601: Subtask create_staging_accounts
[2025-05-19T05:50:45.343+0000] {task_command.py:423} INFO - Running <TaskInstance: raw_to_staging_dag.create_staging_accounts scheduled__2025-05-16T00:00:00+00:00 [running]> on host 98044bf8a4b3
[2025-05-19T05:50:45.501+0000] {taskinstance.py:2480} INFO - Exporting env vars: AIRFLOW_CTX_DAG_OWNER='simran' AIRFLOW_CTX_DAG_ID='raw_to_staging_dag' AIRFLOW_CTX_TASK_ID='create_staging_accounts' AIRFLOW_CTX_EXECUTION_DATE='2025-05-16T00:00:00+00:00' AIRFLOW_CTX_TRY_NUMBER='1' AIRFLOW_CTX_DAG_RUN_ID='scheduled__2025-05-16T00:00:00+00:00'
[2025-05-19T05:50:45.506+0000] {sql.py:276} INFO - Executing: CREATE TABLE IF NOT EXISTS staging.accounts AS
SELECT * FROM raw.account WHERE 1=0;
[2025-05-19T05:50:45.514+0000] {base.py:83} INFO - Using connection ID 'airflow_db' for task execution.
[2025-05-19T05:50:45.528+0000] {base.py:83} INFO - Using connection ID 'airflow_db' for task execution.
[2025-05-19T05:50:45.541+0000] {taskinstance.py:2698} ERROR - Task failed with exception
Traceback (most recent call last):
  File "/home/airflow/.local/lib/python3.9/site-packages/airflow/models/taskinstance.py", line 433, in _execute_task
    result = execute_callable(context=context, **execute_callable_kwargs)
  File "/home/airflow/.local/lib/python3.9/site-packages/airflow/providers/common/sql/operators/sql.py", line 282, in execute
    output = hook.run(
  File "/home/airflow/.local/lib/python3.9/site-packages/airflow/providers/common/sql/hooks/sql.py", line 391, in run
    with closing(self.get_conn()) as conn:
  File "/home/airflow/.local/lib/python3.9/site-packages/airflow/providers/mysql/hooks/mysql.py", line 195, in get_conn
    return MySQLdb.connect(**conn_config)
  File "/home/airflow/.local/lib/python3.9/site-packages/MySQLdb/__init__.py", line 121, in Connect
    return Connection(*args, **kwargs)
  File "/home/airflow/.local/lib/python3.9/site-packages/MySQLdb/connections.py", line 193, in __init__
    super().__init__(*args, **kwargs2)
MySQLdb.OperationalError: (2005, "Unknown server host 'mysql' (-2)")
[2025-05-19T05:50:45.557+0000] {taskinstance.py:1138} INFO - Marking task as UP_FOR_RETRY. dag_id=raw_to_staging_dag, task_id=create_staging_accounts, execution_date=20250516T000000, start_date=20250519T055045, end_date=20250519T055045
[2025-05-19T05:50:45.579+0000] {standard_task_runner.py:107} ERROR - Failed to execute job 2601 for task create_staging_accounts ((2005, "Unknown server host 'mysql' (-2)"); 7655)
[2025-05-19T05:50:45.618+0000] {local_task_job_runner.py:234} INFO - Task exited with return code 1
[2025-05-19T05:50:45.645+0000] {taskinstance.py:3280} INFO - 0 downstream tasks scheduled from follow-on schedule check
[2025-05-20T04:43:24.261+0000] {taskinstance.py:1956} INFO - Dependencies all met for dep_context=non-requeueable deps ti=<TaskInstance: raw_to_staging_dag.create_staging_accounts scheduled__2025-05-16T00:00:00+00:00 [queued]>
[2025-05-20T04:43:24.288+0000] {taskinstance.py:1956} INFO - Dependencies all met for dep_context=requeueable deps ti=<TaskInstance: raw_to_staging_dag.create_staging_accounts scheduled__2025-05-16T00:00:00+00:00 [queued]>
[2025-05-20T04:43:24.294+0000] {taskinstance.py:2170} INFO - Starting attempt 1 of 4
[2025-05-20T04:43:24.387+0000] {taskinstance.py:2191} INFO - Executing <Task(PostgresOperator): create_staging_accounts> on 2025-05-16 00:00:00+00:00
[2025-05-20T04:43:24.395+0000] {standard_task_runner.py:60} INFO - Started process 7551 to run task
[2025-05-20T04:43:24.422+0000] {standard_task_runner.py:87} INFO - Running: ['airflow', 'tasks', 'run', 'raw_to_staging_dag', 'create_staging_accounts', 'scheduled__2025-05-16T00:00:00+00:00', '--job-id', '2601', '--raw', '--subdir', 'DAGS_FOLDER/raw_to_staging_dag.py', '--cfg-path', '/tmp/tmpwmj16y4n']
[2025-05-20T04:43:24.437+0000] {standard_task_runner.py:88} INFO - Job 2601: Subtask create_staging_accounts
[2025-05-20T04:43:24.603+0000] {task_command.py:423} INFO - Running <TaskInstance: raw_to_staging_dag.create_staging_accounts scheduled__2025-05-16T00:00:00+00:00 [running]> on host 123cdc80f7f3
[2025-05-20T04:43:24.766+0000] {taskinstance.py:2480} INFO - Exporting env vars: AIRFLOW_CTX_DAG_OWNER='simran' AIRFLOW_CTX_DAG_ID='raw_to_staging_dag' AIRFLOW_CTX_TASK_ID='create_staging_accounts' AIRFLOW_CTX_EXECUTION_DATE='2025-05-16T00:00:00+00:00' AIRFLOW_CTX_TRY_NUMBER='1' AIRFLOW_CTX_DAG_RUN_ID='scheduled__2025-05-16T00:00:00+00:00'
[2025-05-20T04:43:24.771+0000] {sql.py:276} INFO - Executing: CREATE TABLE IF NOT EXISTS staging.accounts AS
SELECT * FROM raw.account WHERE 1=0;
[2025-05-20T04:43:24.796+0000] {base.py:83} INFO - Using connection ID 'airflow_db' for task execution.
[2025-05-20T04:43:24.814+0000] {base.py:83} INFO - Using connection ID 'airflow_db' for task execution.
[2025-05-20T04:43:24.854+0000] {sql.py:450} INFO - Running statement: CREATE TABLE IF NOT EXISTS staging.accounts AS
SELECT * FROM raw.account WHERE 1=0;, parameters: None
[2025-05-20T04:43:24.862+0000] {taskinstance.py:2698} ERROR - Task failed with exception
Traceback (most recent call last):
  File "/home/airflow/.local/lib/python3.9/site-packages/airflow/models/taskinstance.py", line 433, in _execute_task
    result = execute_callable(context=context, **execute_callable_kwargs)
  File "/home/airflow/.local/lib/python3.9/site-packages/airflow/providers/common/sql/operators/sql.py", line 282, in execute
    output = hook.run(
  File "/home/airflow/.local/lib/python3.9/site-packages/airflow/providers/common/sql/hooks/sql.py", line 398, in run
    self._run_command(cur, sql_statement, parameters)
  File "/home/airflow/.local/lib/python3.9/site-packages/airflow/providers/common/sql/hooks/sql.py", line 455, in _run_command
    cur.execute(sql_statement)
psycopg2.errors.UndefinedTable: relation "raw.account" does not exist
LINE 2: SELECT * FROM raw.account WHERE 1=0;
                      ^

[2025-05-20T04:43:24.890+0000] {taskinstance.py:1138} INFO - Marking task as UP_FOR_RETRY. dag_id=raw_to_staging_dag, task_id=create_staging_accounts, execution_date=20250516T000000, start_date=20250520T044324, end_date=20250520T044324
[2025-05-20T04:43:25.134+0000] {standard_task_runner.py:107} ERROR - Failed to execute job 2601 for task create_staging_accounts (relation "raw.account" does not exist
LINE 2: SELECT * FROM raw.account WHERE 1=0;
                      ^
; 7551)
[2025-05-20T04:43:25.191+0000] {local_task_job_runner.py:234} INFO - Task exited with return code 1
[2025-05-20T04:43:25.259+0000] {taskinstance.py:3280} INFO - 0 downstream tasks scheduled from follow-on schedule check
[2025-05-22T02:23:48.129+0000] {taskinstance.py:1956} INFO - Dependencies all met for dep_context=non-requeueable deps ti=<TaskInstance: raw_to_staging_dag.create_staging_accounts scheduled__2025-05-16T00:00:00+00:00 [queued]>
[2025-05-22T02:23:48.158+0000] {taskinstance.py:1956} INFO - Dependencies all met for dep_context=requeueable deps ti=<TaskInstance: raw_to_staging_dag.create_staging_accounts scheduled__2025-05-16T00:00:00+00:00 [queued]>
[2025-05-22T02:23:48.166+0000] {taskinstance.py:2170} INFO - Starting attempt 1 of 4
[2025-05-22T02:23:48.248+0000] {taskinstance.py:2191} INFO - Executing <Task(PostgresOperator): create_staging_accounts> on 2025-05-16 00:00:00+00:00
[2025-05-22T02:23:48.278+0000] {standard_task_runner.py:60} INFO - Started process 28752 to run task
[2025-05-22T02:23:48.297+0000] {standard_task_runner.py:87} INFO - Running: ['airflow', 'tasks', 'run', 'raw_to_staging_dag', 'create_staging_accounts', 'scheduled__2025-05-16T00:00:00+00:00', '--job-id', '3997', '--raw', '--subdir', 'DAGS_FOLDER/raw_to_staging_dag.py', '--cfg-path', '/tmp/tmpj7cd6ku9']
[2025-05-22T02:23:48.315+0000] {standard_task_runner.py:88} INFO - Job 3997: Subtask create_staging_accounts
[2025-05-22T02:23:48.472+0000] {task_command.py:423} INFO - Running <TaskInstance: raw_to_staging_dag.create_staging_accounts scheduled__2025-05-16T00:00:00+00:00 [running]> on host 123cdc80f7f3
[2025-05-22T02:23:48.787+0000] {taskinstance.py:2480} INFO - Exporting env vars: AIRFLOW_CTX_DAG_OWNER='simran' AIRFLOW_CTX_DAG_ID='raw_to_staging_dag' AIRFLOW_CTX_TASK_ID='create_staging_accounts' AIRFLOW_CTX_EXECUTION_DATE='2025-05-16T00:00:00+00:00' AIRFLOW_CTX_TRY_NUMBER='1' AIRFLOW_CTX_DAG_RUN_ID='scheduled__2025-05-16T00:00:00+00:00'
[2025-05-22T02:23:48.797+0000] {sql.py:276} INFO - Executing: CREATE TABLE IF NOT EXISTS staging.accounts AS
SELECT * FROM raw.account WHERE 1=0;
[2025-05-22T02:23:48.828+0000] {base.py:83} INFO - Using connection ID 'airflow_db' for task execution.
[2025-05-22T02:23:48.854+0000] {base.py:83} INFO - Using connection ID 'airflow_db' for task execution.
[2025-05-22T02:23:48.869+0000] {sql.py:450} INFO - Running statement: CREATE TABLE IF NOT EXISTS staging.accounts AS
SELECT * FROM raw.account WHERE 1=0;, parameters: None
[2025-05-22T02:23:48.902+0000] {taskinstance.py:1138} INFO - Marking task as SUCCESS. dag_id=raw_to_staging_dag, task_id=create_staging_accounts, execution_date=20250516T000000, start_date=20250522T022348, end_date=20250522T022348
[2025-05-22T02:23:48.995+0000] {local_task_job_runner.py:234} INFO - Task exited with return code 0
[2025-05-22T02:23:49.113+0000] {taskinstance.py:3280} INFO - 1 downstream tasks scheduled from follow-on schedule check
