[2025-05-12T00:38:47.279+0000] {taskinstance.py:1956} INFO - Dependencies all met for dep_context=non-requeueable deps ti=<TaskInstance: raw_to_staging_dag.create_staging_accounts scheduled__2025-05-11T00:00:00+00:00 [queued]>
[2025-05-12T00:38:47.284+0000] {taskinstance.py:1956} INFO - Dependencies all met for dep_context=requeueable deps ti=<TaskInstance: raw_to_staging_dag.create_staging_accounts scheduled__2025-05-11T00:00:00+00:00 [queued]>
[2025-05-12T00:38:47.285+0000] {taskinstance.py:2170} INFO - Starting attempt 3 of 4
[2025-05-12T00:38:47.294+0000] {taskinstance.py:2191} INFO - Executing <Task(PostgresOperator): create_staging_accounts> on 2025-05-11 00:00:00+00:00
[2025-05-12T00:38:47.297+0000] {standard_task_runner.py:60} INFO - Started process 7318 to run task
[2025-05-12T00:38:47.300+0000] {standard_task_runner.py:87} INFO - Running: ['airflow', 'tasks', 'run', 'raw_to_staging_dag', 'create_staging_accounts', 'scheduled__2025-05-11T00:00:00+00:00', '--job-id', '2697', '--raw', '--subdir', 'DAGS_FOLDER/raw_to_staging_dag.py', '--cfg-path', '/tmp/tmp0h7d2dar']
[2025-05-12T00:38:47.301+0000] {standard_task_runner.py:88} INFO - Job 2697: Subtask create_staging_accounts
[2025-05-12T00:38:47.340+0000] {task_command.py:423} INFO - Running <TaskInstance: raw_to_staging_dag.create_staging_accounts scheduled__2025-05-11T00:00:00+00:00 [running]> on host 03858235192c
[2025-05-12T00:38:47.392+0000] {taskinstance.py:2480} INFO - Exporting env vars: AIRFLOW_CTX_DAG_OWNER='simran' AIRFLOW_CTX_DAG_ID='raw_to_staging_dag' AIRFLOW_CTX_TASK_ID='create_staging_accounts' AIRFLOW_CTX_EXECUTION_DATE='2025-05-11T00:00:00+00:00' AIRFLOW_CTX_TRY_NUMBER='3' AIRFLOW_CTX_DAG_RUN_ID='scheduled__2025-05-11T00:00:00+00:00'
[2025-05-12T00:38:47.392+0000] {sql.py:276} INFO - Executing: CREATE TABLE IF NOT EXISTS staging.accounts AS
SELECT * FROM raw.account WHERE 1=0;
[2025-05-12T00:38:47.408+0000] {base.py:83} INFO - Using connection ID 'airflow_db' for task execution.
[2025-05-12T00:38:47.418+0000] {base.py:83} INFO - Using connection ID 'airflow_db' for task execution.
[2025-05-12T00:38:47.421+0000] {sql.py:450} INFO - Running statement: CREATE TABLE IF NOT EXISTS staging.accounts AS
SELECT * FROM raw.account WHERE 1=0;, parameters: None
[2025-05-12T00:38:47.421+0000] {taskinstance.py:2698} ERROR - Task failed with exception
Traceback (most recent call last):
  File "/home/airflow/.local/lib/python3.8/site-packages/airflow/models/taskinstance.py", line 433, in _execute_task
    result = execute_callable(context=context, **execute_callable_kwargs)
  File "/home/airflow/.local/lib/python3.8/site-packages/airflow/providers/common/sql/operators/sql.py", line 282, in execute
    output = hook.run(
  File "/home/airflow/.local/lib/python3.8/site-packages/airflow/providers/common/sql/hooks/sql.py", line 398, in run
    self._run_command(cur, sql_statement, parameters)
  File "/home/airflow/.local/lib/python3.8/site-packages/airflow/providers/common/sql/hooks/sql.py", line 455, in _run_command
    cur.execute(sql_statement)
psycopg2.errors.UndefinedTable: relation "raw.account" does not exist
LINE 2: SELECT * FROM raw.account WHERE 1=0;
                      ^

[2025-05-12T00:38:47.427+0000] {taskinstance.py:1138} INFO - Marking task as UP_FOR_RETRY. dag_id=raw_to_staging_dag, task_id=create_staging_accounts, execution_date=20250511T000000, start_date=20250512T003847, end_date=20250512T003847
[2025-05-12T00:38:47.438+0000] {standard_task_runner.py:107} ERROR - Failed to execute job 2697 for task create_staging_accounts (relation "raw.account" does not exist
LINE 2: SELECT * FROM raw.account WHERE 1=0;
                      ^
; 7318)
[2025-05-12T00:38:47.480+0000] {local_task_job_runner.py:234} INFO - Task exited with return code 1
[2025-05-12T00:38:47.500+0000] {taskinstance.py:3280} INFO - 0 downstream tasks scheduled from follow-on schedule check
[2025-05-19T06:00:28.550+0000] {taskinstance.py:1956} INFO - Dependencies all met for dep_context=non-requeueable deps ti=<TaskInstance: raw_to_staging_dag.create_staging_accounts scheduled__2025-05-11T00:00:00+00:00 [queued]>
[2025-05-19T06:00:28.565+0000] {taskinstance.py:1956} INFO - Dependencies all met for dep_context=requeueable deps ti=<TaskInstance: raw_to_staging_dag.create_staging_accounts scheduled__2025-05-11T00:00:00+00:00 [queued]>
[2025-05-19T06:00:28.566+0000] {taskinstance.py:2170} INFO - Starting attempt 3 of 4
[2025-05-19T06:00:28.580+0000] {taskinstance.py:2191} INFO - Executing <Task(PostgresOperator): create_staging_accounts> on 2025-05-11 00:00:00+00:00
[2025-05-19T06:00:28.584+0000] {standard_task_runner.py:60} INFO - Started process 8012 to run task
[2025-05-19T06:00:28.591+0000] {standard_task_runner.py:87} INFO - Running: ['airflow', 'tasks', 'run', 'raw_to_staging_dag', 'create_staging_accounts', 'scheduled__2025-05-11T00:00:00+00:00', '--job-id', '2686', '--raw', '--subdir', 'DAGS_FOLDER/raw_to_staging_dag.py', '--cfg-path', '/tmp/tmpaoixqtp_']
[2025-05-19T06:00:28.596+0000] {standard_task_runner.py:88} INFO - Job 2686: Subtask create_staging_accounts
[2025-05-19T06:00:28.787+0000] {task_command.py:423} INFO - Running <TaskInstance: raw_to_staging_dag.create_staging_accounts scheduled__2025-05-11T00:00:00+00:00 [running]> on host 98044bf8a4b3
[2025-05-19T06:00:28.909+0000] {taskinstance.py:2480} INFO - Exporting env vars: AIRFLOW_CTX_DAG_OWNER='simran' AIRFLOW_CTX_DAG_ID='raw_to_staging_dag' AIRFLOW_CTX_TASK_ID='create_staging_accounts' AIRFLOW_CTX_EXECUTION_DATE='2025-05-11T00:00:00+00:00' AIRFLOW_CTX_TRY_NUMBER='3' AIRFLOW_CTX_DAG_RUN_ID='scheduled__2025-05-11T00:00:00+00:00'
[2025-05-19T06:00:28.910+0000] {sql.py:276} INFO - Executing: CREATE TABLE IF NOT EXISTS staging.accounts AS
SELECT * FROM raw.account WHERE 1=0;
[2025-05-19T06:00:28.916+0000] {base.py:83} INFO - Using connection ID 'airflow_db' for task execution.
[2025-05-19T06:00:28.930+0000] {base.py:83} INFO - Using connection ID 'airflow_db' for task execution.
[2025-05-19T06:00:28.951+0000] {taskinstance.py:2698} ERROR - Task failed with exception
Traceback (most recent call last):
  File "/home/airflow/.local/lib/python3.9/site-packages/airflow/models/taskinstance.py", line 433, in _execute_task
    result = execute_callable(context=context, **execute_callable_kwargs)
  File "/home/airflow/.local/lib/python3.9/site-packages/airflow/providers/common/sql/operators/sql.py", line 282, in execute
    output = hook.run(
  File "/home/airflow/.local/lib/python3.9/site-packages/airflow/providers/common/sql/hooks/sql.py", line 391, in run
    with closing(self.get_conn()) as conn:
  File "/home/airflow/.local/lib/python3.9/site-packages/airflow/providers/mysql/hooks/mysql.py", line 195, in get_conn
    return MySQLdb.connect(**conn_config)
  File "/home/airflow/.local/lib/python3.9/site-packages/MySQLdb/__init__.py", line 121, in Connect
    return Connection(*args, **kwargs)
  File "/home/airflow/.local/lib/python3.9/site-packages/MySQLdb/connections.py", line 193, in __init__
    super().__init__(*args, **kwargs2)
MySQLdb.OperationalError: (2005, "Unknown server host 'mysql' (-2)")
[2025-05-19T06:00:28.970+0000] {taskinstance.py:1138} INFO - Marking task as UP_FOR_RETRY. dag_id=raw_to_staging_dag, task_id=create_staging_accounts, execution_date=20250511T000000, start_date=20250519T060028, end_date=20250519T060028
[2025-05-19T06:00:28.986+0000] {standard_task_runner.py:107} ERROR - Failed to execute job 2686 for task create_staging_accounts ((2005, "Unknown server host 'mysql' (-2)"); 8012)
[2025-05-19T06:00:29.029+0000] {local_task_job_runner.py:234} INFO - Task exited with return code 1
[2025-05-19T06:00:29.047+0000] {taskinstance.py:3280} INFO - 0 downstream tasks scheduled from follow-on schedule check
[2025-05-20T04:53:26.456+0000] {taskinstance.py:1956} INFO - Dependencies all met for dep_context=non-requeueable deps ti=<TaskInstance: raw_to_staging_dag.create_staging_accounts scheduled__2025-05-11T00:00:00+00:00 [queued]>
[2025-05-20T04:53:26.502+0000] {taskinstance.py:1956} INFO - Dependencies all met for dep_context=requeueable deps ti=<TaskInstance: raw_to_staging_dag.create_staging_accounts scheduled__2025-05-11T00:00:00+00:00 [queued]>
[2025-05-20T04:53:26.505+0000] {taskinstance.py:2170} INFO - Starting attempt 3 of 4
[2025-05-20T04:53:26.566+0000] {taskinstance.py:2191} INFO - Executing <Task(PostgresOperator): create_staging_accounts> on 2025-05-11 00:00:00+00:00
[2025-05-20T04:53:26.578+0000] {standard_task_runner.py:60} INFO - Started process 7954 to run task
[2025-05-20T04:53:26.605+0000] {standard_task_runner.py:87} INFO - Running: ['airflow', 'tasks', 'run', 'raw_to_staging_dag', 'create_staging_accounts', 'scheduled__2025-05-11T00:00:00+00:00', '--job-id', '2705', '--raw', '--subdir', 'DAGS_FOLDER/raw_to_staging_dag.py', '--cfg-path', '/tmp/tmpxnsfcnjm']
[2025-05-20T04:53:26.631+0000] {standard_task_runner.py:88} INFO - Job 2705: Subtask create_staging_accounts
[2025-05-20T04:53:26.992+0000] {task_command.py:423} INFO - Running <TaskInstance: raw_to_staging_dag.create_staging_accounts scheduled__2025-05-11T00:00:00+00:00 [running]> on host 123cdc80f7f3
[2025-05-20T04:53:27.211+0000] {taskinstance.py:2480} INFO - Exporting env vars: AIRFLOW_CTX_DAG_OWNER='simran' AIRFLOW_CTX_DAG_ID='raw_to_staging_dag' AIRFLOW_CTX_TASK_ID='create_staging_accounts' AIRFLOW_CTX_EXECUTION_DATE='2025-05-11T00:00:00+00:00' AIRFLOW_CTX_TRY_NUMBER='3' AIRFLOW_CTX_DAG_RUN_ID='scheduled__2025-05-11T00:00:00+00:00'
[2025-05-20T04:53:27.212+0000] {sql.py:276} INFO - Executing: CREATE TABLE IF NOT EXISTS staging.accounts AS
SELECT * FROM raw.account WHERE 1=0;
[2025-05-20T04:53:27.244+0000] {base.py:83} INFO - Using connection ID 'airflow_db' for task execution.
[2025-05-20T04:53:27.284+0000] {base.py:83} INFO - Using connection ID 'airflow_db' for task execution.
[2025-05-20T04:53:27.331+0000] {sql.py:450} INFO - Running statement: CREATE TABLE IF NOT EXISTS staging.accounts AS
SELECT * FROM raw.account WHERE 1=0;, parameters: None
[2025-05-20T04:53:27.348+0000] {taskinstance.py:2698} ERROR - Task failed with exception
Traceback (most recent call last):
  File "/home/airflow/.local/lib/python3.9/site-packages/airflow/models/taskinstance.py", line 433, in _execute_task
    result = execute_callable(context=context, **execute_callable_kwargs)
  File "/home/airflow/.local/lib/python3.9/site-packages/airflow/providers/common/sql/operators/sql.py", line 282, in execute
    output = hook.run(
  File "/home/airflow/.local/lib/python3.9/site-packages/airflow/providers/common/sql/hooks/sql.py", line 398, in run
    self._run_command(cur, sql_statement, parameters)
  File "/home/airflow/.local/lib/python3.9/site-packages/airflow/providers/common/sql/hooks/sql.py", line 455, in _run_command
    cur.execute(sql_statement)
psycopg2.errors.UndefinedTable: relation "raw.account" does not exist
LINE 2: SELECT * FROM raw.account WHERE 1=0;
                      ^

[2025-05-20T04:53:27.393+0000] {taskinstance.py:1138} INFO - Marking task as UP_FOR_RETRY. dag_id=raw_to_staging_dag, task_id=create_staging_accounts, execution_date=20250511T000000, start_date=20250520T045326, end_date=20250520T045327
[2025-05-20T04:53:27.437+0000] {standard_task_runner.py:107} ERROR - Failed to execute job 2705 for task create_staging_accounts (relation "raw.account" does not exist
LINE 2: SELECT * FROM raw.account WHERE 1=0;
                      ^
; 7954)
[2025-05-20T04:53:27.483+0000] {local_task_job_runner.py:234} INFO - Task exited with return code 1
[2025-05-20T04:53:27.600+0000] {taskinstance.py:3280} INFO - 0 downstream tasks scheduled from follow-on schedule check
