[2025-05-11T07:02:07.862+0000] {taskinstance.py:1956} INFO - Dependencies all met for dep_context=non-requeueable deps ti=<TaskInstance: raw_to_staging_dag.create_staging_customers scheduled__2025-01-27T00:00:00+00:00 [queued]>
[2025-05-11T07:02:07.866+0000] {taskinstance.py:1956} INFO - Dependencies all met for dep_context=requeueable deps ti=<TaskInstance: raw_to_staging_dag.create_staging_customers scheduled__2025-01-27T00:00:00+00:00 [queued]>
[2025-05-11T07:02:07.866+0000] {taskinstance.py:2170} INFO - Starting attempt 1 of 4
[2025-05-11T07:02:07.872+0000] {taskinstance.py:2191} INFO - Executing <Task(PostgresOperator): create_staging_customers> on 2025-01-27 00:00:00+00:00
[2025-05-11T07:02:07.875+0000] {standard_task_runner.py:60} INFO - Started process 1168 to run task
[2025-05-11T07:02:07.877+0000] {standard_task_runner.py:87} INFO - Running: ['airflow', 'tasks', 'run', 'raw_to_staging_dag', 'create_staging_customers', 'scheduled__2025-01-27T00:00:00+00:00', '--job-id', '392', '--raw', '--subdir', 'DAGS_FOLDER/raw_to_staging_dag.py', '--cfg-path', '/tmp/tmpjyievq91']
[2025-05-11T07:02:07.879+0000] {standard_task_runner.py:88} INFO - Job 392: Subtask create_staging_customers
[2025-05-11T07:02:07.911+0000] {task_command.py:423} INFO - Running <TaskInstance: raw_to_staging_dag.create_staging_customers scheduled__2025-01-27T00:00:00+00:00 [running]> on host 03858235192c
[2025-05-11T07:02:07.961+0000] {taskinstance.py:2480} INFO - Exporting env vars: AIRFLOW_CTX_DAG_OWNER='simran' AIRFLOW_CTX_DAG_ID='raw_to_staging_dag' AIRFLOW_CTX_TASK_ID='create_staging_customers' AIRFLOW_CTX_EXECUTION_DATE='2025-01-27T00:00:00+00:00' AIRFLOW_CTX_TRY_NUMBER='1' AIRFLOW_CTX_DAG_RUN_ID='scheduled__2025-01-27T00:00:00+00:00'
[2025-05-11T07:02:07.962+0000] {sql.py:276} INFO - Executing: CREATE TABLE IF NOT EXISTS staging.customers AS
SELECT * FROM raw.customers WHERE 1=0;
[2025-05-11T07:02:07.977+0000] {taskinstance.py:2698} ERROR - Task failed with exception
Traceback (most recent call last):
  File "/home/airflow/.local/lib/python3.8/site-packages/airflow/models/taskinstance.py", line 433, in _execute_task
    result = execute_callable(context=context, **execute_callable_kwargs)
  File "/home/airflow/.local/lib/python3.8/site-packages/airflow/providers/common/sql/operators/sql.py", line 277, in execute
    hook = self.get_db_hook()
  File "/home/airflow/.local/lib/python3.8/site-packages/airflow/providers/common/sql/operators/sql.py", line 188, in get_db_hook
    return self._hook
  File "/usr/local/lib/python3.8/functools.py", line 967, in __get__
    val = self.func(instance)
  File "/home/airflow/.local/lib/python3.8/site-packages/airflow/providers/common/sql/operators/sql.py", line 150, in _hook
    conn = BaseHook.get_connection(conn_id)
  File "/home/airflow/.local/lib/python3.8/site-packages/airflow/hooks/base.py", line 82, in get_connection
    conn = Connection.get_connection_from_secrets(conn_id)
  File "/home/airflow/.local/lib/python3.8/site-packages/airflow/models/connection.py", line 479, in get_connection_from_secrets
    raise AirflowNotFoundException(f"The conn_id `{conn_id}` isn't defined")
airflow.exceptions.AirflowNotFoundException: The conn_id `postgres_local` isn't defined
[2025-05-11T07:02:07.979+0000] {taskinstance.py:1138} INFO - Marking task as UP_FOR_RETRY. dag_id=raw_to_staging_dag, task_id=create_staging_customers, execution_date=20250127T000000, start_date=20250511T070207, end_date=20250511T070207
[2025-05-11T07:02:07.985+0000] {standard_task_runner.py:107} ERROR - Failed to execute job 392 for task create_staging_customers (The conn_id `postgres_local` isn't defined; 1168)
[2025-05-11T07:02:08.016+0000] {local_task_job_runner.py:234} INFO - Task exited with return code 1
[2025-05-11T07:02:08.028+0000] {taskinstance.py:3280} INFO - 0 downstream tasks scheduled from follow-on schedule check
[2025-05-12T14:28:59.063+0000] {taskinstance.py:1956} INFO - Dependencies all met for dep_context=non-requeueable deps ti=<TaskInstance: raw_to_staging_dag.create_staging_customers scheduled__2025-01-27T00:00:00+00:00 [queued]>
[2025-05-12T14:28:59.071+0000] {taskinstance.py:1956} INFO - Dependencies all met for dep_context=requeueable deps ti=<TaskInstance: raw_to_staging_dag.create_staging_customers scheduled__2025-01-27T00:00:00+00:00 [queued]>
[2025-05-12T14:28:59.071+0000] {taskinstance.py:2170} INFO - Starting attempt 1 of 4
[2025-05-12T14:28:59.081+0000] {taskinstance.py:2191} INFO - Executing <Task(PostgresOperator): create_staging_customers> on 2025-01-27 00:00:00+00:00
[2025-05-12T14:28:59.083+0000] {standard_task_runner.py:60} INFO - Started process 11733 to run task
[2025-05-12T14:28:59.086+0000] {standard_task_runner.py:87} INFO - Running: ['airflow', 'tasks', 'run', 'raw_to_staging_dag', 'create_staging_customers', 'scheduled__2025-01-27T00:00:00+00:00', '--job-id', '2972', '--raw', '--subdir', 'DAGS_FOLDER/raw_to_staging_dag.py', '--cfg-path', '/tmp/tmp_am2170s']
[2025-05-12T14:28:59.088+0000] {standard_task_runner.py:88} INFO - Job 2972: Subtask create_staging_customers
[2025-05-12T14:28:59.112+0000] {task_command.py:423} INFO - Running <TaskInstance: raw_to_staging_dag.create_staging_customers scheduled__2025-01-27T00:00:00+00:00 [running]> on host 03858235192c
[2025-05-12T14:28:59.151+0000] {taskinstance.py:2480} INFO - Exporting env vars: AIRFLOW_CTX_DAG_OWNER='simran' AIRFLOW_CTX_DAG_ID='raw_to_staging_dag' AIRFLOW_CTX_TASK_ID='create_staging_customers' AIRFLOW_CTX_EXECUTION_DATE='2025-01-27T00:00:00+00:00' AIRFLOW_CTX_TRY_NUMBER='1' AIRFLOW_CTX_DAG_RUN_ID='scheduled__2025-01-27T00:00:00+00:00'
[2025-05-12T14:28:59.152+0000] {sql.py:276} INFO - Executing: CREATE TABLE IF NOT EXISTS staging.customers AS
SELECT * FROM raw.customers WHERE 1=0;
[2025-05-12T14:28:59.158+0000] {base.py:83} INFO - Using connection ID 'airflow_db' for task execution.
[2025-05-12T14:28:59.163+0000] {base.py:83} INFO - Using connection ID 'airflow_db' for task execution.
[2025-05-12T14:28:59.171+0000] {sql.py:450} INFO - Running statement: CREATE TABLE IF NOT EXISTS staging.customers AS
SELECT * FROM raw.customers WHERE 1=0;, parameters: None
[2025-05-12T14:28:59.176+0000] {taskinstance.py:1138} INFO - Marking task as SUCCESS. dag_id=raw_to_staging_dag, task_id=create_staging_customers, execution_date=20250127T000000, start_date=20250512T142859, end_date=20250512T142859
[2025-05-12T14:28:59.184+0000] {local_task_job_runner.py:234} INFO - Task exited with return code 0
[2025-05-12T14:28:59.193+0000] {taskinstance.py:3280} INFO - 1 downstream tasks scheduled from follow-on schedule check
