[2025-05-11T08:20:15.871+0000] {taskinstance.py:1956} INFO - Dependencies all met for dep_context=non-requeueable deps ti=<TaskInstance: raw_to_staging_dag.create_staging_products scheduled__2025-01-26T00:00:00+00:00 [queued]>
[2025-05-11T08:20:15.940+0000] {taskinstance.py:1956} INFO - Dependencies all met for dep_context=requeueable deps ti=<TaskInstance: raw_to_staging_dag.create_staging_products scheduled__2025-01-26T00:00:00+00:00 [queued]>
[2025-05-11T08:20:15.940+0000] {taskinstance.py:2170} INFO - Starting attempt 4 of 4
[2025-05-11T08:20:16.014+0000] {taskinstance.py:2191} INFO - Executing <Task(PostgresOperator): create_staging_products> on 2025-01-26 00:00:00+00:00
[2025-05-11T08:20:16.018+0000] {standard_task_runner.py:60} INFO - Started process 1638 to run task
[2025-05-11T08:20:16.039+0000] {standard_task_runner.py:87} INFO - Running: ['airflow', 'tasks', 'run', 'raw_to_staging_dag', 'create_staging_products', 'scheduled__2025-01-26T00:00:00+00:00', '--job-id', '607', '--raw', '--subdir', 'DAGS_FOLDER/raw_to_staging_dag.py', '--cfg-path', '/tmp/tmp981fqibx']
[2025-05-11T08:20:16.046+0000] {standard_task_runner.py:88} INFO - Job 607: Subtask create_staging_products
[2025-05-11T08:20:16.217+0000] {task_command.py:423} INFO - Running <TaskInstance: raw_to_staging_dag.create_staging_products scheduled__2025-01-26T00:00:00+00:00 [running]> on host 03858235192c
[2025-05-11T08:20:16.412+0000] {taskinstance.py:2480} INFO - Exporting env vars: AIRFLOW_CTX_DAG_OWNER='simran' AIRFLOW_CTX_DAG_ID='raw_to_staging_dag' AIRFLOW_CTX_TASK_ID='create_staging_products' AIRFLOW_CTX_EXECUTION_DATE='2025-01-26T00:00:00+00:00' AIRFLOW_CTX_TRY_NUMBER='4' AIRFLOW_CTX_DAG_RUN_ID='scheduled__2025-01-26T00:00:00+00:00'
[2025-05-11T08:20:16.415+0000] {sql.py:276} INFO - Executing: CREATE TABLE IF NOT EXISTS staging.products AS
SELECT * FROM raw.product WHERE 1=0;
[2025-05-11T08:20:16.644+0000] {taskinstance.py:2698} ERROR - Task failed with exception
Traceback (most recent call last):
  File "/home/airflow/.local/lib/python3.8/site-packages/airflow/models/taskinstance.py", line 433, in _execute_task
    result = execute_callable(context=context, **execute_callable_kwargs)
  File "/home/airflow/.local/lib/python3.8/site-packages/airflow/providers/common/sql/operators/sql.py", line 277, in execute
    hook = self.get_db_hook()
  File "/home/airflow/.local/lib/python3.8/site-packages/airflow/providers/common/sql/operators/sql.py", line 188, in get_db_hook
    return self._hook
  File "/usr/local/lib/python3.8/functools.py", line 967, in __get__
    val = self.func(instance)
  File "/home/airflow/.local/lib/python3.8/site-packages/airflow/providers/common/sql/operators/sql.py", line 150, in _hook
    conn = BaseHook.get_connection(conn_id)
  File "/home/airflow/.local/lib/python3.8/site-packages/airflow/hooks/base.py", line 82, in get_connection
    conn = Connection.get_connection_from_secrets(conn_id)
  File "/home/airflow/.local/lib/python3.8/site-packages/airflow/models/connection.py", line 479, in get_connection_from_secrets
    raise AirflowNotFoundException(f"The conn_id `{conn_id}` isn't defined")
airflow.exceptions.AirflowNotFoundException: The conn_id `postgres_local` isn't defined
[2025-05-11T08:20:16.674+0000] {taskinstance.py:1138} INFO - Marking task as FAILED. dag_id=raw_to_staging_dag, task_id=create_staging_products, execution_date=20250126T000000, start_date=20250511T082015, end_date=20250511T082016
[2025-05-11T08:20:16.748+0000] {standard_task_runner.py:107} ERROR - Failed to execute job 607 for task create_staging_products (The conn_id `postgres_local` isn't defined; 1638)
[2025-05-11T08:20:16.801+0000] {local_task_job_runner.py:234} INFO - Task exited with return code 1
[2025-05-11T08:20:17.037+0000] {taskinstance.py:3280} INFO - 0 downstream tasks scheduled from follow-on schedule check
[2025-05-19T04:12:30.791+0000] {taskinstance.py:1956} INFO - Dependencies all met for dep_context=non-requeueable deps ti=<TaskInstance: raw_to_staging_dag.create_staging_products scheduled__2025-01-26T00:00:00+00:00 [queued]>
[2025-05-19T04:12:30.808+0000] {taskinstance.py:1956} INFO - Dependencies all met for dep_context=requeueable deps ti=<TaskInstance: raw_to_staging_dag.create_staging_products scheduled__2025-01-26T00:00:00+00:00 [queued]>
[2025-05-19T04:12:30.812+0000] {taskinstance.py:2170} INFO - Starting attempt 4 of 4
[2025-05-19T04:12:30.835+0000] {taskinstance.py:2191} INFO - Executing <Task(PostgresOperator): create_staging_products> on 2025-01-26 00:00:00+00:00
[2025-05-19T04:12:30.851+0000] {standard_task_runner.py:60} INFO - Started process 1901 to run task
[2025-05-19T04:12:30.856+0000] {standard_task_runner.py:87} INFO - Running: ['airflow', 'tasks', 'run', 'raw_to_staging_dag', 'create_staging_products', 'scheduled__2025-01-26T00:00:00+00:00', '--job-id', '616', '--raw', '--subdir', 'DAGS_FOLDER/raw_to_staging_dag.py', '--cfg-path', '/tmp/tmpkx2r2tet']
[2025-05-19T04:12:30.860+0000] {standard_task_runner.py:88} INFO - Job 616: Subtask create_staging_products
[2025-05-19T04:12:30.968+0000] {task_command.py:423} INFO - Running <TaskInstance: raw_to_staging_dag.create_staging_products scheduled__2025-01-26T00:00:00+00:00 [running]> on host 98044bf8a4b3
[2025-05-19T04:12:31.063+0000] {taskinstance.py:2480} INFO - Exporting env vars: AIRFLOW_CTX_DAG_OWNER='simran' AIRFLOW_CTX_DAG_ID='raw_to_staging_dag' AIRFLOW_CTX_TASK_ID='create_staging_products' AIRFLOW_CTX_EXECUTION_DATE='2025-01-26T00:00:00+00:00' AIRFLOW_CTX_TRY_NUMBER='4' AIRFLOW_CTX_DAG_RUN_ID='scheduled__2025-01-26T00:00:00+00:00'
[2025-05-19T04:12:31.064+0000] {sql.py:276} INFO - Executing: CREATE TABLE IF NOT EXISTS staging.products AS
SELECT * FROM raw.product WHERE 1=0;
[2025-05-19T04:12:31.076+0000] {base.py:83} INFO - Using connection ID 'airflow_db' for task execution.
[2025-05-19T04:12:31.088+0000] {base.py:83} INFO - Using connection ID 'airflow_db' for task execution.
[2025-05-19T04:12:31.098+0000] {taskinstance.py:2698} ERROR - Task failed with exception
Traceback (most recent call last):
  File "/home/airflow/.local/lib/python3.9/site-packages/airflow/models/taskinstance.py", line 433, in _execute_task
    result = execute_callable(context=context, **execute_callable_kwargs)
  File "/home/airflow/.local/lib/python3.9/site-packages/airflow/providers/common/sql/operators/sql.py", line 282, in execute
    output = hook.run(
  File "/home/airflow/.local/lib/python3.9/site-packages/airflow/providers/common/sql/hooks/sql.py", line 391, in run
    with closing(self.get_conn()) as conn:
  File "/home/airflow/.local/lib/python3.9/site-packages/airflow/providers/mysql/hooks/mysql.py", line 195, in get_conn
    return MySQLdb.connect(**conn_config)
  File "/home/airflow/.local/lib/python3.9/site-packages/MySQLdb/__init__.py", line 121, in Connect
    return Connection(*args, **kwargs)
  File "/home/airflow/.local/lib/python3.9/site-packages/MySQLdb/connections.py", line 193, in __init__
    super().__init__(*args, **kwargs2)
MySQLdb.OperationalError: (2005, "Unknown server host 'mysql' (-2)")
[2025-05-19T04:12:31.112+0000] {taskinstance.py:1138} INFO - Marking task as FAILED. dag_id=raw_to_staging_dag, task_id=create_staging_products, execution_date=20250126T000000, start_date=20250519T041230, end_date=20250519T041231
[2025-05-19T04:12:31.123+0000] {standard_task_runner.py:107} ERROR - Failed to execute job 616 for task create_staging_products ((2005, "Unknown server host 'mysql' (-2)"); 1901)
[2025-05-19T04:12:31.165+0000] {local_task_job_runner.py:234} INFO - Task exited with return code 1
[2025-05-19T04:12:31.195+0000] {taskinstance.py:3280} INFO - 0 downstream tasks scheduled from follow-on schedule check
[2025-05-20T01:54:51.286+0000] {taskinstance.py:1956} INFO - Dependencies all met for dep_context=non-requeueable deps ti=<TaskInstance: raw_to_staging_dag.create_staging_products scheduled__2025-01-26T00:00:00+00:00 [queued]>
[2025-05-20T01:54:51.290+0000] {taskinstance.py:1956} INFO - Dependencies all met for dep_context=requeueable deps ti=<TaskInstance: raw_to_staging_dag.create_staging_products scheduled__2025-01-26T00:00:00+00:00 [queued]>
[2025-05-20T01:54:51.291+0000] {taskinstance.py:2170} INFO - Starting attempt 4 of 4
[2025-05-20T01:54:51.300+0000] {taskinstance.py:2191} INFO - Executing <Task(PostgresOperator): create_staging_products> on 2025-01-26 00:00:00+00:00
[2025-05-20T01:54:51.305+0000] {standard_task_runner.py:60} INFO - Started process 1901 to run task
[2025-05-20T01:54:51.309+0000] {standard_task_runner.py:87} INFO - Running: ['airflow', 'tasks', 'run', 'raw_to_staging_dag', 'create_staging_products', 'scheduled__2025-01-26T00:00:00+00:00', '--job-id', '608', '--raw', '--subdir', 'DAGS_FOLDER/raw_to_staging_dag.py', '--cfg-path', '/tmp/tmprool3bjj']
[2025-05-20T01:54:51.311+0000] {standard_task_runner.py:88} INFO - Job 608: Subtask create_staging_products
[2025-05-20T01:54:51.355+0000] {task_command.py:423} INFO - Running <TaskInstance: raw_to_staging_dag.create_staging_products scheduled__2025-01-26T00:00:00+00:00 [running]> on host 123cdc80f7f3
[2025-05-20T01:54:51.406+0000] {taskinstance.py:2480} INFO - Exporting env vars: AIRFLOW_CTX_DAG_OWNER='simran' AIRFLOW_CTX_DAG_ID='raw_to_staging_dag' AIRFLOW_CTX_TASK_ID='create_staging_products' AIRFLOW_CTX_EXECUTION_DATE='2025-01-26T00:00:00+00:00' AIRFLOW_CTX_TRY_NUMBER='4' AIRFLOW_CTX_DAG_RUN_ID='scheduled__2025-01-26T00:00:00+00:00'
[2025-05-20T01:54:51.406+0000] {sql.py:276} INFO - Executing: CREATE TABLE IF NOT EXISTS staging.products AS
SELECT * FROM raw.product WHERE 1=0;
[2025-05-20T01:54:51.428+0000] {base.py:83} INFO - Using connection ID 'airflow_db' for task execution.
[2025-05-20T01:54:51.437+0000] {base.py:83} INFO - Using connection ID 'airflow_db' for task execution.
[2025-05-20T01:54:51.446+0000] {sql.py:450} INFO - Running statement: CREATE TABLE IF NOT EXISTS staging.products AS
SELECT * FROM raw.product WHERE 1=0;, parameters: None
[2025-05-20T01:54:51.449+0000] {taskinstance.py:2698} ERROR - Task failed with exception
Traceback (most recent call last):
  File "/home/airflow/.local/lib/python3.9/site-packages/airflow/models/taskinstance.py", line 433, in _execute_task
    result = execute_callable(context=context, **execute_callable_kwargs)
  File "/home/airflow/.local/lib/python3.9/site-packages/airflow/providers/common/sql/operators/sql.py", line 282, in execute
    output = hook.run(
  File "/home/airflow/.local/lib/python3.9/site-packages/airflow/providers/common/sql/hooks/sql.py", line 398, in run
    self._run_command(cur, sql_statement, parameters)
  File "/home/airflow/.local/lib/python3.9/site-packages/airflow/providers/common/sql/hooks/sql.py", line 455, in _run_command
    cur.execute(sql_statement)
psycopg2.errors.UndefinedTable: relation "raw.product" does not exist
LINE 2: SELECT * FROM raw.product WHERE 1=0;
                      ^

[2025-05-20T01:54:51.456+0000] {taskinstance.py:1138} INFO - Marking task as FAILED. dag_id=raw_to_staging_dag, task_id=create_staging_products, execution_date=20250126T000000, start_date=20250520T015451, end_date=20250520T015451
[2025-05-20T01:54:51.473+0000] {standard_task_runner.py:107} ERROR - Failed to execute job 608 for task create_staging_products (relation "raw.product" does not exist
LINE 2: SELECT * FROM raw.product WHERE 1=0;
                      ^
; 1901)
[2025-05-20T01:54:51.490+0000] {local_task_job_runner.py:234} INFO - Task exited with return code 1
[2025-05-20T01:54:51.506+0000] {taskinstance.py:3280} INFO - 0 downstream tasks scheduled from follow-on schedule check
[2025-05-20T14:33:41.964+0000] {taskinstance.py:1956} INFO - Dependencies all met for dep_context=non-requeueable deps ti=<TaskInstance: raw_to_staging_dag.create_staging_products scheduled__2025-01-26T00:00:00+00:00 [queued]>
[2025-05-20T14:33:42.134+0000] {taskinstance.py:1956} INFO - Dependencies all met for dep_context=requeueable deps ti=<TaskInstance: raw_to_staging_dag.create_staging_products scheduled__2025-01-26T00:00:00+00:00 [queued]>
[2025-05-20T14:33:42.140+0000] {taskinstance.py:2170} INFO - Starting attempt 4 of 4
[2025-05-20T14:33:42.277+0000] {taskinstance.py:2191} INFO - Executing <Task(PostgresOperator): create_staging_products> on 2025-01-26 00:00:00+00:00
[2025-05-20T14:33:42.312+0000] {standard_task_runner.py:60} INFO - Started process 15647 to run task
[2025-05-20T14:33:42.332+0000] {standard_task_runner.py:87} INFO - Running: ['airflow', 'tasks', 'run', 'raw_to_staging_dag', 'create_staging_products', 'scheduled__2025-01-26T00:00:00+00:00', '--job-id', '3414', '--raw', '--subdir', 'DAGS_FOLDER/raw_to_staging_dag.py', '--cfg-path', '/tmp/tmp1vomnmr0']
[2025-05-20T14:33:42.353+0000] {standard_task_runner.py:88} INFO - Job 3414: Subtask create_staging_products
[2025-05-20T14:33:42.581+0000] {task_command.py:423} INFO - Running <TaskInstance: raw_to_staging_dag.create_staging_products scheduled__2025-01-26T00:00:00+00:00 [running]> on host 123cdc80f7f3
[2025-05-20T14:33:42.849+0000] {taskinstance.py:2480} INFO - Exporting env vars: AIRFLOW_CTX_DAG_OWNER='simran' AIRFLOW_CTX_DAG_ID='raw_to_staging_dag' AIRFLOW_CTX_TASK_ID='create_staging_products' AIRFLOW_CTX_EXECUTION_DATE='2025-01-26T00:00:00+00:00' AIRFLOW_CTX_TRY_NUMBER='4' AIRFLOW_CTX_DAG_RUN_ID='scheduled__2025-01-26T00:00:00+00:00'
[2025-05-20T14:33:42.857+0000] {sql.py:276} INFO - Executing: CREATE TABLE IF NOT EXISTS staging.products AS
SELECT * FROM raw.product WHERE 1=0;
[2025-05-20T14:33:42.946+0000] {base.py:83} INFO - Using connection ID 'airflow_db' for task execution.
[2025-05-20T14:33:43.074+0000] {base.py:83} INFO - Using connection ID 'airflow_db' for task execution.
[2025-05-20T14:33:43.181+0000] {sql.py:450} INFO - Running statement: CREATE TABLE IF NOT EXISTS staging.products AS
SELECT * FROM raw.product WHERE 1=0;, parameters: None
[2025-05-20T14:33:43.307+0000] {taskinstance.py:2698} ERROR - Task failed with exception
Traceback (most recent call last):
  File "/home/airflow/.local/lib/python3.9/site-packages/airflow/models/taskinstance.py", line 433, in _execute_task
    result = execute_callable(context=context, **execute_callable_kwargs)
  File "/home/airflow/.local/lib/python3.9/site-packages/airflow/providers/common/sql/operators/sql.py", line 282, in execute
    output = hook.run(
  File "/home/airflow/.local/lib/python3.9/site-packages/airflow/providers/common/sql/hooks/sql.py", line 398, in run
    self._run_command(cur, sql_statement, parameters)
  File "/home/airflow/.local/lib/python3.9/site-packages/airflow/providers/common/sql/hooks/sql.py", line 455, in _run_command
    cur.execute(sql_statement)
psycopg2.errors.UndefinedTable: relation "raw.product" does not exist
LINE 2: SELECT * FROM raw.product WHERE 1=0;
                      ^

[2025-05-20T14:33:43.389+0000] {taskinstance.py:1138} INFO - Marking task as FAILED. dag_id=raw_to_staging_dag, task_id=create_staging_products, execution_date=20250126T000000, start_date=20250520T143341, end_date=20250520T143343
[2025-05-20T14:33:43.480+0000] {standard_task_runner.py:107} ERROR - Failed to execute job 3414 for task create_staging_products (relation "raw.product" does not exist
LINE 2: SELECT * FROM raw.product WHERE 1=0;
                      ^
; 15647)
[2025-05-20T14:33:43.539+0000] {local_task_job_runner.py:234} INFO - Task exited with return code 1
[2025-05-20T14:33:44.139+0000] {taskinstance.py:3280} INFO - 0 downstream tasks scheduled from follow-on schedule check
