[2025-05-11T11:49:50.340+0000] {taskinstance.py:1956} INFO - Dependencies all met for dep_context=non-requeueable deps ti=<TaskInstance: raw_to_staging_dag.create_staging_products scheduled__2025-03-05T00:00:00+00:00 [queued]>
[2025-05-11T11:49:50.358+0000] {taskinstance.py:1956} INFO - Dependencies all met for dep_context=requeueable deps ti=<TaskInstance: raw_to_staging_dag.create_staging_products scheduled__2025-03-05T00:00:00+00:00 [queued]>
[2025-05-11T11:49:50.359+0000] {taskinstance.py:2170} INFO - Starting attempt 2 of 4
[2025-05-11T11:49:50.407+0000] {taskinstance.py:2191} INFO - Executing <Task(PostgresOperator): create_staging_products> on 2025-03-05 00:00:00+00:00
[2025-05-11T11:49:50.417+0000] {standard_task_runner.py:60} INFO - Started process 3066 to run task
[2025-05-11T11:49:50.422+0000] {standard_task_runner.py:87} INFO - Running: ['airflow', 'tasks', 'run', 'raw_to_staging_dag', 'create_staging_products', 'scheduled__2025-03-05T00:00:00+00:00', '--job-id', '1296', '--raw', '--subdir', 'DAGS_FOLDER/raw_to_staging_dag.py', '--cfg-path', '/tmp/tmpq80h01ar']
[2025-05-11T11:49:50.425+0000] {standard_task_runner.py:88} INFO - Job 1296: Subtask create_staging_products
[2025-05-11T11:49:50.557+0000] {task_command.py:423} INFO - Running <TaskInstance: raw_to_staging_dag.create_staging_products scheduled__2025-03-05T00:00:00+00:00 [running]> on host 03858235192c
[2025-05-11T11:49:50.782+0000] {taskinstance.py:2480} INFO - Exporting env vars: AIRFLOW_CTX_DAG_OWNER='simran' AIRFLOW_CTX_DAG_ID='raw_to_staging_dag' AIRFLOW_CTX_TASK_ID='create_staging_products' AIRFLOW_CTX_EXECUTION_DATE='2025-03-05T00:00:00+00:00' AIRFLOW_CTX_TRY_NUMBER='2' AIRFLOW_CTX_DAG_RUN_ID='scheduled__2025-03-05T00:00:00+00:00'
[2025-05-11T11:49:50.783+0000] {sql.py:276} INFO - Executing: CREATE TABLE IF NOT EXISTS staging.products AS
SELECT * FROM raw.product WHERE 1=0;
[2025-05-11T11:49:50.860+0000] {taskinstance.py:2698} ERROR - Task failed with exception
Traceback (most recent call last):
  File "/home/airflow/.local/lib/python3.8/site-packages/airflow/models/taskinstance.py", line 433, in _execute_task
    result = execute_callable(context=context, **execute_callable_kwargs)
  File "/home/airflow/.local/lib/python3.8/site-packages/airflow/providers/common/sql/operators/sql.py", line 277, in execute
    hook = self.get_db_hook()
  File "/home/airflow/.local/lib/python3.8/site-packages/airflow/providers/common/sql/operators/sql.py", line 188, in get_db_hook
    return self._hook
  File "/usr/local/lib/python3.8/functools.py", line 967, in __get__
    val = self.func(instance)
  File "/home/airflow/.local/lib/python3.8/site-packages/airflow/providers/common/sql/operators/sql.py", line 150, in _hook
    conn = BaseHook.get_connection(conn_id)
  File "/home/airflow/.local/lib/python3.8/site-packages/airflow/hooks/base.py", line 82, in get_connection
    conn = Connection.get_connection_from_secrets(conn_id)
  File "/home/airflow/.local/lib/python3.8/site-packages/airflow/models/connection.py", line 479, in get_connection_from_secrets
    raise AirflowNotFoundException(f"The conn_id `{conn_id}` isn't defined")
airflow.exceptions.AirflowNotFoundException: The conn_id `postgres_local` isn't defined
[2025-05-11T11:49:50.877+0000] {taskinstance.py:1138} INFO - Marking task as UP_FOR_RETRY. dag_id=raw_to_staging_dag, task_id=create_staging_products, execution_date=20250305T000000, start_date=20250511T114950, end_date=20250511T114950
[2025-05-11T11:49:50.938+0000] {standard_task_runner.py:107} ERROR - Failed to execute job 1296 for task create_staging_products (The conn_id `postgres_local` isn't defined; 3066)
[2025-05-11T11:49:50.999+0000] {local_task_job_runner.py:234} INFO - Task exited with return code 1
[2025-05-11T11:49:51.083+0000] {taskinstance.py:3280} INFO - 0 downstream tasks scheduled from follow-on schedule check
[2025-05-19T04:52:54.642+0000] {taskinstance.py:1956} INFO - Dependencies all met for dep_context=non-requeueable deps ti=<TaskInstance: raw_to_staging_dag.create_staging_products scheduled__2025-03-05T00:00:00+00:00 [queued]>
[2025-05-19T04:52:54.648+0000] {taskinstance.py:1956} INFO - Dependencies all met for dep_context=requeueable deps ti=<TaskInstance: raw_to_staging_dag.create_staging_products scheduled__2025-03-05T00:00:00+00:00 [queued]>
[2025-05-19T04:52:54.649+0000] {taskinstance.py:2170} INFO - Starting attempt 2 of 4
[2025-05-19T04:52:54.658+0000] {taskinstance.py:2191} INFO - Executing <Task(PostgresOperator): create_staging_products> on 2025-03-05 00:00:00+00:00
[2025-05-19T04:52:54.661+0000] {standard_task_runner.py:60} INFO - Started process 4057 to run task
[2025-05-19T04:52:54.664+0000] {standard_task_runner.py:87} INFO - Running: ['airflow', 'tasks', 'run', 'raw_to_staging_dag', 'create_staging_products', 'scheduled__2025-03-05T00:00:00+00:00', '--job-id', '1367', '--raw', '--subdir', 'DAGS_FOLDER/raw_to_staging_dag.py', '--cfg-path', '/tmp/tmpa5onwiij']
[2025-05-19T04:52:54.666+0000] {standard_task_runner.py:88} INFO - Job 1367: Subtask create_staging_products
[2025-05-19T04:52:54.722+0000] {task_command.py:423} INFO - Running <TaskInstance: raw_to_staging_dag.create_staging_products scheduled__2025-03-05T00:00:00+00:00 [running]> on host 98044bf8a4b3
[2025-05-19T04:52:54.774+0000] {taskinstance.py:2480} INFO - Exporting env vars: AIRFLOW_CTX_DAG_OWNER='simran' AIRFLOW_CTX_DAG_ID='raw_to_staging_dag' AIRFLOW_CTX_TASK_ID='create_staging_products' AIRFLOW_CTX_EXECUTION_DATE='2025-03-05T00:00:00+00:00' AIRFLOW_CTX_TRY_NUMBER='2' AIRFLOW_CTX_DAG_RUN_ID='scheduled__2025-03-05T00:00:00+00:00'
[2025-05-19T04:52:54.775+0000] {sql.py:276} INFO - Executing: CREATE TABLE IF NOT EXISTS staging.products AS
SELECT * FROM raw.product WHERE 1=0;
[2025-05-19T04:52:54.781+0000] {base.py:83} INFO - Using connection ID 'airflow_db' for task execution.
[2025-05-19T04:52:54.788+0000] {base.py:83} INFO - Using connection ID 'airflow_db' for task execution.
[2025-05-19T04:52:54.803+0000] {taskinstance.py:2698} ERROR - Task failed with exception
Traceback (most recent call last):
  File "/home/airflow/.local/lib/python3.9/site-packages/airflow/models/taskinstance.py", line 433, in _execute_task
    result = execute_callable(context=context, **execute_callable_kwargs)
  File "/home/airflow/.local/lib/python3.9/site-packages/airflow/providers/common/sql/operators/sql.py", line 282, in execute
    output = hook.run(
  File "/home/airflow/.local/lib/python3.9/site-packages/airflow/providers/common/sql/hooks/sql.py", line 391, in run
    with closing(self.get_conn()) as conn:
  File "/home/airflow/.local/lib/python3.9/site-packages/airflow/providers/mysql/hooks/mysql.py", line 195, in get_conn
    return MySQLdb.connect(**conn_config)
  File "/home/airflow/.local/lib/python3.9/site-packages/MySQLdb/__init__.py", line 121, in Connect
    return Connection(*args, **kwargs)
  File "/home/airflow/.local/lib/python3.9/site-packages/MySQLdb/connections.py", line 193, in __init__
    super().__init__(*args, **kwargs2)
MySQLdb.OperationalError: (2005, "Unknown server host 'mysql' (-2)")
[2025-05-19T04:52:54.807+0000] {taskinstance.py:1138} INFO - Marking task as UP_FOR_RETRY. dag_id=raw_to_staging_dag, task_id=create_staging_products, execution_date=20250305T000000, start_date=20250519T045254, end_date=20250519T045254
[2025-05-19T04:52:54.814+0000] {standard_task_runner.py:107} ERROR - Failed to execute job 1367 for task create_staging_products ((2005, "Unknown server host 'mysql' (-2)"); 4057)
[2025-05-19T04:52:54.847+0000] {local_task_job_runner.py:234} INFO - Task exited with return code 1
[2025-05-19T04:52:54.871+0000] {taskinstance.py:3280} INFO - 0 downstream tasks scheduled from follow-on schedule check
[2025-05-20T02:45:16.156+0000] {taskinstance.py:1956} INFO - Dependencies all met for dep_context=non-requeueable deps ti=<TaskInstance: raw_to_staging_dag.create_staging_products scheduled__2025-03-05T00:00:00+00:00 [queued]>
[2025-05-20T02:45:16.188+0000] {taskinstance.py:1956} INFO - Dependencies all met for dep_context=requeueable deps ti=<TaskInstance: raw_to_staging_dag.create_staging_products scheduled__2025-03-05T00:00:00+00:00 [queued]>
[2025-05-20T02:45:16.190+0000] {taskinstance.py:2170} INFO - Starting attempt 2 of 4
[2025-05-20T02:45:16.256+0000] {taskinstance.py:2191} INFO - Executing <Task(PostgresOperator): create_staging_products> on 2025-03-05 00:00:00+00:00
[2025-05-20T02:45:16.278+0000] {standard_task_runner.py:60} INFO - Started process 4138 to run task
[2025-05-20T02:45:16.280+0000] {standard_task_runner.py:87} INFO - Running: ['airflow', 'tasks', 'run', 'raw_to_staging_dag', 'create_staging_products', 'scheduled__2025-03-05T00:00:00+00:00', '--job-id', '1365', '--raw', '--subdir', 'DAGS_FOLDER/raw_to_staging_dag.py', '--cfg-path', '/tmp/tmpjkz0nsfq']
[2025-05-20T02:45:16.289+0000] {standard_task_runner.py:88} INFO - Job 1365: Subtask create_staging_products
[2025-05-20T02:45:16.536+0000] {task_command.py:423} INFO - Running <TaskInstance: raw_to_staging_dag.create_staging_products scheduled__2025-03-05T00:00:00+00:00 [running]> on host 123cdc80f7f3
[2025-05-20T02:45:16.907+0000] {taskinstance.py:2480} INFO - Exporting env vars: AIRFLOW_CTX_DAG_OWNER='simran' AIRFLOW_CTX_DAG_ID='raw_to_staging_dag' AIRFLOW_CTX_TASK_ID='create_staging_products' AIRFLOW_CTX_EXECUTION_DATE='2025-03-05T00:00:00+00:00' AIRFLOW_CTX_TRY_NUMBER='2' AIRFLOW_CTX_DAG_RUN_ID='scheduled__2025-03-05T00:00:00+00:00'
[2025-05-20T02:45:16.913+0000] {sql.py:276} INFO - Executing: CREATE TABLE IF NOT EXISTS staging.products AS
SELECT * FROM raw.product WHERE 1=0;
[2025-05-20T02:45:16.989+0000] {base.py:83} INFO - Using connection ID 'airflow_db' for task execution.
[2025-05-20T02:45:17.022+0000] {base.py:83} INFO - Using connection ID 'airflow_db' for task execution.
[2025-05-20T02:45:17.065+0000] {sql.py:450} INFO - Running statement: CREATE TABLE IF NOT EXISTS staging.products AS
SELECT * FROM raw.product WHERE 1=0;, parameters: None
[2025-05-20T02:45:17.101+0000] {taskinstance.py:2698} ERROR - Task failed with exception
Traceback (most recent call last):
  File "/home/airflow/.local/lib/python3.9/site-packages/airflow/models/taskinstance.py", line 433, in _execute_task
    result = execute_callable(context=context, **execute_callable_kwargs)
  File "/home/airflow/.local/lib/python3.9/site-packages/airflow/providers/common/sql/operators/sql.py", line 282, in execute
    output = hook.run(
  File "/home/airflow/.local/lib/python3.9/site-packages/airflow/providers/common/sql/hooks/sql.py", line 398, in run
    self._run_command(cur, sql_statement, parameters)
  File "/home/airflow/.local/lib/python3.9/site-packages/airflow/providers/common/sql/hooks/sql.py", line 455, in _run_command
    cur.execute(sql_statement)
psycopg2.errors.UndefinedTable: relation "raw.product" does not exist
LINE 2: SELECT * FROM raw.product WHERE 1=0;
                      ^

[2025-05-20T02:45:17.137+0000] {taskinstance.py:1138} INFO - Marking task as UP_FOR_RETRY. dag_id=raw_to_staging_dag, task_id=create_staging_products, execution_date=20250305T000000, start_date=20250520T024516, end_date=20250520T024517
[2025-05-20T02:45:17.177+0000] {standard_task_runner.py:107} ERROR - Failed to execute job 1365 for task create_staging_products (relation "raw.product" does not exist
LINE 2: SELECT * FROM raw.product WHERE 1=0;
                      ^
; 4138)
[2025-05-20T02:45:17.227+0000] {local_task_job_runner.py:234} INFO - Task exited with return code 1
[2025-05-20T02:45:17.405+0000] {taskinstance.py:3280} INFO - 0 downstream tasks scheduled from follow-on schedule check
