[2025-05-11T13:48:41.091+0000] {taskinstance.py:1956} INFO - Dependencies all met for dep_context=non-requeueable deps ti=<TaskInstance: raw_to_staging_dag.create_staging_customers scheduled__2025-03-26T00:00:00+00:00 [queued]>
[2025-05-11T13:48:41.096+0000] {taskinstance.py:1956} INFO - Dependencies all met for dep_context=requeueable deps ti=<TaskInstance: raw_to_staging_dag.create_staging_customers scheduled__2025-03-26T00:00:00+00:00 [queued]>
[2025-05-11T13:48:41.096+0000] {taskinstance.py:2170} INFO - Starting attempt 4 of 4
[2025-05-11T13:48:41.102+0000] {taskinstance.py:2191} INFO - Executing <Task(PostgresOperator): create_staging_customers> on 2025-03-26 00:00:00+00:00
[2025-05-11T13:48:41.104+0000] {standard_task_runner.py:60} INFO - Started process 4421 to run task
[2025-05-11T13:48:41.106+0000] {standard_task_runner.py:87} INFO - Running: ['airflow', 'tasks', 'run', 'raw_to_staging_dag', 'create_staging_customers', 'scheduled__2025-03-26T00:00:00+00:00', '--job-id', '1896', '--raw', '--subdir', 'DAGS_FOLDER/raw_to_staging_dag.py', '--cfg-path', '/tmp/tmpfc72yamr']
[2025-05-11T13:48:41.107+0000] {standard_task_runner.py:88} INFO - Job 1896: Subtask create_staging_customers
[2025-05-11T13:48:41.127+0000] {task_command.py:423} INFO - Running <TaskInstance: raw_to_staging_dag.create_staging_customers scheduled__2025-03-26T00:00:00+00:00 [running]> on host 03858235192c
[2025-05-11T13:48:41.154+0000] {taskinstance.py:2480} INFO - Exporting env vars: AIRFLOW_CTX_DAG_OWNER='simran' AIRFLOW_CTX_DAG_ID='raw_to_staging_dag' AIRFLOW_CTX_TASK_ID='create_staging_customers' AIRFLOW_CTX_EXECUTION_DATE='2025-03-26T00:00:00+00:00' AIRFLOW_CTX_TRY_NUMBER='4' AIRFLOW_CTX_DAG_RUN_ID='scheduled__2025-03-26T00:00:00+00:00'
[2025-05-11T13:48:41.155+0000] {sql.py:276} INFO - Executing: CREATE TABLE IF NOT EXISTS staging.customers AS
SELECT * FROM raw.customers WHERE 1=0;
[2025-05-11T13:48:41.160+0000] {base.py:83} INFO - Using connection ID 'postgres_local' for task execution.
[2025-05-11T13:48:41.164+0000] {base.py:83} INFO - Using connection ID 'postgres_local' for task execution.
[2025-05-11T13:48:41.165+0000] {taskinstance.py:2698} ERROR - Task failed with exception
Traceback (most recent call last):
  File "/home/airflow/.local/lib/python3.8/site-packages/airflow/models/taskinstance.py", line 433, in _execute_task
    result = execute_callable(context=context, **execute_callable_kwargs)
  File "/home/airflow/.local/lib/python3.8/site-packages/airflow/providers/common/sql/operators/sql.py", line 282, in execute
    output = hook.run(
  File "/home/airflow/.local/lib/python3.8/site-packages/airflow/providers/common/sql/hooks/sql.py", line 391, in run
    with closing(self.get_conn()) as conn:
  File "/home/airflow/.local/lib/python3.8/site-packages/airflow/providers/postgres/hooks/postgres.py", line 158, in get_conn
    self.conn = psycopg2.connect(**conn_args)
  File "/home/airflow/.local/lib/python3.8/site-packages/psycopg2/__init__.py", line 122, in connect
    conn = _connect(dsn, connection_factory=connection_factory, **kwasync)
psycopg2.OperationalError: connection to server at "localhost" (::1), port 5433 failed: Connection refused
	Is the server running on that host and accepting TCP/IP connections?
connection to server at "localhost" (127.0.0.1), port 5433 failed: Connection refused
	Is the server running on that host and accepting TCP/IP connections?

[2025-05-11T13:48:41.168+0000] {taskinstance.py:1138} INFO - Marking task as FAILED. dag_id=raw_to_staging_dag, task_id=create_staging_customers, execution_date=20250326T000000, start_date=20250511T134841, end_date=20250511T134841
[2025-05-11T13:48:41.172+0000] {standard_task_runner.py:107} ERROR - Failed to execute job 1896 for task create_staging_customers (connection to server at "localhost" (::1), port 5433 failed: Connection refused
	Is the server running on that host and accepting TCP/IP connections?
connection to server at "localhost" (127.0.0.1), port 5433 failed: Connection refused
	Is the server running on that host and accepting TCP/IP connections?
; 4421)
[2025-05-11T13:48:41.205+0000] {local_task_job_runner.py:234} INFO - Task exited with return code 1
[2025-05-11T13:48:41.215+0000] {taskinstance.py:3280} INFO - 0 downstream tasks scheduled from follow-on schedule check
[2025-05-19T05:18:49.716+0000] {taskinstance.py:1956} INFO - Dependencies all met for dep_context=non-requeueable deps ti=<TaskInstance: raw_to_staging_dag.create_staging_customers scheduled__2025-03-26T00:00:00+00:00 [queued]>
[2025-05-19T05:18:49.723+0000] {taskinstance.py:1956} INFO - Dependencies all met for dep_context=requeueable deps ti=<TaskInstance: raw_to_staging_dag.create_staging_customers scheduled__2025-03-26T00:00:00+00:00 [queued]>
[2025-05-19T05:18:49.723+0000] {taskinstance.py:2170} INFO - Starting attempt 4 of 4
[2025-05-19T05:18:49.740+0000] {taskinstance.py:2191} INFO - Executing <Task(PostgresOperator): create_staging_customers> on 2025-03-26 00:00:00+00:00
[2025-05-19T05:18:49.746+0000] {standard_task_runner.py:60} INFO - Started process 5669 to run task
[2025-05-19T05:18:49.750+0000] {standard_task_runner.py:87} INFO - Running: ['airflow', 'tasks', 'run', 'raw_to_staging_dag', 'create_staging_customers', 'scheduled__2025-03-26T00:00:00+00:00', '--job-id', '1918', '--raw', '--subdir', 'DAGS_FOLDER/raw_to_staging_dag.py', '--cfg-path', '/tmp/tmpnp9s2gu6']
[2025-05-19T05:18:49.756+0000] {standard_task_runner.py:88} INFO - Job 1918: Subtask create_staging_customers
[2025-05-19T05:18:49.893+0000] {task_command.py:423} INFO - Running <TaskInstance: raw_to_staging_dag.create_staging_customers scheduled__2025-03-26T00:00:00+00:00 [running]> on host 98044bf8a4b3
[2025-05-19T05:18:50.000+0000] {taskinstance.py:2480} INFO - Exporting env vars: AIRFLOW_CTX_DAG_OWNER='simran' AIRFLOW_CTX_DAG_ID='raw_to_staging_dag' AIRFLOW_CTX_TASK_ID='create_staging_customers' AIRFLOW_CTX_EXECUTION_DATE='2025-03-26T00:00:00+00:00' AIRFLOW_CTX_TRY_NUMBER='4' AIRFLOW_CTX_DAG_RUN_ID='scheduled__2025-03-26T00:00:00+00:00'
[2025-05-19T05:18:50.001+0000] {sql.py:276} INFO - Executing: CREATE TABLE IF NOT EXISTS staging.customers AS
SELECT * FROM raw.customers WHERE 1=0;
[2025-05-19T05:18:50.018+0000] {base.py:83} INFO - Using connection ID 'airflow_db' for task execution.
[2025-05-19T05:18:50.031+0000] {base.py:83} INFO - Using connection ID 'airflow_db' for task execution.
[2025-05-19T05:18:50.040+0000] {taskinstance.py:2698} ERROR - Task failed with exception
Traceback (most recent call last):
  File "/home/airflow/.local/lib/python3.9/site-packages/airflow/models/taskinstance.py", line 433, in _execute_task
    result = execute_callable(context=context, **execute_callable_kwargs)
  File "/home/airflow/.local/lib/python3.9/site-packages/airflow/providers/common/sql/operators/sql.py", line 282, in execute
    output = hook.run(
  File "/home/airflow/.local/lib/python3.9/site-packages/airflow/providers/common/sql/hooks/sql.py", line 391, in run
    with closing(self.get_conn()) as conn:
  File "/home/airflow/.local/lib/python3.9/site-packages/airflow/providers/mysql/hooks/mysql.py", line 195, in get_conn
    return MySQLdb.connect(**conn_config)
  File "/home/airflow/.local/lib/python3.9/site-packages/MySQLdb/__init__.py", line 121, in Connect
    return Connection(*args, **kwargs)
  File "/home/airflow/.local/lib/python3.9/site-packages/MySQLdb/connections.py", line 193, in __init__
    super().__init__(*args, **kwargs2)
MySQLdb.OperationalError: (2005, "Unknown server host 'mysql' (-2)")
[2025-05-19T05:18:50.045+0000] {taskinstance.py:1138} INFO - Marking task as FAILED. dag_id=raw_to_staging_dag, task_id=create_staging_customers, execution_date=20250326T000000, start_date=20250519T051849, end_date=20250519T051850
[2025-05-19T05:18:50.054+0000] {standard_task_runner.py:107} ERROR - Failed to execute job 1918 for task create_staging_customers ((2005, "Unknown server host 'mysql' (-2)"); 5669)
[2025-05-19T05:18:50.070+0000] {local_task_job_runner.py:234} INFO - Task exited with return code 1
[2025-05-19T05:18:50.103+0000] {taskinstance.py:3280} INFO - 0 downstream tasks scheduled from follow-on schedule check
[2025-05-20T04:12:19.094+0000] {taskinstance.py:1956} INFO - Dependencies all met for dep_context=non-requeueable deps ti=<TaskInstance: raw_to_staging_dag.create_staging_customers scheduled__2025-03-26T00:00:00+00:00 [queued]>
[2025-05-20T04:12:19.099+0000] {taskinstance.py:1956} INFO - Dependencies all met for dep_context=requeueable deps ti=<TaskInstance: raw_to_staging_dag.create_staging_customers scheduled__2025-03-26T00:00:00+00:00 [queued]>
[2025-05-20T04:12:19.099+0000] {taskinstance.py:2170} INFO - Starting attempt 4 of 4
[2025-05-20T04:12:19.107+0000] {taskinstance.py:2191} INFO - Executing <Task(PostgresOperator): create_staging_customers> on 2025-03-26 00:00:00+00:00
[2025-05-20T04:12:19.109+0000] {standard_task_runner.py:60} INFO - Started process 5575 to run task
[2025-05-20T04:12:19.112+0000] {standard_task_runner.py:87} INFO - Running: ['airflow', 'tasks', 'run', 'raw_to_staging_dag', 'create_staging_customers', 'scheduled__2025-03-26T00:00:00+00:00', '--job-id', '1921', '--raw', '--subdir', 'DAGS_FOLDER/raw_to_staging_dag.py', '--cfg-path', '/tmp/tmpmzu7qp4w']
[2025-05-20T04:12:19.113+0000] {standard_task_runner.py:88} INFO - Job 1921: Subtask create_staging_customers
[2025-05-20T04:12:19.141+0000] {task_command.py:423} INFO - Running <TaskInstance: raw_to_staging_dag.create_staging_customers scheduled__2025-03-26T00:00:00+00:00 [running]> on host 123cdc80f7f3
[2025-05-20T04:12:19.185+0000] {taskinstance.py:2480} INFO - Exporting env vars: AIRFLOW_CTX_DAG_OWNER='simran' AIRFLOW_CTX_DAG_ID='raw_to_staging_dag' AIRFLOW_CTX_TASK_ID='create_staging_customers' AIRFLOW_CTX_EXECUTION_DATE='2025-03-26T00:00:00+00:00' AIRFLOW_CTX_TRY_NUMBER='4' AIRFLOW_CTX_DAG_RUN_ID='scheduled__2025-03-26T00:00:00+00:00'
[2025-05-20T04:12:19.185+0000] {sql.py:276} INFO - Executing: CREATE TABLE IF NOT EXISTS staging.customers AS
SELECT * FROM raw.customers WHERE 1=0;
[2025-05-20T04:12:19.195+0000] {base.py:83} INFO - Using connection ID 'airflow_db' for task execution.
[2025-05-20T04:12:19.200+0000] {base.py:83} INFO - Using connection ID 'airflow_db' for task execution.
[2025-05-20T04:12:19.209+0000] {sql.py:450} INFO - Running statement: CREATE TABLE IF NOT EXISTS staging.customers AS
SELECT * FROM raw.customers WHERE 1=0;, parameters: None
[2025-05-20T04:12:19.211+0000] {taskinstance.py:2698} ERROR - Task failed with exception
Traceback (most recent call last):
  File "/home/airflow/.local/lib/python3.9/site-packages/airflow/models/taskinstance.py", line 433, in _execute_task
    result = execute_callable(context=context, **execute_callable_kwargs)
  File "/home/airflow/.local/lib/python3.9/site-packages/airflow/providers/common/sql/operators/sql.py", line 282, in execute
    output = hook.run(
  File "/home/airflow/.local/lib/python3.9/site-packages/airflow/providers/common/sql/hooks/sql.py", line 398, in run
    self._run_command(cur, sql_statement, parameters)
  File "/home/airflow/.local/lib/python3.9/site-packages/airflow/providers/common/sql/hooks/sql.py", line 455, in _run_command
    cur.execute(sql_statement)
psycopg2.errors.UndefinedTable: relation "raw.customers" does not exist
LINE 2: SELECT * FROM raw.customers WHERE 1=0;
                      ^

[2025-05-20T04:12:19.215+0000] {taskinstance.py:1138} INFO - Marking task as FAILED. dag_id=raw_to_staging_dag, task_id=create_staging_customers, execution_date=20250326T000000, start_date=20250520T041219, end_date=20250520T041219
[2025-05-20T04:12:19.220+0000] {standard_task_runner.py:107} ERROR - Failed to execute job 1921 for task create_staging_customers (relation "raw.customers" does not exist
LINE 2: SELECT * FROM raw.customers WHERE 1=0;
                      ^
; 5575)
[2025-05-20T04:12:19.252+0000] {local_task_job_runner.py:234} INFO - Task exited with return code 1
[2025-05-20T04:12:19.265+0000] {taskinstance.py:3280} INFO - 0 downstream tasks scheduled from follow-on schedule check
