[2025-05-11T14:04:04.375+0000] {taskinstance.py:1956} INFO - Dependencies all met for dep_context=non-requeueable deps ti=<TaskInstance: raw_to_staging_dag.create_staging_accounts scheduled__2025-04-17T00:00:00+00:00 [queued]>
[2025-05-11T14:04:04.404+0000] {taskinstance.py:1956} INFO - Dependencies all met for dep_context=requeueable deps ti=<TaskInstance: raw_to_staging_dag.create_staging_accounts scheduled__2025-04-17T00:00:00+00:00 [queued]>
[2025-05-11T14:04:04.407+0000] {taskinstance.py:2170} INFO - Starting attempt 3 of 4
[2025-05-11T14:04:04.428+0000] {taskinstance.py:2191} INFO - Executing <Task(PostgresOperator): create_staging_accounts> on 2025-04-17 00:00:00+00:00
[2025-05-11T14:04:04.433+0000] {standard_task_runner.py:60} INFO - Started process 5215 to run task
[2025-05-11T14:04:04.444+0000] {standard_task_runner.py:87} INFO - Running: ['airflow', 'tasks', 'run', 'raw_to_staging_dag', 'create_staging_accounts', 'scheduled__2025-04-17T00:00:00+00:00', '--job-id', '2215', '--raw', '--subdir', 'DAGS_FOLDER/raw_to_staging_dag.py', '--cfg-path', '/tmp/tmp1ovq1_ny']
[2025-05-11T14:04:04.451+0000] {standard_task_runner.py:88} INFO - Job 2215: Subtask create_staging_accounts
[2025-05-11T14:04:04.529+0000] {task_command.py:423} INFO - Running <TaskInstance: raw_to_staging_dag.create_staging_accounts scheduled__2025-04-17T00:00:00+00:00 [running]> on host 03858235192c
[2025-05-11T14:04:04.629+0000] {taskinstance.py:2480} INFO - Exporting env vars: AIRFLOW_CTX_DAG_OWNER='simran' AIRFLOW_CTX_DAG_ID='raw_to_staging_dag' AIRFLOW_CTX_TASK_ID='create_staging_accounts' AIRFLOW_CTX_EXECUTION_DATE='2025-04-17T00:00:00+00:00' AIRFLOW_CTX_TRY_NUMBER='3' AIRFLOW_CTX_DAG_RUN_ID='scheduled__2025-04-17T00:00:00+00:00'
[2025-05-11T14:04:04.632+0000] {sql.py:276} INFO - Executing: CREATE TABLE IF NOT EXISTS staging.accounts AS
SELECT * FROM raw.account WHERE 1=0;
[2025-05-11T14:04:04.647+0000] {base.py:83} INFO - Using connection ID 'postgres_local' for task execution.
[2025-05-11T14:04:04.660+0000] {base.py:83} INFO - Using connection ID 'postgres_local' for task execution.
[2025-05-11T14:04:04.662+0000] {taskinstance.py:2698} ERROR - Task failed with exception
Traceback (most recent call last):
  File "/home/airflow/.local/lib/python3.8/site-packages/airflow/models/taskinstance.py", line 433, in _execute_task
    result = execute_callable(context=context, **execute_callable_kwargs)
  File "/home/airflow/.local/lib/python3.8/site-packages/airflow/providers/common/sql/operators/sql.py", line 282, in execute
    output = hook.run(
  File "/home/airflow/.local/lib/python3.8/site-packages/airflow/providers/common/sql/hooks/sql.py", line 391, in run
    with closing(self.get_conn()) as conn:
  File "/home/airflow/.local/lib/python3.8/site-packages/airflow/providers/postgres/hooks/postgres.py", line 158, in get_conn
    self.conn = psycopg2.connect(**conn_args)
  File "/home/airflow/.local/lib/python3.8/site-packages/psycopg2/__init__.py", line 122, in connect
    conn = _connect(dsn, connection_factory=connection_factory, **kwasync)
psycopg2.OperationalError: connection to server at "localhost" (::1), port 5433 failed: Connection refused
	Is the server running on that host and accepting TCP/IP connections?
connection to server at "localhost" (127.0.0.1), port 5433 failed: Connection refused
	Is the server running on that host and accepting TCP/IP connections?

[2025-05-11T14:04:04.671+0000] {taskinstance.py:1138} INFO - Marking task as UP_FOR_RETRY. dag_id=raw_to_staging_dag, task_id=create_staging_accounts, execution_date=20250417T000000, start_date=20250511T140404, end_date=20250511T140404
[2025-05-11T14:04:04.680+0000] {standard_task_runner.py:107} ERROR - Failed to execute job 2215 for task create_staging_accounts (connection to server at "localhost" (::1), port 5433 failed: Connection refused
	Is the server running on that host and accepting TCP/IP connections?
connection to server at "localhost" (127.0.0.1), port 5433 failed: Connection refused
	Is the server running on that host and accepting TCP/IP connections?
; 5215)
[2025-05-11T14:04:04.706+0000] {local_task_job_runner.py:234} INFO - Task exited with return code 1
[2025-05-11T14:04:04.731+0000] {taskinstance.py:3280} INFO - 0 downstream tasks scheduled from follow-on schedule check
[2025-05-19T05:29:15.859+0000] {taskinstance.py:1956} INFO - Dependencies all met for dep_context=non-requeueable deps ti=<TaskInstance: raw_to_staging_dag.create_staging_accounts scheduled__2025-04-17T00:00:00+00:00 [queued]>
[2025-05-19T05:29:16.283+0000] {taskinstance.py:1956} INFO - Dependencies all met for dep_context=requeueable deps ti=<TaskInstance: raw_to_staging_dag.create_staging_accounts scheduled__2025-04-17T00:00:00+00:00 [queued]>
[2025-05-19T05:29:16.304+0000] {taskinstance.py:2170} INFO - Starting attempt 3 of 4
[2025-05-19T05:29:16.356+0000] {taskinstance.py:2191} INFO - Executing <Task(PostgresOperator): create_staging_accounts> on 2025-04-17 00:00:00+00:00
[2025-05-19T05:29:16.377+0000] {standard_task_runner.py:60} INFO - Started process 6320 to run task
[2025-05-19T05:29:16.403+0000] {standard_task_runner.py:87} INFO - Running: ['airflow', 'tasks', 'run', 'raw_to_staging_dag', 'create_staging_accounts', 'scheduled__2025-04-17T00:00:00+00:00', '--job-id', '2134', '--raw', '--subdir', 'DAGS_FOLDER/raw_to_staging_dag.py', '--cfg-path', '/tmp/tmphqg1etub']
[2025-05-19T05:29:16.422+0000] {standard_task_runner.py:88} INFO - Job 2134: Subtask create_staging_accounts
[2025-05-19T05:29:16.688+0000] {task_command.py:423} INFO - Running <TaskInstance: raw_to_staging_dag.create_staging_accounts scheduled__2025-04-17T00:00:00+00:00 [running]> on host 98044bf8a4b3
[2025-05-19T05:29:16.904+0000] {taskinstance.py:2480} INFO - Exporting env vars: AIRFLOW_CTX_DAG_OWNER='simran' AIRFLOW_CTX_DAG_ID='raw_to_staging_dag' AIRFLOW_CTX_TASK_ID='create_staging_accounts' AIRFLOW_CTX_EXECUTION_DATE='2025-04-17T00:00:00+00:00' AIRFLOW_CTX_TRY_NUMBER='3' AIRFLOW_CTX_DAG_RUN_ID='scheduled__2025-04-17T00:00:00+00:00'
[2025-05-19T05:29:16.951+0000] {sql.py:276} INFO - Executing: CREATE TABLE IF NOT EXISTS staging.accounts AS
SELECT * FROM raw.account WHERE 1=0;
[2025-05-19T05:29:16.989+0000] {base.py:83} INFO - Using connection ID 'airflow_db' for task execution.
[2025-05-19T05:29:17.013+0000] {base.py:83} INFO - Using connection ID 'airflow_db' for task execution.
[2025-05-19T05:29:17.034+0000] {taskinstance.py:2698} ERROR - Task failed with exception
Traceback (most recent call last):
  File "/home/airflow/.local/lib/python3.9/site-packages/airflow/models/taskinstance.py", line 433, in _execute_task
    result = execute_callable(context=context, **execute_callable_kwargs)
  File "/home/airflow/.local/lib/python3.9/site-packages/airflow/providers/common/sql/operators/sql.py", line 282, in execute
    output = hook.run(
  File "/home/airflow/.local/lib/python3.9/site-packages/airflow/providers/common/sql/hooks/sql.py", line 391, in run
    with closing(self.get_conn()) as conn:
  File "/home/airflow/.local/lib/python3.9/site-packages/airflow/providers/mysql/hooks/mysql.py", line 195, in get_conn
    return MySQLdb.connect(**conn_config)
  File "/home/airflow/.local/lib/python3.9/site-packages/MySQLdb/__init__.py", line 121, in Connect
    return Connection(*args, **kwargs)
  File "/home/airflow/.local/lib/python3.9/site-packages/MySQLdb/connections.py", line 193, in __init__
    super().__init__(*args, **kwargs2)
MySQLdb.OperationalError: (2005, "Unknown server host 'mysql' (-2)")
[2025-05-19T05:29:17.047+0000] {taskinstance.py:1138} INFO - Marking task as UP_FOR_RETRY. dag_id=raw_to_staging_dag, task_id=create_staging_accounts, execution_date=20250417T000000, start_date=20250519T052915, end_date=20250519T052917
[2025-05-19T05:29:17.083+0000] {standard_task_runner.py:107} ERROR - Failed to execute job 2134 for task create_staging_accounts ((2005, "Unknown server host 'mysql' (-2)"); 6320)
[2025-05-19T05:29:17.144+0000] {local_task_job_runner.py:234} INFO - Task exited with return code 1
[2025-05-19T05:29:17.354+0000] {taskinstance.py:3280} INFO - 0 downstream tasks scheduled from follow-on schedule check
[2025-05-20T04:22:38.135+0000] {taskinstance.py:1956} INFO - Dependencies all met for dep_context=non-requeueable deps ti=<TaskInstance: raw_to_staging_dag.create_staging_accounts scheduled__2025-04-17T00:00:00+00:00 [queued]>
[2025-05-20T04:22:38.144+0000] {taskinstance.py:1956} INFO - Dependencies all met for dep_context=requeueable deps ti=<TaskInstance: raw_to_staging_dag.create_staging_accounts scheduled__2025-04-17T00:00:00+00:00 [queued]>
[2025-05-20T04:22:38.147+0000] {taskinstance.py:2170} INFO - Starting attempt 3 of 4
[2025-05-20T04:22:38.235+0000] {taskinstance.py:2191} INFO - Executing <Task(PostgresOperator): create_staging_accounts> on 2025-04-17 00:00:00+00:00
[2025-05-20T04:22:38.245+0000] {standard_task_runner.py:60} INFO - Started process 6197 to run task
[2025-05-20T04:22:38.253+0000] {standard_task_runner.py:87} INFO - Running: ['airflow', 'tasks', 'run', 'raw_to_staging_dag', 'create_staging_accounts', 'scheduled__2025-04-17T00:00:00+00:00', '--job-id', '2131', '--raw', '--subdir', 'DAGS_FOLDER/raw_to_staging_dag.py', '--cfg-path', '/tmp/tmpy4i50a94']
[2025-05-20T04:22:38.257+0000] {standard_task_runner.py:88} INFO - Job 2131: Subtask create_staging_accounts
[2025-05-20T04:22:38.503+0000] {task_command.py:423} INFO - Running <TaskInstance: raw_to_staging_dag.create_staging_accounts scheduled__2025-04-17T00:00:00+00:00 [running]> on host 123cdc80f7f3
[2025-05-20T04:22:38.691+0000] {taskinstance.py:2480} INFO - Exporting env vars: AIRFLOW_CTX_DAG_OWNER='simran' AIRFLOW_CTX_DAG_ID='raw_to_staging_dag' AIRFLOW_CTX_TASK_ID='create_staging_accounts' AIRFLOW_CTX_EXECUTION_DATE='2025-04-17T00:00:00+00:00' AIRFLOW_CTX_TRY_NUMBER='3' AIRFLOW_CTX_DAG_RUN_ID='scheduled__2025-04-17T00:00:00+00:00'
[2025-05-20T04:22:38.694+0000] {sql.py:276} INFO - Executing: CREATE TABLE IF NOT EXISTS staging.accounts AS
SELECT * FROM raw.account WHERE 1=0;
[2025-05-20T04:22:38.722+0000] {base.py:83} INFO - Using connection ID 'airflow_db' for task execution.
[2025-05-20T04:22:38.757+0000] {base.py:83} INFO - Using connection ID 'airflow_db' for task execution.
[2025-05-20T04:22:38.839+0000] {sql.py:450} INFO - Running statement: CREATE TABLE IF NOT EXISTS staging.accounts AS
SELECT * FROM raw.account WHERE 1=0;, parameters: None
[2025-05-20T04:22:38.865+0000] {taskinstance.py:2698} ERROR - Task failed with exception
Traceback (most recent call last):
  File "/home/airflow/.local/lib/python3.9/site-packages/airflow/models/taskinstance.py", line 433, in _execute_task
    result = execute_callable(context=context, **execute_callable_kwargs)
  File "/home/airflow/.local/lib/python3.9/site-packages/airflow/providers/common/sql/operators/sql.py", line 282, in execute
    output = hook.run(
  File "/home/airflow/.local/lib/python3.9/site-packages/airflow/providers/common/sql/hooks/sql.py", line 398, in run
    self._run_command(cur, sql_statement, parameters)
  File "/home/airflow/.local/lib/python3.9/site-packages/airflow/providers/common/sql/hooks/sql.py", line 455, in _run_command
    cur.execute(sql_statement)
psycopg2.errors.UndefinedTable: relation "raw.account" does not exist
LINE 2: SELECT * FROM raw.account WHERE 1=0;
                      ^

[2025-05-20T04:22:38.913+0000] {taskinstance.py:1138} INFO - Marking task as UP_FOR_RETRY. dag_id=raw_to_staging_dag, task_id=create_staging_accounts, execution_date=20250417T000000, start_date=20250520T042238, end_date=20250520T042238
[2025-05-20T04:22:38.962+0000] {standard_task_runner.py:107} ERROR - Failed to execute job 2131 for task create_staging_accounts (relation "raw.account" does not exist
LINE 2: SELECT * FROM raw.account WHERE 1=0;
                      ^
; 6197)
[2025-05-20T04:22:38.993+0000] {local_task_job_runner.py:234} INFO - Task exited with return code 1
[2025-05-20T04:22:39.075+0000] {taskinstance.py:3280} INFO - 0 downstream tasks scheduled from follow-on schedule check
