[2025-05-11T07:19:37.542+0000] {taskinstance.py:1956} INFO - Dependencies all met for dep_context=non-requeueable deps ti=<TaskInstance: raw_to_staging_dag.create_staging_cards scheduled__2025-01-27T00:00:00+00:00 [queued]>
[2025-05-11T07:19:37.557+0000] {taskinstance.py:1956} INFO - Dependencies all met for dep_context=requeueable deps ti=<TaskInstance: raw_to_staging_dag.create_staging_cards scheduled__2025-01-27T00:00:00+00:00 [queued]>
[2025-05-11T07:19:37.559+0000] {taskinstance.py:2170} INFO - Starting attempt 2 of 4
[2025-05-11T07:19:37.673+0000] {taskinstance.py:2191} INFO - Executing <Task(PostgresOperator): create_staging_cards> on 2025-01-27 00:00:00+00:00
[2025-05-11T07:19:37.702+0000] {standard_task_runner.py:60} INFO - Started process 1321 to run task
[2025-05-11T07:19:37.705+0000] {standard_task_runner.py:87} INFO - Running: ['airflow', 'tasks', 'run', 'raw_to_staging_dag', 'create_staging_cards', 'scheduled__2025-01-27T00:00:00+00:00', '--job-id', '452', '--raw', '--subdir', 'DAGS_FOLDER/raw_to_staging_dag.py', '--cfg-path', '/tmp/tmpu9b2mlbv']
[2025-05-11T07:19:37.723+0000] {standard_task_runner.py:88} INFO - Job 452: Subtask create_staging_cards
[2025-05-11T07:19:37.878+0000] {task_command.py:423} INFO - Running <TaskInstance: raw_to_staging_dag.create_staging_cards scheduled__2025-01-27T00:00:00+00:00 [running]> on host 03858235192c
[2025-05-11T07:19:38.034+0000] {taskinstance.py:2480} INFO - Exporting env vars: AIRFLOW_CTX_DAG_OWNER='simran' AIRFLOW_CTX_DAG_ID='raw_to_staging_dag' AIRFLOW_CTX_TASK_ID='create_staging_cards' AIRFLOW_CTX_EXECUTION_DATE='2025-01-27T00:00:00+00:00' AIRFLOW_CTX_TRY_NUMBER='2' AIRFLOW_CTX_DAG_RUN_ID='scheduled__2025-01-27T00:00:00+00:00'
[2025-05-11T07:19:38.036+0000] {sql.py:276} INFO - Executing: CREATE TABLE IF NOT EXISTS staging.cards AS
SELECT * FROM raw.cards WHERE 1=0;
[2025-05-11T07:19:38.092+0000] {taskinstance.py:2698} ERROR - Task failed with exception
Traceback (most recent call last):
  File "/home/airflow/.local/lib/python3.8/site-packages/airflow/models/taskinstance.py", line 433, in _execute_task
    result = execute_callable(context=context, **execute_callable_kwargs)
  File "/home/airflow/.local/lib/python3.8/site-packages/airflow/providers/common/sql/operators/sql.py", line 277, in execute
    hook = self.get_db_hook()
  File "/home/airflow/.local/lib/python3.8/site-packages/airflow/providers/common/sql/operators/sql.py", line 188, in get_db_hook
    return self._hook
  File "/usr/local/lib/python3.8/functools.py", line 967, in __get__
    val = self.func(instance)
  File "/home/airflow/.local/lib/python3.8/site-packages/airflow/providers/common/sql/operators/sql.py", line 150, in _hook
    conn = BaseHook.get_connection(conn_id)
  File "/home/airflow/.local/lib/python3.8/site-packages/airflow/hooks/base.py", line 82, in get_connection
    conn = Connection.get_connection_from_secrets(conn_id)
  File "/home/airflow/.local/lib/python3.8/site-packages/airflow/models/connection.py", line 479, in get_connection_from_secrets
    raise AirflowNotFoundException(f"The conn_id `{conn_id}` isn't defined")
airflow.exceptions.AirflowNotFoundException: The conn_id `postgres_local` isn't defined
[2025-05-11T07:19:38.109+0000] {taskinstance.py:1138} INFO - Marking task as UP_FOR_RETRY. dag_id=raw_to_staging_dag, task_id=create_staging_cards, execution_date=20250127T000000, start_date=20250511T071937, end_date=20250511T071938
[2025-05-11T07:19:38.145+0000] {standard_task_runner.py:107} ERROR - Failed to execute job 452 for task create_staging_cards (The conn_id `postgres_local` isn't defined; 1321)
[2025-05-11T07:19:38.211+0000] {local_task_job_runner.py:234} INFO - Task exited with return code 1
[2025-05-11T07:19:38.308+0000] {taskinstance.py:3280} INFO - 0 downstream tasks scheduled from follow-on schedule check
[2025-05-19T04:02:27.648+0000] {taskinstance.py:1956} INFO - Dependencies all met for dep_context=non-requeueable deps ti=<TaskInstance: raw_to_staging_dag.create_staging_cards scheduled__2025-01-27T00:00:00+00:00 [queued]>
[2025-05-19T04:02:27.661+0000] {taskinstance.py:1956} INFO - Dependencies all met for dep_context=requeueable deps ti=<TaskInstance: raw_to_staging_dag.create_staging_cards scheduled__2025-01-27T00:00:00+00:00 [queued]>
[2025-05-19T04:02:27.666+0000] {taskinstance.py:2170} INFO - Starting attempt 2 of 4
[2025-05-19T04:02:27.719+0000] {taskinstance.py:2191} INFO - Executing <Task(PostgresOperator): create_staging_cards> on 2025-01-27 00:00:00+00:00
[2025-05-19T04:02:27.737+0000] {standard_task_runner.py:60} INFO - Started process 1378 to run task
[2025-05-19T04:02:27.748+0000] {standard_task_runner.py:87} INFO - Running: ['airflow', 'tasks', 'run', 'raw_to_staging_dag', 'create_staging_cards', 'scheduled__2025-01-27T00:00:00+00:00', '--job-id', '450', '--raw', '--subdir', 'DAGS_FOLDER/raw_to_staging_dag.py', '--cfg-path', '/tmp/tmpazkpzctf']
[2025-05-19T04:02:27.753+0000] {standard_task_runner.py:88} INFO - Job 450: Subtask create_staging_cards
[2025-05-19T04:02:27.867+0000] {task_command.py:423} INFO - Running <TaskInstance: raw_to_staging_dag.create_staging_cards scheduled__2025-01-27T00:00:00+00:00 [running]> on host 98044bf8a4b3
[2025-05-19T04:02:28.092+0000] {taskinstance.py:2480} INFO - Exporting env vars: AIRFLOW_CTX_DAG_OWNER='simran' AIRFLOW_CTX_DAG_ID='raw_to_staging_dag' AIRFLOW_CTX_TASK_ID='create_staging_cards' AIRFLOW_CTX_EXECUTION_DATE='2025-01-27T00:00:00+00:00' AIRFLOW_CTX_TRY_NUMBER='2' AIRFLOW_CTX_DAG_RUN_ID='scheduled__2025-01-27T00:00:00+00:00'
[2025-05-19T04:02:28.094+0000] {sql.py:276} INFO - Executing: CREATE TABLE IF NOT EXISTS staging.cards AS
SELECT * FROM raw.cards WHERE 1=0;
[2025-05-19T04:02:28.112+0000] {base.py:83} INFO - Using connection ID 'airflow_db' for task execution.
[2025-05-19T04:02:28.130+0000] {base.py:83} INFO - Using connection ID 'airflow_db' for task execution.
[2025-05-19T04:02:28.153+0000] {taskinstance.py:2698} ERROR - Task failed with exception
Traceback (most recent call last):
  File "/home/airflow/.local/lib/python3.9/site-packages/airflow/models/taskinstance.py", line 433, in _execute_task
    result = execute_callable(context=context, **execute_callable_kwargs)
  File "/home/airflow/.local/lib/python3.9/site-packages/airflow/providers/common/sql/operators/sql.py", line 282, in execute
    output = hook.run(
  File "/home/airflow/.local/lib/python3.9/site-packages/airflow/providers/common/sql/hooks/sql.py", line 391, in run
    with closing(self.get_conn()) as conn:
  File "/home/airflow/.local/lib/python3.9/site-packages/airflow/providers/mysql/hooks/mysql.py", line 195, in get_conn
    return MySQLdb.connect(**conn_config)
  File "/home/airflow/.local/lib/python3.9/site-packages/MySQLdb/__init__.py", line 121, in Connect
    return Connection(*args, **kwargs)
  File "/home/airflow/.local/lib/python3.9/site-packages/MySQLdb/connections.py", line 193, in __init__
    super().__init__(*args, **kwargs2)
MySQLdb.OperationalError: (2005, "Unknown server host 'mysql' (-2)")
[2025-05-19T04:02:28.173+0000] {taskinstance.py:1138} INFO - Marking task as UP_FOR_RETRY. dag_id=raw_to_staging_dag, task_id=create_staging_cards, execution_date=20250127T000000, start_date=20250519T040227, end_date=20250519T040228
[2025-05-19T04:02:28.189+0000] {standard_task_runner.py:107} ERROR - Failed to execute job 450 for task create_staging_cards ((2005, "Unknown server host 'mysql' (-2)"); 1378)
[2025-05-19T04:02:28.228+0000] {local_task_job_runner.py:234} INFO - Task exited with return code 1
[2025-05-19T04:02:28.417+0000] {taskinstance.py:3280} INFO - 0 downstream tasks scheduled from follow-on schedule check
[2025-05-20T01:44:50.645+0000] {taskinstance.py:1956} INFO - Dependencies all met for dep_context=non-requeueable deps ti=<TaskInstance: raw_to_staging_dag.create_staging_cards scheduled__2025-01-27T00:00:00+00:00 [queued]>
[2025-05-20T01:44:50.660+0000] {taskinstance.py:1956} INFO - Dependencies all met for dep_context=requeueable deps ti=<TaskInstance: raw_to_staging_dag.create_staging_cards scheduled__2025-01-27T00:00:00+00:00 [queued]>
[2025-05-20T01:44:50.662+0000] {taskinstance.py:2170} INFO - Starting attempt 2 of 4
[2025-05-20T01:44:50.758+0000] {taskinstance.py:2191} INFO - Executing <Task(PostgresOperator): create_staging_cards> on 2025-01-27 00:00:00+00:00
[2025-05-20T01:44:50.762+0000] {standard_task_runner.py:60} INFO - Started process 1398 to run task
[2025-05-20T01:44:50.771+0000] {standard_task_runner.py:87} INFO - Running: ['airflow', 'tasks', 'run', 'raw_to_staging_dag', 'create_staging_cards', 'scheduled__2025-01-27T00:00:00+00:00', '--job-id', '456', '--raw', '--subdir', 'DAGS_FOLDER/raw_to_staging_dag.py', '--cfg-path', '/tmp/tmpb4ljjj19']
[2025-05-20T01:44:50.784+0000] {standard_task_runner.py:88} INFO - Job 456: Subtask create_staging_cards
[2025-05-20T01:44:50.852+0000] {task_command.py:423} INFO - Running <TaskInstance: raw_to_staging_dag.create_staging_cards scheduled__2025-01-27T00:00:00+00:00 [running]> on host 123cdc80f7f3
[2025-05-20T01:44:50.934+0000] {taskinstance.py:2480} INFO - Exporting env vars: AIRFLOW_CTX_DAG_OWNER='simran' AIRFLOW_CTX_DAG_ID='raw_to_staging_dag' AIRFLOW_CTX_TASK_ID='create_staging_cards' AIRFLOW_CTX_EXECUTION_DATE='2025-01-27T00:00:00+00:00' AIRFLOW_CTX_TRY_NUMBER='2' AIRFLOW_CTX_DAG_RUN_ID='scheduled__2025-01-27T00:00:00+00:00'
[2025-05-20T01:44:50.937+0000] {sql.py:276} INFO - Executing: CREATE TABLE IF NOT EXISTS staging.cards AS
SELECT * FROM raw.cards WHERE 1=0;
[2025-05-20T01:44:50.968+0000] {base.py:83} INFO - Using connection ID 'airflow_db' for task execution.
[2025-05-20T01:44:50.993+0000] {base.py:83} INFO - Using connection ID 'airflow_db' for task execution.
[2025-05-20T01:44:51.017+0000] {sql.py:450} INFO - Running statement: CREATE TABLE IF NOT EXISTS staging.cards AS
SELECT * FROM raw.cards WHERE 1=0;, parameters: None
[2025-05-20T01:44:51.023+0000] {taskinstance.py:2698} ERROR - Task failed with exception
Traceback (most recent call last):
  File "/home/airflow/.local/lib/python3.9/site-packages/airflow/models/taskinstance.py", line 433, in _execute_task
    result = execute_callable(context=context, **execute_callable_kwargs)
  File "/home/airflow/.local/lib/python3.9/site-packages/airflow/providers/common/sql/operators/sql.py", line 282, in execute
    output = hook.run(
  File "/home/airflow/.local/lib/python3.9/site-packages/airflow/providers/common/sql/hooks/sql.py", line 398, in run
    self._run_command(cur, sql_statement, parameters)
  File "/home/airflow/.local/lib/python3.9/site-packages/airflow/providers/common/sql/hooks/sql.py", line 455, in _run_command
    cur.execute(sql_statement)
psycopg2.errors.UndefinedTable: relation "raw.cards" does not exist
LINE 2: SELECT * FROM raw.cards WHERE 1=0;
                      ^

[2025-05-20T01:44:51.038+0000] {taskinstance.py:1138} INFO - Marking task as UP_FOR_RETRY. dag_id=raw_to_staging_dag, task_id=create_staging_cards, execution_date=20250127T000000, start_date=20250520T014450, end_date=20250520T014451
[2025-05-20T01:44:51.055+0000] {standard_task_runner.py:107} ERROR - Failed to execute job 456 for task create_staging_cards (relation "raw.cards" does not exist
LINE 2: SELECT * FROM raw.cards WHERE 1=0;
                      ^
; 1398)
[2025-05-20T01:44:51.079+0000] {local_task_job_runner.py:234} INFO - Task exited with return code 1
[2025-05-20T01:44:51.118+0000] {taskinstance.py:3280} INFO - 0 downstream tasks scheduled from follow-on schedule check
[2025-05-20T14:07:31.312+0000] {taskinstance.py:1956} INFO - Dependencies all met for dep_context=non-requeueable deps ti=<TaskInstance: raw_to_staging_dag.create_staging_cards scheduled__2025-01-27T00:00:00+00:00 [queued]>
[2025-05-20T14:07:31.343+0000] {taskinstance.py:1956} INFO - Dependencies all met for dep_context=requeueable deps ti=<TaskInstance: raw_to_staging_dag.create_staging_cards scheduled__2025-01-27T00:00:00+00:00 [queued]>
[2025-05-20T14:07:31.350+0000] {taskinstance.py:2170} INFO - Starting attempt 2 of 4
[2025-05-20T14:07:31.645+0000] {taskinstance.py:2191} INFO - Executing <Task(PostgresOperator): create_staging_cards> on 2025-01-27 00:00:00+00:00
[2025-05-20T14:07:31.652+0000] {standard_task_runner.py:60} INFO - Started process 15323 to run task
[2025-05-20T14:07:31.674+0000] {standard_task_runner.py:87} INFO - Running: ['airflow', 'tasks', 'run', 'raw_to_staging_dag', 'create_staging_cards', 'scheduled__2025-01-27T00:00:00+00:00', '--job-id', '3258', '--raw', '--subdir', 'DAGS_FOLDER/raw_to_staging_dag.py', '--cfg-path', '/tmp/tmplgr_g685']
[2025-05-20T14:07:31.682+0000] {standard_task_runner.py:88} INFO - Job 3258: Subtask create_staging_cards
[2025-05-20T14:07:31.901+0000] {task_command.py:423} INFO - Running <TaskInstance: raw_to_staging_dag.create_staging_cards scheduled__2025-01-27T00:00:00+00:00 [running]> on host 123cdc80f7f3
[2025-05-20T14:07:32.107+0000] {taskinstance.py:2480} INFO - Exporting env vars: AIRFLOW_CTX_DAG_OWNER='simran' AIRFLOW_CTX_DAG_ID='raw_to_staging_dag' AIRFLOW_CTX_TASK_ID='create_staging_cards' AIRFLOW_CTX_EXECUTION_DATE='2025-01-27T00:00:00+00:00' AIRFLOW_CTX_TRY_NUMBER='2' AIRFLOW_CTX_DAG_RUN_ID='scheduled__2025-01-27T00:00:00+00:00'
[2025-05-20T14:07:32.113+0000] {sql.py:276} INFO - Executing: CREATE TABLE IF NOT EXISTS staging.cards AS
SELECT * FROM raw.cards WHERE 1=0;
[2025-05-20T14:07:32.143+0000] {base.py:83} INFO - Using connection ID 'airflow_db' for task execution.
[2025-05-20T14:07:32.187+0000] {base.py:83} INFO - Using connection ID 'airflow_db' for task execution.
[2025-05-20T14:07:32.248+0000] {sql.py:450} INFO - Running statement: CREATE TABLE IF NOT EXISTS staging.cards AS
SELECT * FROM raw.cards WHERE 1=0;, parameters: None
[2025-05-20T14:07:32.275+0000] {taskinstance.py:2698} ERROR - Task failed with exception
Traceback (most recent call last):
  File "/home/airflow/.local/lib/python3.9/site-packages/airflow/models/taskinstance.py", line 433, in _execute_task
    result = execute_callable(context=context, **execute_callable_kwargs)
  File "/home/airflow/.local/lib/python3.9/site-packages/airflow/providers/common/sql/operators/sql.py", line 282, in execute
    output = hook.run(
  File "/home/airflow/.local/lib/python3.9/site-packages/airflow/providers/common/sql/hooks/sql.py", line 398, in run
    self._run_command(cur, sql_statement, parameters)
  File "/home/airflow/.local/lib/python3.9/site-packages/airflow/providers/common/sql/hooks/sql.py", line 455, in _run_command
    cur.execute(sql_statement)
psycopg2.errors.UndefinedTable: relation "raw.cards" does not exist
LINE 2: SELECT * FROM raw.cards WHERE 1=0;
                      ^

[2025-05-20T14:07:32.317+0000] {taskinstance.py:1138} INFO - Marking task as UP_FOR_RETRY. dag_id=raw_to_staging_dag, task_id=create_staging_cards, execution_date=20250127T000000, start_date=20250520T140731, end_date=20250520T140732
[2025-05-20T14:07:32.343+0000] {standard_task_runner.py:107} ERROR - Failed to execute job 3258 for task create_staging_cards (relation "raw.cards" does not exist
LINE 2: SELECT * FROM raw.cards WHERE 1=0;
                      ^
; 15323)
[2025-05-20T14:07:32.365+0000] {local_task_job_runner.py:234} INFO - Task exited with return code 1
[2025-05-20T14:07:32.420+0000] {taskinstance.py:3280} INFO - 0 downstream tasks scheduled from follow-on schedule check
