[2025-05-20T00:15:05.243+0000] {taskinstance.py:1956} INFO - Dependencies all met for dep_context=non-requeueable deps ti=<TaskInstance: raw_to_staging_dag.load_staging_transactions scheduled__2025-05-19T00:00:00+00:00 [queued]>
[2025-05-20T00:15:05.250+0000] {taskinstance.py:1956} INFO - Dependencies all met for dep_context=requeueable deps ti=<TaskInstance: raw_to_staging_dag.load_staging_transactions scheduled__2025-05-19T00:00:00+00:00 [queued]>
[2025-05-20T00:15:05.251+0000] {taskinstance.py:2170} INFO - Starting attempt 1 of 4
[2025-05-20T00:15:05.260+0000] {taskinstance.py:2191} INFO - Executing <Task(PostgresOperator): load_staging_transactions> on 2025-05-19 00:00:00+00:00
[2025-05-20T00:15:05.262+0000] {standard_task_runner.py:60} INFO - Started process 16931 to run task
[2025-05-20T00:15:05.264+0000] {standard_task_runner.py:87} INFO - Running: ['airflow', 'tasks', 'run', 'raw_to_staging_dag', 'load_staging_transactions', 'scheduled__2025-05-19T00:00:00+00:00', '--job-id', '2807', '--raw', '--subdir', 'DAGS_FOLDER/raw_to_staging_dag.py', '--cfg-path', '/tmp/tmpm6tbe70f']
[2025-05-20T00:15:05.265+0000] {standard_task_runner.py:88} INFO - Job 2807: Subtask load_staging_transactions
[2025-05-20T00:15:05.300+0000] {task_command.py:423} INFO - Running <TaskInstance: raw_to_staging_dag.load_staging_transactions scheduled__2025-05-19T00:00:00+00:00 [running]> on host 98044bf8a4b3
[2025-05-20T00:15:05.345+0000] {taskinstance.py:2480} INFO - Exporting env vars: AIRFLOW_CTX_DAG_OWNER='simran' AIRFLOW_CTX_DAG_ID='raw_to_staging_dag' AIRFLOW_CTX_TASK_ID='load_staging_transactions' AIRFLOW_CTX_EXECUTION_DATE='2025-05-19T00:00:00+00:00' AIRFLOW_CTX_TRY_NUMBER='1' AIRFLOW_CTX_DAG_RUN_ID='scheduled__2025-05-19T00:00:00+00:00'
[2025-05-20T00:15:05.346+0000] {sql.py:276} INFO - Executing: TRUNCATE TABLE staging.transactions;

INSERT INTO staging.transactions
SELECT * FROM raw.transactions;
[2025-05-20T00:15:05.353+0000] {base.py:83} INFO - Using connection ID 'airflow_db' for task execution.
[2025-05-20T00:15:05.363+0000] {base.py:83} INFO - Using connection ID 'airflow_db' for task execution.
[2025-05-20T00:15:05.374+0000] {sql.py:450} INFO - Running statement: TRUNCATE TABLE staging.transactions;

INSERT INTO staging.transactions
SELECT * FROM raw.transactions;, parameters: None
[2025-05-20T00:15:05.510+0000] {sql.py:459} INFO - Rows affected: 27536
[2025-05-20T00:15:05.520+0000] {taskinstance.py:1138} INFO - Marking task as SUCCESS. dag_id=raw_to_staging_dag, task_id=load_staging_transactions, execution_date=20250519T000000, start_date=20250520T001505, end_date=20250520T001505
[2025-05-20T00:15:05.568+0000] {local_task_job_runner.py:234} INFO - Task exited with return code 0
[2025-05-20T00:15:05.577+0000] {taskinstance.py:3280} INFO - 0 downstream tasks scheduled from follow-on schedule check
[2025-05-22T02:23:55.533+0000] {taskinstance.py:1956} INFO - Dependencies all met for dep_context=non-requeueable deps ti=<TaskInstance: raw_to_staging_dag.load_staging_transactions scheduled__2025-05-19T00:00:00+00:00 [queued]>
[2025-05-22T02:23:55.590+0000] {taskinstance.py:1956} INFO - Dependencies all met for dep_context=requeueable deps ti=<TaskInstance: raw_to_staging_dag.load_staging_transactions scheduled__2025-05-19T00:00:00+00:00 [queued]>
[2025-05-22T02:23:55.593+0000] {taskinstance.py:2170} INFO - Starting attempt 1 of 4
[2025-05-22T02:23:55.698+0000] {taskinstance.py:2191} INFO - Executing <Task(PostgresOperator): load_staging_transactions> on 2025-05-19 00:00:00+00:00
[2025-05-22T02:23:55.719+0000] {standard_task_runner.py:60} INFO - Started process 28854 to run task
[2025-05-22T02:23:55.735+0000] {standard_task_runner.py:87} INFO - Running: ['airflow', 'tasks', 'run', 'raw_to_staging_dag', 'load_staging_transactions', 'scheduled__2025-05-19T00:00:00+00:00', '--job-id', '4041', '--raw', '--subdir', 'DAGS_FOLDER/raw_to_staging_dag.py', '--cfg-path', '/tmp/tmpr1km1ol7']
[2025-05-22T02:23:55.749+0000] {standard_task_runner.py:88} INFO - Job 4041: Subtask load_staging_transactions
[2025-05-22T02:23:56.049+0000] {task_command.py:423} INFO - Running <TaskInstance: raw_to_staging_dag.load_staging_transactions scheduled__2025-05-19T00:00:00+00:00 [running]> on host 123cdc80f7f3
[2025-05-22T02:23:56.320+0000] {taskinstance.py:2480} INFO - Exporting env vars: AIRFLOW_CTX_DAG_OWNER='simran' AIRFLOW_CTX_DAG_ID='raw_to_staging_dag' AIRFLOW_CTX_TASK_ID='load_staging_transactions' AIRFLOW_CTX_EXECUTION_DATE='2025-05-19T00:00:00+00:00' AIRFLOW_CTX_TRY_NUMBER='1' AIRFLOW_CTX_DAG_RUN_ID='scheduled__2025-05-19T00:00:00+00:00'
[2025-05-22T02:23:56.322+0000] {sql.py:276} INFO - Executing: TRUNCATE TABLE staging.transactions;

INSERT INTO staging.transactions
SELECT * FROM raw.transactions;
[2025-05-22T02:23:56.355+0000] {base.py:83} INFO - Using connection ID 'airflow_db' for task execution.
[2025-05-22T02:23:56.395+0000] {base.py:83} INFO - Using connection ID 'airflow_db' for task execution.
[2025-05-22T02:23:56.419+0000] {sql.py:450} INFO - Running statement: TRUNCATE TABLE staging.transactions;

INSERT INTO staging.transactions
SELECT * FROM raw.transactions;, parameters: None
[2025-05-22T02:23:56.435+0000] {sql.py:459} INFO - Rows affected: 0
[2025-05-22T02:23:56.485+0000] {taskinstance.py:1138} INFO - Marking task as SUCCESS. dag_id=raw_to_staging_dag, task_id=load_staging_transactions, execution_date=20250519T000000, start_date=20250522T022355, end_date=20250522T022356
[2025-05-22T02:23:56.575+0000] {local_task_job_runner.py:234} INFO - Task exited with return code 0
[2025-05-22T02:23:56.982+0000] {taskinstance.py:3280} INFO - 0 downstream tasks scheduled from follow-on schedule check
