[2025-05-11T11:49:48.628+0000] {taskinstance.py:1956} INFO - Dependencies all met for dep_context=non-requeueable deps ti=<TaskInstance: raw_to_staging_dag.create_staging_products scheduled__2025-03-01T00:00:00+00:00 [queued]>
[2025-05-11T11:49:48.656+0000] {taskinstance.py:1956} INFO - Dependencies all met for dep_context=requeueable deps ti=<TaskInstance: raw_to_staging_dag.create_staging_products scheduled__2025-03-01T00:00:00+00:00 [queued]>
[2025-05-11T11:49:48.656+0000] {taskinstance.py:2170} INFO - Starting attempt 4 of 4
[2025-05-11T11:49:48.873+0000] {taskinstance.py:2191} INFO - Executing <Task(PostgresOperator): create_staging_products> on 2025-03-01 00:00:00+00:00
[2025-05-11T11:49:48.893+0000] {standard_task_runner.py:60} INFO - Started process 3043 to run task
[2025-05-11T11:49:48.904+0000] {standard_task_runner.py:87} INFO - Running: ['airflow', 'tasks', 'run', 'raw_to_staging_dag', 'create_staging_products', 'scheduled__2025-03-01T00:00:00+00:00', '--job-id', '1283', '--raw', '--subdir', 'DAGS_FOLDER/raw_to_staging_dag.py', '--cfg-path', '/tmp/tmpzz5qdqqy']
[2025-05-11T11:49:48.911+0000] {standard_task_runner.py:88} INFO - Job 1283: Subtask create_staging_products
[2025-05-11T11:49:49.078+0000] {task_command.py:423} INFO - Running <TaskInstance: raw_to_staging_dag.create_staging_products scheduled__2025-03-01T00:00:00+00:00 [running]> on host 03858235192c
[2025-05-11T11:49:49.343+0000] {taskinstance.py:2480} INFO - Exporting env vars: AIRFLOW_CTX_DAG_OWNER='simran' AIRFLOW_CTX_DAG_ID='raw_to_staging_dag' AIRFLOW_CTX_TASK_ID='create_staging_products' AIRFLOW_CTX_EXECUTION_DATE='2025-03-01T00:00:00+00:00' AIRFLOW_CTX_TRY_NUMBER='4' AIRFLOW_CTX_DAG_RUN_ID='scheduled__2025-03-01T00:00:00+00:00'
[2025-05-11T11:49:49.362+0000] {sql.py:276} INFO - Executing: CREATE TABLE IF NOT EXISTS staging.products AS
SELECT * FROM raw.product WHERE 1=0;
[2025-05-11T11:49:49.438+0000] {taskinstance.py:2698} ERROR - Task failed with exception
Traceback (most recent call last):
  File "/home/airflow/.local/lib/python3.8/site-packages/airflow/models/taskinstance.py", line 433, in _execute_task
    result = execute_callable(context=context, **execute_callable_kwargs)
  File "/home/airflow/.local/lib/python3.8/site-packages/airflow/providers/common/sql/operators/sql.py", line 277, in execute
    hook = self.get_db_hook()
  File "/home/airflow/.local/lib/python3.8/site-packages/airflow/providers/common/sql/operators/sql.py", line 188, in get_db_hook
    return self._hook
  File "/usr/local/lib/python3.8/functools.py", line 967, in __get__
    val = self.func(instance)
  File "/home/airflow/.local/lib/python3.8/site-packages/airflow/providers/common/sql/operators/sql.py", line 150, in _hook
    conn = BaseHook.get_connection(conn_id)
  File "/home/airflow/.local/lib/python3.8/site-packages/airflow/hooks/base.py", line 82, in get_connection
    conn = Connection.get_connection_from_secrets(conn_id)
  File "/home/airflow/.local/lib/python3.8/site-packages/airflow/models/connection.py", line 479, in get_connection_from_secrets
    raise AirflowNotFoundException(f"The conn_id `{conn_id}` isn't defined")
airflow.exceptions.AirflowNotFoundException: The conn_id `postgres_local` isn't defined
[2025-05-11T11:49:49.468+0000] {taskinstance.py:1138} INFO - Marking task as FAILED. dag_id=raw_to_staging_dag, task_id=create_staging_products, execution_date=20250301T000000, start_date=20250511T114948, end_date=20250511T114949
[2025-05-11T11:49:49.517+0000] {standard_task_runner.py:107} ERROR - Failed to execute job 1283 for task create_staging_products (The conn_id `postgres_local` isn't defined; 3043)
[2025-05-11T11:49:49.558+0000] {local_task_job_runner.py:234} INFO - Task exited with return code 1
[2025-05-11T11:49:49.638+0000] {taskinstance.py:3280} INFO - 0 downstream tasks scheduled from follow-on schedule check
[2025-05-19T04:47:56.137+0000] {taskinstance.py:1956} INFO - Dependencies all met for dep_context=non-requeueable deps ti=<TaskInstance: raw_to_staging_dag.create_staging_products scheduled__2025-03-01T00:00:00+00:00 [queued]>
[2025-05-19T04:47:56.160+0000] {taskinstance.py:1956} INFO - Dependencies all met for dep_context=requeueable deps ti=<TaskInstance: raw_to_staging_dag.create_staging_products scheduled__2025-03-01T00:00:00+00:00 [queued]>
[2025-05-19T04:47:56.161+0000] {taskinstance.py:2170} INFO - Starting attempt 4 of 4
[2025-05-19T04:47:56.212+0000] {taskinstance.py:2191} INFO - Executing <Task(PostgresOperator): create_staging_products> on 2025-03-01 00:00:00+00:00
[2025-05-19T04:47:56.219+0000] {standard_task_runner.py:60} INFO - Started process 3774 to run task
[2025-05-19T04:47:56.227+0000] {standard_task_runner.py:87} INFO - Running: ['airflow', 'tasks', 'run', 'raw_to_staging_dag', 'create_staging_products', 'scheduled__2025-03-01T00:00:00+00:00', '--job-id', '1262', '--raw', '--subdir', 'DAGS_FOLDER/raw_to_staging_dag.py', '--cfg-path', '/tmp/tmpdbd7zag3']
[2025-05-19T04:47:56.236+0000] {standard_task_runner.py:88} INFO - Job 1262: Subtask create_staging_products
[2025-05-19T04:47:56.279+0000] {task_command.py:423} INFO - Running <TaskInstance: raw_to_staging_dag.create_staging_products scheduled__2025-03-01T00:00:00+00:00 [running]> on host 98044bf8a4b3
[2025-05-19T04:47:56.449+0000] {taskinstance.py:2480} INFO - Exporting env vars: AIRFLOW_CTX_DAG_OWNER='simran' AIRFLOW_CTX_DAG_ID='raw_to_staging_dag' AIRFLOW_CTX_TASK_ID='create_staging_products' AIRFLOW_CTX_EXECUTION_DATE='2025-03-01T00:00:00+00:00' AIRFLOW_CTX_TRY_NUMBER='4' AIRFLOW_CTX_DAG_RUN_ID='scheduled__2025-03-01T00:00:00+00:00'
[2025-05-19T04:47:56.453+0000] {sql.py:276} INFO - Executing: CREATE TABLE IF NOT EXISTS staging.products AS
SELECT * FROM raw.product WHERE 1=0;
[2025-05-19T04:47:56.486+0000] {base.py:83} INFO - Using connection ID 'airflow_db' for task execution.
[2025-05-19T04:47:56.517+0000] {base.py:83} INFO - Using connection ID 'airflow_db' for task execution.
[2025-05-19T04:47:56.551+0000] {taskinstance.py:2698} ERROR - Task failed with exception
Traceback (most recent call last):
  File "/home/airflow/.local/lib/python3.9/site-packages/airflow/models/taskinstance.py", line 433, in _execute_task
    result = execute_callable(context=context, **execute_callable_kwargs)
  File "/home/airflow/.local/lib/python3.9/site-packages/airflow/providers/common/sql/operators/sql.py", line 282, in execute
    output = hook.run(
  File "/home/airflow/.local/lib/python3.9/site-packages/airflow/providers/common/sql/hooks/sql.py", line 391, in run
    with closing(self.get_conn()) as conn:
  File "/home/airflow/.local/lib/python3.9/site-packages/airflow/providers/mysql/hooks/mysql.py", line 195, in get_conn
    return MySQLdb.connect(**conn_config)
  File "/home/airflow/.local/lib/python3.9/site-packages/MySQLdb/__init__.py", line 121, in Connect
    return Connection(*args, **kwargs)
  File "/home/airflow/.local/lib/python3.9/site-packages/MySQLdb/connections.py", line 193, in __init__
    super().__init__(*args, **kwargs2)
MySQLdb.OperationalError: (2005, "Unknown server host 'mysql' (-2)")
[2025-05-19T04:47:56.579+0000] {taskinstance.py:1138} INFO - Marking task as FAILED. dag_id=raw_to_staging_dag, task_id=create_staging_products, execution_date=20250301T000000, start_date=20250519T044756, end_date=20250519T044756
[2025-05-19T04:47:56.612+0000] {standard_task_runner.py:107} ERROR - Failed to execute job 1262 for task create_staging_products ((2005, "Unknown server host 'mysql' (-2)"); 3774)
[2025-05-19T04:47:56.658+0000] {local_task_job_runner.py:234} INFO - Task exited with return code 1
[2025-05-19T04:47:56.770+0000] {taskinstance.py:3280} INFO - 0 downstream tasks scheduled from follow-on schedule check
[2025-05-20T02:25:47.672+0000] {taskinstance.py:1956} INFO - Dependencies all met for dep_context=non-requeueable deps ti=<TaskInstance: raw_to_staging_dag.create_staging_products scheduled__2025-03-01T00:00:00+00:00 [queued]>
[2025-05-20T02:25:47.701+0000] {taskinstance.py:1956} INFO - Dependencies all met for dep_context=requeueable deps ti=<TaskInstance: raw_to_staging_dag.create_staging_products scheduled__2025-03-01T00:00:00+00:00 [queued]>
[2025-05-20T02:25:47.705+0000] {taskinstance.py:2170} INFO - Starting attempt 4 of 4
[2025-05-20T02:25:47.735+0000] {taskinstance.py:2191} INFO - Executing <Task(PostgresOperator): create_staging_products> on 2025-03-01 00:00:00+00:00
[2025-05-20T02:25:47.751+0000] {standard_task_runner.py:60} INFO - Started process 3810 to run task
[2025-05-20T02:25:47.757+0000] {standard_task_runner.py:87} INFO - Running: ['airflow', 'tasks', 'run', 'raw_to_staging_dag', 'create_staging_products', 'scheduled__2025-03-01T00:00:00+00:00', '--job-id', '1253', '--raw', '--subdir', 'DAGS_FOLDER/raw_to_staging_dag.py', '--cfg-path', '/tmp/tmp_6oxes7a']
[2025-05-20T02:25:47.763+0000] {standard_task_runner.py:88} INFO - Job 1253: Subtask create_staging_products
[2025-05-20T02:25:47.851+0000] {task_command.py:423} INFO - Running <TaskInstance: raw_to_staging_dag.create_staging_products scheduled__2025-03-01T00:00:00+00:00 [running]> on host 123cdc80f7f3
[2025-05-20T02:25:47.948+0000] {taskinstance.py:2480} INFO - Exporting env vars: AIRFLOW_CTX_DAG_OWNER='simran' AIRFLOW_CTX_DAG_ID='raw_to_staging_dag' AIRFLOW_CTX_TASK_ID='create_staging_products' AIRFLOW_CTX_EXECUTION_DATE='2025-03-01T00:00:00+00:00' AIRFLOW_CTX_TRY_NUMBER='4' AIRFLOW_CTX_DAG_RUN_ID='scheduled__2025-03-01T00:00:00+00:00'
[2025-05-20T02:25:47.956+0000] {sql.py:276} INFO - Executing: CREATE TABLE IF NOT EXISTS staging.products AS
SELECT * FROM raw.product WHERE 1=0;
[2025-05-20T02:25:47.975+0000] {base.py:83} INFO - Using connection ID 'airflow_db' for task execution.
[2025-05-20T02:25:47.991+0000] {base.py:83} INFO - Using connection ID 'airflow_db' for task execution.
[2025-05-20T02:25:48.007+0000] {sql.py:450} INFO - Running statement: CREATE TABLE IF NOT EXISTS staging.products AS
SELECT * FROM raw.product WHERE 1=0;, parameters: None
[2025-05-20T02:25:48.021+0000] {taskinstance.py:2698} ERROR - Task failed with exception
Traceback (most recent call last):
  File "/home/airflow/.local/lib/python3.9/site-packages/airflow/models/taskinstance.py", line 433, in _execute_task
    result = execute_callable(context=context, **execute_callable_kwargs)
  File "/home/airflow/.local/lib/python3.9/site-packages/airflow/providers/common/sql/operators/sql.py", line 282, in execute
    output = hook.run(
  File "/home/airflow/.local/lib/python3.9/site-packages/airflow/providers/common/sql/hooks/sql.py", line 398, in run
    self._run_command(cur, sql_statement, parameters)
  File "/home/airflow/.local/lib/python3.9/site-packages/airflow/providers/common/sql/hooks/sql.py", line 455, in _run_command
    cur.execute(sql_statement)
psycopg2.errors.UndefinedTable: relation "raw.product" does not exist
LINE 2: SELECT * FROM raw.product WHERE 1=0;
                      ^

[2025-05-20T02:25:48.034+0000] {taskinstance.py:1138} INFO - Marking task as FAILED. dag_id=raw_to_staging_dag, task_id=create_staging_products, execution_date=20250301T000000, start_date=20250520T022547, end_date=20250520T022548
[2025-05-20T02:25:48.047+0000] {standard_task_runner.py:107} ERROR - Failed to execute job 1253 for task create_staging_products (relation "raw.product" does not exist
LINE 2: SELECT * FROM raw.product WHERE 1=0;
                      ^
; 3810)
[2025-05-20T02:25:48.066+0000] {local_task_job_runner.py:234} INFO - Task exited with return code 1
[2025-05-20T02:25:48.097+0000] {taskinstance.py:3280} INFO - 0 downstream tasks scheduled from follow-on schedule check
