[2025-05-11T07:19:37.557+0000] {taskinstance.py:1956} INFO - Dependencies all met for dep_context=non-requeueable deps ti=<TaskInstance: raw_to_staging_dag.create_staging_transactions scheduled__2025-01-28T00:00:00+00:00 [queued]>
[2025-05-11T07:19:37.563+0000] {taskinstance.py:1956} INFO - Dependencies all met for dep_context=requeueable deps ti=<TaskInstance: raw_to_staging_dag.create_staging_transactions scheduled__2025-01-28T00:00:00+00:00 [queued]>
[2025-05-11T07:19:37.568+0000] {taskinstance.py:2170} INFO - Starting attempt 2 of 4
[2025-05-11T07:19:37.669+0000] {taskinstance.py:2191} INFO - Executing <Task(PostgresOperator): create_staging_transactions> on 2025-01-28 00:00:00+00:00
[2025-05-11T07:19:37.716+0000] {standard_task_runner.py:60} INFO - Started process 1323 to run task
[2025-05-11T07:19:37.756+0000] {standard_task_runner.py:87} INFO - Running: ['airflow', 'tasks', 'run', 'raw_to_staging_dag', 'create_staging_transactions', 'scheduled__2025-01-28T00:00:00+00:00', '--job-id', '451', '--raw', '--subdir', 'DAGS_FOLDER/raw_to_staging_dag.py', '--cfg-path', '/tmp/tmpfwv2q_sj']
[2025-05-11T07:19:37.765+0000] {standard_task_runner.py:88} INFO - Job 451: Subtask create_staging_transactions
[2025-05-11T07:19:37.891+0000] {task_command.py:423} INFO - Running <TaskInstance: raw_to_staging_dag.create_staging_transactions scheduled__2025-01-28T00:00:00+00:00 [running]> on host 03858235192c
[2025-05-11T07:19:38.076+0000] {taskinstance.py:2480} INFO - Exporting env vars: AIRFLOW_CTX_DAG_OWNER='simran' AIRFLOW_CTX_DAG_ID='raw_to_staging_dag' AIRFLOW_CTX_TASK_ID='create_staging_transactions' AIRFLOW_CTX_EXECUTION_DATE='2025-01-28T00:00:00+00:00' AIRFLOW_CTX_TRY_NUMBER='2' AIRFLOW_CTX_DAG_RUN_ID='scheduled__2025-01-28T00:00:00+00:00'
[2025-05-11T07:19:38.078+0000] {sql.py:276} INFO - Executing: CREATE TABLE IF NOT EXISTS staging.transactions AS
SELECT * FROM raw.transactions WHERE 1=0;
[2025-05-11T07:19:38.102+0000] {taskinstance.py:2698} ERROR - Task failed with exception
Traceback (most recent call last):
  File "/home/airflow/.local/lib/python3.8/site-packages/airflow/models/taskinstance.py", line 433, in _execute_task
    result = execute_callable(context=context, **execute_callable_kwargs)
  File "/home/airflow/.local/lib/python3.8/site-packages/airflow/providers/common/sql/operators/sql.py", line 277, in execute
    hook = self.get_db_hook()
  File "/home/airflow/.local/lib/python3.8/site-packages/airflow/providers/common/sql/operators/sql.py", line 188, in get_db_hook
    return self._hook
  File "/usr/local/lib/python3.8/functools.py", line 967, in __get__
    val = self.func(instance)
  File "/home/airflow/.local/lib/python3.8/site-packages/airflow/providers/common/sql/operators/sql.py", line 150, in _hook
    conn = BaseHook.get_connection(conn_id)
  File "/home/airflow/.local/lib/python3.8/site-packages/airflow/hooks/base.py", line 82, in get_connection
    conn = Connection.get_connection_from_secrets(conn_id)
  File "/home/airflow/.local/lib/python3.8/site-packages/airflow/models/connection.py", line 479, in get_connection_from_secrets
    raise AirflowNotFoundException(f"The conn_id `{conn_id}` isn't defined")
airflow.exceptions.AirflowNotFoundException: The conn_id `postgres_local` isn't defined
[2025-05-11T07:19:38.118+0000] {taskinstance.py:1138} INFO - Marking task as UP_FOR_RETRY. dag_id=raw_to_staging_dag, task_id=create_staging_transactions, execution_date=20250128T000000, start_date=20250511T071937, end_date=20250511T071938
[2025-05-11T07:19:38.147+0000] {standard_task_runner.py:107} ERROR - Failed to execute job 451 for task create_staging_transactions (The conn_id `postgres_local` isn't defined; 1323)
[2025-05-11T07:19:38.182+0000] {local_task_job_runner.py:234} INFO - Task exited with return code 1
[2025-05-11T07:19:38.303+0000] {taskinstance.py:3280} INFO - 0 downstream tasks scheduled from follow-on schedule check
[2025-05-19T04:02:27.605+0000] {taskinstance.py:1956} INFO - Dependencies all met for dep_context=non-requeueable deps ti=<TaskInstance: raw_to_staging_dag.create_staging_transactions scheduled__2025-01-28T00:00:00+00:00 [queued]>
[2025-05-19T04:02:27.625+0000] {taskinstance.py:1956} INFO - Dependencies all met for dep_context=requeueable deps ti=<TaskInstance: raw_to_staging_dag.create_staging_transactions scheduled__2025-01-28T00:00:00+00:00 [queued]>
[2025-05-19T04:02:27.627+0000] {taskinstance.py:2170} INFO - Starting attempt 2 of 4
[2025-05-19T04:02:27.655+0000] {taskinstance.py:2191} INFO - Executing <Task(PostgresOperator): create_staging_transactions> on 2025-01-28 00:00:00+00:00
[2025-05-19T04:02:27.666+0000] {standard_task_runner.py:60} INFO - Started process 1373 to run task
[2025-05-19T04:02:27.673+0000] {standard_task_runner.py:87} INFO - Running: ['airflow', 'tasks', 'run', 'raw_to_staging_dag', 'create_staging_transactions', 'scheduled__2025-01-28T00:00:00+00:00', '--job-id', '445', '--raw', '--subdir', 'DAGS_FOLDER/raw_to_staging_dag.py', '--cfg-path', '/tmp/tmp4t3cuadr']
[2025-05-19T04:02:27.678+0000] {standard_task_runner.py:88} INFO - Job 445: Subtask create_staging_transactions
[2025-05-19T04:02:27.805+0000] {task_command.py:423} INFO - Running <TaskInstance: raw_to_staging_dag.create_staging_transactions scheduled__2025-01-28T00:00:00+00:00 [running]> on host 98044bf8a4b3
[2025-05-19T04:02:28.001+0000] {taskinstance.py:2480} INFO - Exporting env vars: AIRFLOW_CTX_DAG_OWNER='simran' AIRFLOW_CTX_DAG_ID='raw_to_staging_dag' AIRFLOW_CTX_TASK_ID='create_staging_transactions' AIRFLOW_CTX_EXECUTION_DATE='2025-01-28T00:00:00+00:00' AIRFLOW_CTX_TRY_NUMBER='2' AIRFLOW_CTX_DAG_RUN_ID='scheduled__2025-01-28T00:00:00+00:00'
[2025-05-19T04:02:28.002+0000] {sql.py:276} INFO - Executing: CREATE TABLE IF NOT EXISTS staging.transactions AS
SELECT * FROM raw.transactions WHERE 1=0;
[2025-05-19T04:02:28.013+0000] {base.py:83} INFO - Using connection ID 'airflow_db' for task execution.
[2025-05-19T04:02:28.048+0000] {base.py:83} INFO - Using connection ID 'airflow_db' for task execution.
[2025-05-19T04:02:28.088+0000] {taskinstance.py:2698} ERROR - Task failed with exception
Traceback (most recent call last):
  File "/home/airflow/.local/lib/python3.9/site-packages/airflow/models/taskinstance.py", line 433, in _execute_task
    result = execute_callable(context=context, **execute_callable_kwargs)
  File "/home/airflow/.local/lib/python3.9/site-packages/airflow/providers/common/sql/operators/sql.py", line 282, in execute
    output = hook.run(
  File "/home/airflow/.local/lib/python3.9/site-packages/airflow/providers/common/sql/hooks/sql.py", line 391, in run
    with closing(self.get_conn()) as conn:
  File "/home/airflow/.local/lib/python3.9/site-packages/airflow/providers/mysql/hooks/mysql.py", line 195, in get_conn
    return MySQLdb.connect(**conn_config)
  File "/home/airflow/.local/lib/python3.9/site-packages/MySQLdb/__init__.py", line 121, in Connect
    return Connection(*args, **kwargs)
  File "/home/airflow/.local/lib/python3.9/site-packages/MySQLdb/connections.py", line 193, in __init__
    super().__init__(*args, **kwargs2)
MySQLdb.OperationalError: (2005, "Unknown server host 'mysql' (-2)")
[2025-05-19T04:02:28.100+0000] {taskinstance.py:1138} INFO - Marking task as UP_FOR_RETRY. dag_id=raw_to_staging_dag, task_id=create_staging_transactions, execution_date=20250128T000000, start_date=20250519T040227, end_date=20250519T040228
[2025-05-19T04:02:28.118+0000] {standard_task_runner.py:107} ERROR - Failed to execute job 445 for task create_staging_transactions ((2005, "Unknown server host 'mysql' (-2)"); 1373)
[2025-05-19T04:02:28.167+0000] {local_task_job_runner.py:234} INFO - Task exited with return code 1
[2025-05-19T04:02:28.235+0000] {taskinstance.py:3280} INFO - 0 downstream tasks scheduled from follow-on schedule check
[2025-05-20T01:44:50.658+0000] {taskinstance.py:1956} INFO - Dependencies all met for dep_context=non-requeueable deps ti=<TaskInstance: raw_to_staging_dag.create_staging_transactions scheduled__2025-01-28T00:00:00+00:00 [queued]>
[2025-05-20T01:44:50.664+0000] {taskinstance.py:1956} INFO - Dependencies all met for dep_context=requeueable deps ti=<TaskInstance: raw_to_staging_dag.create_staging_transactions scheduled__2025-01-28T00:00:00+00:00 [queued]>
[2025-05-20T01:44:50.664+0000] {taskinstance.py:2170} INFO - Starting attempt 2 of 4
[2025-05-20T01:44:50.775+0000] {taskinstance.py:2191} INFO - Executing <Task(PostgresOperator): create_staging_transactions> on 2025-01-28 00:00:00+00:00
[2025-05-20T01:44:50.782+0000] {standard_task_runner.py:60} INFO - Started process 1403 to run task
[2025-05-20T01:44:50.792+0000] {standard_task_runner.py:87} INFO - Running: ['airflow', 'tasks', 'run', 'raw_to_staging_dag', 'create_staging_transactions', 'scheduled__2025-01-28T00:00:00+00:00', '--job-id', '455', '--raw', '--subdir', 'DAGS_FOLDER/raw_to_staging_dag.py', '--cfg-path', '/tmp/tmp2tcib5h2']
[2025-05-20T01:44:50.801+0000] {standard_task_runner.py:88} INFO - Job 455: Subtask create_staging_transactions
[2025-05-20T01:44:50.858+0000] {task_command.py:423} INFO - Running <TaskInstance: raw_to_staging_dag.create_staging_transactions scheduled__2025-01-28T00:00:00+00:00 [running]> on host 123cdc80f7f3
[2025-05-20T01:44:50.935+0000] {taskinstance.py:2480} INFO - Exporting env vars: AIRFLOW_CTX_DAG_OWNER='simran' AIRFLOW_CTX_DAG_ID='raw_to_staging_dag' AIRFLOW_CTX_TASK_ID='create_staging_transactions' AIRFLOW_CTX_EXECUTION_DATE='2025-01-28T00:00:00+00:00' AIRFLOW_CTX_TRY_NUMBER='2' AIRFLOW_CTX_DAG_RUN_ID='scheduled__2025-01-28T00:00:00+00:00'
[2025-05-20T01:44:50.938+0000] {sql.py:276} INFO - Executing: CREATE TABLE IF NOT EXISTS staging.transactions AS
SELECT * FROM raw.transactions WHERE 1=0;
[2025-05-20T01:44:50.968+0000] {base.py:83} INFO - Using connection ID 'airflow_db' for task execution.
[2025-05-20T01:44:50.979+0000] {base.py:83} INFO - Using connection ID 'airflow_db' for task execution.
[2025-05-20T01:44:51.005+0000] {sql.py:450} INFO - Running statement: CREATE TABLE IF NOT EXISTS staging.transactions AS
SELECT * FROM raw.transactions WHERE 1=0;, parameters: None
[2025-05-20T01:44:51.011+0000] {taskinstance.py:2698} ERROR - Task failed with exception
Traceback (most recent call last):
  File "/home/airflow/.local/lib/python3.9/site-packages/airflow/models/taskinstance.py", line 433, in _execute_task
    result = execute_callable(context=context, **execute_callable_kwargs)
  File "/home/airflow/.local/lib/python3.9/site-packages/airflow/providers/common/sql/operators/sql.py", line 282, in execute
    output = hook.run(
  File "/home/airflow/.local/lib/python3.9/site-packages/airflow/providers/common/sql/hooks/sql.py", line 398, in run
    self._run_command(cur, sql_statement, parameters)
  File "/home/airflow/.local/lib/python3.9/site-packages/airflow/providers/common/sql/hooks/sql.py", line 455, in _run_command
    cur.execute(sql_statement)
psycopg2.errors.UndefinedTable: relation "raw.transactions" does not exist
LINE 2: SELECT * FROM raw.transactions WHERE 1=0;
                      ^

[2025-05-20T01:44:51.031+0000] {taskinstance.py:1138} INFO - Marking task as UP_FOR_RETRY. dag_id=raw_to_staging_dag, task_id=create_staging_transactions, execution_date=20250128T000000, start_date=20250520T014450, end_date=20250520T014451
[2025-05-20T01:44:51.051+0000] {standard_task_runner.py:107} ERROR - Failed to execute job 455 for task create_staging_transactions (relation "raw.transactions" does not exist
LINE 2: SELECT * FROM raw.transactions WHERE 1=0;
                      ^
; 1403)
[2025-05-20T01:44:51.069+0000] {local_task_job_runner.py:234} INFO - Task exited with return code 1
[2025-05-20T01:44:51.086+0000] {taskinstance.py:3280} INFO - 0 downstream tasks scheduled from follow-on schedule check
[2025-05-20T14:07:31.507+0000] {taskinstance.py:1956} INFO - Dependencies all met for dep_context=non-requeueable deps ti=<TaskInstance: raw_to_staging_dag.create_staging_transactions scheduled__2025-01-28T00:00:00+00:00 [queued]>
[2025-05-20T14:07:31.513+0000] {taskinstance.py:1956} INFO - Dependencies all met for dep_context=requeueable deps ti=<TaskInstance: raw_to_staging_dag.create_staging_transactions scheduled__2025-01-28T00:00:00+00:00 [queued]>
[2025-05-20T14:07:31.514+0000] {taskinstance.py:2170} INFO - Starting attempt 2 of 4
[2025-05-20T14:07:31.527+0000] {taskinstance.py:2191} INFO - Executing <Task(PostgresOperator): create_staging_transactions> on 2025-01-28 00:00:00+00:00
[2025-05-20T14:07:31.532+0000] {standard_task_runner.py:60} INFO - Started process 15319 to run task
[2025-05-20T14:07:31.536+0000] {standard_task_runner.py:87} INFO - Running: ['airflow', 'tasks', 'run', 'raw_to_staging_dag', 'create_staging_transactions', 'scheduled__2025-01-28T00:00:00+00:00', '--job-id', '3261', '--raw', '--subdir', 'DAGS_FOLDER/raw_to_staging_dag.py', '--cfg-path', '/tmp/tmpzqt4gtua']
[2025-05-20T14:07:31.538+0000] {standard_task_runner.py:88} INFO - Job 3261: Subtask create_staging_transactions
[2025-05-20T14:07:31.606+0000] {task_command.py:423} INFO - Running <TaskInstance: raw_to_staging_dag.create_staging_transactions scheduled__2025-01-28T00:00:00+00:00 [running]> on host 123cdc80f7f3
[2025-05-20T14:07:31.847+0000] {taskinstance.py:2480} INFO - Exporting env vars: AIRFLOW_CTX_DAG_OWNER='simran' AIRFLOW_CTX_DAG_ID='raw_to_staging_dag' AIRFLOW_CTX_TASK_ID='create_staging_transactions' AIRFLOW_CTX_EXECUTION_DATE='2025-01-28T00:00:00+00:00' AIRFLOW_CTX_TRY_NUMBER='2' AIRFLOW_CTX_DAG_RUN_ID='scheduled__2025-01-28T00:00:00+00:00'
[2025-05-20T14:07:31.855+0000] {sql.py:276} INFO - Executing: CREATE TABLE IF NOT EXISTS staging.transactions AS
SELECT * FROM raw.transactions WHERE 1=0;
[2025-05-20T14:07:31.918+0000] {base.py:83} INFO - Using connection ID 'airflow_db' for task execution.
[2025-05-20T14:07:31.944+0000] {base.py:83} INFO - Using connection ID 'airflow_db' for task execution.
[2025-05-20T14:07:31.976+0000] {sql.py:450} INFO - Running statement: CREATE TABLE IF NOT EXISTS staging.transactions AS
SELECT * FROM raw.transactions WHERE 1=0;, parameters: None
[2025-05-20T14:07:31.989+0000] {taskinstance.py:2698} ERROR - Task failed with exception
Traceback (most recent call last):
  File "/home/airflow/.local/lib/python3.9/site-packages/airflow/models/taskinstance.py", line 433, in _execute_task
    result = execute_callable(context=context, **execute_callable_kwargs)
  File "/home/airflow/.local/lib/python3.9/site-packages/airflow/providers/common/sql/operators/sql.py", line 282, in execute
    output = hook.run(
  File "/home/airflow/.local/lib/python3.9/site-packages/airflow/providers/common/sql/hooks/sql.py", line 398, in run
    self._run_command(cur, sql_statement, parameters)
  File "/home/airflow/.local/lib/python3.9/site-packages/airflow/providers/common/sql/hooks/sql.py", line 455, in _run_command
    cur.execute(sql_statement)
psycopg2.errors.UndefinedTable: relation "raw.transactions" does not exist
LINE 2: SELECT * FROM raw.transactions WHERE 1=0;
                      ^

[2025-05-20T14:07:32.003+0000] {taskinstance.py:1138} INFO - Marking task as UP_FOR_RETRY. dag_id=raw_to_staging_dag, task_id=create_staging_transactions, execution_date=20250128T000000, start_date=20250520T140731, end_date=20250520T140732
[2025-05-20T14:07:32.031+0000] {standard_task_runner.py:107} ERROR - Failed to execute job 3261 for task create_staging_transactions (relation "raw.transactions" does not exist
LINE 2: SELECT * FROM raw.transactions WHERE 1=0;
                      ^
; 15319)
[2025-05-20T14:07:32.104+0000] {local_task_job_runner.py:234} INFO - Task exited with return code 1
[2025-05-20T14:07:32.169+0000] {taskinstance.py:3280} INFO - 0 downstream tasks scheduled from follow-on schedule check
