[2025-05-11T07:32:54.308+0000] {taskinstance.py:1956} INFO - Dependencies all met for dep_context=non-requeueable deps ti=<TaskInstance: raw_to_staging_dag.create_staging_transactions scheduled__2025-01-28T00:00:00+00:00 [queued]>
[2025-05-11T07:32:54.332+0000] {taskinstance.py:1956} INFO - Dependencies all met for dep_context=requeueable deps ti=<TaskInstance: raw_to_staging_dag.create_staging_transactions scheduled__2025-01-28T00:00:00+00:00 [queued]>
[2025-05-11T07:32:54.332+0000] {taskinstance.py:2170} INFO - Starting attempt 3 of 4
[2025-05-11T07:32:54.457+0000] {taskinstance.py:2191} INFO - Executing <Task(PostgresOperator): create_staging_transactions> on 2025-01-28 00:00:00+00:00
[2025-05-11T07:32:54.464+0000] {standard_task_runner.py:60} INFO - Started process 1489 to run task
[2025-05-11T07:32:54.478+0000] {standard_task_runner.py:87} INFO - Running: ['airflow', 'tasks', 'run', 'raw_to_staging_dag', 'create_staging_transactions', 'scheduled__2025-01-28T00:00:00+00:00', '--job-id', '535', '--raw', '--subdir', 'DAGS_FOLDER/raw_to_staging_dag.py', '--cfg-path', '/tmp/tmpj00kedvi']
[2025-05-11T07:32:54.481+0000] {standard_task_runner.py:88} INFO - Job 535: Subtask create_staging_transactions
[2025-05-11T07:32:54.569+0000] {task_command.py:423} INFO - Running <TaskInstance: raw_to_staging_dag.create_staging_transactions scheduled__2025-01-28T00:00:00+00:00 [running]> on host 03858235192c
[2025-05-11T07:32:54.710+0000] {taskinstance.py:2480} INFO - Exporting env vars: AIRFLOW_CTX_DAG_OWNER='simran' AIRFLOW_CTX_DAG_ID='raw_to_staging_dag' AIRFLOW_CTX_TASK_ID='create_staging_transactions' AIRFLOW_CTX_EXECUTION_DATE='2025-01-28T00:00:00+00:00' AIRFLOW_CTX_TRY_NUMBER='3' AIRFLOW_CTX_DAG_RUN_ID='scheduled__2025-01-28T00:00:00+00:00'
[2025-05-11T07:32:54.718+0000] {sql.py:276} INFO - Executing: CREATE TABLE IF NOT EXISTS staging.transactions AS
SELECT * FROM raw.transactions WHERE 1=0;
[2025-05-11T07:32:54.888+0000] {taskinstance.py:2698} ERROR - Task failed with exception
Traceback (most recent call last):
  File "/home/airflow/.local/lib/python3.8/site-packages/airflow/models/taskinstance.py", line 433, in _execute_task
    result = execute_callable(context=context, **execute_callable_kwargs)
  File "/home/airflow/.local/lib/python3.8/site-packages/airflow/providers/common/sql/operators/sql.py", line 277, in execute
    hook = self.get_db_hook()
  File "/home/airflow/.local/lib/python3.8/site-packages/airflow/providers/common/sql/operators/sql.py", line 188, in get_db_hook
    return self._hook
  File "/usr/local/lib/python3.8/functools.py", line 967, in __get__
    val = self.func(instance)
  File "/home/airflow/.local/lib/python3.8/site-packages/airflow/providers/common/sql/operators/sql.py", line 150, in _hook
    conn = BaseHook.get_connection(conn_id)
  File "/home/airflow/.local/lib/python3.8/site-packages/airflow/hooks/base.py", line 82, in get_connection
    conn = Connection.get_connection_from_secrets(conn_id)
  File "/home/airflow/.local/lib/python3.8/site-packages/airflow/models/connection.py", line 479, in get_connection_from_secrets
    raise AirflowNotFoundException(f"The conn_id `{conn_id}` isn't defined")
airflow.exceptions.AirflowNotFoundException: The conn_id `postgres_local` isn't defined
[2025-05-11T07:32:54.900+0000] {taskinstance.py:1138} INFO - Marking task as UP_FOR_RETRY. dag_id=raw_to_staging_dag, task_id=create_staging_transactions, execution_date=20250128T000000, start_date=20250511T073254, end_date=20250511T073254
[2025-05-11T07:32:55.367+0000] {standard_task_runner.py:107} ERROR - Failed to execute job 535 for task create_staging_transactions (The conn_id `postgres_local` isn't defined; 1489)
[2025-05-11T07:32:55.477+0000] {local_task_job_runner.py:234} INFO - Task exited with return code 1
[2025-05-11T07:32:55.717+0000] {taskinstance.py:3280} INFO - 0 downstream tasks scheduled from follow-on schedule check
[2025-05-19T04:07:28.948+0000] {taskinstance.py:1956} INFO - Dependencies all met for dep_context=non-requeueable deps ti=<TaskInstance: raw_to_staging_dag.create_staging_transactions scheduled__2025-01-28T00:00:00+00:00 [queued]>
[2025-05-19T04:07:28.969+0000] {taskinstance.py:1956} INFO - Dependencies all met for dep_context=requeueable deps ti=<TaskInstance: raw_to_staging_dag.create_staging_transactions scheduled__2025-01-28T00:00:00+00:00 [queued]>
[2025-05-19T04:07:28.970+0000] {taskinstance.py:2170} INFO - Starting attempt 3 of 4
[2025-05-19T04:07:29.028+0000] {taskinstance.py:2191} INFO - Executing <Task(PostgresOperator): create_staging_transactions> on 2025-01-28 00:00:00+00:00
[2025-05-19T04:07:29.040+0000] {standard_task_runner.py:60} INFO - Started process 1635 to run task
[2025-05-19T04:07:29.057+0000] {standard_task_runner.py:87} INFO - Running: ['airflow', 'tasks', 'run', 'raw_to_staging_dag', 'create_staging_transactions', 'scheduled__2025-01-28T00:00:00+00:00', '--job-id', '533', '--raw', '--subdir', 'DAGS_FOLDER/raw_to_staging_dag.py', '--cfg-path', '/tmp/tmpun03obkw']
[2025-05-19T04:07:29.065+0000] {standard_task_runner.py:88} INFO - Job 533: Subtask create_staging_transactions
[2025-05-19T04:07:29.193+0000] {task_command.py:423} INFO - Running <TaskInstance: raw_to_staging_dag.create_staging_transactions scheduled__2025-01-28T00:00:00+00:00 [running]> on host 98044bf8a4b3
[2025-05-19T04:07:29.437+0000] {taskinstance.py:2480} INFO - Exporting env vars: AIRFLOW_CTX_DAG_OWNER='simran' AIRFLOW_CTX_DAG_ID='raw_to_staging_dag' AIRFLOW_CTX_TASK_ID='create_staging_transactions' AIRFLOW_CTX_EXECUTION_DATE='2025-01-28T00:00:00+00:00' AIRFLOW_CTX_TRY_NUMBER='3' AIRFLOW_CTX_DAG_RUN_ID='scheduled__2025-01-28T00:00:00+00:00'
[2025-05-19T04:07:29.437+0000] {sql.py:276} INFO - Executing: CREATE TABLE IF NOT EXISTS staging.transactions AS
SELECT * FROM raw.transactions WHERE 1=0;
[2025-05-19T04:07:29.474+0000] {base.py:83} INFO - Using connection ID 'airflow_db' for task execution.
[2025-05-19T04:07:29.565+0000] {base.py:83} INFO - Using connection ID 'airflow_db' for task execution.
[2025-05-19T04:07:29.583+0000] {taskinstance.py:2698} ERROR - Task failed with exception
Traceback (most recent call last):
  File "/home/airflow/.local/lib/python3.9/site-packages/airflow/models/taskinstance.py", line 433, in _execute_task
    result = execute_callable(context=context, **execute_callable_kwargs)
  File "/home/airflow/.local/lib/python3.9/site-packages/airflow/providers/common/sql/operators/sql.py", line 282, in execute
    output = hook.run(
  File "/home/airflow/.local/lib/python3.9/site-packages/airflow/providers/common/sql/hooks/sql.py", line 391, in run
    with closing(self.get_conn()) as conn:
  File "/home/airflow/.local/lib/python3.9/site-packages/airflow/providers/mysql/hooks/mysql.py", line 195, in get_conn
    return MySQLdb.connect(**conn_config)
  File "/home/airflow/.local/lib/python3.9/site-packages/MySQLdb/__init__.py", line 121, in Connect
    return Connection(*args, **kwargs)
  File "/home/airflow/.local/lib/python3.9/site-packages/MySQLdb/connections.py", line 193, in __init__
    super().__init__(*args, **kwargs2)
MySQLdb.OperationalError: (2005, "Unknown server host 'mysql' (-2)")
[2025-05-19T04:07:29.603+0000] {taskinstance.py:1138} INFO - Marking task as UP_FOR_RETRY. dag_id=raw_to_staging_dag, task_id=create_staging_transactions, execution_date=20250128T000000, start_date=20250519T040728, end_date=20250519T040729
[2025-05-19T04:07:29.627+0000] {standard_task_runner.py:107} ERROR - Failed to execute job 533 for task create_staging_transactions ((2005, "Unknown server host 'mysql' (-2)"); 1635)
[2025-05-19T04:07:29.650+0000] {local_task_job_runner.py:234} INFO - Task exited with return code 1
[2025-05-19T04:07:29.757+0000] {taskinstance.py:3280} INFO - 0 downstream tasks scheduled from follow-on schedule check
[2025-05-20T01:49:51.311+0000] {taskinstance.py:1956} INFO - Dependencies all met for dep_context=non-requeueable deps ti=<TaskInstance: raw_to_staging_dag.create_staging_transactions scheduled__2025-01-28T00:00:00+00:00 [queued]>
[2025-05-20T01:49:51.327+0000] {taskinstance.py:1956} INFO - Dependencies all met for dep_context=requeueable deps ti=<TaskInstance: raw_to_staging_dag.create_staging_transactions scheduled__2025-01-28T00:00:00+00:00 [queued]>
[2025-05-20T01:49:51.330+0000] {taskinstance.py:2170} INFO - Starting attempt 3 of 4
[2025-05-20T01:49:51.402+0000] {taskinstance.py:2191} INFO - Executing <Task(PostgresOperator): create_staging_transactions> on 2025-01-28 00:00:00+00:00
[2025-05-20T01:49:51.405+0000] {standard_task_runner.py:60} INFO - Started process 1660 to run task
[2025-05-20T01:49:51.409+0000] {standard_task_runner.py:87} INFO - Running: ['airflow', 'tasks', 'run', 'raw_to_staging_dag', 'create_staging_transactions', 'scheduled__2025-01-28T00:00:00+00:00', '--job-id', '534', '--raw', '--subdir', 'DAGS_FOLDER/raw_to_staging_dag.py', '--cfg-path', '/tmp/tmpr83yxcvc']
[2025-05-20T01:49:51.411+0000] {standard_task_runner.py:88} INFO - Job 534: Subtask create_staging_transactions
[2025-05-20T01:49:51.457+0000] {task_command.py:423} INFO - Running <TaskInstance: raw_to_staging_dag.create_staging_transactions scheduled__2025-01-28T00:00:00+00:00 [running]> on host 123cdc80f7f3
[2025-05-20T01:49:51.552+0000] {taskinstance.py:2480} INFO - Exporting env vars: AIRFLOW_CTX_DAG_OWNER='simran' AIRFLOW_CTX_DAG_ID='raw_to_staging_dag' AIRFLOW_CTX_TASK_ID='create_staging_transactions' AIRFLOW_CTX_EXECUTION_DATE='2025-01-28T00:00:00+00:00' AIRFLOW_CTX_TRY_NUMBER='3' AIRFLOW_CTX_DAG_RUN_ID='scheduled__2025-01-28T00:00:00+00:00'
[2025-05-20T01:49:51.555+0000] {sql.py:276} INFO - Executing: CREATE TABLE IF NOT EXISTS staging.transactions AS
SELECT * FROM raw.transactions WHERE 1=0;
[2025-05-20T01:49:51.582+0000] {base.py:83} INFO - Using connection ID 'airflow_db' for task execution.
[2025-05-20T01:49:51.597+0000] {base.py:83} INFO - Using connection ID 'airflow_db' for task execution.
[2025-05-20T01:49:51.619+0000] {sql.py:450} INFO - Running statement: CREATE TABLE IF NOT EXISTS staging.transactions AS
SELECT * FROM raw.transactions WHERE 1=0;, parameters: None
[2025-05-20T01:49:51.626+0000] {taskinstance.py:2698} ERROR - Task failed with exception
Traceback (most recent call last):
  File "/home/airflow/.local/lib/python3.9/site-packages/airflow/models/taskinstance.py", line 433, in _execute_task
    result = execute_callable(context=context, **execute_callable_kwargs)
  File "/home/airflow/.local/lib/python3.9/site-packages/airflow/providers/common/sql/operators/sql.py", line 282, in execute
    output = hook.run(
  File "/home/airflow/.local/lib/python3.9/site-packages/airflow/providers/common/sql/hooks/sql.py", line 398, in run
    self._run_command(cur, sql_statement, parameters)
  File "/home/airflow/.local/lib/python3.9/site-packages/airflow/providers/common/sql/hooks/sql.py", line 455, in _run_command
    cur.execute(sql_statement)
psycopg2.errors.UndefinedTable: relation "raw.transactions" does not exist
LINE 2: SELECT * FROM raw.transactions WHERE 1=0;
                      ^

[2025-05-20T01:49:51.635+0000] {taskinstance.py:1138} INFO - Marking task as UP_FOR_RETRY. dag_id=raw_to_staging_dag, task_id=create_staging_transactions, execution_date=20250128T000000, start_date=20250520T014951, end_date=20250520T014951
[2025-05-20T01:49:51.649+0000] {standard_task_runner.py:107} ERROR - Failed to execute job 534 for task create_staging_transactions (relation "raw.transactions" does not exist
LINE 2: SELECT * FROM raw.transactions WHERE 1=0;
                      ^
; 1660)
[2025-05-20T01:49:51.675+0000] {local_task_job_runner.py:234} INFO - Task exited with return code 1
[2025-05-20T01:49:51.699+0000] {taskinstance.py:3280} INFO - 0 downstream tasks scheduled from follow-on schedule check
[2025-05-20T14:25:55.522+0000] {taskinstance.py:1956} INFO - Dependencies all met for dep_context=non-requeueable deps ti=<TaskInstance: raw_to_staging_dag.create_staging_transactions scheduled__2025-01-28T00:00:00+00:00 [queued]>
[2025-05-20T14:25:55.550+0000] {taskinstance.py:1956} INFO - Dependencies all met for dep_context=requeueable deps ti=<TaskInstance: raw_to_staging_dag.create_staging_transactions scheduled__2025-01-28T00:00:00+00:00 [queued]>
[2025-05-20T14:25:55.551+0000] {taskinstance.py:2170} INFO - Starting attempt 3 of 4
[2025-05-20T14:25:55.727+0000] {taskinstance.py:2191} INFO - Executing <Task(PostgresOperator): create_staging_transactions> on 2025-01-28 00:00:00+00:00
[2025-05-20T14:25:55.736+0000] {standard_task_runner.py:60} INFO - Started process 15500 to run task
[2025-05-20T14:25:55.740+0000] {standard_task_runner.py:87} INFO - Running: ['airflow', 'tasks', 'run', 'raw_to_staging_dag', 'create_staging_transactions', 'scheduled__2025-01-28T00:00:00+00:00', '--job-id', '3345', '--raw', '--subdir', 'DAGS_FOLDER/raw_to_staging_dag.py', '--cfg-path', '/tmp/tmpgjko8779']
[2025-05-20T14:25:55.749+0000] {standard_task_runner.py:88} INFO - Job 3345: Subtask create_staging_transactions
[2025-05-20T14:25:55.988+0000] {task_command.py:423} INFO - Running <TaskInstance: raw_to_staging_dag.create_staging_transactions scheduled__2025-01-28T00:00:00+00:00 [running]> on host 123cdc80f7f3
[2025-05-20T14:25:56.203+0000] {taskinstance.py:2480} INFO - Exporting env vars: AIRFLOW_CTX_DAG_OWNER='simran' AIRFLOW_CTX_DAG_ID='raw_to_staging_dag' AIRFLOW_CTX_TASK_ID='create_staging_transactions' AIRFLOW_CTX_EXECUTION_DATE='2025-01-28T00:00:00+00:00' AIRFLOW_CTX_TRY_NUMBER='3' AIRFLOW_CTX_DAG_RUN_ID='scheduled__2025-01-28T00:00:00+00:00'
[2025-05-20T14:25:56.205+0000] {sql.py:276} INFO - Executing: CREATE TABLE IF NOT EXISTS staging.transactions AS
SELECT * FROM raw.transactions WHERE 1=0;
[2025-05-20T14:25:56.231+0000] {base.py:83} INFO - Using connection ID 'airflow_db' for task execution.
[2025-05-20T14:25:56.264+0000] {base.py:83} INFO - Using connection ID 'airflow_db' for task execution.
[2025-05-20T14:25:56.296+0000] {sql.py:450} INFO - Running statement: CREATE TABLE IF NOT EXISTS staging.transactions AS
SELECT * FROM raw.transactions WHERE 1=0;, parameters: None
[2025-05-20T14:25:56.311+0000] {taskinstance.py:2698} ERROR - Task failed with exception
Traceback (most recent call last):
  File "/home/airflow/.local/lib/python3.9/site-packages/airflow/models/taskinstance.py", line 433, in _execute_task
    result = execute_callable(context=context, **execute_callable_kwargs)
  File "/home/airflow/.local/lib/python3.9/site-packages/airflow/providers/common/sql/operators/sql.py", line 282, in execute
    output = hook.run(
  File "/home/airflow/.local/lib/python3.9/site-packages/airflow/providers/common/sql/hooks/sql.py", line 398, in run
    self._run_command(cur, sql_statement, parameters)
  File "/home/airflow/.local/lib/python3.9/site-packages/airflow/providers/common/sql/hooks/sql.py", line 455, in _run_command
    cur.execute(sql_statement)
psycopg2.errors.UndefinedTable: relation "raw.transactions" does not exist
LINE 2: SELECT * FROM raw.transactions WHERE 1=0;
                      ^

[2025-05-20T14:25:56.333+0000] {taskinstance.py:1138} INFO - Marking task as UP_FOR_RETRY. dag_id=raw_to_staging_dag, task_id=create_staging_transactions, execution_date=20250128T000000, start_date=20250520T142555, end_date=20250520T142556
[2025-05-20T14:25:56.370+0000] {standard_task_runner.py:107} ERROR - Failed to execute job 3345 for task create_staging_transactions (relation "raw.transactions" does not exist
LINE 2: SELECT * FROM raw.transactions WHERE 1=0;
                      ^
; 15500)
[2025-05-20T14:25:56.414+0000] {local_task_job_runner.py:234} INFO - Task exited with return code 1
[2025-05-20T14:25:56.659+0000] {taskinstance.py:3280} INFO - 0 downstream tasks scheduled from follow-on schedule check
