[2025-05-12T14:29:39.861+0000] {taskinstance.py:1956} INFO - Dependencies all met for dep_context=non-requeueable deps ti=<TaskInstance: raw_to_staging_dag.load_staging_accounts scheduled__2025-02-16T00:00:00+00:00 [queued]>
[2025-05-12T14:29:39.882+0000] {taskinstance.py:1956} INFO - Dependencies all met for dep_context=requeueable deps ti=<TaskInstance: raw_to_staging_dag.load_staging_accounts scheduled__2025-02-16T00:00:00+00:00 [queued]>
[2025-05-12T14:29:39.889+0000] {taskinstance.py:2170} INFO - Starting attempt 1 of 4
[2025-05-12T14:29:39.929+0000] {taskinstance.py:2191} INFO - Executing <Task(PostgresOperator): load_staging_accounts> on 2025-02-16 00:00:00+00:00
[2025-05-12T14:29:39.949+0000] {standard_task_runner.py:60} INFO - Started process 12157 to run task
[2025-05-12T14:29:39.954+0000] {standard_task_runner.py:87} INFO - Running: ['airflow', 'tasks', 'run', 'raw_to_staging_dag', 'load_staging_accounts', 'scheduled__2025-02-16T00:00:00+00:00', '--job-id', '3178', '--raw', '--subdir', 'DAGS_FOLDER/raw_to_staging_dag.py', '--cfg-path', '/tmp/tmplhl9y6dn']
[2025-05-12T14:29:39.969+0000] {standard_task_runner.py:88} INFO - Job 3178: Subtask load_staging_accounts
[2025-05-12T14:29:40.288+0000] {task_command.py:423} INFO - Running <TaskInstance: raw_to_staging_dag.load_staging_accounts scheduled__2025-02-16T00:00:00+00:00 [running]> on host 03858235192c
[2025-05-12T14:29:40.585+0000] {taskinstance.py:2480} INFO - Exporting env vars: AIRFLOW_CTX_DAG_OWNER='simran' AIRFLOW_CTX_DAG_ID='raw_to_staging_dag' AIRFLOW_CTX_TASK_ID='load_staging_accounts' AIRFLOW_CTX_EXECUTION_DATE='2025-02-16T00:00:00+00:00' AIRFLOW_CTX_TRY_NUMBER='1' AIRFLOW_CTX_DAG_RUN_ID='scheduled__2025-02-16T00:00:00+00:00'
[2025-05-12T14:29:40.602+0000] {sql.py:276} INFO - Executing: INSERT INTO staging.accounts
SELECT * FROM raw.account;
[2025-05-12T14:29:40.680+0000] {base.py:83} INFO - Using connection ID 'airflow_db' for task execution.
[2025-05-12T14:29:40.731+0000] {base.py:83} INFO - Using connection ID 'airflow_db' for task execution.
[2025-05-12T14:29:40.772+0000] {sql.py:450} INFO - Running statement: INSERT INTO staging.accounts
SELECT * FROM raw.account;, parameters: None
[2025-05-12T14:29:41.165+0000] {sql.py:459} INFO - Rows affected: 8096
[2025-05-12T14:29:41.298+0000] {taskinstance.py:1138} INFO - Marking task as SUCCESS. dag_id=raw_to_staging_dag, task_id=load_staging_accounts, execution_date=20250216T000000, start_date=20250512T142939, end_date=20250512T142941
[2025-05-12T14:29:41.387+0000] {local_task_job_runner.py:234} INFO - Task exited with return code 0
[2025-05-12T14:29:41.538+0000] {taskinstance.py:3280} INFO - 0 downstream tasks scheduled from follow-on schedule check
[2025-05-22T02:23:12.208+0000] {taskinstance.py:1956} INFO - Dependencies all met for dep_context=non-requeueable deps ti=<TaskInstance: raw_to_staging_dag.load_staging_accounts scheduled__2025-02-16T00:00:00+00:00 [queued]>
[2025-05-22T02:23:12.219+0000] {taskinstance.py:1956} INFO - Dependencies all met for dep_context=requeueable deps ti=<TaskInstance: raw_to_staging_dag.load_staging_accounts scheduled__2025-02-16T00:00:00+00:00 [queued]>
[2025-05-22T02:23:12.219+0000] {taskinstance.py:2170} INFO - Starting attempt 1 of 4
[2025-05-22T02:23:12.302+0000] {taskinstance.py:2191} INFO - Executing <Task(PostgresOperator): load_staging_accounts> on 2025-02-16 00:00:00+00:00
[2025-05-22T02:23:12.316+0000] {standard_task_runner.py:60} INFO - Started process 28420 to run task
[2025-05-22T02:23:12.318+0000] {standard_task_runner.py:87} INFO - Running: ['airflow', 'tasks', 'run', 'raw_to_staging_dag', 'load_staging_accounts', 'scheduled__2025-02-16T00:00:00+00:00', '--job-id', '3838', '--raw', '--subdir', 'DAGS_FOLDER/raw_to_staging_dag.py', '--cfg-path', '/tmp/tmp__yqqont']
[2025-05-22T02:23:12.321+0000] {standard_task_runner.py:88} INFO - Job 3838: Subtask load_staging_accounts
[2025-05-22T02:23:12.424+0000] {task_command.py:423} INFO - Running <TaskInstance: raw_to_staging_dag.load_staging_accounts scheduled__2025-02-16T00:00:00+00:00 [running]> on host 123cdc80f7f3
[2025-05-22T02:23:12.624+0000] {taskinstance.py:2480} INFO - Exporting env vars: AIRFLOW_CTX_DAG_OWNER='simran' AIRFLOW_CTX_DAG_ID='raw_to_staging_dag' AIRFLOW_CTX_TASK_ID='load_staging_accounts' AIRFLOW_CTX_EXECUTION_DATE='2025-02-16T00:00:00+00:00' AIRFLOW_CTX_TRY_NUMBER='1' AIRFLOW_CTX_DAG_RUN_ID='scheduled__2025-02-16T00:00:00+00:00'
[2025-05-22T02:23:12.631+0000] {sql.py:276} INFO - Executing: TRUNCATE TABLE staging.accounts;

INSERT INTO staging.accounts
SELECT * FROM raw.account;
[2025-05-22T02:23:12.675+0000] {base.py:83} INFO - Using connection ID 'airflow_db' for task execution.
[2025-05-22T02:23:12.689+0000] {base.py:83} INFO - Using connection ID 'airflow_db' for task execution.
[2025-05-22T02:23:12.705+0000] {sql.py:450} INFO - Running statement: TRUNCATE TABLE staging.accounts;

INSERT INTO staging.accounts
SELECT * FROM raw.account;, parameters: None
[2025-05-22T02:23:12.715+0000] {sql.py:459} INFO - Rows affected: 0
[2025-05-22T02:23:12.747+0000] {taskinstance.py:1138} INFO - Marking task as SUCCESS. dag_id=raw_to_staging_dag, task_id=load_staging_accounts, execution_date=20250216T000000, start_date=20250522T022312, end_date=20250522T022312
[2025-05-22T02:23:12.808+0000] {local_task_job_runner.py:234} INFO - Task exited with return code 0
[2025-05-22T02:23:12.916+0000] {taskinstance.py:3280} INFO - 0 downstream tasks scheduled from follow-on schedule check
