[2025-05-11T13:49:00.069+0000] {taskinstance.py:1956} INFO - Dependencies all met for dep_context=non-requeueable deps ti=<TaskInstance: raw_to_staging_dag.create_staging_customers scheduled__2025-04-10T00:00:00+00:00 [queued]>
[2025-05-11T13:49:00.073+0000] {taskinstance.py:1956} INFO - Dependencies all met for dep_context=requeueable deps ti=<TaskInstance: raw_to_staging_dag.create_staging_customers scheduled__2025-04-10T00:00:00+00:00 [queued]>
[2025-05-11T13:49:00.073+0000] {taskinstance.py:2170} INFO - Starting attempt 1 of 4
[2025-05-11T13:49:00.078+0000] {taskinstance.py:2191} INFO - Executing <Task(PostgresOperator): create_staging_customers> on 2025-04-10 00:00:00+00:00
[2025-05-11T13:49:00.080+0000] {standard_task_runner.py:60} INFO - Started process 4560 to run task
[2025-05-11T13:49:00.082+0000] {standard_task_runner.py:87} INFO - Running: ['airflow', 'tasks', 'run', 'raw_to_staging_dag', 'create_staging_customers', 'scheduled__2025-04-10T00:00:00+00:00', '--job-id', '1963', '--raw', '--subdir', 'DAGS_FOLDER/raw_to_staging_dag.py', '--cfg-path', '/tmp/tmpdhposwi5']
[2025-05-11T13:49:00.083+0000] {standard_task_runner.py:88} INFO - Job 1963: Subtask create_staging_customers
[2025-05-11T13:49:00.101+0000] {task_command.py:423} INFO - Running <TaskInstance: raw_to_staging_dag.create_staging_customers scheduled__2025-04-10T00:00:00+00:00 [running]> on host 03858235192c
[2025-05-11T13:49:00.128+0000] {taskinstance.py:2480} INFO - Exporting env vars: AIRFLOW_CTX_DAG_OWNER='simran' AIRFLOW_CTX_DAG_ID='raw_to_staging_dag' AIRFLOW_CTX_TASK_ID='create_staging_customers' AIRFLOW_CTX_EXECUTION_DATE='2025-04-10T00:00:00+00:00' AIRFLOW_CTX_TRY_NUMBER='1' AIRFLOW_CTX_DAG_RUN_ID='scheduled__2025-04-10T00:00:00+00:00'
[2025-05-11T13:49:00.129+0000] {sql.py:276} INFO - Executing: CREATE TABLE IF NOT EXISTS staging.customers AS
SELECT * FROM raw.customers WHERE 1=0;
[2025-05-11T13:49:00.134+0000] {base.py:83} INFO - Using connection ID 'postgres_local' for task execution.
[2025-05-11T13:49:00.138+0000] {base.py:83} INFO - Using connection ID 'postgres_local' for task execution.
[2025-05-11T13:49:00.139+0000] {taskinstance.py:2698} ERROR - Task failed with exception
Traceback (most recent call last):
  File "/home/airflow/.local/lib/python3.8/site-packages/airflow/models/taskinstance.py", line 433, in _execute_task
    result = execute_callable(context=context, **execute_callable_kwargs)
  File "/home/airflow/.local/lib/python3.8/site-packages/airflow/providers/common/sql/operators/sql.py", line 282, in execute
    output = hook.run(
  File "/home/airflow/.local/lib/python3.8/site-packages/airflow/providers/common/sql/hooks/sql.py", line 391, in run
    with closing(self.get_conn()) as conn:
  File "/home/airflow/.local/lib/python3.8/site-packages/airflow/providers/postgres/hooks/postgres.py", line 158, in get_conn
    self.conn = psycopg2.connect(**conn_args)
  File "/home/airflow/.local/lib/python3.8/site-packages/psycopg2/__init__.py", line 122, in connect
    conn = _connect(dsn, connection_factory=connection_factory, **kwasync)
psycopg2.OperationalError: connection to server at "localhost" (::1), port 5433 failed: Connection refused
	Is the server running on that host and accepting TCP/IP connections?
connection to server at "localhost" (127.0.0.1), port 5433 failed: Connection refused
	Is the server running on that host and accepting TCP/IP connections?

[2025-05-11T13:49:00.141+0000] {taskinstance.py:1138} INFO - Marking task as UP_FOR_RETRY. dag_id=raw_to_staging_dag, task_id=create_staging_customers, execution_date=20250410T000000, start_date=20250511T134900, end_date=20250511T134900
[2025-05-11T13:49:00.145+0000] {standard_task_runner.py:107} ERROR - Failed to execute job 1963 for task create_staging_customers (connection to server at "localhost" (::1), port 5433 failed: Connection refused
	Is the server running on that host and accepting TCP/IP connections?
connection to server at "localhost" (127.0.0.1), port 5433 failed: Connection refused
	Is the server running on that host and accepting TCP/IP connections?
; 4560)
[2025-05-11T13:49:00.187+0000] {local_task_job_runner.py:234} INFO - Task exited with return code 1
[2025-05-11T13:49:00.198+0000] {taskinstance.py:3280} INFO - 0 downstream tasks scheduled from follow-on schedule check
[2025-05-12T14:31:35.804+0000] {taskinstance.py:1956} INFO - Dependencies all met for dep_context=non-requeueable deps ti=<TaskInstance: raw_to_staging_dag.create_staging_customers scheduled__2025-04-10T00:00:00+00:00 [queued]>
[2025-05-12T14:31:35.822+0000] {taskinstance.py:1956} INFO - Dependencies all met for dep_context=requeueable deps ti=<TaskInstance: raw_to_staging_dag.create_staging_customers scheduled__2025-04-10T00:00:00+00:00 [queued]>
[2025-05-12T14:31:35.825+0000] {taskinstance.py:2170} INFO - Starting attempt 1 of 4
[2025-05-12T14:31:35.839+0000] {taskinstance.py:2191} INFO - Executing <Task(PostgresOperator): create_staging_customers> on 2025-04-10 00:00:00+00:00
[2025-05-12T14:31:35.853+0000] {standard_task_runner.py:60} INFO - Started process 13208 to run task
[2025-05-12T14:31:35.858+0000] {standard_task_runner.py:87} INFO - Running: ['airflow', 'tasks', 'run', 'raw_to_staging_dag', 'create_staging_customers', 'scheduled__2025-04-10T00:00:00+00:00', '--job-id', '3696', '--raw', '--subdir', 'DAGS_FOLDER/raw_to_staging_dag.py', '--cfg-path', '/tmp/tmpv7z8j8hl']
[2025-05-12T14:31:35.861+0000] {standard_task_runner.py:88} INFO - Job 3696: Subtask create_staging_customers
[2025-05-12T14:31:35.945+0000] {task_command.py:423} INFO - Running <TaskInstance: raw_to_staging_dag.create_staging_customers scheduled__2025-04-10T00:00:00+00:00 [running]> on host 03858235192c
[2025-05-12T14:31:36.198+0000] {taskinstance.py:2480} INFO - Exporting env vars: AIRFLOW_CTX_DAG_OWNER='simran' AIRFLOW_CTX_DAG_ID='raw_to_staging_dag' AIRFLOW_CTX_TASK_ID='create_staging_customers' AIRFLOW_CTX_EXECUTION_DATE='2025-04-10T00:00:00+00:00' AIRFLOW_CTX_TRY_NUMBER='1' AIRFLOW_CTX_DAG_RUN_ID='scheduled__2025-04-10T00:00:00+00:00'
[2025-05-12T14:31:36.203+0000] {sql.py:276} INFO - Executing: CREATE TABLE IF NOT EXISTS staging.customers AS
SELECT * FROM raw.customers WHERE 1=0;
[2025-05-12T14:31:36.223+0000] {base.py:83} INFO - Using connection ID 'airflow_db' for task execution.
[2025-05-12T14:31:36.238+0000] {base.py:83} INFO - Using connection ID 'airflow_db' for task execution.
[2025-05-12T14:31:36.274+0000] {sql.py:450} INFO - Running statement: CREATE TABLE IF NOT EXISTS staging.customers AS
SELECT * FROM raw.customers WHERE 1=0;, parameters: None
[2025-05-12T14:31:36.308+0000] {taskinstance.py:1138} INFO - Marking task as SUCCESS. dag_id=raw_to_staging_dag, task_id=create_staging_customers, execution_date=20250410T000000, start_date=20250512T143135, end_date=20250512T143136
[2025-05-12T14:31:36.370+0000] {local_task_job_runner.py:234} INFO - Task exited with return code 0
[2025-05-12T14:31:36.513+0000] {taskinstance.py:3280} INFO - 1 downstream tasks scheduled from follow-on schedule check
[2025-05-19T05:19:08.197+0000] {taskinstance.py:1956} INFO - Dependencies all met for dep_context=non-requeueable deps ti=<TaskInstance: raw_to_staging_dag.create_staging_customers scheduled__2025-04-10T00:00:00+00:00 [queued]>
[2025-05-19T05:19:08.216+0000] {taskinstance.py:1956} INFO - Dependencies all met for dep_context=requeueable deps ti=<TaskInstance: raw_to_staging_dag.create_staging_customers scheduled__2025-04-10T00:00:00+00:00 [queued]>
[2025-05-19T05:19:08.217+0000] {taskinstance.py:2170} INFO - Starting attempt 1 of 4
[2025-05-19T05:19:08.333+0000] {taskinstance.py:2191} INFO - Executing <Task(PostgresOperator): create_staging_customers> on 2025-04-10 00:00:00+00:00
[2025-05-19T05:19:08.339+0000] {standard_task_runner.py:60} INFO - Started process 5795 to run task
[2025-05-19T05:19:08.364+0000] {standard_task_runner.py:87} INFO - Running: ['airflow', 'tasks', 'run', 'raw_to_staging_dag', 'create_staging_customers', 'scheduled__2025-04-10T00:00:00+00:00', '--job-id', '1969', '--raw', '--subdir', 'DAGS_FOLDER/raw_to_staging_dag.py', '--cfg-path', '/tmp/tmpzuzyu3oc']
[2025-05-19T05:19:08.367+0000] {standard_task_runner.py:88} INFO - Job 1969: Subtask create_staging_customers
[2025-05-19T05:19:08.454+0000] {task_command.py:423} INFO - Running <TaskInstance: raw_to_staging_dag.create_staging_customers scheduled__2025-04-10T00:00:00+00:00 [running]> on host 98044bf8a4b3
[2025-05-19T05:19:08.569+0000] {taskinstance.py:2480} INFO - Exporting env vars: AIRFLOW_CTX_DAG_OWNER='simran' AIRFLOW_CTX_DAG_ID='raw_to_staging_dag' AIRFLOW_CTX_TASK_ID='create_staging_customers' AIRFLOW_CTX_EXECUTION_DATE='2025-04-10T00:00:00+00:00' AIRFLOW_CTX_TRY_NUMBER='1' AIRFLOW_CTX_DAG_RUN_ID='scheduled__2025-04-10T00:00:00+00:00'
[2025-05-19T05:19:08.573+0000] {sql.py:276} INFO - Executing: CREATE TABLE IF NOT EXISTS staging.customers AS
SELECT * FROM raw.customers WHERE 1=0;
[2025-05-19T05:19:08.595+0000] {base.py:83} INFO - Using connection ID 'airflow_db' for task execution.
[2025-05-19T05:19:08.607+0000] {base.py:83} INFO - Using connection ID 'airflow_db' for task execution.
[2025-05-19T05:19:08.618+0000] {taskinstance.py:2698} ERROR - Task failed with exception
Traceback (most recent call last):
  File "/home/airflow/.local/lib/python3.9/site-packages/airflow/models/taskinstance.py", line 433, in _execute_task
    result = execute_callable(context=context, **execute_callable_kwargs)
  File "/home/airflow/.local/lib/python3.9/site-packages/airflow/providers/common/sql/operators/sql.py", line 282, in execute
    output = hook.run(
  File "/home/airflow/.local/lib/python3.9/site-packages/airflow/providers/common/sql/hooks/sql.py", line 391, in run
    with closing(self.get_conn()) as conn:
  File "/home/airflow/.local/lib/python3.9/site-packages/airflow/providers/mysql/hooks/mysql.py", line 195, in get_conn
    return MySQLdb.connect(**conn_config)
  File "/home/airflow/.local/lib/python3.9/site-packages/MySQLdb/__init__.py", line 121, in Connect
    return Connection(*args, **kwargs)
  File "/home/airflow/.local/lib/python3.9/site-packages/MySQLdb/connections.py", line 193, in __init__
    super().__init__(*args, **kwargs2)
MySQLdb.OperationalError: (2005, "Unknown server host 'mysql' (-2)")
[2025-05-19T05:19:08.631+0000] {taskinstance.py:1138} INFO - Marking task as UP_FOR_RETRY. dag_id=raw_to_staging_dag, task_id=create_staging_customers, execution_date=20250410T000000, start_date=20250519T051908, end_date=20250519T051908
[2025-05-19T05:19:08.654+0000] {standard_task_runner.py:107} ERROR - Failed to execute job 1969 for task create_staging_customers ((2005, "Unknown server host 'mysql' (-2)"); 5795)
[2025-05-19T05:19:08.694+0000] {local_task_job_runner.py:234} INFO - Task exited with return code 1
[2025-05-19T05:19:08.776+0000] {taskinstance.py:3280} INFO - 0 downstream tasks scheduled from follow-on schedule check
[2025-05-20T04:12:35.750+0000] {taskinstance.py:1956} INFO - Dependencies all met for dep_context=non-requeueable deps ti=<TaskInstance: raw_to_staging_dag.create_staging_customers scheduled__2025-04-10T00:00:00+00:00 [queued]>
[2025-05-20T04:12:35.756+0000] {taskinstance.py:1956} INFO - Dependencies all met for dep_context=requeueable deps ti=<TaskInstance: raw_to_staging_dag.create_staging_customers scheduled__2025-04-10T00:00:00+00:00 [queued]>
[2025-05-20T04:12:35.757+0000] {taskinstance.py:2170} INFO - Starting attempt 1 of 4
[2025-05-20T04:12:35.883+0000] {taskinstance.py:2191} INFO - Executing <Task(PostgresOperator): create_staging_customers> on 2025-04-10 00:00:00+00:00
[2025-05-20T04:12:35.889+0000] {standard_task_runner.py:60} INFO - Started process 5699 to run task
[2025-05-20T04:12:35.893+0000] {standard_task_runner.py:87} INFO - Running: ['airflow', 'tasks', 'run', 'raw_to_staging_dag', 'create_staging_customers', 'scheduled__2025-04-10T00:00:00+00:00', '--job-id', '1980', '--raw', '--subdir', 'DAGS_FOLDER/raw_to_staging_dag.py', '--cfg-path', '/tmp/tmpnn3gyux6']
[2025-05-20T04:12:35.896+0000] {standard_task_runner.py:88} INFO - Job 1980: Subtask create_staging_customers
[2025-05-20T04:12:35.982+0000] {task_command.py:423} INFO - Running <TaskInstance: raw_to_staging_dag.create_staging_customers scheduled__2025-04-10T00:00:00+00:00 [running]> on host 123cdc80f7f3
[2025-05-20T04:12:36.156+0000] {taskinstance.py:2480} INFO - Exporting env vars: AIRFLOW_CTX_DAG_OWNER='simran' AIRFLOW_CTX_DAG_ID='raw_to_staging_dag' AIRFLOW_CTX_TASK_ID='create_staging_customers' AIRFLOW_CTX_EXECUTION_DATE='2025-04-10T00:00:00+00:00' AIRFLOW_CTX_TRY_NUMBER='1' AIRFLOW_CTX_DAG_RUN_ID='scheduled__2025-04-10T00:00:00+00:00'
[2025-05-20T04:12:36.157+0000] {sql.py:276} INFO - Executing: CREATE TABLE IF NOT EXISTS staging.customers AS
SELECT * FROM raw.customers WHERE 1=0;
[2025-05-20T04:12:36.190+0000] {base.py:83} INFO - Using connection ID 'airflow_db' for task execution.
[2025-05-20T04:12:36.221+0000] {base.py:83} INFO - Using connection ID 'airflow_db' for task execution.
[2025-05-20T04:12:36.238+0000] {sql.py:450} INFO - Running statement: CREATE TABLE IF NOT EXISTS staging.customers AS
SELECT * FROM raw.customers WHERE 1=0;, parameters: None
[2025-05-20T04:12:36.262+0000] {taskinstance.py:2698} ERROR - Task failed with exception
Traceback (most recent call last):
  File "/home/airflow/.local/lib/python3.9/site-packages/airflow/models/taskinstance.py", line 433, in _execute_task
    result = execute_callable(context=context, **execute_callable_kwargs)
  File "/home/airflow/.local/lib/python3.9/site-packages/airflow/providers/common/sql/operators/sql.py", line 282, in execute
    output = hook.run(
  File "/home/airflow/.local/lib/python3.9/site-packages/airflow/providers/common/sql/hooks/sql.py", line 398, in run
    self._run_command(cur, sql_statement, parameters)
  File "/home/airflow/.local/lib/python3.9/site-packages/airflow/providers/common/sql/hooks/sql.py", line 455, in _run_command
    cur.execute(sql_statement)
psycopg2.errors.UndefinedTable: relation "raw.customers" does not exist
LINE 2: SELECT * FROM raw.customers WHERE 1=0;
                      ^

[2025-05-20T04:12:36.270+0000] {taskinstance.py:1138} INFO - Marking task as UP_FOR_RETRY. dag_id=raw_to_staging_dag, task_id=create_staging_customers, execution_date=20250410T000000, start_date=20250520T041235, end_date=20250520T041236
[2025-05-20T04:12:36.310+0000] {standard_task_runner.py:107} ERROR - Failed to execute job 1980 for task create_staging_customers (relation "raw.customers" does not exist
LINE 2: SELECT * FROM raw.customers WHERE 1=0;
                      ^
; 5699)
[2025-05-20T04:12:36.339+0000] {local_task_job_runner.py:234} INFO - Task exited with return code 1
[2025-05-20T04:12:36.518+0000] {taskinstance.py:3280} INFO - 0 downstream tasks scheduled from follow-on schedule check
