[2025-05-11T06:51:30.099+0000] {taskinstance.py:1956} INFO - Dependencies all met for dep_context=non-requeueable deps ti=<TaskInstance: raw_to_staging_dag.create_staging_transactions scheduled__2025-01-08T00:00:00+00:00 [queued]>
[2025-05-11T06:51:30.119+0000] {taskinstance.py:1956} INFO - Dependencies all met for dep_context=requeueable deps ti=<TaskInstance: raw_to_staging_dag.create_staging_transactions scheduled__2025-01-08T00:00:00+00:00 [queued]>
[2025-05-11T06:51:30.120+0000] {taskinstance.py:2170} INFO - Starting attempt 2 of 4
[2025-05-11T06:51:30.134+0000] {taskinstance.py:2191} INFO - Executing <Task(PostgresOperator): create_staging_transactions> on 2025-01-08 00:00:00+00:00
[2025-05-11T06:51:30.139+0000] {standard_task_runner.py:60} INFO - Started process 506 to run task
[2025-05-11T06:51:30.153+0000] {standard_task_runner.py:87} INFO - Running: ['airflow', 'tasks', 'run', 'raw_to_staging_dag', 'create_staging_transactions', 'scheduled__2025-01-08T00:00:00+00:00', '--job-id', '115', '--raw', '--subdir', 'DAGS_FOLDER/raw_to_staging_dag.py', '--cfg-path', '/tmp/tmp8w53gsol']
[2025-05-11T06:51:30.156+0000] {standard_task_runner.py:88} INFO - Job 115: Subtask create_staging_transactions
[2025-05-11T06:51:30.247+0000] {task_command.py:423} INFO - Running <TaskInstance: raw_to_staging_dag.create_staging_transactions scheduled__2025-01-08T00:00:00+00:00 [running]> on host 03858235192c
[2025-05-11T06:51:30.819+0000] {taskinstance.py:2480} INFO - Exporting env vars: AIRFLOW_CTX_DAG_OWNER='simran' AIRFLOW_CTX_DAG_ID='raw_to_staging_dag' AIRFLOW_CTX_TASK_ID='create_staging_transactions' AIRFLOW_CTX_EXECUTION_DATE='2025-01-08T00:00:00+00:00' AIRFLOW_CTX_TRY_NUMBER='2' AIRFLOW_CTX_DAG_RUN_ID='scheduled__2025-01-08T00:00:00+00:00'
[2025-05-11T06:51:30.825+0000] {sql.py:276} INFO - Executing: CREATE TABLE IF NOT EXISTS staging.transactions AS
SELECT * FROM raw.transactions WHERE 1=0;
[2025-05-11T06:51:30.860+0000] {taskinstance.py:2698} ERROR - Task failed with exception
Traceback (most recent call last):
  File "/home/airflow/.local/lib/python3.8/site-packages/airflow/models/taskinstance.py", line 433, in _execute_task
    result = execute_callable(context=context, **execute_callable_kwargs)
  File "/home/airflow/.local/lib/python3.8/site-packages/airflow/providers/common/sql/operators/sql.py", line 277, in execute
    hook = self.get_db_hook()
  File "/home/airflow/.local/lib/python3.8/site-packages/airflow/providers/common/sql/operators/sql.py", line 188, in get_db_hook
    return self._hook
  File "/usr/local/lib/python3.8/functools.py", line 967, in __get__
    val = self.func(instance)
  File "/home/airflow/.local/lib/python3.8/site-packages/airflow/providers/common/sql/operators/sql.py", line 150, in _hook
    conn = BaseHook.get_connection(conn_id)
  File "/home/airflow/.local/lib/python3.8/site-packages/airflow/hooks/base.py", line 82, in get_connection
    conn = Connection.get_connection_from_secrets(conn_id)
  File "/home/airflow/.local/lib/python3.8/site-packages/airflow/models/connection.py", line 479, in get_connection_from_secrets
    raise AirflowNotFoundException(f"The conn_id `{conn_id}` isn't defined")
airflow.exceptions.AirflowNotFoundException: The conn_id `postgres_local` isn't defined
[2025-05-11T06:51:30.868+0000] {taskinstance.py:1138} INFO - Marking task as UP_FOR_RETRY. dag_id=raw_to_staging_dag, task_id=create_staging_transactions, execution_date=20250108T000000, start_date=20250511T065130, end_date=20250511T065130
[2025-05-11T06:51:30.882+0000] {standard_task_runner.py:107} ERROR - Failed to execute job 115 for task create_staging_transactions (The conn_id `postgres_local` isn't defined; 506)
[2025-05-11T06:51:30.992+0000] {local_task_job_runner.py:234} INFO - Task exited with return code 1
[2025-05-11T06:51:31.269+0000] {taskinstance.py:3280} INFO - 0 downstream tasks scheduled from follow-on schedule check
