[2025-05-11T07:32:54.534+0000] {taskinstance.py:1956} INFO - Dependencies all met for dep_context=non-requeueable deps ti=<TaskInstance: raw_to_staging_dag.create_staging_accounts scheduled__2025-01-29T00:00:00+00:00 [queued]>
[2025-05-11T07:32:54.554+0000] {taskinstance.py:1956} INFO - Dependencies all met for dep_context=requeueable deps ti=<TaskInstance: raw_to_staging_dag.create_staging_accounts scheduled__2025-01-29T00:00:00+00:00 [queued]>
[2025-05-11T07:32:54.556+0000] {taskinstance.py:2170} INFO - Starting attempt 3 of 4
[2025-05-11T07:32:54.599+0000] {taskinstance.py:2191} INFO - Executing <Task(PostgresOperator): create_staging_accounts> on 2025-01-29 00:00:00+00:00
[2025-05-11T07:32:54.614+0000] {standard_task_runner.py:60} INFO - Started process 1496 to run task
[2025-05-11T07:32:54.625+0000] {standard_task_runner.py:87} INFO - Running: ['airflow', 'tasks', 'run', 'raw_to_staging_dag', 'create_staging_accounts', 'scheduled__2025-01-29T00:00:00+00:00', '--job-id', '540', '--raw', '--subdir', 'DAGS_FOLDER/raw_to_staging_dag.py', '--cfg-path', '/tmp/tmpr77z26h9']
[2025-05-11T07:32:54.629+0000] {standard_task_runner.py:88} INFO - Job 540: Subtask create_staging_accounts
[2025-05-11T07:32:54.835+0000] {task_command.py:423} INFO - Running <TaskInstance: raw_to_staging_dag.create_staging_accounts scheduled__2025-01-29T00:00:00+00:00 [running]> on host 03858235192c
[2025-05-11T07:32:55.548+0000] {taskinstance.py:2480} INFO - Exporting env vars: AIRFLOW_CTX_DAG_OWNER='simran' AIRFLOW_CTX_DAG_ID='raw_to_staging_dag' AIRFLOW_CTX_TASK_ID='create_staging_accounts' AIRFLOW_CTX_EXECUTION_DATE='2025-01-29T00:00:00+00:00' AIRFLOW_CTX_TRY_NUMBER='3' AIRFLOW_CTX_DAG_RUN_ID='scheduled__2025-01-29T00:00:00+00:00'
[2025-05-11T07:32:55.562+0000] {sql.py:276} INFO - Executing: CREATE TABLE IF NOT EXISTS staging.accounts AS
SELECT * FROM raw.account WHERE 1=0;
[2025-05-11T07:32:55.611+0000] {taskinstance.py:2698} ERROR - Task failed with exception
Traceback (most recent call last):
  File "/home/airflow/.local/lib/python3.8/site-packages/airflow/models/taskinstance.py", line 433, in _execute_task
    result = execute_callable(context=context, **execute_callable_kwargs)
  File "/home/airflow/.local/lib/python3.8/site-packages/airflow/providers/common/sql/operators/sql.py", line 277, in execute
    hook = self.get_db_hook()
  File "/home/airflow/.local/lib/python3.8/site-packages/airflow/providers/common/sql/operators/sql.py", line 188, in get_db_hook
    return self._hook
  File "/usr/local/lib/python3.8/functools.py", line 967, in __get__
    val = self.func(instance)
  File "/home/airflow/.local/lib/python3.8/site-packages/airflow/providers/common/sql/operators/sql.py", line 150, in _hook
    conn = BaseHook.get_connection(conn_id)
  File "/home/airflow/.local/lib/python3.8/site-packages/airflow/hooks/base.py", line 82, in get_connection
    conn = Connection.get_connection_from_secrets(conn_id)
  File "/home/airflow/.local/lib/python3.8/site-packages/airflow/models/connection.py", line 479, in get_connection_from_secrets
    raise AirflowNotFoundException(f"The conn_id `{conn_id}` isn't defined")
airflow.exceptions.AirflowNotFoundException: The conn_id `postgres_local` isn't defined
[2025-05-11T07:32:55.617+0000] {taskinstance.py:1138} INFO - Marking task as UP_FOR_RETRY. dag_id=raw_to_staging_dag, task_id=create_staging_accounts, execution_date=20250129T000000, start_date=20250511T073254, end_date=20250511T073255
[2025-05-11T07:32:55.652+0000] {standard_task_runner.py:107} ERROR - Failed to execute job 540 for task create_staging_accounts (The conn_id `postgres_local` isn't defined; 1496)
[2025-05-11T07:32:55.694+0000] {local_task_job_runner.py:234} INFO - Task exited with return code 1
[2025-05-11T07:32:55.851+0000] {taskinstance.py:3280} INFO - 0 downstream tasks scheduled from follow-on schedule check
[2025-05-19T04:08:17.672+0000] {taskinstance.py:1956} INFO - Dependencies all met for dep_context=non-requeueable deps ti=<TaskInstance: raw_to_staging_dag.create_staging_accounts scheduled__2025-01-29T00:00:00+00:00 [queued]>
[2025-05-19T04:08:17.699+0000] {taskinstance.py:1956} INFO - Dependencies all met for dep_context=requeueable deps ti=<TaskInstance: raw_to_staging_dag.create_staging_accounts scheduled__2025-01-29T00:00:00+00:00 [queued]>
[2025-05-19T04:08:17.703+0000] {taskinstance.py:2170} INFO - Starting attempt 3 of 4
[2025-05-19T04:08:17.762+0000] {taskinstance.py:2191} INFO - Executing <Task(PostgresOperator): create_staging_accounts> on 2025-01-29 00:00:00+00:00
[2025-05-19T04:08:17.784+0000] {standard_task_runner.py:60} INFO - Started process 1666 to run task
[2025-05-19T04:08:17.798+0000] {standard_task_runner.py:87} INFO - Running: ['airflow', 'tasks', 'run', 'raw_to_staging_dag', 'create_staging_accounts', 'scheduled__2025-01-29T00:00:00+00:00', '--job-id', '537', '--raw', '--subdir', 'DAGS_FOLDER/raw_to_staging_dag.py', '--cfg-path', '/tmp/tmpuc3iyxbm']
[2025-05-19T04:08:17.815+0000] {standard_task_runner.py:88} INFO - Job 537: Subtask create_staging_accounts
[2025-05-19T04:08:17.907+0000] {task_command.py:423} INFO - Running <TaskInstance: raw_to_staging_dag.create_staging_accounts scheduled__2025-01-29T00:00:00+00:00 [running]> on host 98044bf8a4b3
[2025-05-19T04:08:18.163+0000] {taskinstance.py:2480} INFO - Exporting env vars: AIRFLOW_CTX_DAG_OWNER='simran' AIRFLOW_CTX_DAG_ID='raw_to_staging_dag' AIRFLOW_CTX_TASK_ID='create_staging_accounts' AIRFLOW_CTX_EXECUTION_DATE='2025-01-29T00:00:00+00:00' AIRFLOW_CTX_TRY_NUMBER='3' AIRFLOW_CTX_DAG_RUN_ID='scheduled__2025-01-29T00:00:00+00:00'
[2025-05-19T04:08:18.166+0000] {sql.py:276} INFO - Executing: CREATE TABLE IF NOT EXISTS staging.accounts AS
SELECT * FROM raw.account WHERE 1=0;
[2025-05-19T04:08:18.179+0000] {base.py:83} INFO - Using connection ID 'airflow_db' for task execution.
[2025-05-19T04:08:18.200+0000] {base.py:83} INFO - Using connection ID 'airflow_db' for task execution.
[2025-05-19T04:08:18.232+0000] {taskinstance.py:2698} ERROR - Task failed with exception
Traceback (most recent call last):
  File "/home/airflow/.local/lib/python3.9/site-packages/airflow/models/taskinstance.py", line 433, in _execute_task
    result = execute_callable(context=context, **execute_callable_kwargs)
  File "/home/airflow/.local/lib/python3.9/site-packages/airflow/providers/common/sql/operators/sql.py", line 282, in execute
    output = hook.run(
  File "/home/airflow/.local/lib/python3.9/site-packages/airflow/providers/common/sql/hooks/sql.py", line 391, in run
    with closing(self.get_conn()) as conn:
  File "/home/airflow/.local/lib/python3.9/site-packages/airflow/providers/mysql/hooks/mysql.py", line 195, in get_conn
    return MySQLdb.connect(**conn_config)
  File "/home/airflow/.local/lib/python3.9/site-packages/MySQLdb/__init__.py", line 121, in Connect
    return Connection(*args, **kwargs)
  File "/home/airflow/.local/lib/python3.9/site-packages/MySQLdb/connections.py", line 193, in __init__
    super().__init__(*args, **kwargs2)
MySQLdb.OperationalError: (2005, "Unknown server host 'mysql' (-2)")
[2025-05-19T04:08:18.267+0000] {taskinstance.py:1138} INFO - Marking task as UP_FOR_RETRY. dag_id=raw_to_staging_dag, task_id=create_staging_accounts, execution_date=20250129T000000, start_date=20250519T040817, end_date=20250519T040818
[2025-05-19T04:08:18.281+0000] {standard_task_runner.py:107} ERROR - Failed to execute job 537 for task create_staging_accounts ((2005, "Unknown server host 'mysql' (-2)"); 1666)
[2025-05-19T04:08:18.311+0000] {local_task_job_runner.py:234} INFO - Task exited with return code 1
[2025-05-19T04:08:18.400+0000] {taskinstance.py:3280} INFO - 0 downstream tasks scheduled from follow-on schedule check
[2025-05-20T01:49:51.487+0000] {taskinstance.py:1956} INFO - Dependencies all met for dep_context=non-requeueable deps ti=<TaskInstance: raw_to_staging_dag.create_staging_accounts scheduled__2025-01-29T00:00:00+00:00 [queued]>
[2025-05-20T01:49:51.498+0000] {taskinstance.py:1956} INFO - Dependencies all met for dep_context=requeueable deps ti=<TaskInstance: raw_to_staging_dag.create_staging_accounts scheduled__2025-01-29T00:00:00+00:00 [queued]>
[2025-05-20T01:49:51.499+0000] {taskinstance.py:2170} INFO - Starting attempt 3 of 4
[2025-05-20T01:49:51.525+0000] {taskinstance.py:2191} INFO - Executing <Task(PostgresOperator): create_staging_accounts> on 2025-01-29 00:00:00+00:00
[2025-05-20T01:49:51.532+0000] {standard_task_runner.py:60} INFO - Started process 1668 to run task
[2025-05-20T01:49:51.539+0000] {standard_task_runner.py:87} INFO - Running: ['airflow', 'tasks', 'run', 'raw_to_staging_dag', 'create_staging_accounts', 'scheduled__2025-01-29T00:00:00+00:00', '--job-id', '542', '--raw', '--subdir', 'DAGS_FOLDER/raw_to_staging_dag.py', '--cfg-path', '/tmp/tmp_984smuq']
[2025-05-20T01:49:51.543+0000] {standard_task_runner.py:88} INFO - Job 542: Subtask create_staging_accounts
[2025-05-20T01:49:51.626+0000] {task_command.py:423} INFO - Running <TaskInstance: raw_to_staging_dag.create_staging_accounts scheduled__2025-01-29T00:00:00+00:00 [running]> on host 123cdc80f7f3
[2025-05-20T01:49:51.684+0000] {taskinstance.py:2480} INFO - Exporting env vars: AIRFLOW_CTX_DAG_OWNER='simran' AIRFLOW_CTX_DAG_ID='raw_to_staging_dag' AIRFLOW_CTX_TASK_ID='create_staging_accounts' AIRFLOW_CTX_EXECUTION_DATE='2025-01-29T00:00:00+00:00' AIRFLOW_CTX_TRY_NUMBER='3' AIRFLOW_CTX_DAG_RUN_ID='scheduled__2025-01-29T00:00:00+00:00'
[2025-05-20T01:49:51.686+0000] {sql.py:276} INFO - Executing: CREATE TABLE IF NOT EXISTS staging.accounts AS
SELECT * FROM raw.account WHERE 1=0;
[2025-05-20T01:49:51.698+0000] {base.py:83} INFO - Using connection ID 'airflow_db' for task execution.
[2025-05-20T01:49:51.710+0000] {base.py:83} INFO - Using connection ID 'airflow_db' for task execution.
[2025-05-20T01:49:51.720+0000] {sql.py:450} INFO - Running statement: CREATE TABLE IF NOT EXISTS staging.accounts AS
SELECT * FROM raw.account WHERE 1=0;, parameters: None
[2025-05-20T01:49:51.725+0000] {taskinstance.py:2698} ERROR - Task failed with exception
Traceback (most recent call last):
  File "/home/airflow/.local/lib/python3.9/site-packages/airflow/models/taskinstance.py", line 433, in _execute_task
    result = execute_callable(context=context, **execute_callable_kwargs)
  File "/home/airflow/.local/lib/python3.9/site-packages/airflow/providers/common/sql/operators/sql.py", line 282, in execute
    output = hook.run(
  File "/home/airflow/.local/lib/python3.9/site-packages/airflow/providers/common/sql/hooks/sql.py", line 398, in run
    self._run_command(cur, sql_statement, parameters)
  File "/home/airflow/.local/lib/python3.9/site-packages/airflow/providers/common/sql/hooks/sql.py", line 455, in _run_command
    cur.execute(sql_statement)
psycopg2.errors.UndefinedTable: relation "raw.account" does not exist
LINE 2: SELECT * FROM raw.account WHERE 1=0;
                      ^

[2025-05-20T01:49:51.733+0000] {taskinstance.py:1138} INFO - Marking task as UP_FOR_RETRY. dag_id=raw_to_staging_dag, task_id=create_staging_accounts, execution_date=20250129T000000, start_date=20250520T014951, end_date=20250520T014951
[2025-05-20T01:49:51.746+0000] {standard_task_runner.py:107} ERROR - Failed to execute job 542 for task create_staging_accounts (relation "raw.account" does not exist
LINE 2: SELECT * FROM raw.account WHERE 1=0;
                      ^
; 1668)
[2025-05-20T01:49:51.763+0000] {local_task_job_runner.py:234} INFO - Task exited with return code 1
[2025-05-20T01:49:51.778+0000] {taskinstance.py:3280} INFO - 0 downstream tasks scheduled from follow-on schedule check
[2025-05-20T14:25:56.423+0000] {taskinstance.py:1956} INFO - Dependencies all met for dep_context=non-requeueable deps ti=<TaskInstance: raw_to_staging_dag.create_staging_accounts scheduled__2025-01-29T00:00:00+00:00 [queued]>
[2025-05-20T14:25:56.445+0000] {taskinstance.py:1956} INFO - Dependencies all met for dep_context=requeueable deps ti=<TaskInstance: raw_to_staging_dag.create_staging_accounts scheduled__2025-01-29T00:00:00+00:00 [queued]>
[2025-05-20T14:25:56.450+0000] {taskinstance.py:2170} INFO - Starting attempt 3 of 4
[2025-05-20T14:25:56.628+0000] {taskinstance.py:2191} INFO - Executing <Task(PostgresOperator): create_staging_accounts> on 2025-01-29 00:00:00+00:00
[2025-05-20T14:25:56.659+0000] {standard_task_runner.py:60} INFO - Started process 15513 to run task
[2025-05-20T14:25:56.673+0000] {standard_task_runner.py:87} INFO - Running: ['airflow', 'tasks', 'run', 'raw_to_staging_dag', 'create_staging_accounts', 'scheduled__2025-01-29T00:00:00+00:00', '--job-id', '3351', '--raw', '--subdir', 'DAGS_FOLDER/raw_to_staging_dag.py', '--cfg-path', '/tmp/tmpp5rdm7j1']
[2025-05-20T14:25:56.690+0000] {standard_task_runner.py:88} INFO - Job 3351: Subtask create_staging_accounts
[2025-05-20T14:25:56.813+0000] {task_command.py:423} INFO - Running <TaskInstance: raw_to_staging_dag.create_staging_accounts scheduled__2025-01-29T00:00:00+00:00 [running]> on host 123cdc80f7f3
[2025-05-20T14:25:56.980+0000] {taskinstance.py:2480} INFO - Exporting env vars: AIRFLOW_CTX_DAG_OWNER='simran' AIRFLOW_CTX_DAG_ID='raw_to_staging_dag' AIRFLOW_CTX_TASK_ID='create_staging_accounts' AIRFLOW_CTX_EXECUTION_DATE='2025-01-29T00:00:00+00:00' AIRFLOW_CTX_TRY_NUMBER='3' AIRFLOW_CTX_DAG_RUN_ID='scheduled__2025-01-29T00:00:00+00:00'
[2025-05-20T14:25:56.982+0000] {sql.py:276} INFO - Executing: CREATE TABLE IF NOT EXISTS staging.accounts AS
SELECT * FROM raw.account WHERE 1=0;
[2025-05-20T14:25:57.002+0000] {base.py:83} INFO - Using connection ID 'airflow_db' for task execution.
[2025-05-20T14:25:57.043+0000] {base.py:83} INFO - Using connection ID 'airflow_db' for task execution.
[2025-05-20T14:25:57.052+0000] {sql.py:450} INFO - Running statement: CREATE TABLE IF NOT EXISTS staging.accounts AS
SELECT * FROM raw.account WHERE 1=0;, parameters: None
[2025-05-20T14:25:57.060+0000] {taskinstance.py:2698} ERROR - Task failed with exception
Traceback (most recent call last):
  File "/home/airflow/.local/lib/python3.9/site-packages/airflow/models/taskinstance.py", line 433, in _execute_task
    result = execute_callable(context=context, **execute_callable_kwargs)
  File "/home/airflow/.local/lib/python3.9/site-packages/airflow/providers/common/sql/operators/sql.py", line 282, in execute
    output = hook.run(
  File "/home/airflow/.local/lib/python3.9/site-packages/airflow/providers/common/sql/hooks/sql.py", line 398, in run
    self._run_command(cur, sql_statement, parameters)
  File "/home/airflow/.local/lib/python3.9/site-packages/airflow/providers/common/sql/hooks/sql.py", line 455, in _run_command
    cur.execute(sql_statement)
psycopg2.errors.UndefinedTable: relation "raw.account" does not exist
LINE 2: SELECT * FROM raw.account WHERE 1=0;
                      ^

[2025-05-20T14:25:57.070+0000] {taskinstance.py:1138} INFO - Marking task as UP_FOR_RETRY. dag_id=raw_to_staging_dag, task_id=create_staging_accounts, execution_date=20250129T000000, start_date=20250520T142556, end_date=20250520T142557
[2025-05-20T14:25:57.089+0000] {standard_task_runner.py:107} ERROR - Failed to execute job 3351 for task create_staging_accounts (relation "raw.account" does not exist
LINE 2: SELECT * FROM raw.account WHERE 1=0;
                      ^
; 15513)
[2025-05-20T14:25:57.104+0000] {local_task_job_runner.py:234} INFO - Task exited with return code 1
[2025-05-20T14:25:57.164+0000] {taskinstance.py:3280} INFO - 0 downstream tasks scheduled from follow-on schedule check
