[2025-05-15T00:26:34.365+0000] {taskinstance.py:1956} INFO - Dependencies all met for dep_context=non-requeueable deps ti=<TaskInstance: raw_to_staging_dag.load_staging_accounts scheduled__2025-05-14T00:00:00+00:00 [queued]>
[2025-05-15T00:26:34.372+0000] {taskinstance.py:1956} INFO - Dependencies all met for dep_context=requeueable deps ti=<TaskInstance: raw_to_staging_dag.load_staging_accounts scheduled__2025-05-14T00:00:00+00:00 [queued]>
[2025-05-15T00:26:34.372+0000] {taskinstance.py:2170} INFO - Starting attempt 1 of 4
[2025-05-15T00:26:34.387+0000] {taskinstance.py:2191} INFO - Executing <Task(PostgresOperator): load_staging_accounts> on 2025-05-14 00:00:00+00:00
[2025-05-15T00:26:34.392+0000] {standard_task_runner.py:60} INFO - Started process 12098 to run task
[2025-05-15T00:26:34.397+0000] {standard_task_runner.py:87} INFO - Running: ['airflow', 'tasks', 'run', 'raw_to_staging_dag', 'load_staging_accounts', 'scheduled__2025-05-14T00:00:00+00:00', '--job-id', '4057', '--raw', '--subdir', 'DAGS_FOLDER/raw_to_staging_dag.py', '--cfg-path', '/tmp/tmp879usgp_']
[2025-05-15T00:26:34.400+0000] {standard_task_runner.py:88} INFO - Job 4057: Subtask load_staging_accounts
[2025-05-15T00:26:34.444+0000] {task_command.py:423} INFO - Running <TaskInstance: raw_to_staging_dag.load_staging_accounts scheduled__2025-05-14T00:00:00+00:00 [running]> on host 03858235192c
[2025-05-15T00:26:34.509+0000] {taskinstance.py:2480} INFO - Exporting env vars: AIRFLOW_CTX_DAG_OWNER='simran' AIRFLOW_CTX_DAG_ID='raw_to_staging_dag' AIRFLOW_CTX_TASK_ID='load_staging_accounts' AIRFLOW_CTX_EXECUTION_DATE='2025-05-14T00:00:00+00:00' AIRFLOW_CTX_TRY_NUMBER='1' AIRFLOW_CTX_DAG_RUN_ID='scheduled__2025-05-14T00:00:00+00:00'
[2025-05-15T00:26:34.510+0000] {sql.py:276} INFO - Executing: TRUNCATE TABLE staging.accounts;

INSERT INTO staging.accounts
SELECT * FROM raw.account;
[2025-05-15T00:26:34.521+0000] {base.py:83} INFO - Using connection ID 'airflow_db' for task execution.
[2025-05-15T00:26:34.530+0000] {base.py:83} INFO - Using connection ID 'airflow_db' for task execution.
[2025-05-15T00:26:34.543+0000] {sql.py:450} INFO - Running statement: TRUNCATE TABLE staging.accounts;

INSERT INTO staging.accounts
SELECT * FROM raw.account;, parameters: None
[2025-05-15T00:26:34.653+0000] {sql.py:459} INFO - Rows affected: 8096
[2025-05-15T00:26:34.663+0000] {taskinstance.py:1138} INFO - Marking task as SUCCESS. dag_id=raw_to_staging_dag, task_id=load_staging_accounts, execution_date=20250514T000000, start_date=20250515T002634, end_date=20250515T002634
[2025-05-15T00:26:34.698+0000] {local_task_job_runner.py:234} INFO - Task exited with return code 0
[2025-05-15T00:26:34.708+0000] {taskinstance.py:3280} INFO - 0 downstream tasks scheduled from follow-on schedule check
[2025-05-22T02:23:48.080+0000] {taskinstance.py:1956} INFO - Dependencies all met for dep_context=non-requeueable deps ti=<TaskInstance: raw_to_staging_dag.load_staging_accounts scheduled__2025-05-14T00:00:00+00:00 [queued]>
[2025-05-22T02:23:48.108+0000] {taskinstance.py:1956} INFO - Dependencies all met for dep_context=requeueable deps ti=<TaskInstance: raw_to_staging_dag.load_staging_accounts scheduled__2025-05-14T00:00:00+00:00 [queued]>
[2025-05-22T02:23:48.108+0000] {taskinstance.py:2170} INFO - Starting attempt 1 of 4
[2025-05-22T02:23:48.160+0000] {taskinstance.py:2191} INFO - Executing <Task(PostgresOperator): load_staging_accounts> on 2025-05-14 00:00:00+00:00
[2025-05-22T02:23:48.183+0000] {standard_task_runner.py:60} INFO - Started process 28749 to run task
[2025-05-22T02:23:48.190+0000] {standard_task_runner.py:87} INFO - Running: ['airflow', 'tasks', 'run', 'raw_to_staging_dag', 'load_staging_accounts', 'scheduled__2025-05-14T00:00:00+00:00', '--job-id', '3994', '--raw', '--subdir', 'DAGS_FOLDER/raw_to_staging_dag.py', '--cfg-path', '/tmp/tmpbh5k5tbt']
[2025-05-22T02:23:48.202+0000] {standard_task_runner.py:88} INFO - Job 3994: Subtask load_staging_accounts
[2025-05-22T02:23:48.409+0000] {task_command.py:423} INFO - Running <TaskInstance: raw_to_staging_dag.load_staging_accounts scheduled__2025-05-14T00:00:00+00:00 [running]> on host 123cdc80f7f3
[2025-05-22T02:23:48.683+0000] {taskinstance.py:2480} INFO - Exporting env vars: AIRFLOW_CTX_DAG_OWNER='simran' AIRFLOW_CTX_DAG_ID='raw_to_staging_dag' AIRFLOW_CTX_TASK_ID='load_staging_accounts' AIRFLOW_CTX_EXECUTION_DATE='2025-05-14T00:00:00+00:00' AIRFLOW_CTX_TRY_NUMBER='1' AIRFLOW_CTX_DAG_RUN_ID='scheduled__2025-05-14T00:00:00+00:00'
[2025-05-22T02:23:48.685+0000] {sql.py:276} INFO - Executing: TRUNCATE TABLE staging.accounts;

INSERT INTO staging.accounts
SELECT * FROM raw.account;
[2025-05-22T02:23:48.723+0000] {base.py:83} INFO - Using connection ID 'airflow_db' for task execution.
[2025-05-22T02:23:48.753+0000] {base.py:83} INFO - Using connection ID 'airflow_db' for task execution.
[2025-05-22T02:23:48.802+0000] {sql.py:450} INFO - Running statement: TRUNCATE TABLE staging.accounts;

INSERT INTO staging.accounts
SELECT * FROM raw.account;, parameters: None
[2025-05-22T02:23:48.823+0000] {sql.py:459} INFO - Rows affected: 0
[2025-05-22T02:23:48.864+0000] {taskinstance.py:1138} INFO - Marking task as SUCCESS. dag_id=raw_to_staging_dag, task_id=load_staging_accounts, execution_date=20250514T000000, start_date=20250522T022348, end_date=20250522T022348
[2025-05-22T02:23:49.000+0000] {local_task_job_runner.py:234} INFO - Task exited with return code 0
[2025-05-22T02:23:49.071+0000] {taskinstance.py:3280} INFO - 0 downstream tasks scheduled from follow-on schedule check
