[2025-05-11T13:03:02.789+0000] {taskinstance.py:1956} INFO - Dependencies all met for dep_context=non-requeueable deps ti=<TaskInstance: raw_to_staging_dag.create_staging_customers scheduled__2025-03-25T00:00:00+00:00 [queued]>
[2025-05-11T13:03:02.793+0000] {taskinstance.py:1956} INFO - Dependencies all met for dep_context=requeueable deps ti=<TaskInstance: raw_to_staging_dag.create_staging_customers scheduled__2025-03-25T00:00:00+00:00 [queued]>
[2025-05-11T13:03:02.793+0000] {taskinstance.py:2170} INFO - Starting attempt 1 of 4
[2025-05-11T13:03:02.799+0000] {taskinstance.py:2191} INFO - Executing <Task(PostgresOperator): create_staging_customers> on 2025-03-25 00:00:00+00:00
[2025-05-11T13:03:02.801+0000] {standard_task_runner.py:60} INFO - Started process 3609 to run task
[2025-05-11T13:03:02.803+0000] {standard_task_runner.py:87} INFO - Running: ['airflow', 'tasks', 'run', 'raw_to_staging_dag', 'create_staging_customers', 'scheduled__2025-03-25T00:00:00+00:00', '--job-id', '1566', '--raw', '--subdir', 'DAGS_FOLDER/raw_to_staging_dag.py', '--cfg-path', '/tmp/tmpq7jtmbs8']
[2025-05-11T13:03:02.806+0000] {standard_task_runner.py:88} INFO - Job 1566: Subtask create_staging_customers
[2025-05-11T13:03:02.830+0000] {task_command.py:423} INFO - Running <TaskInstance: raw_to_staging_dag.create_staging_customers scheduled__2025-03-25T00:00:00+00:00 [running]> on host 03858235192c
[2025-05-11T13:03:02.859+0000] {taskinstance.py:2480} INFO - Exporting env vars: AIRFLOW_CTX_DAG_OWNER='simran' AIRFLOW_CTX_DAG_ID='raw_to_staging_dag' AIRFLOW_CTX_TASK_ID='create_staging_customers' AIRFLOW_CTX_EXECUTION_DATE='2025-03-25T00:00:00+00:00' AIRFLOW_CTX_TRY_NUMBER='1' AIRFLOW_CTX_DAG_RUN_ID='scheduled__2025-03-25T00:00:00+00:00'
[2025-05-11T13:03:02.859+0000] {sql.py:276} INFO - Executing: CREATE TABLE IF NOT EXISTS staging.customers AS
SELECT * FROM raw.customers WHERE 1=0;
[2025-05-11T13:03:02.865+0000] {taskinstance.py:2698} ERROR - Task failed with exception
Traceback (most recent call last):
  File "/home/airflow/.local/lib/python3.8/site-packages/airflow/models/taskinstance.py", line 433, in _execute_task
    result = execute_callable(context=context, **execute_callable_kwargs)
  File "/home/airflow/.local/lib/python3.8/site-packages/airflow/providers/common/sql/operators/sql.py", line 277, in execute
    hook = self.get_db_hook()
  File "/home/airflow/.local/lib/python3.8/site-packages/airflow/providers/common/sql/operators/sql.py", line 188, in get_db_hook
    return self._hook
  File "/usr/local/lib/python3.8/functools.py", line 967, in __get__
    val = self.func(instance)
  File "/home/airflow/.local/lib/python3.8/site-packages/airflow/providers/common/sql/operators/sql.py", line 150, in _hook
    conn = BaseHook.get_connection(conn_id)
  File "/home/airflow/.local/lib/python3.8/site-packages/airflow/hooks/base.py", line 82, in get_connection
    conn = Connection.get_connection_from_secrets(conn_id)
  File "/home/airflow/.local/lib/python3.8/site-packages/airflow/models/connection.py", line 479, in get_connection_from_secrets
    raise AirflowNotFoundException(f"The conn_id `{conn_id}` isn't defined")
airflow.exceptions.AirflowNotFoundException: The conn_id `postgres_local` isn't defined
[2025-05-11T13:03:02.867+0000] {taskinstance.py:1138} INFO - Marking task as UP_FOR_RETRY. dag_id=raw_to_staging_dag, task_id=create_staging_customers, execution_date=20250325T000000, start_date=20250511T130302, end_date=20250511T130302
[2025-05-11T13:03:02.871+0000] {standard_task_runner.py:107} ERROR - Failed to execute job 1566 for task create_staging_customers (The conn_id `postgres_local` isn't defined; 3609)
[2025-05-11T13:03:02.909+0000] {local_task_job_runner.py:234} INFO - Task exited with return code 1
[2025-05-11T13:03:02.922+0000] {taskinstance.py:3280} INFO - 0 downstream tasks scheduled from follow-on schedule check
[2025-05-12T14:31:07.545+0000] {taskinstance.py:1956} INFO - Dependencies all met for dep_context=non-requeueable deps ti=<TaskInstance: raw_to_staging_dag.create_staging_customers scheduled__2025-03-25T00:00:00+00:00 [queued]>
[2025-05-12T14:31:07.601+0000] {taskinstance.py:1956} INFO - Dependencies all met for dep_context=requeueable deps ti=<TaskInstance: raw_to_staging_dag.create_staging_customers scheduled__2025-03-25T00:00:00+00:00 [queued]>
[2025-05-12T14:31:07.602+0000] {taskinstance.py:2170} INFO - Starting attempt 1 of 4
[2025-05-12T14:31:07.694+0000] {taskinstance.py:2191} INFO - Executing <Task(PostgresOperator): create_staging_customers> on 2025-03-25 00:00:00+00:00
[2025-05-12T14:31:07.709+0000] {standard_task_runner.py:60} INFO - Started process 12949 to run task
[2025-05-12T14:31:07.722+0000] {standard_task_runner.py:87} INFO - Running: ['airflow', 'tasks', 'run', 'raw_to_staging_dag', 'create_staging_customers', 'scheduled__2025-03-25T00:00:00+00:00', '--job-id', '3564', '--raw', '--subdir', 'DAGS_FOLDER/raw_to_staging_dag.py', '--cfg-path', '/tmp/tmp72zcf9we']
[2025-05-12T14:31:07.728+0000] {standard_task_runner.py:88} INFO - Job 3564: Subtask create_staging_customers
[2025-05-12T14:31:08.155+0000] {task_command.py:423} INFO - Running <TaskInstance: raw_to_staging_dag.create_staging_customers scheduled__2025-03-25T00:00:00+00:00 [running]> on host 03858235192c
[2025-05-12T14:31:08.417+0000] {taskinstance.py:2480} INFO - Exporting env vars: AIRFLOW_CTX_DAG_OWNER='simran' AIRFLOW_CTX_DAG_ID='raw_to_staging_dag' AIRFLOW_CTX_TASK_ID='create_staging_customers' AIRFLOW_CTX_EXECUTION_DATE='2025-03-25T00:00:00+00:00' AIRFLOW_CTX_TRY_NUMBER='1' AIRFLOW_CTX_DAG_RUN_ID='scheduled__2025-03-25T00:00:00+00:00'
[2025-05-12T14:31:08.423+0000] {sql.py:276} INFO - Executing: CREATE TABLE IF NOT EXISTS staging.customers AS
SELECT * FROM raw.customers WHERE 1=0;
[2025-05-12T14:31:08.485+0000] {base.py:83} INFO - Using connection ID 'airflow_db' for task execution.
[2025-05-12T14:31:08.528+0000] {base.py:83} INFO - Using connection ID 'airflow_db' for task execution.
[2025-05-12T14:31:08.583+0000] {sql.py:450} INFO - Running statement: CREATE TABLE IF NOT EXISTS staging.customers AS
SELECT * FROM raw.customers WHERE 1=0;, parameters: None
[2025-05-12T14:31:08.668+0000] {taskinstance.py:1138} INFO - Marking task as SUCCESS. dag_id=raw_to_staging_dag, task_id=create_staging_customers, execution_date=20250325T000000, start_date=20250512T143107, end_date=20250512T143108
[2025-05-12T14:31:08.723+0000] {local_task_job_runner.py:234} INFO - Task exited with return code 0
[2025-05-12T14:31:08.941+0000] {taskinstance.py:3280} INFO - 1 downstream tasks scheduled from follow-on schedule check
[2025-05-19T05:03:37.006+0000] {taskinstance.py:1956} INFO - Dependencies all met for dep_context=non-requeueable deps ti=<TaskInstance: raw_to_staging_dag.create_staging_customers scheduled__2025-03-25T00:00:00+00:00 [queued]>
[2025-05-19T05:03:37.019+0000] {taskinstance.py:1956} INFO - Dependencies all met for dep_context=requeueable deps ti=<TaskInstance: raw_to_staging_dag.create_staging_customers scheduled__2025-03-25T00:00:00+00:00 [queued]>
[2025-05-19T05:03:37.020+0000] {taskinstance.py:2170} INFO - Starting attempt 1 of 4
[2025-05-19T05:03:37.034+0000] {taskinstance.py:2191} INFO - Executing <Task(PostgresOperator): create_staging_customers> on 2025-03-25 00:00:00+00:00
[2025-05-19T05:03:37.039+0000] {standard_task_runner.py:60} INFO - Started process 4854 to run task
[2025-05-19T05:03:37.048+0000] {standard_task_runner.py:87} INFO - Running: ['airflow', 'tasks', 'run', 'raw_to_staging_dag', 'create_staging_customers', 'scheduled__2025-03-25T00:00:00+00:00', '--job-id', '1658', '--raw', '--subdir', 'DAGS_FOLDER/raw_to_staging_dag.py', '--cfg-path', '/tmp/tmpga0b0u2k']
[2025-05-19T05:03:37.050+0000] {standard_task_runner.py:88} INFO - Job 1658: Subtask create_staging_customers
[2025-05-19T05:03:37.134+0000] {task_command.py:423} INFO - Running <TaskInstance: raw_to_staging_dag.create_staging_customers scheduled__2025-03-25T00:00:00+00:00 [running]> on host 98044bf8a4b3
[2025-05-19T05:03:37.358+0000] {taskinstance.py:2480} INFO - Exporting env vars: AIRFLOW_CTX_DAG_OWNER='simran' AIRFLOW_CTX_DAG_ID='raw_to_staging_dag' AIRFLOW_CTX_TASK_ID='create_staging_customers' AIRFLOW_CTX_EXECUTION_DATE='2025-03-25T00:00:00+00:00' AIRFLOW_CTX_TRY_NUMBER='1' AIRFLOW_CTX_DAG_RUN_ID='scheduled__2025-03-25T00:00:00+00:00'
[2025-05-19T05:03:37.362+0000] {sql.py:276} INFO - Executing: CREATE TABLE IF NOT EXISTS staging.customers AS
SELECT * FROM raw.customers WHERE 1=0;
[2025-05-19T05:03:37.378+0000] {base.py:83} INFO - Using connection ID 'airflow_db' for task execution.
[2025-05-19T05:03:37.388+0000] {base.py:83} INFO - Using connection ID 'airflow_db' for task execution.
[2025-05-19T05:03:37.401+0000] {taskinstance.py:2698} ERROR - Task failed with exception
Traceback (most recent call last):
  File "/home/airflow/.local/lib/python3.9/site-packages/airflow/models/taskinstance.py", line 433, in _execute_task
    result = execute_callable(context=context, **execute_callable_kwargs)
  File "/home/airflow/.local/lib/python3.9/site-packages/airflow/providers/common/sql/operators/sql.py", line 282, in execute
    output = hook.run(
  File "/home/airflow/.local/lib/python3.9/site-packages/airflow/providers/common/sql/hooks/sql.py", line 391, in run
    with closing(self.get_conn()) as conn:
  File "/home/airflow/.local/lib/python3.9/site-packages/airflow/providers/mysql/hooks/mysql.py", line 195, in get_conn
    return MySQLdb.connect(**conn_config)
  File "/home/airflow/.local/lib/python3.9/site-packages/MySQLdb/__init__.py", line 121, in Connect
    return Connection(*args, **kwargs)
  File "/home/airflow/.local/lib/python3.9/site-packages/MySQLdb/connections.py", line 193, in __init__
    super().__init__(*args, **kwargs2)
MySQLdb.OperationalError: (2005, "Unknown server host 'mysql' (-2)")
[2025-05-19T05:03:37.419+0000] {taskinstance.py:1138} INFO - Marking task as UP_FOR_RETRY. dag_id=raw_to_staging_dag, task_id=create_staging_customers, execution_date=20250325T000000, start_date=20250519T050337, end_date=20250519T050337
[2025-05-19T05:03:37.441+0000] {standard_task_runner.py:107} ERROR - Failed to execute job 1658 for task create_staging_customers ((2005, "Unknown server host 'mysql' (-2)"); 4854)
[2025-05-19T05:03:37.475+0000] {local_task_job_runner.py:234} INFO - Task exited with return code 1
[2025-05-19T05:03:37.503+0000] {taskinstance.py:3280} INFO - 0 downstream tasks scheduled from follow-on schedule check
[2025-05-20T03:56:59.459+0000] {taskinstance.py:1956} INFO - Dependencies all met for dep_context=non-requeueable deps ti=<TaskInstance: raw_to_staging_dag.create_staging_customers scheduled__2025-03-25T00:00:00+00:00 [queued]>
[2025-05-20T03:56:59.504+0000] {taskinstance.py:1956} INFO - Dependencies all met for dep_context=requeueable deps ti=<TaskInstance: raw_to_staging_dag.create_staging_customers scheduled__2025-03-25T00:00:00+00:00 [queued]>
[2025-05-20T03:56:59.507+0000] {taskinstance.py:2170} INFO - Starting attempt 1 of 4
[2025-05-20T03:57:00.067+0000] {taskinstance.py:2191} INFO - Executing <Task(PostgresOperator): create_staging_customers> on 2025-03-25 00:00:00+00:00
[2025-05-20T03:57:00.234+0000] {standard_task_runner.py:60} INFO - Started process 4803 to run task
[2025-05-20T03:57:00.257+0000] {standard_task_runner.py:87} INFO - Running: ['airflow', 'tasks', 'run', 'raw_to_staging_dag', 'create_staging_customers', 'scheduled__2025-03-25T00:00:00+00:00', '--job-id', '1663', '--raw', '--subdir', 'DAGS_FOLDER/raw_to_staging_dag.py', '--cfg-path', '/tmp/tmpkt6fc_z0']
[2025-05-20T03:57:00.264+0000] {standard_task_runner.py:88} INFO - Job 1663: Subtask create_staging_customers
[2025-05-20T03:57:00.439+0000] {task_command.py:423} INFO - Running <TaskInstance: raw_to_staging_dag.create_staging_customers scheduled__2025-03-25T00:00:00+00:00 [running]> on host 123cdc80f7f3
[2025-05-20T03:57:00.701+0000] {taskinstance.py:2480} INFO - Exporting env vars: AIRFLOW_CTX_DAG_OWNER='simran' AIRFLOW_CTX_DAG_ID='raw_to_staging_dag' AIRFLOW_CTX_TASK_ID='create_staging_customers' AIRFLOW_CTX_EXECUTION_DATE='2025-03-25T00:00:00+00:00' AIRFLOW_CTX_TRY_NUMBER='1' AIRFLOW_CTX_DAG_RUN_ID='scheduled__2025-03-25T00:00:00+00:00'
[2025-05-20T03:57:00.703+0000] {sql.py:276} INFO - Executing: CREATE TABLE IF NOT EXISTS staging.customers AS
SELECT * FROM raw.customers WHERE 1=0;
[2025-05-20T03:57:00.729+0000] {base.py:83} INFO - Using connection ID 'airflow_db' for task execution.
[2025-05-20T03:57:00.763+0000] {base.py:83} INFO - Using connection ID 'airflow_db' for task execution.
[2025-05-20T03:57:00.787+0000] {sql.py:450} INFO - Running statement: CREATE TABLE IF NOT EXISTS staging.customers AS
SELECT * FROM raw.customers WHERE 1=0;, parameters: None
[2025-05-20T03:57:00.796+0000] {taskinstance.py:2698} ERROR - Task failed with exception
Traceback (most recent call last):
  File "/home/airflow/.local/lib/python3.9/site-packages/airflow/models/taskinstance.py", line 433, in _execute_task
    result = execute_callable(context=context, **execute_callable_kwargs)
  File "/home/airflow/.local/lib/python3.9/site-packages/airflow/providers/common/sql/operators/sql.py", line 282, in execute
    output = hook.run(
  File "/home/airflow/.local/lib/python3.9/site-packages/airflow/providers/common/sql/hooks/sql.py", line 398, in run
    self._run_command(cur, sql_statement, parameters)
  File "/home/airflow/.local/lib/python3.9/site-packages/airflow/providers/common/sql/hooks/sql.py", line 455, in _run_command
    cur.execute(sql_statement)
psycopg2.errors.UndefinedTable: relation "raw.customers" does not exist
LINE 2: SELECT * FROM raw.customers WHERE 1=0;
                      ^

[2025-05-20T03:57:00.811+0000] {taskinstance.py:1138} INFO - Marking task as UP_FOR_RETRY. dag_id=raw_to_staging_dag, task_id=create_staging_customers, execution_date=20250325T000000, start_date=20250520T035659, end_date=20250520T035700
[2025-05-20T03:57:00.847+0000] {standard_task_runner.py:107} ERROR - Failed to execute job 1663 for task create_staging_customers (relation "raw.customers" does not exist
LINE 2: SELECT * FROM raw.customers WHERE 1=0;
                      ^
; 4803)
[2025-05-20T03:57:00.902+0000] {local_task_job_runner.py:234} INFO - Task exited with return code 1
[2025-05-20T03:57:01.208+0000] {taskinstance.py:3280} INFO - 0 downstream tasks scheduled from follow-on schedule check
