[2025-05-12T14:32:13.606+0000] {taskinstance.py:1956} INFO - Dependencies all met for dep_context=non-requeueable deps ti=<TaskInstance: raw_to_staging_dag.load_staging_transactions scheduled__2025-05-01T00:00:00+00:00 [queued]>
[2025-05-12T14:32:13.628+0000] {taskinstance.py:1956} INFO - Dependencies all met for dep_context=requeueable deps ti=<TaskInstance: raw_to_staging_dag.load_staging_transactions scheduled__2025-05-01T00:00:00+00:00 [queued]>
[2025-05-12T14:32:13.634+0000] {taskinstance.py:2170} INFO - Starting attempt 1 of 4
[2025-05-12T14:32:13.706+0000] {taskinstance.py:2191} INFO - Executing <Task(PostgresOperator): load_staging_transactions> on 2025-05-01 00:00:00+00:00
[2025-05-12T14:32:13.717+0000] {standard_task_runner.py:60} INFO - Started process 13642 to run task
[2025-05-12T14:32:13.763+0000] {standard_task_runner.py:87} INFO - Running: ['airflow', 'tasks', 'run', 'raw_to_staging_dag', 'load_staging_transactions', 'scheduled__2025-05-01T00:00:00+00:00', '--job-id', '3909', '--raw', '--subdir', 'DAGS_FOLDER/raw_to_staging_dag.py', '--cfg-path', '/tmp/tmpuht9c3z8']
[2025-05-12T14:32:13.775+0000] {standard_task_runner.py:88} INFO - Job 3909: Subtask load_staging_transactions
[2025-05-12T14:32:14.166+0000] {task_command.py:423} INFO - Running <TaskInstance: raw_to_staging_dag.load_staging_transactions scheduled__2025-05-01T00:00:00+00:00 [running]> on host 03858235192c
[2025-05-12T14:32:14.551+0000] {taskinstance.py:2480} INFO - Exporting env vars: AIRFLOW_CTX_DAG_OWNER='simran' AIRFLOW_CTX_DAG_ID='raw_to_staging_dag' AIRFLOW_CTX_TASK_ID='load_staging_transactions' AIRFLOW_CTX_EXECUTION_DATE='2025-05-01T00:00:00+00:00' AIRFLOW_CTX_TRY_NUMBER='1' AIRFLOW_CTX_DAG_RUN_ID='scheduled__2025-05-01T00:00:00+00:00'
[2025-05-12T14:32:14.555+0000] {sql.py:276} INFO - Executing: INSERT INTO staging.transactions
SELECT * FROM raw.transactions;
[2025-05-12T14:32:14.576+0000] {base.py:83} INFO - Using connection ID 'airflow_db' for task execution.
[2025-05-12T14:32:14.598+0000] {base.py:83} INFO - Using connection ID 'airflow_db' for task execution.
[2025-05-12T14:32:14.642+0000] {sql.py:450} INFO - Running statement: INSERT INTO staging.transactions
SELECT * FROM raw.transactions;, parameters: None
[2025-05-12T14:32:15.387+0000] {sql.py:459} INFO - Rows affected: 27536
[2025-05-12T14:32:15.421+0000] {taskinstance.py:1138} INFO - Marking task as SUCCESS. dag_id=raw_to_staging_dag, task_id=load_staging_transactions, execution_date=20250501T000000, start_date=20250512T143213, end_date=20250512T143215
[2025-05-12T14:32:15.480+0000] {local_task_job_runner.py:234} INFO - Task exited with return code 0
[2025-05-12T14:32:15.530+0000] {taskinstance.py:3280} INFO - 0 downstream tasks scheduled from follow-on schedule check
[2025-05-22T02:23:13.542+0000] {taskinstance.py:1956} INFO - Dependencies all met for dep_context=non-requeueable deps ti=<TaskInstance: raw_to_staging_dag.load_staging_transactions scheduled__2025-05-01T00:00:00+00:00 [queued]>
[2025-05-22T02:23:13.588+0000] {taskinstance.py:1956} INFO - Dependencies all met for dep_context=requeueable deps ti=<TaskInstance: raw_to_staging_dag.load_staging_transactions scheduled__2025-05-01T00:00:00+00:00 [queued]>
[2025-05-22T02:23:13.590+0000] {taskinstance.py:2170} INFO - Starting attempt 1 of 4
[2025-05-22T02:23:13.640+0000] {taskinstance.py:2191} INFO - Executing <Task(PostgresOperator): load_staging_transactions> on 2025-05-01 00:00:00+00:00
[2025-05-22T02:23:13.651+0000] {standard_task_runner.py:60} INFO - Started process 28448 to run task
[2025-05-22T02:23:13.669+0000] {standard_task_runner.py:87} INFO - Running: ['airflow', 'tasks', 'run', 'raw_to_staging_dag', 'load_staging_transactions', 'scheduled__2025-05-01T00:00:00+00:00', '--job-id', '3849', '--raw', '--subdir', 'DAGS_FOLDER/raw_to_staging_dag.py', '--cfg-path', '/tmp/tmp89q5kp7p']
[2025-05-22T02:23:13.681+0000] {standard_task_runner.py:88} INFO - Job 3849: Subtask load_staging_transactions
[2025-05-22T02:23:13.851+0000] {task_command.py:423} INFO - Running <TaskInstance: raw_to_staging_dag.load_staging_transactions scheduled__2025-05-01T00:00:00+00:00 [running]> on host 123cdc80f7f3
[2025-05-22T02:23:14.119+0000] {taskinstance.py:2480} INFO - Exporting env vars: AIRFLOW_CTX_DAG_OWNER='simran' AIRFLOW_CTX_DAG_ID='raw_to_staging_dag' AIRFLOW_CTX_TASK_ID='load_staging_transactions' AIRFLOW_CTX_EXECUTION_DATE='2025-05-01T00:00:00+00:00' AIRFLOW_CTX_TRY_NUMBER='1' AIRFLOW_CTX_DAG_RUN_ID='scheduled__2025-05-01T00:00:00+00:00'
[2025-05-22T02:23:14.125+0000] {sql.py:276} INFO - Executing: TRUNCATE TABLE staging.transactions;

INSERT INTO staging.transactions
SELECT * FROM raw.transactions;
[2025-05-22T02:23:14.182+0000] {base.py:83} INFO - Using connection ID 'airflow_db' for task execution.
[2025-05-22T02:23:14.209+0000] {base.py:83} INFO - Using connection ID 'airflow_db' for task execution.
[2025-05-22T02:23:14.273+0000] {sql.py:450} INFO - Running statement: TRUNCATE TABLE staging.transactions;

INSERT INTO staging.transactions
SELECT * FROM raw.transactions;, parameters: None
[2025-05-22T02:23:14.381+0000] {sql.py:459} INFO - Rows affected: 0
[2025-05-22T02:23:14.459+0000] {taskinstance.py:1138} INFO - Marking task as SUCCESS. dag_id=raw_to_staging_dag, task_id=load_staging_transactions, execution_date=20250501T000000, start_date=20250522T022313, end_date=20250522T022314
[2025-05-22T02:23:14.882+0000] {local_task_job_runner.py:234} INFO - Task exited with return code 0
[2025-05-22T02:23:15.076+0000] {taskinstance.py:3280} INFO - 0 downstream tasks scheduled from follow-on schedule check
