[2025-05-11T14:29:33.357+0000] {taskinstance.py:1956} INFO - Dependencies all met for dep_context=non-requeueable deps ti=<TaskInstance: raw_to_staging_dag.create_staging_accounts scheduled__2025-05-06T00:00:00+00:00 [queued]>
[2025-05-11T14:29:33.398+0000] {taskinstance.py:1956} INFO - Dependencies all met for dep_context=requeueable deps ti=<TaskInstance: raw_to_staging_dag.create_staging_accounts scheduled__2025-05-06T00:00:00+00:00 [queued]>
[2025-05-11T14:29:33.399+0000] {taskinstance.py:2170} INFO - Starting attempt 4 of 4
[2025-05-11T14:29:33.409+0000] {taskinstance.py:2191} INFO - Executing <Task(PostgresOperator): create_staging_accounts> on 2025-05-06 00:00:00+00:00
[2025-05-11T14:29:33.414+0000] {standard_task_runner.py:60} INFO - Started process 6303 to run task
[2025-05-11T14:29:33.425+0000] {standard_task_runner.py:87} INFO - Running: ['airflow', 'tasks', 'run', 'raw_to_staging_dag', 'create_staging_accounts', 'scheduled__2025-05-06T00:00:00+00:00', '--job-id', '2633', '--raw', '--subdir', 'DAGS_FOLDER/raw_to_staging_dag.py', '--cfg-path', '/tmp/tmpwq3m58cz']
[2025-05-11T14:29:33.434+0000] {standard_task_runner.py:88} INFO - Job 2633: Subtask create_staging_accounts
[2025-05-11T14:29:33.543+0000] {task_command.py:423} INFO - Running <TaskInstance: raw_to_staging_dag.create_staging_accounts scheduled__2025-05-06T00:00:00+00:00 [running]> on host 03858235192c
[2025-05-11T14:29:33.637+0000] {taskinstance.py:2480} INFO - Exporting env vars: AIRFLOW_CTX_DAG_OWNER='simran' AIRFLOW_CTX_DAG_ID='raw_to_staging_dag' AIRFLOW_CTX_TASK_ID='create_staging_accounts' AIRFLOW_CTX_EXECUTION_DATE='2025-05-06T00:00:00+00:00' AIRFLOW_CTX_TRY_NUMBER='4' AIRFLOW_CTX_DAG_RUN_ID='scheduled__2025-05-06T00:00:00+00:00'
[2025-05-11T14:29:33.640+0000] {sql.py:276} INFO - Executing: CREATE TABLE IF NOT EXISTS staging.accounts AS
SELECT * FROM raw.account WHERE 1=0;
[2025-05-11T14:29:33.659+0000] {base.py:83} INFO - Using connection ID 'postgres_local' for task execution.
[2025-05-11T14:29:33.684+0000] {base.py:83} INFO - Using connection ID 'postgres_local' for task execution.
[2025-05-11T14:29:33.688+0000] {taskinstance.py:2698} ERROR - Task failed with exception
Traceback (most recent call last):
  File "/home/airflow/.local/lib/python3.8/site-packages/airflow/models/taskinstance.py", line 433, in _execute_task
    result = execute_callable(context=context, **execute_callable_kwargs)
  File "/home/airflow/.local/lib/python3.8/site-packages/airflow/providers/common/sql/operators/sql.py", line 282, in execute
    output = hook.run(
  File "/home/airflow/.local/lib/python3.8/site-packages/airflow/providers/common/sql/hooks/sql.py", line 391, in run
    with closing(self.get_conn()) as conn:
  File "/home/airflow/.local/lib/python3.8/site-packages/airflow/providers/postgres/hooks/postgres.py", line 158, in get_conn
    self.conn = psycopg2.connect(**conn_args)
  File "/home/airflow/.local/lib/python3.8/site-packages/psycopg2/__init__.py", line 122, in connect
    conn = _connect(dsn, connection_factory=connection_factory, **kwasync)
psycopg2.OperationalError: connection to server at "localhost" (::1), port 5433 failed: Connection refused
	Is the server running on that host and accepting TCP/IP connections?
connection to server at "localhost" (127.0.0.1), port 5433 failed: Connection refused
	Is the server running on that host and accepting TCP/IP connections?

[2025-05-11T14:29:33.701+0000] {taskinstance.py:1138} INFO - Marking task as FAILED. dag_id=raw_to_staging_dag, task_id=create_staging_accounts, execution_date=20250506T000000, start_date=20250511T142933, end_date=20250511T142933
[2025-05-11T14:29:33.713+0000] {standard_task_runner.py:107} ERROR - Failed to execute job 2633 for task create_staging_accounts (connection to server at "localhost" (::1), port 5433 failed: Connection refused
	Is the server running on that host and accepting TCP/IP connections?
connection to server at "localhost" (127.0.0.1), port 5433 failed: Connection refused
	Is the server running on that host and accepting TCP/IP connections?
; 6303)
[2025-05-11T14:29:33.732+0000] {local_task_job_runner.py:234} INFO - Task exited with return code 1
[2025-05-11T14:29:33.791+0000] {taskinstance.py:3280} INFO - 0 downstream tasks scheduled from follow-on schedule check
[2025-05-19T05:50:27.319+0000] {taskinstance.py:1956} INFO - Dependencies all met for dep_context=non-requeueable deps ti=<TaskInstance: raw_to_staging_dag.create_staging_accounts scheduled__2025-05-06T00:00:00+00:00 [queued]>
[2025-05-19T05:50:27.338+0000] {taskinstance.py:1956} INFO - Dependencies all met for dep_context=requeueable deps ti=<TaskInstance: raw_to_staging_dag.create_staging_accounts scheduled__2025-05-06T00:00:00+00:00 [queued]>
[2025-05-19T05:50:27.340+0000] {taskinstance.py:2170} INFO - Starting attempt 4 of 4
[2025-05-19T05:50:27.417+0000] {taskinstance.py:2191} INFO - Executing <Task(PostgresOperator): create_staging_accounts> on 2025-05-06 00:00:00+00:00
[2025-05-19T05:50:27.442+0000] {standard_task_runner.py:60} INFO - Started process 7580 to run task
[2025-05-19T05:50:27.455+0000] {standard_task_runner.py:87} INFO - Running: ['airflow', 'tasks', 'run', 'raw_to_staging_dag', 'create_staging_accounts', 'scheduled__2025-05-06T00:00:00+00:00', '--job-id', '2563', '--raw', '--subdir', 'DAGS_FOLDER/raw_to_staging_dag.py', '--cfg-path', '/tmp/tmpi7oim37z']
[2025-05-19T05:50:27.458+0000] {standard_task_runner.py:88} INFO - Job 2563: Subtask create_staging_accounts
[2025-05-19T05:50:27.582+0000] {task_command.py:423} INFO - Running <TaskInstance: raw_to_staging_dag.create_staging_accounts scheduled__2025-05-06T00:00:00+00:00 [running]> on host 98044bf8a4b3
[2025-05-19T05:50:27.750+0000] {taskinstance.py:2480} INFO - Exporting env vars: AIRFLOW_CTX_DAG_OWNER='simran' AIRFLOW_CTX_DAG_ID='raw_to_staging_dag' AIRFLOW_CTX_TASK_ID='create_staging_accounts' AIRFLOW_CTX_EXECUTION_DATE='2025-05-06T00:00:00+00:00' AIRFLOW_CTX_TRY_NUMBER='4' AIRFLOW_CTX_DAG_RUN_ID='scheduled__2025-05-06T00:00:00+00:00'
[2025-05-19T05:50:27.752+0000] {sql.py:276} INFO - Executing: CREATE TABLE IF NOT EXISTS staging.accounts AS
SELECT * FROM raw.account WHERE 1=0;
[2025-05-19T05:50:27.801+0000] {base.py:83} INFO - Using connection ID 'airflow_db' for task execution.
[2025-05-19T05:50:27.829+0000] {base.py:83} INFO - Using connection ID 'airflow_db' for task execution.
[2025-05-19T05:50:27.843+0000] {taskinstance.py:2698} ERROR - Task failed with exception
Traceback (most recent call last):
  File "/home/airflow/.local/lib/python3.9/site-packages/airflow/models/taskinstance.py", line 433, in _execute_task
    result = execute_callable(context=context, **execute_callable_kwargs)
  File "/home/airflow/.local/lib/python3.9/site-packages/airflow/providers/common/sql/operators/sql.py", line 282, in execute
    output = hook.run(
  File "/home/airflow/.local/lib/python3.9/site-packages/airflow/providers/common/sql/hooks/sql.py", line 391, in run
    with closing(self.get_conn()) as conn:
  File "/home/airflow/.local/lib/python3.9/site-packages/airflow/providers/mysql/hooks/mysql.py", line 195, in get_conn
    return MySQLdb.connect(**conn_config)
  File "/home/airflow/.local/lib/python3.9/site-packages/MySQLdb/__init__.py", line 121, in Connect
    return Connection(*args, **kwargs)
  File "/home/airflow/.local/lib/python3.9/site-packages/MySQLdb/connections.py", line 193, in __init__
    super().__init__(*args, **kwargs2)
MySQLdb.OperationalError: (2005, "Unknown server host 'mysql' (-2)")
[2025-05-19T05:50:27.873+0000] {taskinstance.py:1138} INFO - Marking task as FAILED. dag_id=raw_to_staging_dag, task_id=create_staging_accounts, execution_date=20250506T000000, start_date=20250519T055027, end_date=20250519T055027
[2025-05-19T05:50:27.901+0000] {standard_task_runner.py:107} ERROR - Failed to execute job 2563 for task create_staging_accounts ((2005, "Unknown server host 'mysql' (-2)"); 7580)
[2025-05-19T05:50:27.937+0000] {local_task_job_runner.py:234} INFO - Task exited with return code 1
[2025-05-19T05:50:28.074+0000] {taskinstance.py:3280} INFO - 0 downstream tasks scheduled from follow-on schedule check
[2025-05-20T04:43:05.692+0000] {taskinstance.py:1956} INFO - Dependencies all met for dep_context=non-requeueable deps ti=<TaskInstance: raw_to_staging_dag.create_staging_accounts scheduled__2025-05-06T00:00:00+00:00 [queued]>
[2025-05-20T04:43:05.720+0000] {taskinstance.py:1956} INFO - Dependencies all met for dep_context=requeueable deps ti=<TaskInstance: raw_to_staging_dag.create_staging_accounts scheduled__2025-05-06T00:00:00+00:00 [queued]>
[2025-05-20T04:43:05.726+0000] {taskinstance.py:2170} INFO - Starting attempt 4 of 4
[2025-05-20T04:43:05.768+0000] {taskinstance.py:2191} INFO - Executing <Task(PostgresOperator): create_staging_accounts> on 2025-05-06 00:00:00+00:00
[2025-05-20T04:43:05.791+0000] {standard_task_runner.py:60} INFO - Started process 7434 to run task
[2025-05-20T04:43:05.800+0000] {standard_task_runner.py:87} INFO - Running: ['airflow', 'tasks', 'run', 'raw_to_staging_dag', 'create_staging_accounts', 'scheduled__2025-05-06T00:00:00+00:00', '--job-id', '2548', '--raw', '--subdir', 'DAGS_FOLDER/raw_to_staging_dag.py', '--cfg-path', '/tmp/tmp_yoq8fzx']
[2025-05-20T04:43:05.811+0000] {standard_task_runner.py:88} INFO - Job 2548: Subtask create_staging_accounts
[2025-05-20T04:43:05.944+0000] {task_command.py:423} INFO - Running <TaskInstance: raw_to_staging_dag.create_staging_accounts scheduled__2025-05-06T00:00:00+00:00 [running]> on host 123cdc80f7f3
[2025-05-20T04:43:06.103+0000] {taskinstance.py:2480} INFO - Exporting env vars: AIRFLOW_CTX_DAG_OWNER='simran' AIRFLOW_CTX_DAG_ID='raw_to_staging_dag' AIRFLOW_CTX_TASK_ID='create_staging_accounts' AIRFLOW_CTX_EXECUTION_DATE='2025-05-06T00:00:00+00:00' AIRFLOW_CTX_TRY_NUMBER='4' AIRFLOW_CTX_DAG_RUN_ID='scheduled__2025-05-06T00:00:00+00:00'
[2025-05-20T04:43:06.107+0000] {sql.py:276} INFO - Executing: CREATE TABLE IF NOT EXISTS staging.accounts AS
SELECT * FROM raw.account WHERE 1=0;
[2025-05-20T04:43:06.131+0000] {base.py:83} INFO - Using connection ID 'airflow_db' for task execution.
[2025-05-20T04:43:06.150+0000] {base.py:83} INFO - Using connection ID 'airflow_db' for task execution.
[2025-05-20T04:43:06.162+0000] {sql.py:450} INFO - Running statement: CREATE TABLE IF NOT EXISTS staging.accounts AS
SELECT * FROM raw.account WHERE 1=0;, parameters: None
[2025-05-20T04:43:06.165+0000] {taskinstance.py:2698} ERROR - Task failed with exception
Traceback (most recent call last):
  File "/home/airflow/.local/lib/python3.9/site-packages/airflow/models/taskinstance.py", line 433, in _execute_task
    result = execute_callable(context=context, **execute_callable_kwargs)
  File "/home/airflow/.local/lib/python3.9/site-packages/airflow/providers/common/sql/operators/sql.py", line 282, in execute
    output = hook.run(
  File "/home/airflow/.local/lib/python3.9/site-packages/airflow/providers/common/sql/hooks/sql.py", line 398, in run
    self._run_command(cur, sql_statement, parameters)
  File "/home/airflow/.local/lib/python3.9/site-packages/airflow/providers/common/sql/hooks/sql.py", line 455, in _run_command
    cur.execute(sql_statement)
psycopg2.errors.UndefinedTable: relation "raw.account" does not exist
LINE 2: SELECT * FROM raw.account WHERE 1=0;
                      ^

[2025-05-20T04:43:06.175+0000] {taskinstance.py:1138} INFO - Marking task as FAILED. dag_id=raw_to_staging_dag, task_id=create_staging_accounts, execution_date=20250506T000000, start_date=20250520T044305, end_date=20250520T044306
[2025-05-20T04:43:06.190+0000] {standard_task_runner.py:107} ERROR - Failed to execute job 2548 for task create_staging_accounts (relation "raw.account" does not exist
LINE 2: SELECT * FROM raw.account WHERE 1=0;
                      ^
; 7434)
[2025-05-20T04:43:06.236+0000] {local_task_job_runner.py:234} INFO - Task exited with return code 1
[2025-05-20T04:43:06.267+0000] {taskinstance.py:3280} INFO - 0 downstream tasks scheduled from follow-on schedule check
