[2025-05-12T14:29:35.973+0000] {taskinstance.py:1956} INFO - Dependencies all met for dep_context=non-requeueable deps ti=<TaskInstance: raw_to_staging_dag.load_staging_products scheduled__2025-02-13T00:00:00+00:00 [queued]>
[2025-05-12T14:29:35.997+0000] {taskinstance.py:1956} INFO - Dependencies all met for dep_context=requeueable deps ti=<TaskInstance: raw_to_staging_dag.load_staging_products scheduled__2025-02-13T00:00:00+00:00 [queued]>
[2025-05-12T14:29:35.998+0000] {taskinstance.py:2170} INFO - Starting attempt 1 of 4
[2025-05-12T14:29:36.034+0000] {taskinstance.py:2191} INFO - Executing <Task(PostgresOperator): load_staging_products> on 2025-02-13 00:00:00+00:00
[2025-05-12T14:29:36.046+0000] {standard_task_runner.py:60} INFO - Started process 12096 to run task
[2025-05-12T14:29:36.052+0000] {standard_task_runner.py:87} INFO - Running: ['airflow', 'tasks', 'run', 'raw_to_staging_dag', 'load_staging_products', 'scheduled__2025-02-13T00:00:00+00:00', '--job-id', '3149', '--raw', '--subdir', 'DAGS_FOLDER/raw_to_staging_dag.py', '--cfg-path', '/tmp/tmpl9t3p59h']
[2025-05-12T14:29:36.058+0000] {standard_task_runner.py:88} INFO - Job 3149: Subtask load_staging_products
[2025-05-12T14:29:36.144+0000] {task_command.py:423} INFO - Running <TaskInstance: raw_to_staging_dag.load_staging_products scheduled__2025-02-13T00:00:00+00:00 [running]> on host 03858235192c
[2025-05-12T14:29:36.384+0000] {taskinstance.py:2480} INFO - Exporting env vars: AIRFLOW_CTX_DAG_OWNER='simran' AIRFLOW_CTX_DAG_ID='raw_to_staging_dag' AIRFLOW_CTX_TASK_ID='load_staging_products' AIRFLOW_CTX_EXECUTION_DATE='2025-02-13T00:00:00+00:00' AIRFLOW_CTX_TRY_NUMBER='1' AIRFLOW_CTX_DAG_RUN_ID='scheduled__2025-02-13T00:00:00+00:00'
[2025-05-12T14:29:36.392+0000] {sql.py:276} INFO - Executing: INSERT INTO staging.products
SELECT * FROM raw.product;
[2025-05-12T14:29:36.434+0000] {base.py:83} INFO - Using connection ID 'airflow_db' for task execution.
[2025-05-12T14:29:36.462+0000] {base.py:83} INFO - Using connection ID 'airflow_db' for task execution.
[2025-05-12T14:29:36.521+0000] {sql.py:450} INFO - Running statement: INSERT INTO staging.products
SELECT * FROM raw.product;, parameters: None
[2025-05-12T14:29:36.533+0000] {sql.py:459} INFO - Rows affected: 24
[2025-05-12T14:29:36.602+0000] {taskinstance.py:1138} INFO - Marking task as SUCCESS. dag_id=raw_to_staging_dag, task_id=load_staging_products, execution_date=20250213T000000, start_date=20250512T142935, end_date=20250512T142936
[2025-05-12T14:29:36.705+0000] {local_task_job_runner.py:234} INFO - Task exited with return code 0
[2025-05-12T14:29:36.844+0000] {taskinstance.py:3280} INFO - 0 downstream tasks scheduled from follow-on schedule check
[2025-05-22T02:23:10.530+0000] {taskinstance.py:1956} INFO - Dependencies all met for dep_context=non-requeueable deps ti=<TaskInstance: raw_to_staging_dag.load_staging_products scheduled__2025-02-13T00:00:00+00:00 [queued]>
[2025-05-22T02:23:10.539+0000] {taskinstance.py:1956} INFO - Dependencies all met for dep_context=requeueable deps ti=<TaskInstance: raw_to_staging_dag.load_staging_products scheduled__2025-02-13T00:00:00+00:00 [queued]>
[2025-05-22T02:23:10.540+0000] {taskinstance.py:2170} INFO - Starting attempt 1 of 4
[2025-05-22T02:23:10.625+0000] {taskinstance.py:2191} INFO - Executing <Task(PostgresOperator): load_staging_products> on 2025-02-13 00:00:00+00:00
[2025-05-22T02:23:10.649+0000] {standard_task_runner.py:60} INFO - Started process 28390 to run task
[2025-05-22T02:23:10.663+0000] {standard_task_runner.py:87} INFO - Running: ['airflow', 'tasks', 'run', 'raw_to_staging_dag', 'load_staging_products', 'scheduled__2025-02-13T00:00:00+00:00', '--job-id', '3821', '--raw', '--subdir', 'DAGS_FOLDER/raw_to_staging_dag.py', '--cfg-path', '/tmp/tmpc2cqxmhc']
[2025-05-22T02:23:10.677+0000] {standard_task_runner.py:88} INFO - Job 3821: Subtask load_staging_products
[2025-05-22T02:23:10.797+0000] {task_command.py:423} INFO - Running <TaskInstance: raw_to_staging_dag.load_staging_products scheduled__2025-02-13T00:00:00+00:00 [running]> on host 123cdc80f7f3
[2025-05-22T02:23:10.892+0000] {taskinstance.py:2480} INFO - Exporting env vars: AIRFLOW_CTX_DAG_OWNER='simran' AIRFLOW_CTX_DAG_ID='raw_to_staging_dag' AIRFLOW_CTX_TASK_ID='load_staging_products' AIRFLOW_CTX_EXECUTION_DATE='2025-02-13T00:00:00+00:00' AIRFLOW_CTX_TRY_NUMBER='1' AIRFLOW_CTX_DAG_RUN_ID='scheduled__2025-02-13T00:00:00+00:00'
[2025-05-22T02:23:10.893+0000] {sql.py:276} INFO - Executing: TRUNCATE TABLE staging.products;

INSERT INTO staging.products
SELECT * FROM raw.product;
[2025-05-22T02:23:10.908+0000] {base.py:83} INFO - Using connection ID 'airflow_db' for task execution.
[2025-05-22T02:23:10.919+0000] {base.py:83} INFO - Using connection ID 'airflow_db' for task execution.
[2025-05-22T02:23:10.941+0000] {sql.py:450} INFO - Running statement: TRUNCATE TABLE staging.products;

INSERT INTO staging.products
SELECT * FROM raw.product;, parameters: None
[2025-05-22T02:23:10.954+0000] {sql.py:459} INFO - Rows affected: 0
[2025-05-22T02:23:11.002+0000] {taskinstance.py:1138} INFO - Marking task as SUCCESS. dag_id=raw_to_staging_dag, task_id=load_staging_products, execution_date=20250213T000000, start_date=20250522T022310, end_date=20250522T022311
[2025-05-22T02:23:11.052+0000] {local_task_job_runner.py:234} INFO - Task exited with return code 0
[2025-05-22T02:23:11.241+0000] {taskinstance.py:3280} INFO - 0 downstream tasks scheduled from follow-on schedule check
