[2025-05-11T14:14:29.173+0000] {taskinstance.py:1956} INFO - Dependencies all met for dep_context=non-requeueable deps ti=<TaskInstance: raw_to_staging_dag.create_staging_cards scheduled__2025-05-05T00:00:00+00:00 [queued]>
[2025-05-11T14:14:29.185+0000] {taskinstance.py:1956} INFO - Dependencies all met for dep_context=requeueable deps ti=<TaskInstance: raw_to_staging_dag.create_staging_cards scheduled__2025-05-05T00:00:00+00:00 [queued]>
[2025-05-11T14:14:29.188+0000] {taskinstance.py:2170} INFO - Starting attempt 1 of 4
[2025-05-11T14:14:29.304+0000] {taskinstance.py:2191} INFO - Executing <Task(PostgresOperator): create_staging_cards> on 2025-05-05 00:00:00+00:00
[2025-05-11T14:14:29.308+0000] {standard_task_runner.py:60} INFO - Started process 5797 to run task
[2025-05-11T14:14:29.313+0000] {standard_task_runner.py:87} INFO - Running: ['airflow', 'tasks', 'run', 'raw_to_staging_dag', 'create_staging_cards', 'scheduled__2025-05-05T00:00:00+00:00', '--job-id', '2453', '--raw', '--subdir', 'DAGS_FOLDER/raw_to_staging_dag.py', '--cfg-path', '/tmp/tmpjt2kh3h8']
[2025-05-11T14:14:29.316+0000] {standard_task_runner.py:88} INFO - Job 2453: Subtask create_staging_cards
[2025-05-11T14:14:29.452+0000] {task_command.py:423} INFO - Running <TaskInstance: raw_to_staging_dag.create_staging_cards scheduled__2025-05-05T00:00:00+00:00 [running]> on host 03858235192c
[2025-05-11T14:14:29.683+0000] {taskinstance.py:2480} INFO - Exporting env vars: AIRFLOW_CTX_DAG_OWNER='simran' AIRFLOW_CTX_DAG_ID='raw_to_staging_dag' AIRFLOW_CTX_TASK_ID='create_staging_cards' AIRFLOW_CTX_EXECUTION_DATE='2025-05-05T00:00:00+00:00' AIRFLOW_CTX_TRY_NUMBER='1' AIRFLOW_CTX_DAG_RUN_ID='scheduled__2025-05-05T00:00:00+00:00'
[2025-05-11T14:14:29.691+0000] {sql.py:276} INFO - Executing: CREATE TABLE IF NOT EXISTS staging.cards AS
SELECT * FROM raw.cards WHERE 1=0;
[2025-05-11T14:14:29.724+0000] {base.py:83} INFO - Using connection ID 'postgres_local' for task execution.
[2025-05-11T14:14:29.763+0000] {base.py:83} INFO - Using connection ID 'postgres_local' for task execution.
[2025-05-11T14:14:29.767+0000] {taskinstance.py:2698} ERROR - Task failed with exception
Traceback (most recent call last):
  File "/home/airflow/.local/lib/python3.8/site-packages/airflow/models/taskinstance.py", line 433, in _execute_task
    result = execute_callable(context=context, **execute_callable_kwargs)
  File "/home/airflow/.local/lib/python3.8/site-packages/airflow/providers/common/sql/operators/sql.py", line 282, in execute
    output = hook.run(
  File "/home/airflow/.local/lib/python3.8/site-packages/airflow/providers/common/sql/hooks/sql.py", line 391, in run
    with closing(self.get_conn()) as conn:
  File "/home/airflow/.local/lib/python3.8/site-packages/airflow/providers/postgres/hooks/postgres.py", line 158, in get_conn
    self.conn = psycopg2.connect(**conn_args)
  File "/home/airflow/.local/lib/python3.8/site-packages/psycopg2/__init__.py", line 122, in connect
    conn = _connect(dsn, connection_factory=connection_factory, **kwasync)
psycopg2.OperationalError: connection to server at "localhost" (::1), port 5433 failed: Connection refused
	Is the server running on that host and accepting TCP/IP connections?
connection to server at "localhost" (127.0.0.1), port 5433 failed: Connection refused
	Is the server running on that host and accepting TCP/IP connections?

[2025-05-11T14:14:29.784+0000] {taskinstance.py:1138} INFO - Marking task as UP_FOR_RETRY. dag_id=raw_to_staging_dag, task_id=create_staging_cards, execution_date=20250505T000000, start_date=20250511T141429, end_date=20250511T141429
[2025-05-11T14:14:29.807+0000] {standard_task_runner.py:107} ERROR - Failed to execute job 2453 for task create_staging_cards (connection to server at "localhost" (::1), port 5433 failed: Connection refused
	Is the server running on that host and accepting TCP/IP connections?
connection to server at "localhost" (127.0.0.1), port 5433 failed: Connection refused
	Is the server running on that host and accepting TCP/IP connections?
; 5797)
[2025-05-11T14:14:29.834+0000] {local_task_job_runner.py:234} INFO - Task exited with return code 1
[2025-05-11T14:14:29.974+0000] {taskinstance.py:3280} INFO - 0 downstream tasks scheduled from follow-on schedule check
[2025-05-12T14:32:21.422+0000] {taskinstance.py:1956} INFO - Dependencies all met for dep_context=non-requeueable deps ti=<TaskInstance: raw_to_staging_dag.create_staging_cards scheduled__2025-05-05T00:00:00+00:00 [queued]>
[2025-05-12T14:32:21.442+0000] {taskinstance.py:1956} INFO - Dependencies all met for dep_context=requeueable deps ti=<TaskInstance: raw_to_staging_dag.create_staging_cards scheduled__2025-05-05T00:00:00+00:00 [queued]>
[2025-05-12T14:32:21.446+0000] {taskinstance.py:2170} INFO - Starting attempt 1 of 4
[2025-05-12T14:32:21.497+0000] {taskinstance.py:2191} INFO - Executing <Task(PostgresOperator): create_staging_cards> on 2025-05-05 00:00:00+00:00
[2025-05-12T14:32:21.502+0000] {standard_task_runner.py:60} INFO - Started process 13706 to run task
[2025-05-12T14:32:21.518+0000] {standard_task_runner.py:87} INFO - Running: ['airflow', 'tasks', 'run', 'raw_to_staging_dag', 'create_staging_cards', 'scheduled__2025-05-05T00:00:00+00:00', '--job-id', '3943', '--raw', '--subdir', 'DAGS_FOLDER/raw_to_staging_dag.py', '--cfg-path', '/tmp/tmp76v0_lz6']
[2025-05-12T14:32:21.531+0000] {standard_task_runner.py:88} INFO - Job 3943: Subtask create_staging_cards
[2025-05-12T14:32:21.725+0000] {task_command.py:423} INFO - Running <TaskInstance: raw_to_staging_dag.create_staging_cards scheduled__2025-05-05T00:00:00+00:00 [running]> on host 03858235192c
[2025-05-12T14:32:21.973+0000] {taskinstance.py:2480} INFO - Exporting env vars: AIRFLOW_CTX_DAG_OWNER='simran' AIRFLOW_CTX_DAG_ID='raw_to_staging_dag' AIRFLOW_CTX_TASK_ID='create_staging_cards' AIRFLOW_CTX_EXECUTION_DATE='2025-05-05T00:00:00+00:00' AIRFLOW_CTX_TRY_NUMBER='1' AIRFLOW_CTX_DAG_RUN_ID='scheduled__2025-05-05T00:00:00+00:00'
[2025-05-12T14:32:21.974+0000] {sql.py:276} INFO - Executing: CREATE TABLE IF NOT EXISTS staging.cards AS
SELECT * FROM raw.cards WHERE 1=0;
[2025-05-12T14:32:22.036+0000] {base.py:83} INFO - Using connection ID 'airflow_db' for task execution.
[2025-05-12T14:32:22.089+0000] {base.py:83} INFO - Using connection ID 'airflow_db' for task execution.
[2025-05-12T14:32:22.123+0000] {sql.py:450} INFO - Running statement: CREATE TABLE IF NOT EXISTS staging.cards AS
SELECT * FROM raw.cards WHERE 1=0;, parameters: None
[2025-05-12T14:32:22.192+0000] {taskinstance.py:1138} INFO - Marking task as SUCCESS. dag_id=raw_to_staging_dag, task_id=create_staging_cards, execution_date=20250505T000000, start_date=20250512T143221, end_date=20250512T143222
[2025-05-12T14:32:22.260+0000] {local_task_job_runner.py:234} INFO - Task exited with return code 0
[2025-05-12T14:32:22.342+0000] {taskinstance.py:3280} INFO - 1 downstream tasks scheduled from follow-on schedule check
[2025-05-19T05:34:38.861+0000] {taskinstance.py:1956} INFO - Dependencies all met for dep_context=non-requeueable deps ti=<TaskInstance: raw_to_staging_dag.create_staging_cards scheduled__2025-05-05T00:00:00+00:00 [queued]>
[2025-05-19T05:34:38.879+0000] {taskinstance.py:1956} INFO - Dependencies all met for dep_context=requeueable deps ti=<TaskInstance: raw_to_staging_dag.create_staging_cards scheduled__2025-05-05T00:00:00+00:00 [queued]>
[2025-05-19T05:34:38.880+0000] {taskinstance.py:2170} INFO - Starting attempt 1 of 4
[2025-05-19T05:34:38.925+0000] {taskinstance.py:2191} INFO - Executing <Task(PostgresOperator): create_staging_cards> on 2025-05-05 00:00:00+00:00
[2025-05-19T05:34:38.932+0000] {standard_task_runner.py:60} INFO - Started process 6757 to run task
[2025-05-19T05:34:38.939+0000] {standard_task_runner.py:87} INFO - Running: ['airflow', 'tasks', 'run', 'raw_to_staging_dag', 'create_staging_cards', 'scheduled__2025-05-05T00:00:00+00:00', '--job-id', '2299', '--raw', '--subdir', 'DAGS_FOLDER/raw_to_staging_dag.py', '--cfg-path', '/tmp/tmplgwa9j63']
[2025-05-19T05:34:38.941+0000] {standard_task_runner.py:88} INFO - Job 2299: Subtask create_staging_cards
[2025-05-19T05:34:39.016+0000] {task_command.py:423} INFO - Running <TaskInstance: raw_to_staging_dag.create_staging_cards scheduled__2025-05-05T00:00:00+00:00 [running]> on host 98044bf8a4b3
[2025-05-19T05:34:39.132+0000] {taskinstance.py:2480} INFO - Exporting env vars: AIRFLOW_CTX_DAG_OWNER='simran' AIRFLOW_CTX_DAG_ID='raw_to_staging_dag' AIRFLOW_CTX_TASK_ID='create_staging_cards' AIRFLOW_CTX_EXECUTION_DATE='2025-05-05T00:00:00+00:00' AIRFLOW_CTX_TRY_NUMBER='1' AIRFLOW_CTX_DAG_RUN_ID='scheduled__2025-05-05T00:00:00+00:00'
[2025-05-19T05:34:39.145+0000] {sql.py:276} INFO - Executing: CREATE TABLE IF NOT EXISTS staging.cards AS
SELECT * FROM raw.cards WHERE 1=0;
[2025-05-19T05:34:39.185+0000] {base.py:83} INFO - Using connection ID 'airflow_db' for task execution.
[2025-05-19T05:34:39.208+0000] {base.py:83} INFO - Using connection ID 'airflow_db' for task execution.
[2025-05-19T05:34:39.224+0000] {taskinstance.py:2698} ERROR - Task failed with exception
Traceback (most recent call last):
  File "/home/airflow/.local/lib/python3.9/site-packages/airflow/models/taskinstance.py", line 433, in _execute_task
    result = execute_callable(context=context, **execute_callable_kwargs)
  File "/home/airflow/.local/lib/python3.9/site-packages/airflow/providers/common/sql/operators/sql.py", line 282, in execute
    output = hook.run(
  File "/home/airflow/.local/lib/python3.9/site-packages/airflow/providers/common/sql/hooks/sql.py", line 391, in run
    with closing(self.get_conn()) as conn:
  File "/home/airflow/.local/lib/python3.9/site-packages/airflow/providers/mysql/hooks/mysql.py", line 195, in get_conn
    return MySQLdb.connect(**conn_config)
  File "/home/airflow/.local/lib/python3.9/site-packages/MySQLdb/__init__.py", line 121, in Connect
    return Connection(*args, **kwargs)
  File "/home/airflow/.local/lib/python3.9/site-packages/MySQLdb/connections.py", line 193, in __init__
    super().__init__(*args, **kwargs2)
MySQLdb.OperationalError: (2005, "Unknown server host 'mysql' (-2)")
[2025-05-19T05:34:39.244+0000] {taskinstance.py:1138} INFO - Marking task as UP_FOR_RETRY. dag_id=raw_to_staging_dag, task_id=create_staging_cards, execution_date=20250505T000000, start_date=20250519T053438, end_date=20250519T053439
[2025-05-19T05:34:39.271+0000] {standard_task_runner.py:107} ERROR - Failed to execute job 2299 for task create_staging_cards ((2005, "Unknown server host 'mysql' (-2)"); 6757)
[2025-05-19T05:34:39.293+0000] {local_task_job_runner.py:234} INFO - Task exited with return code 1
[2025-05-19T05:34:39.439+0000] {taskinstance.py:3280} INFO - 0 downstream tasks scheduled from follow-on schedule check
[2025-05-20T04:27:58.804+0000] {taskinstance.py:1956} INFO - Dependencies all met for dep_context=non-requeueable deps ti=<TaskInstance: raw_to_staging_dag.create_staging_cards scheduled__2025-05-05T00:00:00+00:00 [queued]>
[2025-05-20T04:27:58.810+0000] {taskinstance.py:1956} INFO - Dependencies all met for dep_context=requeueable deps ti=<TaskInstance: raw_to_staging_dag.create_staging_cards scheduled__2025-05-05T00:00:00+00:00 [queued]>
[2025-05-20T04:27:58.810+0000] {taskinstance.py:2170} INFO - Starting attempt 1 of 4
[2025-05-20T04:27:58.827+0000] {taskinstance.py:2191} INFO - Executing <Task(PostgresOperator): create_staging_cards> on 2025-05-05 00:00:00+00:00
[2025-05-20T04:27:58.833+0000] {standard_task_runner.py:60} INFO - Started process 6651 to run task
[2025-05-20T04:27:58.838+0000] {standard_task_runner.py:87} INFO - Running: ['airflow', 'tasks', 'run', 'raw_to_staging_dag', 'create_staging_cards', 'scheduled__2025-05-05T00:00:00+00:00', '--job-id', '2303', '--raw', '--subdir', 'DAGS_FOLDER/raw_to_staging_dag.py', '--cfg-path', '/tmp/tmp2xroycin']
[2025-05-20T04:27:58.840+0000] {standard_task_runner.py:88} INFO - Job 2303: Subtask create_staging_cards
[2025-05-20T04:27:58.889+0000] {task_command.py:423} INFO - Running <TaskInstance: raw_to_staging_dag.create_staging_cards scheduled__2025-05-05T00:00:00+00:00 [running]> on host 123cdc80f7f3
[2025-05-20T04:27:58.951+0000] {taskinstance.py:2480} INFO - Exporting env vars: AIRFLOW_CTX_DAG_OWNER='simran' AIRFLOW_CTX_DAG_ID='raw_to_staging_dag' AIRFLOW_CTX_TASK_ID='create_staging_cards' AIRFLOW_CTX_EXECUTION_DATE='2025-05-05T00:00:00+00:00' AIRFLOW_CTX_TRY_NUMBER='1' AIRFLOW_CTX_DAG_RUN_ID='scheduled__2025-05-05T00:00:00+00:00'
[2025-05-20T04:27:58.954+0000] {sql.py:276} INFO - Executing: CREATE TABLE IF NOT EXISTS staging.cards AS
SELECT * FROM raw.cards WHERE 1=0;
[2025-05-20T04:27:58.986+0000] {base.py:83} INFO - Using connection ID 'airflow_db' for task execution.
[2025-05-20T04:27:59.001+0000] {base.py:83} INFO - Using connection ID 'airflow_db' for task execution.
[2025-05-20T04:27:59.022+0000] {sql.py:450} INFO - Running statement: CREATE TABLE IF NOT EXISTS staging.cards AS
SELECT * FROM raw.cards WHERE 1=0;, parameters: None
[2025-05-20T04:27:59.025+0000] {taskinstance.py:2698} ERROR - Task failed with exception
Traceback (most recent call last):
  File "/home/airflow/.local/lib/python3.9/site-packages/airflow/models/taskinstance.py", line 433, in _execute_task
    result = execute_callable(context=context, **execute_callable_kwargs)
  File "/home/airflow/.local/lib/python3.9/site-packages/airflow/providers/common/sql/operators/sql.py", line 282, in execute
    output = hook.run(
  File "/home/airflow/.local/lib/python3.9/site-packages/airflow/providers/common/sql/hooks/sql.py", line 398, in run
    self._run_command(cur, sql_statement, parameters)
  File "/home/airflow/.local/lib/python3.9/site-packages/airflow/providers/common/sql/hooks/sql.py", line 455, in _run_command
    cur.execute(sql_statement)
psycopg2.errors.UndefinedTable: relation "raw.cards" does not exist
LINE 2: SELECT * FROM raw.cards WHERE 1=0;
                      ^

[2025-05-20T04:27:59.036+0000] {taskinstance.py:1138} INFO - Marking task as UP_FOR_RETRY. dag_id=raw_to_staging_dag, task_id=create_staging_cards, execution_date=20250505T000000, start_date=20250520T042758, end_date=20250520T042759
[2025-05-20T04:27:59.061+0000] {standard_task_runner.py:107} ERROR - Failed to execute job 2303 for task create_staging_cards (relation "raw.cards" does not exist
LINE 2: SELECT * FROM raw.cards WHERE 1=0;
                      ^
; 6651)
[2025-05-20T04:27:59.106+0000] {local_task_job_runner.py:234} INFO - Task exited with return code 1
[2025-05-20T04:27:59.296+0000] {taskinstance.py:3280} INFO - 0 downstream tasks scheduled from follow-on schedule check
[2025-05-22T02:23:21.881+0000] {taskinstance.py:1956} INFO - Dependencies all met for dep_context=non-requeueable deps ti=<TaskInstance: raw_to_staging_dag.create_staging_cards scheduled__2025-05-05T00:00:00+00:00 [queued]>
[2025-05-22T02:23:21.894+0000] {taskinstance.py:1956} INFO - Dependencies all met for dep_context=requeueable deps ti=<TaskInstance: raw_to_staging_dag.create_staging_cards scheduled__2025-05-05T00:00:00+00:00 [queued]>
[2025-05-22T02:23:21.895+0000] {taskinstance.py:2170} INFO - Starting attempt 1 of 4
[2025-05-22T02:23:21.925+0000] {taskinstance.py:2191} INFO - Executing <Task(PostgresOperator): create_staging_cards> on 2025-05-05 00:00:00+00:00
[2025-05-22T02:23:21.936+0000] {standard_task_runner.py:60} INFO - Started process 28506 to run task
[2025-05-22T02:23:21.942+0000] {standard_task_runner.py:87} INFO - Running: ['airflow', 'tasks', 'run', 'raw_to_staging_dag', 'create_staging_cards', 'scheduled__2025-05-05T00:00:00+00:00', '--job-id', '3877', '--raw', '--subdir', 'DAGS_FOLDER/raw_to_staging_dag.py', '--cfg-path', '/tmp/tmpckw54li0']
[2025-05-22T02:23:21.947+0000] {standard_task_runner.py:88} INFO - Job 3877: Subtask create_staging_cards
[2025-05-22T02:23:22.043+0000] {task_command.py:423} INFO - Running <TaskInstance: raw_to_staging_dag.create_staging_cards scheduled__2025-05-05T00:00:00+00:00 [running]> on host 123cdc80f7f3
[2025-05-22T02:23:22.138+0000] {taskinstance.py:2480} INFO - Exporting env vars: AIRFLOW_CTX_DAG_OWNER='simran' AIRFLOW_CTX_DAG_ID='raw_to_staging_dag' AIRFLOW_CTX_TASK_ID='create_staging_cards' AIRFLOW_CTX_EXECUTION_DATE='2025-05-05T00:00:00+00:00' AIRFLOW_CTX_TRY_NUMBER='1' AIRFLOW_CTX_DAG_RUN_ID='scheduled__2025-05-05T00:00:00+00:00'
[2025-05-22T02:23:22.139+0000] {sql.py:276} INFO - Executing: CREATE TABLE IF NOT EXISTS staging.cards AS
SELECT * FROM raw.cards WHERE 1=0;
[2025-05-22T02:23:22.160+0000] {base.py:83} INFO - Using connection ID 'airflow_db' for task execution.
[2025-05-22T02:23:22.289+0000] {base.py:83} INFO - Using connection ID 'airflow_db' for task execution.
[2025-05-22T02:23:22.326+0000] {sql.py:450} INFO - Running statement: CREATE TABLE IF NOT EXISTS staging.cards AS
SELECT * FROM raw.cards WHERE 1=0;, parameters: None
[2025-05-22T02:23:22.350+0000] {taskinstance.py:1138} INFO - Marking task as SUCCESS. dag_id=raw_to_staging_dag, task_id=create_staging_cards, execution_date=20250505T000000, start_date=20250522T022321, end_date=20250522T022322
[2025-05-22T02:23:22.415+0000] {local_task_job_runner.py:234} INFO - Task exited with return code 0
[2025-05-22T02:23:22.527+0000] {taskinstance.py:3280} INFO - 1 downstream tasks scheduled from follow-on schedule check
