[2025-05-12T14:29:35.900+0000] {taskinstance.py:1956} INFO - Dependencies all met for dep_context=non-requeueable deps ti=<TaskInstance: raw_to_staging_dag.load_staging_cards scheduled__2025-02-13T00:00:00+00:00 [queued]>
[2025-05-12T14:29:35.918+0000] {taskinstance.py:1956} INFO - Dependencies all met for dep_context=requeueable deps ti=<TaskInstance: raw_to_staging_dag.load_staging_cards scheduled__2025-02-13T00:00:00+00:00 [queued]>
[2025-05-12T14:29:35.919+0000] {taskinstance.py:2170} INFO - Starting attempt 1 of 4
[2025-05-12T14:29:35.961+0000] {taskinstance.py:2191} INFO - Executing <Task(PostgresOperator): load_staging_cards> on 2025-02-13 00:00:00+00:00
[2025-05-12T14:29:35.965+0000] {standard_task_runner.py:60} INFO - Started process 12091 to run task
[2025-05-12T14:29:35.976+0000] {standard_task_runner.py:87} INFO - Running: ['airflow', 'tasks', 'run', 'raw_to_staging_dag', 'load_staging_cards', 'scheduled__2025-02-13T00:00:00+00:00', '--job-id', '3144', '--raw', '--subdir', 'DAGS_FOLDER/raw_to_staging_dag.py', '--cfg-path', '/tmp/tmpkn_yl7n7']
[2025-05-12T14:29:35.986+0000] {standard_task_runner.py:88} INFO - Job 3144: Subtask load_staging_cards
[2025-05-12T14:29:36.085+0000] {task_command.py:423} INFO - Running <TaskInstance: raw_to_staging_dag.load_staging_cards scheduled__2025-02-13T00:00:00+00:00 [running]> on host 03858235192c
[2025-05-12T14:29:36.310+0000] {taskinstance.py:2480} INFO - Exporting env vars: AIRFLOW_CTX_DAG_OWNER='simran' AIRFLOW_CTX_DAG_ID='raw_to_staging_dag' AIRFLOW_CTX_TASK_ID='load_staging_cards' AIRFLOW_CTX_EXECUTION_DATE='2025-02-13T00:00:00+00:00' AIRFLOW_CTX_TRY_NUMBER='1' AIRFLOW_CTX_DAG_RUN_ID='scheduled__2025-02-13T00:00:00+00:00'
[2025-05-12T14:29:36.316+0000] {sql.py:276} INFO - Executing: INSERT INTO staging.cards
SELECT * FROM raw.cards;
[2025-05-12T14:29:36.354+0000] {base.py:83} INFO - Using connection ID 'airflow_db' for task execution.
[2025-05-12T14:29:36.373+0000] {base.py:83} INFO - Using connection ID 'airflow_db' for task execution.
[2025-05-12T14:29:36.460+0000] {sql.py:450} INFO - Running statement: INSERT INTO staging.cards
SELECT * FROM raw.cards;, parameters: None
[2025-05-12T14:29:36.475+0000] {sql.py:459} INFO - Rows affected: 188
[2025-05-12T14:29:36.520+0000] {taskinstance.py:1138} INFO - Marking task as SUCCESS. dag_id=raw_to_staging_dag, task_id=load_staging_cards, execution_date=20250213T000000, start_date=20250512T142935, end_date=20250512T142936
[2025-05-12T14:29:36.570+0000] {local_task_job_runner.py:234} INFO - Task exited with return code 0
[2025-05-12T14:29:36.659+0000] {taskinstance.py:3280} INFO - 0 downstream tasks scheduled from follow-on schedule check
[2025-05-22T02:23:09.826+0000] {taskinstance.py:1956} INFO - Dependencies all met for dep_context=non-requeueable deps ti=<TaskInstance: raw_to_staging_dag.load_staging_cards scheduled__2025-02-13T00:00:00+00:00 [queued]>
[2025-05-22T02:23:09.856+0000] {taskinstance.py:1956} INFO - Dependencies all met for dep_context=requeueable deps ti=<TaskInstance: raw_to_staging_dag.load_staging_cards scheduled__2025-02-13T00:00:00+00:00 [queued]>
[2025-05-22T02:23:09.866+0000] {taskinstance.py:2170} INFO - Starting attempt 1 of 4
[2025-05-22T02:23:10.030+0000] {taskinstance.py:2191} INFO - Executing <Task(PostgresOperator): load_staging_cards> on 2025-02-13 00:00:00+00:00
[2025-05-22T02:23:10.060+0000] {standard_task_runner.py:60} INFO - Started process 28380 to run task
[2025-05-22T02:23:10.101+0000] {standard_task_runner.py:87} INFO - Running: ['airflow', 'tasks', 'run', 'raw_to_staging_dag', 'load_staging_cards', 'scheduled__2025-02-13T00:00:00+00:00', '--job-id', '3817', '--raw', '--subdir', 'DAGS_FOLDER/raw_to_staging_dag.py', '--cfg-path', '/tmp/tmppimi4tiu']
[2025-05-22T02:23:10.127+0000] {standard_task_runner.py:88} INFO - Job 3817: Subtask load_staging_cards
[2025-05-22T02:23:10.460+0000] {task_command.py:423} INFO - Running <TaskInstance: raw_to_staging_dag.load_staging_cards scheduled__2025-02-13T00:00:00+00:00 [running]> on host 123cdc80f7f3
[2025-05-22T02:23:10.680+0000] {taskinstance.py:2480} INFO - Exporting env vars: AIRFLOW_CTX_DAG_OWNER='simran' AIRFLOW_CTX_DAG_ID='raw_to_staging_dag' AIRFLOW_CTX_TASK_ID='load_staging_cards' AIRFLOW_CTX_EXECUTION_DATE='2025-02-13T00:00:00+00:00' AIRFLOW_CTX_TRY_NUMBER='1' AIRFLOW_CTX_DAG_RUN_ID='scheduled__2025-02-13T00:00:00+00:00'
[2025-05-22T02:23:10.686+0000] {sql.py:276} INFO - Executing: TRUNCATE TABLE staging.cards;

INSERT INTO staging.cards
SELECT * FROM raw.cards;
[2025-05-22T02:23:10.748+0000] {base.py:83} INFO - Using connection ID 'airflow_db' for task execution.
[2025-05-22T02:23:10.803+0000] {base.py:83} INFO - Using connection ID 'airflow_db' for task execution.
[2025-05-22T02:23:10.819+0000] {sql.py:450} INFO - Running statement: TRUNCATE TABLE staging.cards;

INSERT INTO staging.cards
SELECT * FROM raw.cards;, parameters: None
[2025-05-22T02:23:10.828+0000] {sql.py:459} INFO - Rows affected: 0
[2025-05-22T02:23:10.885+0000] {taskinstance.py:1138} INFO - Marking task as SUCCESS. dag_id=raw_to_staging_dag, task_id=load_staging_cards, execution_date=20250213T000000, start_date=20250522T022309, end_date=20250522T022310
[2025-05-22T02:23:10.972+0000] {local_task_job_runner.py:234} INFO - Task exited with return code 0
[2025-05-22T02:23:11.038+0000] {taskinstance.py:3280} INFO - 0 downstream tasks scheduled from follow-on schedule check
