[2025-05-11T14:14:30.319+0000] {taskinstance.py:1956} INFO - Dependencies all met for dep_context=non-requeueable deps ti=<TaskInstance: raw_to_staging_dag.create_staging_transactions scheduled__2025-05-08T00:00:00+00:00 [queued]>
[2025-05-11T14:14:30.326+0000] {taskinstance.py:1956} INFO - Dependencies all met for dep_context=requeueable deps ti=<TaskInstance: raw_to_staging_dag.create_staging_transactions scheduled__2025-05-08T00:00:00+00:00 [queued]>
[2025-05-11T14:14:30.327+0000] {taskinstance.py:2170} INFO - Starting attempt 1 of 4
[2025-05-11T14:14:30.338+0000] {taskinstance.py:2191} INFO - Executing <Task(PostgresOperator): create_staging_transactions> on 2025-05-08 00:00:00+00:00
[2025-05-11T14:14:30.344+0000] {standard_task_runner.py:60} INFO - Started process 5821 to run task
[2025-05-11T14:14:30.347+0000] {standard_task_runner.py:87} INFO - Running: ['airflow', 'tasks', 'run', 'raw_to_staging_dag', 'create_staging_transactions', 'scheduled__2025-05-08T00:00:00+00:00', '--job-id', '2469', '--raw', '--subdir', 'DAGS_FOLDER/raw_to_staging_dag.py', '--cfg-path', '/tmp/tmpylet1yp0']
[2025-05-11T14:14:30.350+0000] {standard_task_runner.py:88} INFO - Job 2469: Subtask create_staging_transactions
[2025-05-11T14:14:30.426+0000] {task_command.py:423} INFO - Running <TaskInstance: raw_to_staging_dag.create_staging_transactions scheduled__2025-05-08T00:00:00+00:00 [running]> on host 03858235192c
[2025-05-11T14:14:30.503+0000] {taskinstance.py:2480} INFO - Exporting env vars: AIRFLOW_CTX_DAG_OWNER='simran' AIRFLOW_CTX_DAG_ID='raw_to_staging_dag' AIRFLOW_CTX_TASK_ID='create_staging_transactions' AIRFLOW_CTX_EXECUTION_DATE='2025-05-08T00:00:00+00:00' AIRFLOW_CTX_TRY_NUMBER='1' AIRFLOW_CTX_DAG_RUN_ID='scheduled__2025-05-08T00:00:00+00:00'
[2025-05-11T14:14:30.504+0000] {sql.py:276} INFO - Executing: CREATE TABLE IF NOT EXISTS staging.transactions AS
SELECT * FROM raw.transactions WHERE 1=0;
[2025-05-11T14:14:30.525+0000] {base.py:83} INFO - Using connection ID 'postgres_local' for task execution.
[2025-05-11T14:14:30.545+0000] {base.py:83} INFO - Using connection ID 'postgres_local' for task execution.
[2025-05-11T14:14:30.546+0000] {taskinstance.py:2698} ERROR - Task failed with exception
Traceback (most recent call last):
  File "/home/airflow/.local/lib/python3.8/site-packages/airflow/models/taskinstance.py", line 433, in _execute_task
    result = execute_callable(context=context, **execute_callable_kwargs)
  File "/home/airflow/.local/lib/python3.8/site-packages/airflow/providers/common/sql/operators/sql.py", line 282, in execute
    output = hook.run(
  File "/home/airflow/.local/lib/python3.8/site-packages/airflow/providers/common/sql/hooks/sql.py", line 391, in run
    with closing(self.get_conn()) as conn:
  File "/home/airflow/.local/lib/python3.8/site-packages/airflow/providers/postgres/hooks/postgres.py", line 158, in get_conn
    self.conn = psycopg2.connect(**conn_args)
  File "/home/airflow/.local/lib/python3.8/site-packages/psycopg2/__init__.py", line 122, in connect
    conn = _connect(dsn, connection_factory=connection_factory, **kwasync)
psycopg2.OperationalError: connection to server at "localhost" (::1), port 5433 failed: Connection refused
	Is the server running on that host and accepting TCP/IP connections?
connection to server at "localhost" (127.0.0.1), port 5433 failed: Connection refused
	Is the server running on that host and accepting TCP/IP connections?

[2025-05-11T14:14:30.556+0000] {taskinstance.py:1138} INFO - Marking task as UP_FOR_RETRY. dag_id=raw_to_staging_dag, task_id=create_staging_transactions, execution_date=20250508T000000, start_date=20250511T141430, end_date=20250511T141430
[2025-05-11T14:14:30.564+0000] {standard_task_runner.py:107} ERROR - Failed to execute job 2469 for task create_staging_transactions (connection to server at "localhost" (::1), port 5433 failed: Connection refused
	Is the server running on that host and accepting TCP/IP connections?
connection to server at "localhost" (127.0.0.1), port 5433 failed: Connection refused
	Is the server running on that host and accepting TCP/IP connections?
; 5821)
[2025-05-11T14:14:30.574+0000] {local_task_job_runner.py:234} INFO - Task exited with return code 1
[2025-05-11T14:14:30.593+0000] {taskinstance.py:3280} INFO - 0 downstream tasks scheduled from follow-on schedule check
[2025-05-12T14:32:23.068+0000] {taskinstance.py:1956} INFO - Dependencies all met for dep_context=non-requeueable deps ti=<TaskInstance: raw_to_staging_dag.create_staging_transactions scheduled__2025-05-08T00:00:00+00:00 [queued]>
[2025-05-12T14:32:23.115+0000] {taskinstance.py:1956} INFO - Dependencies all met for dep_context=requeueable deps ti=<TaskInstance: raw_to_staging_dag.create_staging_transactions scheduled__2025-05-08T00:00:00+00:00 [queued]>
[2025-05-12T14:32:23.143+0000] {taskinstance.py:2170} INFO - Starting attempt 1 of 4
[2025-05-12T14:32:23.265+0000] {taskinstance.py:2191} INFO - Executing <Task(PostgresOperator): create_staging_transactions> on 2025-05-08 00:00:00+00:00
[2025-05-12T14:32:23.284+0000] {standard_task_runner.py:60} INFO - Started process 13734 to run task
[2025-05-12T14:32:23.292+0000] {standard_task_runner.py:87} INFO - Running: ['airflow', 'tasks', 'run', 'raw_to_staging_dag', 'create_staging_transactions', 'scheduled__2025-05-08T00:00:00+00:00', '--job-id', '3951', '--raw', '--subdir', 'DAGS_FOLDER/raw_to_staging_dag.py', '--cfg-path', '/tmp/tmp_50xxb8o']
[2025-05-12T14:32:23.318+0000] {standard_task_runner.py:88} INFO - Job 3951: Subtask create_staging_transactions
[2025-05-12T14:32:23.520+0000] {task_command.py:423} INFO - Running <TaskInstance: raw_to_staging_dag.create_staging_transactions scheduled__2025-05-08T00:00:00+00:00 [running]> on host 03858235192c
[2025-05-12T14:32:24.012+0000] {taskinstance.py:2480} INFO - Exporting env vars: AIRFLOW_CTX_DAG_OWNER='simran' AIRFLOW_CTX_DAG_ID='raw_to_staging_dag' AIRFLOW_CTX_TASK_ID='create_staging_transactions' AIRFLOW_CTX_EXECUTION_DATE='2025-05-08T00:00:00+00:00' AIRFLOW_CTX_TRY_NUMBER='1' AIRFLOW_CTX_DAG_RUN_ID='scheduled__2025-05-08T00:00:00+00:00'
[2025-05-12T14:32:24.029+0000] {sql.py:276} INFO - Executing: CREATE TABLE IF NOT EXISTS staging.transactions AS
SELECT * FROM raw.transactions WHERE 1=0;
[2025-05-12T14:32:24.089+0000] {base.py:83} INFO - Using connection ID 'airflow_db' for task execution.
[2025-05-12T14:32:24.151+0000] {base.py:83} INFO - Using connection ID 'airflow_db' for task execution.
[2025-05-12T14:32:24.213+0000] {sql.py:450} INFO - Running statement: CREATE TABLE IF NOT EXISTS staging.transactions AS
SELECT * FROM raw.transactions WHERE 1=0;, parameters: None
[2025-05-12T14:32:24.255+0000] {taskinstance.py:1138} INFO - Marking task as SUCCESS. dag_id=raw_to_staging_dag, task_id=create_staging_transactions, execution_date=20250508T000000, start_date=20250512T143223, end_date=20250512T143224
[2025-05-12T14:32:24.359+0000] {local_task_job_runner.py:234} INFO - Task exited with return code 0
[2025-05-12T14:32:24.495+0000] {taskinstance.py:3280} INFO - 1 downstream tasks scheduled from follow-on schedule check
[2025-05-19T05:48:53.383+0000] {taskinstance.py:1956} INFO - Dependencies all met for dep_context=non-requeueable deps ti=<TaskInstance: raw_to_staging_dag.create_staging_transactions scheduled__2025-05-08T00:00:00+00:00 [queued]>
[2025-05-19T05:48:53.389+0000] {taskinstance.py:1956} INFO - Dependencies all met for dep_context=requeueable deps ti=<TaskInstance: raw_to_staging_dag.create_staging_transactions scheduled__2025-05-08T00:00:00+00:00 [queued]>
[2025-05-19T05:48:53.389+0000] {taskinstance.py:2170} INFO - Starting attempt 1 of 4
[2025-05-19T05:48:53.398+0000] {taskinstance.py:2191} INFO - Executing <Task(PostgresOperator): create_staging_transactions> on 2025-05-08 00:00:00+00:00
[2025-05-19T05:48:53.401+0000] {standard_task_runner.py:60} INFO - Started process 7397 to run task
[2025-05-19T05:48:53.406+0000] {standard_task_runner.py:87} INFO - Running: ['airflow', 'tasks', 'run', 'raw_to_staging_dag', 'create_staging_transactions', 'scheduled__2025-05-08T00:00:00+00:00', '--job-id', '2491', '--raw', '--subdir', 'DAGS_FOLDER/raw_to_staging_dag.py', '--cfg-path', '/tmp/tmp60fh4_8l']
[2025-05-19T05:48:53.408+0000] {standard_task_runner.py:88} INFO - Job 2491: Subtask create_staging_transactions
[2025-05-19T05:48:53.452+0000] {task_command.py:423} INFO - Running <TaskInstance: raw_to_staging_dag.create_staging_transactions scheduled__2025-05-08T00:00:00+00:00 [running]> on host 98044bf8a4b3
[2025-05-19T05:48:53.509+0000] {taskinstance.py:2480} INFO - Exporting env vars: AIRFLOW_CTX_DAG_OWNER='simran' AIRFLOW_CTX_DAG_ID='raw_to_staging_dag' AIRFLOW_CTX_TASK_ID='create_staging_transactions' AIRFLOW_CTX_EXECUTION_DATE='2025-05-08T00:00:00+00:00' AIRFLOW_CTX_TRY_NUMBER='1' AIRFLOW_CTX_DAG_RUN_ID='scheduled__2025-05-08T00:00:00+00:00'
[2025-05-19T05:48:53.509+0000] {sql.py:276} INFO - Executing: CREATE TABLE IF NOT EXISTS staging.transactions AS
SELECT * FROM raw.transactions WHERE 1=0;
[2025-05-19T05:48:53.517+0000] {base.py:83} INFO - Using connection ID 'airflow_db' for task execution.
[2025-05-19T05:48:53.527+0000] {base.py:83} INFO - Using connection ID 'airflow_db' for task execution.
[2025-05-19T05:48:53.536+0000] {taskinstance.py:2698} ERROR - Task failed with exception
Traceback (most recent call last):
  File "/home/airflow/.local/lib/python3.9/site-packages/airflow/models/taskinstance.py", line 433, in _execute_task
    result = execute_callable(context=context, **execute_callable_kwargs)
  File "/home/airflow/.local/lib/python3.9/site-packages/airflow/providers/common/sql/operators/sql.py", line 282, in execute
    output = hook.run(
  File "/home/airflow/.local/lib/python3.9/site-packages/airflow/providers/common/sql/hooks/sql.py", line 391, in run
    with closing(self.get_conn()) as conn:
  File "/home/airflow/.local/lib/python3.9/site-packages/airflow/providers/mysql/hooks/mysql.py", line 195, in get_conn
    return MySQLdb.connect(**conn_config)
  File "/home/airflow/.local/lib/python3.9/site-packages/MySQLdb/__init__.py", line 121, in Connect
    return Connection(*args, **kwargs)
  File "/home/airflow/.local/lib/python3.9/site-packages/MySQLdb/connections.py", line 193, in __init__
    super().__init__(*args, **kwargs2)
MySQLdb.OperationalError: (2005, "Unknown server host 'mysql' (-2)")
[2025-05-19T05:48:53.542+0000] {taskinstance.py:1138} INFO - Marking task as UP_FOR_RETRY. dag_id=raw_to_staging_dag, task_id=create_staging_transactions, execution_date=20250508T000000, start_date=20250519T054853, end_date=20250519T054853
[2025-05-19T05:48:53.549+0000] {standard_task_runner.py:107} ERROR - Failed to execute job 2491 for task create_staging_transactions ((2005, "Unknown server host 'mysql' (-2)"); 7397)
[2025-05-19T05:48:53.588+0000] {local_task_job_runner.py:234} INFO - Task exited with return code 1
[2025-05-19T05:48:53.599+0000] {taskinstance.py:3280} INFO - 0 downstream tasks scheduled from follow-on schedule check
[2025-05-20T04:43:14.579+0000] {taskinstance.py:1956} INFO - Dependencies all met for dep_context=non-requeueable deps ti=<TaskInstance: raw_to_staging_dag.create_staging_transactions scheduled__2025-05-08T00:00:00+00:00 [queued]>
[2025-05-20T04:43:14.586+0000] {taskinstance.py:1956} INFO - Dependencies all met for dep_context=requeueable deps ti=<TaskInstance: raw_to_staging_dag.create_staging_transactions scheduled__2025-05-08T00:00:00+00:00 [queued]>
[2025-05-20T04:43:14.587+0000] {taskinstance.py:2170} INFO - Starting attempt 1 of 4
[2025-05-20T04:43:14.603+0000] {taskinstance.py:2191} INFO - Executing <Task(PostgresOperator): create_staging_transactions> on 2025-05-08 00:00:00+00:00
[2025-05-20T04:43:14.610+0000] {standard_task_runner.py:60} INFO - Started process 7472 to run task
[2025-05-20T04:43:14.614+0000] {standard_task_runner.py:87} INFO - Running: ['airflow', 'tasks', 'run', 'raw_to_staging_dag', 'create_staging_transactions', 'scheduled__2025-05-08T00:00:00+00:00', '--job-id', '2564', '--raw', '--subdir', 'DAGS_FOLDER/raw_to_staging_dag.py', '--cfg-path', '/tmp/tmpj_6498pv']
[2025-05-20T04:43:14.615+0000] {standard_task_runner.py:88} INFO - Job 2564: Subtask create_staging_transactions
[2025-05-20T04:43:14.671+0000] {task_command.py:423} INFO - Running <TaskInstance: raw_to_staging_dag.create_staging_transactions scheduled__2025-05-08T00:00:00+00:00 [running]> on host 123cdc80f7f3
[2025-05-20T04:43:14.740+0000] {taskinstance.py:2480} INFO - Exporting env vars: AIRFLOW_CTX_DAG_OWNER='simran' AIRFLOW_CTX_DAG_ID='raw_to_staging_dag' AIRFLOW_CTX_TASK_ID='create_staging_transactions' AIRFLOW_CTX_EXECUTION_DATE='2025-05-08T00:00:00+00:00' AIRFLOW_CTX_TRY_NUMBER='1' AIRFLOW_CTX_DAG_RUN_ID='scheduled__2025-05-08T00:00:00+00:00'
[2025-05-20T04:43:14.741+0000] {sql.py:276} INFO - Executing: CREATE TABLE IF NOT EXISTS staging.transactions AS
SELECT * FROM raw.transactions WHERE 1=0;
[2025-05-20T04:43:14.752+0000] {base.py:83} INFO - Using connection ID 'airflow_db' for task execution.
[2025-05-20T04:43:14.759+0000] {base.py:83} INFO - Using connection ID 'airflow_db' for task execution.
[2025-05-20T04:43:14.768+0000] {sql.py:450} INFO - Running statement: CREATE TABLE IF NOT EXISTS staging.transactions AS
SELECT * FROM raw.transactions WHERE 1=0;, parameters: None
[2025-05-20T04:43:14.771+0000] {taskinstance.py:2698} ERROR - Task failed with exception
Traceback (most recent call last):
  File "/home/airflow/.local/lib/python3.9/site-packages/airflow/models/taskinstance.py", line 433, in _execute_task
    result = execute_callable(context=context, **execute_callable_kwargs)
  File "/home/airflow/.local/lib/python3.9/site-packages/airflow/providers/common/sql/operators/sql.py", line 282, in execute
    output = hook.run(
  File "/home/airflow/.local/lib/python3.9/site-packages/airflow/providers/common/sql/hooks/sql.py", line 398, in run
    self._run_command(cur, sql_statement, parameters)
  File "/home/airflow/.local/lib/python3.9/site-packages/airflow/providers/common/sql/hooks/sql.py", line 455, in _run_command
    cur.execute(sql_statement)
psycopg2.errors.UndefinedTable: relation "raw.transactions" does not exist
LINE 2: SELECT * FROM raw.transactions WHERE 1=0;
                      ^

[2025-05-20T04:43:14.777+0000] {taskinstance.py:1138} INFO - Marking task as UP_FOR_RETRY. dag_id=raw_to_staging_dag, task_id=create_staging_transactions, execution_date=20250508T000000, start_date=20250520T044314, end_date=20250520T044314
[2025-05-20T04:43:14.783+0000] {standard_task_runner.py:107} ERROR - Failed to execute job 2564 for task create_staging_transactions (relation "raw.transactions" does not exist
LINE 2: SELECT * FROM raw.transactions WHERE 1=0;
                      ^
; 7472)
[2025-05-20T04:43:14.795+0000] {local_task_job_runner.py:234} INFO - Task exited with return code 1
[2025-05-20T04:43:14.806+0000] {taskinstance.py:3280} INFO - 0 downstream tasks scheduled from follow-on schedule check
[2025-05-22T02:23:32.276+0000] {taskinstance.py:1956} INFO - Dependencies all met for dep_context=non-requeueable deps ti=<TaskInstance: raw_to_staging_dag.create_staging_transactions scheduled__2025-05-08T00:00:00+00:00 [queued]>
[2025-05-22T02:23:32.300+0000] {taskinstance.py:1956} INFO - Dependencies all met for dep_context=requeueable deps ti=<TaskInstance: raw_to_staging_dag.create_staging_transactions scheduled__2025-05-08T00:00:00+00:00 [queued]>
[2025-05-22T02:23:32.301+0000] {taskinstance.py:2170} INFO - Starting attempt 1 of 4
[2025-05-22T02:23:32.345+0000] {taskinstance.py:2191} INFO - Executing <Task(PostgresOperator): create_staging_transactions> on 2025-05-08 00:00:00+00:00
[2025-05-22T02:23:32.364+0000] {standard_task_runner.py:60} INFO - Started process 28587 to run task
[2025-05-22T02:23:32.395+0000] {standard_task_runner.py:87} INFO - Running: ['airflow', 'tasks', 'run', 'raw_to_staging_dag', 'create_staging_transactions', 'scheduled__2025-05-08T00:00:00+00:00', '--job-id', '3917', '--raw', '--subdir', 'DAGS_FOLDER/raw_to_staging_dag.py', '--cfg-path', '/tmp/tmpsczcrveg']
[2025-05-22T02:23:32.401+0000] {standard_task_runner.py:88} INFO - Job 3917: Subtask create_staging_transactions
[2025-05-22T02:23:32.559+0000] {task_command.py:423} INFO - Running <TaskInstance: raw_to_staging_dag.create_staging_transactions scheduled__2025-05-08T00:00:00+00:00 [running]> on host 123cdc80f7f3
[2025-05-22T02:23:32.837+0000] {taskinstance.py:2480} INFO - Exporting env vars: AIRFLOW_CTX_DAG_OWNER='simran' AIRFLOW_CTX_DAG_ID='raw_to_staging_dag' AIRFLOW_CTX_TASK_ID='create_staging_transactions' AIRFLOW_CTX_EXECUTION_DATE='2025-05-08T00:00:00+00:00' AIRFLOW_CTX_TRY_NUMBER='1' AIRFLOW_CTX_DAG_RUN_ID='scheduled__2025-05-08T00:00:00+00:00'
[2025-05-22T02:23:32.845+0000] {sql.py:276} INFO - Executing: CREATE TABLE IF NOT EXISTS staging.transactions AS
SELECT * FROM raw.transactions WHERE 1=0;
[2025-05-22T02:23:32.881+0000] {base.py:83} INFO - Using connection ID 'airflow_db' for task execution.
[2025-05-22T02:23:32.989+0000] {base.py:83} INFO - Using connection ID 'airflow_db' for task execution.
[2025-05-22T02:23:33.059+0000] {sql.py:450} INFO - Running statement: CREATE TABLE IF NOT EXISTS staging.transactions AS
SELECT * FROM raw.transactions WHERE 1=0;, parameters: None
[2025-05-22T02:23:33.087+0000] {taskinstance.py:1138} INFO - Marking task as SUCCESS. dag_id=raw_to_staging_dag, task_id=create_staging_transactions, execution_date=20250508T000000, start_date=20250522T022332, end_date=20250522T022333
[2025-05-22T02:23:33.114+0000] {local_task_job_runner.py:234} INFO - Task exited with return code 0
[2025-05-22T02:23:33.163+0000] {taskinstance.py:3280} INFO - 1 downstream tasks scheduled from follow-on schedule check
