[2025-05-11T13:58:58.232+0000] {taskinstance.py:1956} INFO - Dependencies all met for dep_context=non-requeueable deps ti=<TaskInstance: raw_to_staging_dag.create_staging_transactions scheduled__2025-04-12T00:00:00+00:00 [queued]>
[2025-05-11T13:58:58.240+0000] {taskinstance.py:1956} INFO - Dependencies all met for dep_context=requeueable deps ti=<TaskInstance: raw_to_staging_dag.create_staging_transactions scheduled__2025-04-12T00:00:00+00:00 [queued]>
[2025-05-11T13:58:58.244+0000] {taskinstance.py:2170} INFO - Starting attempt 3 of 4
[2025-05-11T13:58:58.276+0000] {taskinstance.py:2191} INFO - Executing <Task(PostgresOperator): create_staging_transactions> on 2025-04-12 00:00:00+00:00
[2025-05-11T13:58:58.280+0000] {standard_task_runner.py:60} INFO - Started process 4947 to run task
[2025-05-11T13:58:58.303+0000] {standard_task_runner.py:87} INFO - Running: ['airflow', 'tasks', 'run', 'raw_to_staging_dag', 'create_staging_transactions', 'scheduled__2025-04-12T00:00:00+00:00', '--job-id', '2107', '--raw', '--subdir', 'DAGS_FOLDER/raw_to_staging_dag.py', '--cfg-path', '/tmp/tmp2u7dqu7p']
[2025-05-11T13:58:58.307+0000] {standard_task_runner.py:88} INFO - Job 2107: Subtask create_staging_transactions
[2025-05-11T13:58:58.450+0000] {task_command.py:423} INFO - Running <TaskInstance: raw_to_staging_dag.create_staging_transactions scheduled__2025-04-12T00:00:00+00:00 [running]> on host 03858235192c
[2025-05-11T13:58:58.690+0000] {taskinstance.py:2480} INFO - Exporting env vars: AIRFLOW_CTX_DAG_OWNER='simran' AIRFLOW_CTX_DAG_ID='raw_to_staging_dag' AIRFLOW_CTX_TASK_ID='create_staging_transactions' AIRFLOW_CTX_EXECUTION_DATE='2025-04-12T00:00:00+00:00' AIRFLOW_CTX_TRY_NUMBER='3' AIRFLOW_CTX_DAG_RUN_ID='scheduled__2025-04-12T00:00:00+00:00'
[2025-05-11T13:58:58.694+0000] {sql.py:276} INFO - Executing: CREATE TABLE IF NOT EXISTS staging.transactions AS
SELECT * FROM raw.transactions WHERE 1=0;
[2025-05-11T13:58:58.747+0000] {base.py:83} INFO - Using connection ID 'postgres_local' for task execution.
[2025-05-11T13:58:58.778+0000] {base.py:83} INFO - Using connection ID 'postgres_local' for task execution.
[2025-05-11T13:58:58.782+0000] {taskinstance.py:2698} ERROR - Task failed with exception
Traceback (most recent call last):
  File "/home/airflow/.local/lib/python3.8/site-packages/airflow/models/taskinstance.py", line 433, in _execute_task
    result = execute_callable(context=context, **execute_callable_kwargs)
  File "/home/airflow/.local/lib/python3.8/site-packages/airflow/providers/common/sql/operators/sql.py", line 282, in execute
    output = hook.run(
  File "/home/airflow/.local/lib/python3.8/site-packages/airflow/providers/common/sql/hooks/sql.py", line 391, in run
    with closing(self.get_conn()) as conn:
  File "/home/airflow/.local/lib/python3.8/site-packages/airflow/providers/postgres/hooks/postgres.py", line 158, in get_conn
    self.conn = psycopg2.connect(**conn_args)
  File "/home/airflow/.local/lib/python3.8/site-packages/psycopg2/__init__.py", line 122, in connect
    conn = _connect(dsn, connection_factory=connection_factory, **kwasync)
psycopg2.OperationalError: connection to server at "localhost" (::1), port 5433 failed: Connection refused
	Is the server running on that host and accepting TCP/IP connections?
connection to server at "localhost" (127.0.0.1), port 5433 failed: Connection refused
	Is the server running on that host and accepting TCP/IP connections?

[2025-05-11T13:58:58.800+0000] {taskinstance.py:1138} INFO - Marking task as UP_FOR_RETRY. dag_id=raw_to_staging_dag, task_id=create_staging_transactions, execution_date=20250412T000000, start_date=20250511T135858, end_date=20250511T135858
[2025-05-11T13:58:58.828+0000] {standard_task_runner.py:107} ERROR - Failed to execute job 2107 for task create_staging_transactions (connection to server at "localhost" (::1), port 5433 failed: Connection refused
	Is the server running on that host and accepting TCP/IP connections?
connection to server at "localhost" (127.0.0.1), port 5433 failed: Connection refused
	Is the server running on that host and accepting TCP/IP connections?
; 4947)
[2025-05-11T13:58:58.865+0000] {local_task_job_runner.py:234} INFO - Task exited with return code 1
[2025-05-11T13:58:58.945+0000] {taskinstance.py:3280} INFO - 0 downstream tasks scheduled from follow-on schedule check
[2025-05-19T05:29:10.602+0000] {taskinstance.py:1956} INFO - Dependencies all met for dep_context=non-requeueable deps ti=<TaskInstance: raw_to_staging_dag.create_staging_transactions scheduled__2025-04-12T00:00:00+00:00 [queued]>
[2025-05-19T05:29:10.630+0000] {taskinstance.py:1956} INFO - Dependencies all met for dep_context=requeueable deps ti=<TaskInstance: raw_to_staging_dag.create_staging_transactions scheduled__2025-04-12T00:00:00+00:00 [queued]>
[2025-05-19T05:29:10.631+0000] {taskinstance.py:2170} INFO - Starting attempt 3 of 4
[2025-05-19T05:29:10.719+0000] {taskinstance.py:2191} INFO - Executing <Task(PostgresOperator): create_staging_transactions> on 2025-04-12 00:00:00+00:00
[2025-05-19T05:29:10.748+0000] {standard_task_runner.py:60} INFO - Started process 6286 to run task
[2025-05-19T05:29:10.767+0000] {standard_task_runner.py:87} INFO - Running: ['airflow', 'tasks', 'run', 'raw_to_staging_dag', 'create_staging_transactions', 'scheduled__2025-04-12T00:00:00+00:00', '--job-id', '2117', '--raw', '--subdir', 'DAGS_FOLDER/raw_to_staging_dag.py', '--cfg-path', '/tmp/tmp664f3uv0']
[2025-05-19T05:29:10.791+0000] {standard_task_runner.py:88} INFO - Job 2117: Subtask create_staging_transactions
[2025-05-19T05:29:10.987+0000] {task_command.py:423} INFO - Running <TaskInstance: raw_to_staging_dag.create_staging_transactions scheduled__2025-04-12T00:00:00+00:00 [running]> on host 98044bf8a4b3
[2025-05-19T05:29:11.207+0000] {taskinstance.py:2480} INFO - Exporting env vars: AIRFLOW_CTX_DAG_OWNER='simran' AIRFLOW_CTX_DAG_ID='raw_to_staging_dag' AIRFLOW_CTX_TASK_ID='create_staging_transactions' AIRFLOW_CTX_EXECUTION_DATE='2025-04-12T00:00:00+00:00' AIRFLOW_CTX_TRY_NUMBER='3' AIRFLOW_CTX_DAG_RUN_ID='scheduled__2025-04-12T00:00:00+00:00'
[2025-05-19T05:29:11.216+0000] {sql.py:276} INFO - Executing: CREATE TABLE IF NOT EXISTS staging.transactions AS
SELECT * FROM raw.transactions WHERE 1=0;
[2025-05-19T05:29:11.238+0000] {base.py:83} INFO - Using connection ID 'airflow_db' for task execution.
[2025-05-19T05:29:11.283+0000] {base.py:83} INFO - Using connection ID 'airflow_db' for task execution.
[2025-05-19T05:29:11.315+0000] {taskinstance.py:2698} ERROR - Task failed with exception
Traceback (most recent call last):
  File "/home/airflow/.local/lib/python3.9/site-packages/airflow/models/taskinstance.py", line 433, in _execute_task
    result = execute_callable(context=context, **execute_callable_kwargs)
  File "/home/airflow/.local/lib/python3.9/site-packages/airflow/providers/common/sql/operators/sql.py", line 282, in execute
    output = hook.run(
  File "/home/airflow/.local/lib/python3.9/site-packages/airflow/providers/common/sql/hooks/sql.py", line 391, in run
    with closing(self.get_conn()) as conn:
  File "/home/airflow/.local/lib/python3.9/site-packages/airflow/providers/mysql/hooks/mysql.py", line 195, in get_conn
    return MySQLdb.connect(**conn_config)
  File "/home/airflow/.local/lib/python3.9/site-packages/MySQLdb/__init__.py", line 121, in Connect
    return Connection(*args, **kwargs)
  File "/home/airflow/.local/lib/python3.9/site-packages/MySQLdb/connections.py", line 193, in __init__
    super().__init__(*args, **kwargs2)
MySQLdb.OperationalError: (2005, "Unknown server host 'mysql' (-2)")
[2025-05-19T05:29:11.347+0000] {taskinstance.py:1138} INFO - Marking task as UP_FOR_RETRY. dag_id=raw_to_staging_dag, task_id=create_staging_transactions, execution_date=20250412T000000, start_date=20250519T052910, end_date=20250519T052911
[2025-05-19T05:29:11.370+0000] {standard_task_runner.py:107} ERROR - Failed to execute job 2117 for task create_staging_transactions ((2005, "Unknown server host 'mysql' (-2)"); 6286)
[2025-05-19T05:29:11.397+0000] {local_task_job_runner.py:234} INFO - Task exited with return code 1
[2025-05-19T05:29:11.480+0000] {taskinstance.py:3280} INFO - 0 downstream tasks scheduled from follow-on schedule check
[2025-05-20T04:22:36.680+0000] {taskinstance.py:1956} INFO - Dependencies all met for dep_context=non-requeueable deps ti=<TaskInstance: raw_to_staging_dag.create_staging_transactions scheduled__2025-04-12T00:00:00+00:00 [queued]>
[2025-05-20T04:22:36.692+0000] {taskinstance.py:1956} INFO - Dependencies all met for dep_context=requeueable deps ti=<TaskInstance: raw_to_staging_dag.create_staging_transactions scheduled__2025-04-12T00:00:00+00:00 [queued]>
[2025-05-20T04:22:36.696+0000] {taskinstance.py:2170} INFO - Starting attempt 3 of 4
[2025-05-20T04:22:36.723+0000] {taskinstance.py:2191} INFO - Executing <Task(PostgresOperator): create_staging_transactions> on 2025-04-12 00:00:00+00:00
[2025-05-20T04:22:36.733+0000] {standard_task_runner.py:60} INFO - Started process 6169 to run task
[2025-05-20T04:22:36.758+0000] {standard_task_runner.py:87} INFO - Running: ['airflow', 'tasks', 'run', 'raw_to_staging_dag', 'create_staging_transactions', 'scheduled__2025-04-12T00:00:00+00:00', '--job-id', '2116', '--raw', '--subdir', 'DAGS_FOLDER/raw_to_staging_dag.py', '--cfg-path', '/tmp/tmpvqxs1ul4']
[2025-05-20T04:22:36.767+0000] {standard_task_runner.py:88} INFO - Job 2116: Subtask create_staging_transactions
[2025-05-20T04:22:36.930+0000] {task_command.py:423} INFO - Running <TaskInstance: raw_to_staging_dag.create_staging_transactions scheduled__2025-04-12T00:00:00+00:00 [running]> on host 123cdc80f7f3
[2025-05-20T04:22:37.143+0000] {taskinstance.py:2480} INFO - Exporting env vars: AIRFLOW_CTX_DAG_OWNER='simran' AIRFLOW_CTX_DAG_ID='raw_to_staging_dag' AIRFLOW_CTX_TASK_ID='create_staging_transactions' AIRFLOW_CTX_EXECUTION_DATE='2025-04-12T00:00:00+00:00' AIRFLOW_CTX_TRY_NUMBER='3' AIRFLOW_CTX_DAG_RUN_ID='scheduled__2025-04-12T00:00:00+00:00'
[2025-05-20T04:22:37.146+0000] {sql.py:276} INFO - Executing: CREATE TABLE IF NOT EXISTS staging.transactions AS
SELECT * FROM raw.transactions WHERE 1=0;
[2025-05-20T04:22:37.174+0000] {base.py:83} INFO - Using connection ID 'airflow_db' for task execution.
[2025-05-20T04:22:37.193+0000] {base.py:83} INFO - Using connection ID 'airflow_db' for task execution.
[2025-05-20T04:22:37.233+0000] {sql.py:450} INFO - Running statement: CREATE TABLE IF NOT EXISTS staging.transactions AS
SELECT * FROM raw.transactions WHERE 1=0;, parameters: None
[2025-05-20T04:22:37.254+0000] {taskinstance.py:2698} ERROR - Task failed with exception
Traceback (most recent call last):
  File "/home/airflow/.local/lib/python3.9/site-packages/airflow/models/taskinstance.py", line 433, in _execute_task
    result = execute_callable(context=context, **execute_callable_kwargs)
  File "/home/airflow/.local/lib/python3.9/site-packages/airflow/providers/common/sql/operators/sql.py", line 282, in execute
    output = hook.run(
  File "/home/airflow/.local/lib/python3.9/site-packages/airflow/providers/common/sql/hooks/sql.py", line 398, in run
    self._run_command(cur, sql_statement, parameters)
  File "/home/airflow/.local/lib/python3.9/site-packages/airflow/providers/common/sql/hooks/sql.py", line 455, in _run_command
    cur.execute(sql_statement)
psycopg2.errors.UndefinedTable: relation "raw.transactions" does not exist
LINE 2: SELECT * FROM raw.transactions WHERE 1=0;
                      ^

[2025-05-20T04:22:37.300+0000] {taskinstance.py:1138} INFO - Marking task as UP_FOR_RETRY. dag_id=raw_to_staging_dag, task_id=create_staging_transactions, execution_date=20250412T000000, start_date=20250520T042236, end_date=20250520T042237
[2025-05-20T04:22:37.361+0000] {standard_task_runner.py:107} ERROR - Failed to execute job 2116 for task create_staging_transactions (relation "raw.transactions" does not exist
LINE 2: SELECT * FROM raw.transactions WHERE 1=0;
                      ^
; 6169)
[2025-05-20T04:22:37.393+0000] {local_task_job_runner.py:234} INFO - Task exited with return code 1
[2025-05-20T04:22:37.518+0000] {taskinstance.py:3280} INFO - 0 downstream tasks scheduled from follow-on schedule check
