[2025-05-11T09:21:27.743+0000] {taskinstance.py:1956} INFO - Dependencies all met for dep_context=non-requeueable deps ti=<TaskInstance: raw_to_staging_dag.create_staging_customers scheduled__2025-02-14T00:00:00+00:00 [queued]>
[2025-05-11T09:21:27.748+0000] {taskinstance.py:1956} INFO - Dependencies all met for dep_context=requeueable deps ti=<TaskInstance: raw_to_staging_dag.create_staging_customers scheduled__2025-02-14T00:00:00+00:00 [queued]>
[2025-05-11T09:21:27.749+0000] {taskinstance.py:2170} INFO - Starting attempt 3 of 4
[2025-05-11T09:21:27.778+0000] {taskinstance.py:2191} INFO - Executing <Task(PostgresOperator): create_staging_customers> on 2025-02-14 00:00:00+00:00
[2025-05-11T09:21:27.781+0000] {standard_task_runner.py:60} INFO - Started process 2382 to run task
[2025-05-11T09:21:27.787+0000] {standard_task_runner.py:87} INFO - Running: ['airflow', 'tasks', 'run', 'raw_to_staging_dag', 'create_staging_customers', 'scheduled__2025-02-14T00:00:00+00:00', '--job-id', '968', '--raw', '--subdir', 'DAGS_FOLDER/raw_to_staging_dag.py', '--cfg-path', '/tmp/tmps960hlif']
[2025-05-11T09:21:27.790+0000] {standard_task_runner.py:88} INFO - Job 968: Subtask create_staging_customers
[2025-05-11T09:21:27.879+0000] {task_command.py:423} INFO - Running <TaskInstance: raw_to_staging_dag.create_staging_customers scheduled__2025-02-14T00:00:00+00:00 [running]> on host 03858235192c
[2025-05-11T09:21:28.012+0000] {taskinstance.py:2480} INFO - Exporting env vars: AIRFLOW_CTX_DAG_OWNER='simran' AIRFLOW_CTX_DAG_ID='raw_to_staging_dag' AIRFLOW_CTX_TASK_ID='create_staging_customers' AIRFLOW_CTX_EXECUTION_DATE='2025-02-14T00:00:00+00:00' AIRFLOW_CTX_TRY_NUMBER='3' AIRFLOW_CTX_DAG_RUN_ID='scheduled__2025-02-14T00:00:00+00:00'
[2025-05-11T09:21:28.020+0000] {sql.py:276} INFO - Executing: CREATE TABLE IF NOT EXISTS staging.customers AS
SELECT * FROM raw.customers WHERE 1=0;
[2025-05-11T09:21:28.063+0000] {taskinstance.py:2698} ERROR - Task failed with exception
Traceback (most recent call last):
  File "/home/airflow/.local/lib/python3.8/site-packages/airflow/models/taskinstance.py", line 433, in _execute_task
    result = execute_callable(context=context, **execute_callable_kwargs)
  File "/home/airflow/.local/lib/python3.8/site-packages/airflow/providers/common/sql/operators/sql.py", line 277, in execute
    hook = self.get_db_hook()
  File "/home/airflow/.local/lib/python3.8/site-packages/airflow/providers/common/sql/operators/sql.py", line 188, in get_db_hook
    return self._hook
  File "/usr/local/lib/python3.8/functools.py", line 967, in __get__
    val = self.func(instance)
  File "/home/airflow/.local/lib/python3.8/site-packages/airflow/providers/common/sql/operators/sql.py", line 150, in _hook
    conn = BaseHook.get_connection(conn_id)
  File "/home/airflow/.local/lib/python3.8/site-packages/airflow/hooks/base.py", line 82, in get_connection
    conn = Connection.get_connection_from_secrets(conn_id)
  File "/home/airflow/.local/lib/python3.8/site-packages/airflow/models/connection.py", line 479, in get_connection_from_secrets
    raise AirflowNotFoundException(f"The conn_id `{conn_id}` isn't defined")
airflow.exceptions.AirflowNotFoundException: The conn_id `postgres_local` isn't defined
[2025-05-11T09:21:28.071+0000] {taskinstance.py:1138} INFO - Marking task as UP_FOR_RETRY. dag_id=raw_to_staging_dag, task_id=create_staging_customers, execution_date=20250214T000000, start_date=20250511T092127, end_date=20250511T092128
[2025-05-11T09:21:28.084+0000] {standard_task_runner.py:107} ERROR - Failed to execute job 968 for task create_staging_customers (The conn_id `postgres_local` isn't defined; 2382)
[2025-05-11T09:21:28.135+0000] {local_task_job_runner.py:234} INFO - Task exited with return code 1
[2025-05-11T09:21:28.185+0000] {taskinstance.py:3280} INFO - 0 downstream tasks scheduled from follow-on schedule check
[2025-05-19T04:27:41.043+0000] {taskinstance.py:1956} INFO - Dependencies all met for dep_context=non-requeueable deps ti=<TaskInstance: raw_to_staging_dag.create_staging_customers scheduled__2025-02-14T00:00:00+00:00 [queued]>
[2025-05-19T04:27:41.047+0000] {taskinstance.py:1956} INFO - Dependencies all met for dep_context=requeueable deps ti=<TaskInstance: raw_to_staging_dag.create_staging_customers scheduled__2025-02-14T00:00:00+00:00 [queued]>
[2025-05-19T04:27:41.047+0000] {taskinstance.py:2170} INFO - Starting attempt 3 of 4
[2025-05-19T04:27:41.052+0000] {taskinstance.py:2191} INFO - Executing <Task(PostgresOperator): create_staging_customers> on 2025-02-14 00:00:00+00:00
[2025-05-19T04:27:41.054+0000] {standard_task_runner.py:60} INFO - Started process 2595 to run task
[2025-05-19T04:27:41.056+0000] {standard_task_runner.py:87} INFO - Running: ['airflow', 'tasks', 'run', 'raw_to_staging_dag', 'create_staging_customers', 'scheduled__2025-02-14T00:00:00+00:00', '--job-id', '881', '--raw', '--subdir', 'DAGS_FOLDER/raw_to_staging_dag.py', '--cfg-path', '/tmp/tmpofy2gp4l']
[2025-05-19T04:27:41.057+0000] {standard_task_runner.py:88} INFO - Job 881: Subtask create_staging_customers
[2025-05-19T04:27:41.078+0000] {task_command.py:423} INFO - Running <TaskInstance: raw_to_staging_dag.create_staging_customers scheduled__2025-02-14T00:00:00+00:00 [running]> on host 98044bf8a4b3
[2025-05-19T04:27:41.103+0000] {taskinstance.py:2480} INFO - Exporting env vars: AIRFLOW_CTX_DAG_OWNER='simran' AIRFLOW_CTX_DAG_ID='raw_to_staging_dag' AIRFLOW_CTX_TASK_ID='create_staging_customers' AIRFLOW_CTX_EXECUTION_DATE='2025-02-14T00:00:00+00:00' AIRFLOW_CTX_TRY_NUMBER='3' AIRFLOW_CTX_DAG_RUN_ID='scheduled__2025-02-14T00:00:00+00:00'
[2025-05-19T04:27:41.104+0000] {sql.py:276} INFO - Executing: CREATE TABLE IF NOT EXISTS staging.customers AS
SELECT * FROM raw.customers WHERE 1=0;
[2025-05-19T04:27:41.106+0000] {base.py:83} INFO - Using connection ID 'airflow_db' for task execution.
[2025-05-19T04:27:41.110+0000] {base.py:83} INFO - Using connection ID 'airflow_db' for task execution.
[2025-05-19T04:27:41.115+0000] {taskinstance.py:2698} ERROR - Task failed with exception
Traceback (most recent call last):
  File "/home/airflow/.local/lib/python3.9/site-packages/airflow/models/taskinstance.py", line 433, in _execute_task
    result = execute_callable(context=context, **execute_callable_kwargs)
  File "/home/airflow/.local/lib/python3.9/site-packages/airflow/providers/common/sql/operators/sql.py", line 282, in execute
    output = hook.run(
  File "/home/airflow/.local/lib/python3.9/site-packages/airflow/providers/common/sql/hooks/sql.py", line 391, in run
    with closing(self.get_conn()) as conn:
  File "/home/airflow/.local/lib/python3.9/site-packages/airflow/providers/mysql/hooks/mysql.py", line 195, in get_conn
    return MySQLdb.connect(**conn_config)
  File "/home/airflow/.local/lib/python3.9/site-packages/MySQLdb/__init__.py", line 121, in Connect
    return Connection(*args, **kwargs)
  File "/home/airflow/.local/lib/python3.9/site-packages/MySQLdb/connections.py", line 193, in __init__
    super().__init__(*args, **kwargs2)
MySQLdb.OperationalError: (2005, "Unknown server host 'mysql' (-2)")
[2025-05-19T04:27:41.118+0000] {taskinstance.py:1138} INFO - Marking task as UP_FOR_RETRY. dag_id=raw_to_staging_dag, task_id=create_staging_customers, execution_date=20250214T000000, start_date=20250519T042741, end_date=20250519T042741
[2025-05-19T04:27:41.123+0000] {standard_task_runner.py:107} ERROR - Failed to execute job 881 for task create_staging_customers ((2005, "Unknown server host 'mysql' (-2)"); 2595)
[2025-05-19T04:27:41.153+0000] {local_task_job_runner.py:234} INFO - Task exited with return code 1
[2025-05-19T04:27:41.185+0000] {taskinstance.py:3280} INFO - 0 downstream tasks scheduled from follow-on schedule check
[2025-05-20T02:05:26.013+0000] {taskinstance.py:1956} INFO - Dependencies all met for dep_context=non-requeueable deps ti=<TaskInstance: raw_to_staging_dag.create_staging_customers scheduled__2025-02-14T00:00:00+00:00 [queued]>
[2025-05-20T02:05:26.019+0000] {taskinstance.py:1956} INFO - Dependencies all met for dep_context=requeueable deps ti=<TaskInstance: raw_to_staging_dag.create_staging_customers scheduled__2025-02-14T00:00:00+00:00 [queued]>
[2025-05-20T02:05:26.019+0000] {taskinstance.py:2170} INFO - Starting attempt 3 of 4
[2025-05-20T02:05:26.025+0000] {taskinstance.py:2191} INFO - Executing <Task(PostgresOperator): create_staging_customers> on 2025-02-14 00:00:00+00:00
[2025-05-20T02:05:26.026+0000] {standard_task_runner.py:60} INFO - Started process 2647 to run task
[2025-05-20T02:05:26.029+0000] {standard_task_runner.py:87} INFO - Running: ['airflow', 'tasks', 'run', 'raw_to_staging_dag', 'create_staging_customers', 'scheduled__2025-02-14T00:00:00+00:00', '--job-id', '877', '--raw', '--subdir', 'DAGS_FOLDER/raw_to_staging_dag.py', '--cfg-path', '/tmp/tmpn_5o4oze']
[2025-05-20T02:05:26.030+0000] {standard_task_runner.py:88} INFO - Job 877: Subtask create_staging_customers
[2025-05-20T02:05:26.048+0000] {task_command.py:423} INFO - Running <TaskInstance: raw_to_staging_dag.create_staging_customers scheduled__2025-02-14T00:00:00+00:00 [running]> on host 123cdc80f7f3
[2025-05-20T02:05:26.072+0000] {taskinstance.py:2480} INFO - Exporting env vars: AIRFLOW_CTX_DAG_OWNER='simran' AIRFLOW_CTX_DAG_ID='raw_to_staging_dag' AIRFLOW_CTX_TASK_ID='create_staging_customers' AIRFLOW_CTX_EXECUTION_DATE='2025-02-14T00:00:00+00:00' AIRFLOW_CTX_TRY_NUMBER='3' AIRFLOW_CTX_DAG_RUN_ID='scheduled__2025-02-14T00:00:00+00:00'
[2025-05-20T02:05:26.072+0000] {sql.py:276} INFO - Executing: CREATE TABLE IF NOT EXISTS staging.customers AS
SELECT * FROM raw.customers WHERE 1=0;
[2025-05-20T02:05:26.077+0000] {base.py:83} INFO - Using connection ID 'airflow_db' for task execution.
[2025-05-20T02:05:26.081+0000] {base.py:83} INFO - Using connection ID 'airflow_db' for task execution.
[2025-05-20T02:05:26.084+0000] {sql.py:450} INFO - Running statement: CREATE TABLE IF NOT EXISTS staging.customers AS
SELECT * FROM raw.customers WHERE 1=0;, parameters: None
[2025-05-20T02:05:26.085+0000] {taskinstance.py:2698} ERROR - Task failed with exception
Traceback (most recent call last):
  File "/home/airflow/.local/lib/python3.9/site-packages/airflow/models/taskinstance.py", line 433, in _execute_task
    result = execute_callable(context=context, **execute_callable_kwargs)
  File "/home/airflow/.local/lib/python3.9/site-packages/airflow/providers/common/sql/operators/sql.py", line 282, in execute
    output = hook.run(
  File "/home/airflow/.local/lib/python3.9/site-packages/airflow/providers/common/sql/hooks/sql.py", line 398, in run
    self._run_command(cur, sql_statement, parameters)
  File "/home/airflow/.local/lib/python3.9/site-packages/airflow/providers/common/sql/hooks/sql.py", line 455, in _run_command
    cur.execute(sql_statement)
psycopg2.errors.UndefinedTable: relation "raw.customers" does not exist
LINE 2: SELECT * FROM raw.customers WHERE 1=0;
                      ^

[2025-05-20T02:05:26.088+0000] {taskinstance.py:1138} INFO - Marking task as UP_FOR_RETRY. dag_id=raw_to_staging_dag, task_id=create_staging_customers, execution_date=20250214T000000, start_date=20250520T020526, end_date=20250520T020526
[2025-05-20T02:05:26.092+0000] {standard_task_runner.py:107} ERROR - Failed to execute job 877 for task create_staging_customers (relation "raw.customers" does not exist
LINE 2: SELECT * FROM raw.customers WHERE 1=0;
                      ^
; 2647)
[2025-05-20T02:05:26.131+0000] {local_task_job_runner.py:234} INFO - Task exited with return code 1
[2025-05-20T02:05:26.140+0000] {taskinstance.py:3280} INFO - 0 downstream tasks scheduled from follow-on schedule check
[2025-05-20T14:44:44.105+0000] {taskinstance.py:1956} INFO - Dependencies all met for dep_context=non-requeueable deps ti=<TaskInstance: raw_to_staging_dag.create_staging_customers scheduled__2025-02-14T00:00:00+00:00 [queued]>
[2025-05-20T14:44:44.110+0000] {taskinstance.py:1956} INFO - Dependencies all met for dep_context=requeueable deps ti=<TaskInstance: raw_to_staging_dag.create_staging_customers scheduled__2025-02-14T00:00:00+00:00 [queued]>
[2025-05-20T14:44:44.111+0000] {taskinstance.py:2170} INFO - Starting attempt 3 of 4
[2025-05-20T14:44:44.118+0000] {taskinstance.py:2191} INFO - Executing <Task(PostgresOperator): create_staging_customers> on 2025-02-14 00:00:00+00:00
[2025-05-20T14:44:44.122+0000] {standard_task_runner.py:60} INFO - Started process 16400 to run task
[2025-05-20T14:44:44.127+0000] {standard_task_runner.py:87} INFO - Running: ['airflow', 'tasks', 'run', 'raw_to_staging_dag', 'create_staging_customers', 'scheduled__2025-02-14T00:00:00+00:00', '--job-id', '3688', '--raw', '--subdir', 'DAGS_FOLDER/raw_to_staging_dag.py', '--cfg-path', '/tmp/tmptk4whrl1']
[2025-05-20T14:44:44.129+0000] {standard_task_runner.py:88} INFO - Job 3688: Subtask create_staging_customers
[2025-05-20T14:44:44.174+0000] {task_command.py:423} INFO - Running <TaskInstance: raw_to_staging_dag.create_staging_customers scheduled__2025-02-14T00:00:00+00:00 [running]> on host 123cdc80f7f3
[2025-05-20T14:44:44.210+0000] {taskinstance.py:2480} INFO - Exporting env vars: AIRFLOW_CTX_DAG_OWNER='simran' AIRFLOW_CTX_DAG_ID='raw_to_staging_dag' AIRFLOW_CTX_TASK_ID='create_staging_customers' AIRFLOW_CTX_EXECUTION_DATE='2025-02-14T00:00:00+00:00' AIRFLOW_CTX_TRY_NUMBER='3' AIRFLOW_CTX_DAG_RUN_ID='scheduled__2025-02-14T00:00:00+00:00'
[2025-05-20T14:44:44.210+0000] {sql.py:276} INFO - Executing: CREATE TABLE IF NOT EXISTS staging.customers AS
SELECT * FROM raw.customers WHERE 1=0;
[2025-05-20T14:44:44.219+0000] {base.py:83} INFO - Using connection ID 'airflow_db' for task execution.
[2025-05-20T14:44:44.223+0000] {base.py:83} INFO - Using connection ID 'airflow_db' for task execution.
[2025-05-20T14:44:44.229+0000] {sql.py:450} INFO - Running statement: CREATE TABLE IF NOT EXISTS staging.customers AS
SELECT * FROM raw.customers WHERE 1=0;, parameters: None
[2025-05-20T14:44:44.230+0000] {taskinstance.py:2698} ERROR - Task failed with exception
Traceback (most recent call last):
  File "/home/airflow/.local/lib/python3.9/site-packages/airflow/models/taskinstance.py", line 433, in _execute_task
    result = execute_callable(context=context, **execute_callable_kwargs)
  File "/home/airflow/.local/lib/python3.9/site-packages/airflow/providers/common/sql/operators/sql.py", line 282, in execute
    output = hook.run(
  File "/home/airflow/.local/lib/python3.9/site-packages/airflow/providers/common/sql/hooks/sql.py", line 398, in run
    self._run_command(cur, sql_statement, parameters)
  File "/home/airflow/.local/lib/python3.9/site-packages/airflow/providers/common/sql/hooks/sql.py", line 455, in _run_command
    cur.execute(sql_statement)
psycopg2.errors.UndefinedTable: relation "raw.customers" does not exist
LINE 2: SELECT * FROM raw.customers WHERE 1=0;
                      ^

[2025-05-20T14:44:44.233+0000] {taskinstance.py:1138} INFO - Marking task as UP_FOR_RETRY. dag_id=raw_to_staging_dag, task_id=create_staging_customers, execution_date=20250214T000000, start_date=20250520T144444, end_date=20250520T144444
[2025-05-20T14:44:44.238+0000] {standard_task_runner.py:107} ERROR - Failed to execute job 3688 for task create_staging_customers (relation "raw.customers" does not exist
LINE 2: SELECT * FROM raw.customers WHERE 1=0;
                      ^
; 16400)
[2025-05-20T14:44:44.267+0000] {local_task_job_runner.py:234} INFO - Task exited with return code 1
[2025-05-20T14:44:44.277+0000] {taskinstance.py:3280} INFO - 0 downstream tasks scheduled from follow-on schedule check
