[2025-05-20T00:25:07.535+0000] {taskinstance.py:1956} INFO - Dependencies all met for dep_context=non-requeueable deps ti=<TaskInstance: raw_to_staging_dag.load_staging_products scheduled__2025-05-19T00:00:00+00:00 [queued]>
[2025-05-20T00:25:07.539+0000] {taskinstance.py:1956} INFO - Dependencies all met for dep_context=requeueable deps ti=<TaskInstance: raw_to_staging_dag.load_staging_products scheduled__2025-05-19T00:00:00+00:00 [queued]>
[2025-05-20T00:25:07.541+0000] {taskinstance.py:2170} INFO - Starting attempt 3 of 4
[2025-05-20T00:25:07.548+0000] {taskinstance.py:2191} INFO - Executing <Task(PostgresOperator): load_staging_products> on 2025-05-19 00:00:00+00:00
[2025-05-20T00:25:07.554+0000] {standard_task_runner.py:60} INFO - Started process 17146 to run task
[2025-05-20T00:25:07.558+0000] {standard_task_runner.py:87} INFO - Running: ['airflow', 'tasks', 'run', 'raw_to_staging_dag', 'load_staging_products', 'scheduled__2025-05-19T00:00:00+00:00', '--job-id', '2815', '--raw', '--subdir', 'DAGS_FOLDER/raw_to_staging_dag.py', '--cfg-path', '/tmp/tmp_xyhsgxk']
[2025-05-20T00:25:07.563+0000] {standard_task_runner.py:88} INFO - Job 2815: Subtask load_staging_products
[2025-05-20T00:25:07.603+0000] {task_command.py:423} INFO - Running <TaskInstance: raw_to_staging_dag.load_staging_products scheduled__2025-05-19T00:00:00+00:00 [running]> on host 98044bf8a4b3
[2025-05-20T00:25:07.637+0000] {taskinstance.py:2480} INFO - Exporting env vars: AIRFLOW_CTX_DAG_OWNER='simran' AIRFLOW_CTX_DAG_ID='raw_to_staging_dag' AIRFLOW_CTX_TASK_ID='load_staging_products' AIRFLOW_CTX_EXECUTION_DATE='2025-05-19T00:00:00+00:00' AIRFLOW_CTX_TRY_NUMBER='3' AIRFLOW_CTX_DAG_RUN_ID='scheduled__2025-05-19T00:00:00+00:00'
[2025-05-20T00:25:07.637+0000] {sql.py:276} INFO - Executing: TRUNCATE TABLE staging.products;

NSERT INTO staging.products
SELECT * FROM raw.product;
[2025-05-20T00:25:07.647+0000] {base.py:83} INFO - Using connection ID 'airflow_db' for task execution.
[2025-05-20T00:25:07.652+0000] {base.py:83} INFO - Using connection ID 'airflow_db' for task execution.
[2025-05-20T00:25:07.668+0000] {sql.py:450} INFO - Running statement: TRUNCATE TABLE staging.products;

NSERT INTO staging.products
SELECT * FROM raw.product;, parameters: None
[2025-05-20T00:25:07.669+0000] {taskinstance.py:2698} ERROR - Task failed with exception
Traceback (most recent call last):
  File "/home/airflow/.local/lib/python3.9/site-packages/airflow/models/taskinstance.py", line 433, in _execute_task
    result = execute_callable(context=context, **execute_callable_kwargs)
  File "/home/airflow/.local/lib/python3.9/site-packages/airflow/providers/common/sql/operators/sql.py", line 282, in execute
    output = hook.run(
  File "/home/airflow/.local/lib/python3.9/site-packages/airflow/providers/common/sql/hooks/sql.py", line 398, in run
    self._run_command(cur, sql_statement, parameters)
  File "/home/airflow/.local/lib/python3.9/site-packages/airflow/providers/common/sql/hooks/sql.py", line 455, in _run_command
    cur.execute(sql_statement)
psycopg2.errors.SyntaxError: syntax error at or near "NSERT"
LINE 3: NSERT INTO staging.products
        ^

[2025-05-20T00:25:07.672+0000] {taskinstance.py:1138} INFO - Marking task as UP_FOR_RETRY. dag_id=raw_to_staging_dag, task_id=load_staging_products, execution_date=20250519T000000, start_date=20250520T002507, end_date=20250520T002507
[2025-05-20T00:25:07.679+0000] {standard_task_runner.py:107} ERROR - Failed to execute job 2815 for task load_staging_products (syntax error at or near "NSERT"
LINE 3: NSERT INTO staging.products
        ^
; 17146)
[2025-05-20T00:25:07.699+0000] {local_task_job_runner.py:234} INFO - Task exited with return code 1
[2025-05-20T00:25:07.707+0000] {taskinstance.py:3280} INFO - 0 downstream tasks scheduled from follow-on schedule check
