[2025-05-11T13:38:32.994+0000] {taskinstance.py:1956} INFO - Dependencies all met for dep_context=non-requeueable deps ti=<TaskInstance: raw_to_staging_dag.create_staging_customers scheduled__2025-03-21T00:00:00+00:00 [queued]>
[2025-05-11T13:38:33.029+0000] {taskinstance.py:1956} INFO - Dependencies all met for dep_context=requeueable deps ti=<TaskInstance: raw_to_staging_dag.create_staging_customers scheduled__2025-03-21T00:00:00+00:00 [queued]>
[2025-05-11T13:38:33.030+0000] {taskinstance.py:2170} INFO - Starting attempt 3 of 4
[2025-05-11T13:38:33.070+0000] {taskinstance.py:2191} INFO - Executing <Task(PostgresOperator): create_staging_customers> on 2025-03-21 00:00:00+00:00
[2025-05-11T13:38:33.076+0000] {standard_task_runner.py:60} INFO - Started process 4001 to run task
[2025-05-11T13:38:33.086+0000] {standard_task_runner.py:87} INFO - Running: ['airflow', 'tasks', 'run', 'raw_to_staging_dag', 'create_staging_customers', 'scheduled__2025-03-21T00:00:00+00:00', '--job-id', '1716', '--raw', '--subdir', 'DAGS_FOLDER/raw_to_staging_dag.py', '--cfg-path', '/tmp/tmpg7wqz_et']
[2025-05-11T13:38:33.098+0000] {standard_task_runner.py:88} INFO - Job 1716: Subtask create_staging_customers
[2025-05-11T13:38:33.171+0000] {task_command.py:423} INFO - Running <TaskInstance: raw_to_staging_dag.create_staging_customers scheduled__2025-03-21T00:00:00+00:00 [running]> on host 03858235192c
[2025-05-11T13:38:33.319+0000] {taskinstance.py:2480} INFO - Exporting env vars: AIRFLOW_CTX_DAG_OWNER='simran' AIRFLOW_CTX_DAG_ID='raw_to_staging_dag' AIRFLOW_CTX_TASK_ID='create_staging_customers' AIRFLOW_CTX_EXECUTION_DATE='2025-03-21T00:00:00+00:00' AIRFLOW_CTX_TRY_NUMBER='3' AIRFLOW_CTX_DAG_RUN_ID='scheduled__2025-03-21T00:00:00+00:00'
[2025-05-11T13:38:33.321+0000] {sql.py:276} INFO - Executing: CREATE TABLE IF NOT EXISTS staging.customers AS
SELECT * FROM raw.customers WHERE 1=0;
[2025-05-11T13:38:33.394+0000] {taskinstance.py:2698} ERROR - Task failed with exception
Traceback (most recent call last):
  File "/home/airflow/.local/lib/python3.8/site-packages/airflow/models/taskinstance.py", line 433, in _execute_task
    result = execute_callable(context=context, **execute_callable_kwargs)
  File "/home/airflow/.local/lib/python3.8/site-packages/airflow/providers/common/sql/operators/sql.py", line 277, in execute
    hook = self.get_db_hook()
  File "/home/airflow/.local/lib/python3.8/site-packages/airflow/providers/common/sql/operators/sql.py", line 188, in get_db_hook
    return self._hook
  File "/usr/local/lib/python3.8/functools.py", line 967, in __get__
    val = self.func(instance)
  File "/home/airflow/.local/lib/python3.8/site-packages/airflow/providers/common/sql/operators/sql.py", line 150, in _hook
    conn = BaseHook.get_connection(conn_id)
  File "/home/airflow/.local/lib/python3.8/site-packages/airflow/hooks/base.py", line 82, in get_connection
    conn = Connection.get_connection_from_secrets(conn_id)
  File "/home/airflow/.local/lib/python3.8/site-packages/airflow/models/connection.py", line 479, in get_connection_from_secrets
    raise AirflowNotFoundException(f"The conn_id `{conn_id}` isn't defined")
airflow.exceptions.AirflowNotFoundException: The conn_id `postgres_local` isn't defined
[2025-05-11T13:38:33.411+0000] {taskinstance.py:1138} INFO - Marking task as UP_FOR_RETRY. dag_id=raw_to_staging_dag, task_id=create_staging_customers, execution_date=20250321T000000, start_date=20250511T133832, end_date=20250511T133833
[2025-05-11T13:38:33.462+0000] {standard_task_runner.py:107} ERROR - Failed to execute job 1716 for task create_staging_customers (The conn_id `postgres_local` isn't defined; 4001)
[2025-05-11T13:38:33.487+0000] {local_task_job_runner.py:234} INFO - Task exited with return code 1
[2025-05-11T13:38:33.614+0000] {taskinstance.py:3280} INFO - 0 downstream tasks scheduled from follow-on schedule check
[2025-05-19T05:13:07.429+0000] {taskinstance.py:1956} INFO - Dependencies all met for dep_context=non-requeueable deps ti=<TaskInstance: raw_to_staging_dag.create_staging_customers scheduled__2025-03-21T00:00:00+00:00 [queued]>
[2025-05-19T05:13:07.438+0000] {taskinstance.py:1956} INFO - Dependencies all met for dep_context=requeueable deps ti=<TaskInstance: raw_to_staging_dag.create_staging_customers scheduled__2025-03-21T00:00:00+00:00 [queued]>
[2025-05-19T05:13:07.439+0000] {taskinstance.py:2170} INFO - Starting attempt 3 of 4
[2025-05-19T05:13:07.449+0000] {taskinstance.py:2191} INFO - Executing <Task(PostgresOperator): create_staging_customers> on 2025-03-21 00:00:00+00:00
[2025-05-19T05:13:07.451+0000] {standard_task_runner.py:60} INFO - Started process 5255 to run task
[2025-05-19T05:13:07.456+0000] {standard_task_runner.py:87} INFO - Running: ['airflow', 'tasks', 'run', 'raw_to_staging_dag', 'create_staging_customers', 'scheduled__2025-03-21T00:00:00+00:00', '--job-id', '1766', '--raw', '--subdir', 'DAGS_FOLDER/raw_to_staging_dag.py', '--cfg-path', '/tmp/tmpqybb301y']
[2025-05-19T05:13:07.458+0000] {standard_task_runner.py:88} INFO - Job 1766: Subtask create_staging_customers
[2025-05-19T05:13:07.540+0000] {task_command.py:423} INFO - Running <TaskInstance: raw_to_staging_dag.create_staging_customers scheduled__2025-03-21T00:00:00+00:00 [running]> on host 98044bf8a4b3
[2025-05-19T05:13:07.618+0000] {taskinstance.py:2480} INFO - Exporting env vars: AIRFLOW_CTX_DAG_OWNER='simran' AIRFLOW_CTX_DAG_ID='raw_to_staging_dag' AIRFLOW_CTX_TASK_ID='create_staging_customers' AIRFLOW_CTX_EXECUTION_DATE='2025-03-21T00:00:00+00:00' AIRFLOW_CTX_TRY_NUMBER='3' AIRFLOW_CTX_DAG_RUN_ID='scheduled__2025-03-21T00:00:00+00:00'
[2025-05-19T05:13:07.619+0000] {sql.py:276} INFO - Executing: CREATE TABLE IF NOT EXISTS staging.customers AS
SELECT * FROM raw.customers WHERE 1=0;
[2025-05-19T05:13:07.627+0000] {base.py:83} INFO - Using connection ID 'airflow_db' for task execution.
[2025-05-19T05:13:07.639+0000] {base.py:83} INFO - Using connection ID 'airflow_db' for task execution.
[2025-05-19T05:13:07.659+0000] {taskinstance.py:2698} ERROR - Task failed with exception
Traceback (most recent call last):
  File "/home/airflow/.local/lib/python3.9/site-packages/airflow/models/taskinstance.py", line 433, in _execute_task
    result = execute_callable(context=context, **execute_callable_kwargs)
  File "/home/airflow/.local/lib/python3.9/site-packages/airflow/providers/common/sql/operators/sql.py", line 282, in execute
    output = hook.run(
  File "/home/airflow/.local/lib/python3.9/site-packages/airflow/providers/common/sql/hooks/sql.py", line 391, in run
    with closing(self.get_conn()) as conn:
  File "/home/airflow/.local/lib/python3.9/site-packages/airflow/providers/mysql/hooks/mysql.py", line 195, in get_conn
    return MySQLdb.connect(**conn_config)
  File "/home/airflow/.local/lib/python3.9/site-packages/MySQLdb/__init__.py", line 121, in Connect
    return Connection(*args, **kwargs)
  File "/home/airflow/.local/lib/python3.9/site-packages/MySQLdb/connections.py", line 193, in __init__
    super().__init__(*args, **kwargs2)
MySQLdb.OperationalError: (2005, "Unknown server host 'mysql' (-2)")
[2025-05-19T05:13:07.674+0000] {taskinstance.py:1138} INFO - Marking task as UP_FOR_RETRY. dag_id=raw_to_staging_dag, task_id=create_staging_customers, execution_date=20250321T000000, start_date=20250519T051307, end_date=20250519T051307
[2025-05-19T05:13:07.686+0000] {standard_task_runner.py:107} ERROR - Failed to execute job 1766 for task create_staging_customers ((2005, "Unknown server host 'mysql' (-2)"); 5255)
[2025-05-19T05:13:07.722+0000] {local_task_job_runner.py:234} INFO - Task exited with return code 1
[2025-05-19T05:13:07.734+0000] {taskinstance.py:3280} INFO - 0 downstream tasks scheduled from follow-on schedule check
[2025-05-20T04:07:04.253+0000] {taskinstance.py:1956} INFO - Dependencies all met for dep_context=non-requeueable deps ti=<TaskInstance: raw_to_staging_dag.create_staging_customers scheduled__2025-03-21T00:00:00+00:00 [queued]>
[2025-05-20T04:07:04.266+0000] {taskinstance.py:1956} INFO - Dependencies all met for dep_context=requeueable deps ti=<TaskInstance: raw_to_staging_dag.create_staging_customers scheduled__2025-03-21T00:00:00+00:00 [queued]>
[2025-05-20T04:07:04.267+0000] {taskinstance.py:2170} INFO - Starting attempt 3 of 4
[2025-05-20T04:07:04.300+0000] {taskinstance.py:2191} INFO - Executing <Task(PostgresOperator): create_staging_customers> on 2025-03-21 00:00:00+00:00
[2025-05-20T04:07:04.324+0000] {standard_task_runner.py:60} INFO - Started process 5166 to run task
[2025-05-20T04:07:04.338+0000] {standard_task_runner.py:87} INFO - Running: ['airflow', 'tasks', 'run', 'raw_to_staging_dag', 'create_staging_customers', 'scheduled__2025-03-21T00:00:00+00:00', '--job-id', '1769', '--raw', '--subdir', 'DAGS_FOLDER/raw_to_staging_dag.py', '--cfg-path', '/tmp/tmp5jdg2bl0']
[2025-05-20T04:07:04.352+0000] {standard_task_runner.py:88} INFO - Job 1769: Subtask create_staging_customers
[2025-05-20T04:07:04.496+0000] {task_command.py:423} INFO - Running <TaskInstance: raw_to_staging_dag.create_staging_customers scheduled__2025-03-21T00:00:00+00:00 [running]> on host 123cdc80f7f3
[2025-05-20T04:07:04.772+0000] {taskinstance.py:2480} INFO - Exporting env vars: AIRFLOW_CTX_DAG_OWNER='simran' AIRFLOW_CTX_DAG_ID='raw_to_staging_dag' AIRFLOW_CTX_TASK_ID='create_staging_customers' AIRFLOW_CTX_EXECUTION_DATE='2025-03-21T00:00:00+00:00' AIRFLOW_CTX_TRY_NUMBER='3' AIRFLOW_CTX_DAG_RUN_ID='scheduled__2025-03-21T00:00:00+00:00'
[2025-05-20T04:07:04.775+0000] {sql.py:276} INFO - Executing: CREATE TABLE IF NOT EXISTS staging.customers AS
SELECT * FROM raw.customers WHERE 1=0;
[2025-05-20T04:07:04.829+0000] {base.py:83} INFO - Using connection ID 'airflow_db' for task execution.
[2025-05-20T04:07:04.856+0000] {base.py:83} INFO - Using connection ID 'airflow_db' for task execution.
[2025-05-20T04:07:04.906+0000] {sql.py:450} INFO - Running statement: CREATE TABLE IF NOT EXISTS staging.customers AS
SELECT * FROM raw.customers WHERE 1=0;, parameters: None
[2025-05-20T04:07:04.918+0000] {taskinstance.py:2698} ERROR - Task failed with exception
Traceback (most recent call last):
  File "/home/airflow/.local/lib/python3.9/site-packages/airflow/models/taskinstance.py", line 433, in _execute_task
    result = execute_callable(context=context, **execute_callable_kwargs)
  File "/home/airflow/.local/lib/python3.9/site-packages/airflow/providers/common/sql/operators/sql.py", line 282, in execute
    output = hook.run(
  File "/home/airflow/.local/lib/python3.9/site-packages/airflow/providers/common/sql/hooks/sql.py", line 398, in run
    self._run_command(cur, sql_statement, parameters)
  File "/home/airflow/.local/lib/python3.9/site-packages/airflow/providers/common/sql/hooks/sql.py", line 455, in _run_command
    cur.execute(sql_statement)
psycopg2.errors.UndefinedTable: relation "raw.customers" does not exist
LINE 2: SELECT * FROM raw.customers WHERE 1=0;
                      ^

[2025-05-20T04:07:04.967+0000] {taskinstance.py:1138} INFO - Marking task as UP_FOR_RETRY. dag_id=raw_to_staging_dag, task_id=create_staging_customers, execution_date=20250321T000000, start_date=20250520T040704, end_date=20250520T040704
[2025-05-20T04:07:05.018+0000] {standard_task_runner.py:107} ERROR - Failed to execute job 1769 for task create_staging_customers (relation "raw.customers" does not exist
LINE 2: SELECT * FROM raw.customers WHERE 1=0;
                      ^
; 5166)
[2025-05-20T04:07:05.073+0000] {local_task_job_runner.py:234} INFO - Task exited with return code 1
[2025-05-20T04:07:05.301+0000] {taskinstance.py:3280} INFO - 0 downstream tasks scheduled from follow-on schedule check
