[2025-05-11T08:20:36.520+0000] {taskinstance.py:1956} INFO - Dependencies all met for dep_context=non-requeueable deps ti=<TaskInstance: raw_to_staging_dag.create_staging_cards scheduled__2025-02-13T00:00:00+00:00 [queued]>
[2025-05-11T08:20:36.533+0000] {taskinstance.py:1956} INFO - Dependencies all met for dep_context=requeueable deps ti=<TaskInstance: raw_to_staging_dag.create_staging_cards scheduled__2025-02-13T00:00:00+00:00 [queued]>
[2025-05-11T08:20:36.534+0000] {taskinstance.py:2170} INFO - Starting attempt 1 of 4
[2025-05-11T08:20:36.579+0000] {taskinstance.py:2191} INFO - Executing <Task(PostgresOperator): create_staging_cards> on 2025-02-13 00:00:00+00:00
[2025-05-11T08:20:36.587+0000] {standard_task_runner.py:60} INFO - Started process 1833 to run task
[2025-05-11T08:20:36.595+0000] {standard_task_runner.py:87} INFO - Running: ['airflow', 'tasks', 'run', 'raw_to_staging_dag', 'create_staging_cards', 'scheduled__2025-02-13T00:00:00+00:00', '--job-id', '701', '--raw', '--subdir', 'DAGS_FOLDER/raw_to_staging_dag.py', '--cfg-path', '/tmp/tmp9wo76il9']
[2025-05-11T08:20:36.600+0000] {standard_task_runner.py:88} INFO - Job 701: Subtask create_staging_cards
[2025-05-11T08:20:36.697+0000] {task_command.py:423} INFO - Running <TaskInstance: raw_to_staging_dag.create_staging_cards scheduled__2025-02-13T00:00:00+00:00 [running]> on host 03858235192c
[2025-05-11T08:20:36.812+0000] {taskinstance.py:2480} INFO - Exporting env vars: AIRFLOW_CTX_DAG_OWNER='simran' AIRFLOW_CTX_DAG_ID='raw_to_staging_dag' AIRFLOW_CTX_TASK_ID='create_staging_cards' AIRFLOW_CTX_EXECUTION_DATE='2025-02-13T00:00:00+00:00' AIRFLOW_CTX_TRY_NUMBER='1' AIRFLOW_CTX_DAG_RUN_ID='scheduled__2025-02-13T00:00:00+00:00'
[2025-05-11T08:20:36.813+0000] {sql.py:276} INFO - Executing: CREATE TABLE IF NOT EXISTS staging.cards AS
SELECT * FROM raw.cards WHERE 1=0;
[2025-05-11T08:20:36.830+0000] {taskinstance.py:2698} ERROR - Task failed with exception
Traceback (most recent call last):
  File "/home/airflow/.local/lib/python3.8/site-packages/airflow/models/taskinstance.py", line 433, in _execute_task
    result = execute_callable(context=context, **execute_callable_kwargs)
  File "/home/airflow/.local/lib/python3.8/site-packages/airflow/providers/common/sql/operators/sql.py", line 277, in execute
    hook = self.get_db_hook()
  File "/home/airflow/.local/lib/python3.8/site-packages/airflow/providers/common/sql/operators/sql.py", line 188, in get_db_hook
    return self._hook
  File "/usr/local/lib/python3.8/functools.py", line 967, in __get__
    val = self.func(instance)
  File "/home/airflow/.local/lib/python3.8/site-packages/airflow/providers/common/sql/operators/sql.py", line 150, in _hook
    conn = BaseHook.get_connection(conn_id)
  File "/home/airflow/.local/lib/python3.8/site-packages/airflow/hooks/base.py", line 82, in get_connection
    conn = Connection.get_connection_from_secrets(conn_id)
  File "/home/airflow/.local/lib/python3.8/site-packages/airflow/models/connection.py", line 479, in get_connection_from_secrets
    raise AirflowNotFoundException(f"The conn_id `{conn_id}` isn't defined")
airflow.exceptions.AirflowNotFoundException: The conn_id `postgres_local` isn't defined
[2025-05-11T08:20:36.835+0000] {taskinstance.py:1138} INFO - Marking task as UP_FOR_RETRY. dag_id=raw_to_staging_dag, task_id=create_staging_cards, execution_date=20250213T000000, start_date=20250511T082036, end_date=20250511T082036
[2025-05-11T08:20:36.852+0000] {standard_task_runner.py:107} ERROR - Failed to execute job 701 for task create_staging_cards (The conn_id `postgres_local` isn't defined; 1833)
[2025-05-11T08:20:36.903+0000] {local_task_job_runner.py:234} INFO - Task exited with return code 1
[2025-05-11T08:20:36.952+0000] {taskinstance.py:3280} INFO - 0 downstream tasks scheduled from follow-on schedule check
[2025-05-12T14:29:34.852+0000] {taskinstance.py:1956} INFO - Dependencies all met for dep_context=non-requeueable deps ti=<TaskInstance: raw_to_staging_dag.create_staging_cards scheduled__2025-02-13T00:00:00+00:00 [queued]>
[2025-05-12T14:29:34.866+0000] {taskinstance.py:1956} INFO - Dependencies all met for dep_context=requeueable deps ti=<TaskInstance: raw_to_staging_dag.create_staging_cards scheduled__2025-02-13T00:00:00+00:00 [queued]>
[2025-05-12T14:29:34.867+0000] {taskinstance.py:2170} INFO - Starting attempt 1 of 4
[2025-05-12T14:29:34.881+0000] {taskinstance.py:2191} INFO - Executing <Task(PostgresOperator): create_staging_cards> on 2025-02-13 00:00:00+00:00
[2025-05-12T14:29:34.884+0000] {standard_task_runner.py:60} INFO - Started process 12068 to run task
[2025-05-12T14:29:34.886+0000] {standard_task_runner.py:87} INFO - Running: ['airflow', 'tasks', 'run', 'raw_to_staging_dag', 'create_staging_cards', 'scheduled__2025-02-13T00:00:00+00:00', '--job-id', '3136', '--raw', '--subdir', 'DAGS_FOLDER/raw_to_staging_dag.py', '--cfg-path', '/tmp/tmp70w5wpmh']
[2025-05-12T14:29:34.888+0000] {standard_task_runner.py:88} INFO - Job 3136: Subtask create_staging_cards
[2025-05-12T14:29:34.933+0000] {task_command.py:423} INFO - Running <TaskInstance: raw_to_staging_dag.create_staging_cards scheduled__2025-02-13T00:00:00+00:00 [running]> on host 03858235192c
[2025-05-12T14:29:35.003+0000] {taskinstance.py:2480} INFO - Exporting env vars: AIRFLOW_CTX_DAG_OWNER='simran' AIRFLOW_CTX_DAG_ID='raw_to_staging_dag' AIRFLOW_CTX_TASK_ID='create_staging_cards' AIRFLOW_CTX_EXECUTION_DATE='2025-02-13T00:00:00+00:00' AIRFLOW_CTX_TRY_NUMBER='1' AIRFLOW_CTX_DAG_RUN_ID='scheduled__2025-02-13T00:00:00+00:00'
[2025-05-12T14:29:35.004+0000] {sql.py:276} INFO - Executing: CREATE TABLE IF NOT EXISTS staging.cards AS
SELECT * FROM raw.cards WHERE 1=0;
[2025-05-12T14:29:35.022+0000] {base.py:83} INFO - Using connection ID 'airflow_db' for task execution.
[2025-05-12T14:29:35.031+0000] {base.py:83} INFO - Using connection ID 'airflow_db' for task execution.
[2025-05-12T14:29:35.046+0000] {sql.py:450} INFO - Running statement: CREATE TABLE IF NOT EXISTS staging.cards AS
SELECT * FROM raw.cards WHERE 1=0;, parameters: None
[2025-05-12T14:29:35.059+0000] {taskinstance.py:1138} INFO - Marking task as SUCCESS. dag_id=raw_to_staging_dag, task_id=create_staging_cards, execution_date=20250213T000000, start_date=20250512T142934, end_date=20250512T142935
[2025-05-12T14:29:35.108+0000] {local_task_job_runner.py:234} INFO - Task exited with return code 0
[2025-05-12T14:29:35.123+0000] {taskinstance.py:3280} INFO - 1 downstream tasks scheduled from follow-on schedule check
[2025-05-19T04:13:38.439+0000] {taskinstance.py:1956} INFO - Dependencies all met for dep_context=non-requeueable deps ti=<TaskInstance: raw_to_staging_dag.create_staging_cards scheduled__2025-02-13T00:00:00+00:00 [queued]>
[2025-05-19T04:13:38.451+0000] {taskinstance.py:1956} INFO - Dependencies all met for dep_context=requeueable deps ti=<TaskInstance: raw_to_staging_dag.create_staging_cards scheduled__2025-02-13T00:00:00+00:00 [queued]>
[2025-05-19T04:13:38.451+0000] {taskinstance.py:2170} INFO - Starting attempt 1 of 4
[2025-05-19T04:13:38.517+0000] {taskinstance.py:2191} INFO - Executing <Task(PostgresOperator): create_staging_cards> on 2025-02-13 00:00:00+00:00
[2025-05-19T04:13:38.524+0000] {standard_task_runner.py:60} INFO - Started process 2101 to run task
[2025-05-19T04:13:38.539+0000] {standard_task_runner.py:87} INFO - Running: ['airflow', 'tasks', 'run', 'raw_to_staging_dag', 'create_staging_cards', 'scheduled__2025-02-13T00:00:00+00:00', '--job-id', '704', '--raw', '--subdir', 'DAGS_FOLDER/raw_to_staging_dag.py', '--cfg-path', '/tmp/tmpcofupmx2']
[2025-05-19T04:13:38.547+0000] {standard_task_runner.py:88} INFO - Job 704: Subtask create_staging_cards
[2025-05-19T04:13:38.664+0000] {task_command.py:423} INFO - Running <TaskInstance: raw_to_staging_dag.create_staging_cards scheduled__2025-02-13T00:00:00+00:00 [running]> on host 98044bf8a4b3
[2025-05-19T04:13:38.773+0000] {taskinstance.py:2480} INFO - Exporting env vars: AIRFLOW_CTX_DAG_OWNER='simran' AIRFLOW_CTX_DAG_ID='raw_to_staging_dag' AIRFLOW_CTX_TASK_ID='create_staging_cards' AIRFLOW_CTX_EXECUTION_DATE='2025-02-13T00:00:00+00:00' AIRFLOW_CTX_TRY_NUMBER='1' AIRFLOW_CTX_DAG_RUN_ID='scheduled__2025-02-13T00:00:00+00:00'
[2025-05-19T04:13:38.774+0000] {sql.py:276} INFO - Executing: CREATE TABLE IF NOT EXISTS staging.cards AS
SELECT * FROM raw.cards WHERE 1=0;
[2025-05-19T04:13:38.800+0000] {base.py:83} INFO - Using connection ID 'airflow_db' for task execution.
[2025-05-19T04:13:38.808+0000] {base.py:83} INFO - Using connection ID 'airflow_db' for task execution.
[2025-05-19T04:13:38.828+0000] {taskinstance.py:2698} ERROR - Task failed with exception
Traceback (most recent call last):
  File "/home/airflow/.local/lib/python3.9/site-packages/airflow/models/taskinstance.py", line 433, in _execute_task
    result = execute_callable(context=context, **execute_callable_kwargs)
  File "/home/airflow/.local/lib/python3.9/site-packages/airflow/providers/common/sql/operators/sql.py", line 282, in execute
    output = hook.run(
  File "/home/airflow/.local/lib/python3.9/site-packages/airflow/providers/common/sql/hooks/sql.py", line 391, in run
    with closing(self.get_conn()) as conn:
  File "/home/airflow/.local/lib/python3.9/site-packages/airflow/providers/mysql/hooks/mysql.py", line 195, in get_conn
    return MySQLdb.connect(**conn_config)
  File "/home/airflow/.local/lib/python3.9/site-packages/MySQLdb/__init__.py", line 121, in Connect
    return Connection(*args, **kwargs)
  File "/home/airflow/.local/lib/python3.9/site-packages/MySQLdb/connections.py", line 193, in __init__
    super().__init__(*args, **kwargs2)
MySQLdb.OperationalError: (2005, "Unknown server host 'mysql' (-2)")
[2025-05-19T04:13:38.846+0000] {taskinstance.py:1138} INFO - Marking task as UP_FOR_RETRY. dag_id=raw_to_staging_dag, task_id=create_staging_cards, execution_date=20250213T000000, start_date=20250519T041338, end_date=20250519T041338
[2025-05-19T04:13:38.997+0000] {standard_task_runner.py:107} ERROR - Failed to execute job 704 for task create_staging_cards ((2005, "Unknown server host 'mysql' (-2)"); 2101)
[2025-05-19T04:13:39.025+0000] {local_task_job_runner.py:234} INFO - Task exited with return code 1
[2025-05-19T04:13:39.054+0000] {taskinstance.py:3280} INFO - 0 downstream tasks scheduled from follow-on schedule check
[2025-05-20T01:55:13.694+0000] {taskinstance.py:1956} INFO - Dependencies all met for dep_context=non-requeueable deps ti=<TaskInstance: raw_to_staging_dag.create_staging_cards scheduled__2025-02-13T00:00:00+00:00 [queued]>
[2025-05-20T01:55:13.700+0000] {taskinstance.py:1956} INFO - Dependencies all met for dep_context=requeueable deps ti=<TaskInstance: raw_to_staging_dag.create_staging_cards scheduled__2025-02-13T00:00:00+00:00 [queued]>
[2025-05-20T01:55:13.702+0000] {taskinstance.py:2170} INFO - Starting attempt 1 of 4
[2025-05-20T01:55:13.798+0000] {taskinstance.py:2191} INFO - Executing <Task(PostgresOperator): create_staging_cards> on 2025-02-13 00:00:00+00:00
[2025-05-20T01:55:13.806+0000] {standard_task_runner.py:60} INFO - Started process 2081 to run task
[2025-05-20T01:55:13.814+0000] {standard_task_runner.py:87} INFO - Running: ['airflow', 'tasks', 'run', 'raw_to_staging_dag', 'create_staging_cards', 'scheduled__2025-02-13T00:00:00+00:00', '--job-id', '693', '--raw', '--subdir', 'DAGS_FOLDER/raw_to_staging_dag.py', '--cfg-path', '/tmp/tmp1bpj31qq']
[2025-05-20T01:55:13.821+0000] {standard_task_runner.py:88} INFO - Job 693: Subtask create_staging_cards
[2025-05-20T01:55:13.934+0000] {task_command.py:423} INFO - Running <TaskInstance: raw_to_staging_dag.create_staging_cards scheduled__2025-02-13T00:00:00+00:00 [running]> on host 123cdc80f7f3
[2025-05-20T01:55:14.018+0000] {taskinstance.py:2480} INFO - Exporting env vars: AIRFLOW_CTX_DAG_OWNER='simran' AIRFLOW_CTX_DAG_ID='raw_to_staging_dag' AIRFLOW_CTX_TASK_ID='create_staging_cards' AIRFLOW_CTX_EXECUTION_DATE='2025-02-13T00:00:00+00:00' AIRFLOW_CTX_TRY_NUMBER='1' AIRFLOW_CTX_DAG_RUN_ID='scheduled__2025-02-13T00:00:00+00:00'
[2025-05-20T01:55:14.020+0000] {sql.py:276} INFO - Executing: CREATE TABLE IF NOT EXISTS staging.cards AS
SELECT * FROM raw.cards WHERE 1=0;
[2025-05-20T01:55:14.047+0000] {base.py:83} INFO - Using connection ID 'airflow_db' for task execution.
[2025-05-20T01:55:14.074+0000] {base.py:83} INFO - Using connection ID 'airflow_db' for task execution.
[2025-05-20T01:55:14.094+0000] {sql.py:450} INFO - Running statement: CREATE TABLE IF NOT EXISTS staging.cards AS
SELECT * FROM raw.cards WHERE 1=0;, parameters: None
[2025-05-20T01:55:14.100+0000] {taskinstance.py:2698} ERROR - Task failed with exception
Traceback (most recent call last):
  File "/home/airflow/.local/lib/python3.9/site-packages/airflow/models/taskinstance.py", line 433, in _execute_task
    result = execute_callable(context=context, **execute_callable_kwargs)
  File "/home/airflow/.local/lib/python3.9/site-packages/airflow/providers/common/sql/operators/sql.py", line 282, in execute
    output = hook.run(
  File "/home/airflow/.local/lib/python3.9/site-packages/airflow/providers/common/sql/hooks/sql.py", line 398, in run
    self._run_command(cur, sql_statement, parameters)
  File "/home/airflow/.local/lib/python3.9/site-packages/airflow/providers/common/sql/hooks/sql.py", line 455, in _run_command
    cur.execute(sql_statement)
psycopg2.errors.UndefinedTable: relation "raw.cards" does not exist
LINE 2: SELECT * FROM raw.cards WHERE 1=0;
                      ^

[2025-05-20T01:55:14.116+0000] {taskinstance.py:1138} INFO - Marking task as UP_FOR_RETRY. dag_id=raw_to_staging_dag, task_id=create_staging_cards, execution_date=20250213T000000, start_date=20250520T015513, end_date=20250520T015514
[2025-05-20T01:55:14.152+0000] {standard_task_runner.py:107} ERROR - Failed to execute job 693 for task create_staging_cards (relation "raw.cards" does not exist
LINE 2: SELECT * FROM raw.cards WHERE 1=0;
                      ^
; 2081)
[2025-05-20T01:55:14.160+0000] {local_task_job_runner.py:234} INFO - Task exited with return code 1
[2025-05-20T01:55:14.190+0000] {taskinstance.py:3280} INFO - 0 downstream tasks scheduled from follow-on schedule check
[2025-05-20T14:34:30.283+0000] {taskinstance.py:1956} INFO - Dependencies all met for dep_context=non-requeueable deps ti=<TaskInstance: raw_to_staging_dag.create_staging_cards scheduled__2025-02-13T00:00:00+00:00 [queued]>
[2025-05-20T14:34:30.319+0000] {taskinstance.py:1956} INFO - Dependencies all met for dep_context=requeueable deps ti=<TaskInstance: raw_to_staging_dag.create_staging_cards scheduled__2025-02-13T00:00:00+00:00 [queued]>
[2025-05-20T14:34:30.321+0000] {taskinstance.py:2170} INFO - Starting attempt 1 of 4
[2025-05-20T14:34:30.701+0000] {taskinstance.py:2191} INFO - Executing <Task(PostgresOperator): create_staging_cards> on 2025-02-13 00:00:00+00:00
[2025-05-20T14:34:30.744+0000] {standard_task_runner.py:60} INFO - Started process 15845 to run task
[2025-05-20T14:34:30.799+0000] {standard_task_runner.py:87} INFO - Running: ['airflow', 'tasks', 'run', 'raw_to_staging_dag', 'create_staging_cards', 'scheduled__2025-02-13T00:00:00+00:00', '--job-id', '3506', '--raw', '--subdir', 'DAGS_FOLDER/raw_to_staging_dag.py', '--cfg-path', '/tmp/tmp544hkusl']
[2025-05-20T14:34:30.822+0000] {standard_task_runner.py:88} INFO - Job 3506: Subtask create_staging_cards
[2025-05-20T14:34:31.302+0000] {task_command.py:423} INFO - Running <TaskInstance: raw_to_staging_dag.create_staging_cards scheduled__2025-02-13T00:00:00+00:00 [running]> on host 123cdc80f7f3
[2025-05-20T14:34:31.520+0000] {taskinstance.py:2480} INFO - Exporting env vars: AIRFLOW_CTX_DAG_OWNER='simran' AIRFLOW_CTX_DAG_ID='raw_to_staging_dag' AIRFLOW_CTX_TASK_ID='create_staging_cards' AIRFLOW_CTX_EXECUTION_DATE='2025-02-13T00:00:00+00:00' AIRFLOW_CTX_TRY_NUMBER='1' AIRFLOW_CTX_DAG_RUN_ID='scheduled__2025-02-13T00:00:00+00:00'
[2025-05-20T14:34:31.528+0000] {sql.py:276} INFO - Executing: CREATE TABLE IF NOT EXISTS staging.cards AS
SELECT * FROM raw.cards WHERE 1=0;
[2025-05-20T14:34:31.573+0000] {base.py:83} INFO - Using connection ID 'airflow_db' for task execution.
[2025-05-20T14:34:31.601+0000] {base.py:83} INFO - Using connection ID 'airflow_db' for task execution.
[2025-05-20T14:34:31.620+0000] {sql.py:450} INFO - Running statement: CREATE TABLE IF NOT EXISTS staging.cards AS
SELECT * FROM raw.cards WHERE 1=0;, parameters: None
[2025-05-20T14:34:31.629+0000] {taskinstance.py:2698} ERROR - Task failed with exception
Traceback (most recent call last):
  File "/home/airflow/.local/lib/python3.9/site-packages/airflow/models/taskinstance.py", line 433, in _execute_task
    result = execute_callable(context=context, **execute_callable_kwargs)
  File "/home/airflow/.local/lib/python3.9/site-packages/airflow/providers/common/sql/operators/sql.py", line 282, in execute
    output = hook.run(
  File "/home/airflow/.local/lib/python3.9/site-packages/airflow/providers/common/sql/hooks/sql.py", line 398, in run
    self._run_command(cur, sql_statement, parameters)
  File "/home/airflow/.local/lib/python3.9/site-packages/airflow/providers/common/sql/hooks/sql.py", line 455, in _run_command
    cur.execute(sql_statement)
psycopg2.errors.UndefinedTable: relation "raw.cards" does not exist
LINE 2: SELECT * FROM raw.cards WHERE 1=0;
                      ^

[2025-05-20T14:34:31.668+0000] {taskinstance.py:1138} INFO - Marking task as UP_FOR_RETRY. dag_id=raw_to_staging_dag, task_id=create_staging_cards, execution_date=20250213T000000, start_date=20250520T143430, end_date=20250520T143431
[2025-05-20T14:34:31.693+0000] {standard_task_runner.py:107} ERROR - Failed to execute job 3506 for task create_staging_cards (relation "raw.cards" does not exist
LINE 2: SELECT * FROM raw.cards WHERE 1=0;
                      ^
; 15845)
[2025-05-20T14:34:31.741+0000] {local_task_job_runner.py:234} INFO - Task exited with return code 1
[2025-05-20T14:34:32.063+0000] {taskinstance.py:3280} INFO - 0 downstream tasks scheduled from follow-on schedule check
