[2025-05-11T06:46:25.412+0000] {taskinstance.py:1956} INFO - Dependencies all met for dep_context=non-requeueable deps ti=<TaskInstance: raw_to_staging_dag.create_staging_transactions scheduled__2025-01-04T00:00:00+00:00 [queued]>
[2025-05-11T06:46:25.431+0000] {taskinstance.py:1956} INFO - Dependencies all met for dep_context=requeueable deps ti=<TaskInstance: raw_to_staging_dag.create_staging_transactions scheduled__2025-01-04T00:00:00+00:00 [queued]>
[2025-05-11T06:46:25.433+0000] {taskinstance.py:2170} INFO - Starting attempt 1 of 4
[2025-05-11T06:46:25.584+0000] {taskinstance.py:2191} INFO - Executing <Task(PostgresOperator): create_staging_transactions> on 2025-01-04 00:00:00+00:00
[2025-05-11T06:46:25.599+0000] {standard_task_runner.py:60} INFO - Started process 278 to run task
[2025-05-11T06:46:25.624+0000] {standard_task_runner.py:87} INFO - Running: ['airflow', 'tasks', 'run', 'raw_to_staging_dag', 'create_staging_transactions', 'scheduled__2025-01-04T00:00:00+00:00', '--job-id', '19', '--raw', '--subdir', 'DAGS_FOLDER/raw_to_staging_dag.py', '--cfg-path', '/tmp/tmplmap_aft']
[2025-05-11T06:46:25.643+0000] {standard_task_runner.py:88} INFO - Job 19: Subtask create_staging_transactions
[2025-05-11T06:46:25.901+0000] {task_command.py:423} INFO - Running <TaskInstance: raw_to_staging_dag.create_staging_transactions scheduled__2025-01-04T00:00:00+00:00 [running]> on host 03858235192c
[2025-05-11T06:46:26.845+0000] {taskinstance.py:2480} INFO - Exporting env vars: AIRFLOW_CTX_DAG_OWNER='simran' AIRFLOW_CTX_DAG_ID='raw_to_staging_dag' AIRFLOW_CTX_TASK_ID='create_staging_transactions' AIRFLOW_CTX_EXECUTION_DATE='2025-01-04T00:00:00+00:00' AIRFLOW_CTX_TRY_NUMBER='1' AIRFLOW_CTX_DAG_RUN_ID='scheduled__2025-01-04T00:00:00+00:00'
[2025-05-11T06:46:26.874+0000] {sql.py:276} INFO - Executing: CREATE TABLE IF NOT EXISTS staging.transactions AS
SELECT * FROM raw.transactions WHERE 1=0;
[2025-05-11T06:46:26.938+0000] {taskinstance.py:2698} ERROR - Task failed with exception
Traceback (most recent call last):
  File "/home/airflow/.local/lib/python3.8/site-packages/airflow/models/taskinstance.py", line 433, in _execute_task
    result = execute_callable(context=context, **execute_callable_kwargs)
  File "/home/airflow/.local/lib/python3.8/site-packages/airflow/providers/common/sql/operators/sql.py", line 277, in execute
    hook = self.get_db_hook()
  File "/home/airflow/.local/lib/python3.8/site-packages/airflow/providers/common/sql/operators/sql.py", line 188, in get_db_hook
    return self._hook
  File "/usr/local/lib/python3.8/functools.py", line 967, in __get__
    val = self.func(instance)
  File "/home/airflow/.local/lib/python3.8/site-packages/airflow/providers/common/sql/operators/sql.py", line 150, in _hook
    conn = BaseHook.get_connection(conn_id)
  File "/home/airflow/.local/lib/python3.8/site-packages/airflow/hooks/base.py", line 82, in get_connection
    conn = Connection.get_connection_from_secrets(conn_id)
  File "/home/airflow/.local/lib/python3.8/site-packages/airflow/models/connection.py", line 479, in get_connection_from_secrets
    raise AirflowNotFoundException(f"The conn_id `{conn_id}` isn't defined")
airflow.exceptions.AirflowNotFoundException: The conn_id `postgres_local` isn't defined
[2025-05-11T06:46:26.976+0000] {taskinstance.py:1138} INFO - Marking task as UP_FOR_RETRY. dag_id=raw_to_staging_dag, task_id=create_staging_transactions, execution_date=20250104T000000, start_date=20250511T064625, end_date=20250511T064626
[2025-05-11T06:46:27.046+0000] {standard_task_runner.py:107} ERROR - Failed to execute job 19 for task create_staging_transactions (The conn_id `postgres_local` isn't defined; 278)
[2025-05-11T06:46:27.140+0000] {local_task_job_runner.py:234} INFO - Task exited with return code 1
[2025-05-11T06:46:27.360+0000] {taskinstance.py:3280} INFO - 0 downstream tasks scheduled from follow-on schedule check
[2025-05-12T14:27:54.051+0000] {taskinstance.py:1956} INFO - Dependencies all met for dep_context=non-requeueable deps ti=<TaskInstance: raw_to_staging_dag.create_staging_transactions scheduled__2025-01-04T00:00:00+00:00 [queued]>
[2025-05-12T14:27:54.090+0000] {taskinstance.py:1956} INFO - Dependencies all met for dep_context=requeueable deps ti=<TaskInstance: raw_to_staging_dag.create_staging_transactions scheduled__2025-01-04T00:00:00+00:00 [queued]>
[2025-05-12T14:27:54.091+0000] {taskinstance.py:2170} INFO - Starting attempt 1 of 4
[2025-05-12T14:27:54.132+0000] {taskinstance.py:2191} INFO - Executing <Task(PostgresOperator): create_staging_transactions> on 2025-01-04 00:00:00+00:00
[2025-05-12T14:27:54.178+0000] {standard_task_runner.py:60} INFO - Started process 11214 to run task
[2025-05-12T14:27:54.417+0000] {standard_task_runner.py:87} INFO - Running: ['airflow', 'tasks', 'run', 'raw_to_staging_dag', 'create_staging_transactions', 'scheduled__2025-01-04T00:00:00+00:00', '--job-id', '2721', '--raw', '--subdir', 'DAGS_FOLDER/raw_to_staging_dag.py', '--cfg-path', '/tmp/tmpyns0sihu']
[2025-05-12T14:27:54.513+0000] {standard_task_runner.py:88} INFO - Job 2721: Subtask create_staging_transactions
[2025-05-12T14:27:55.176+0000] {task_command.py:423} INFO - Running <TaskInstance: raw_to_staging_dag.create_staging_transactions scheduled__2025-01-04T00:00:00+00:00 [running]> on host 03858235192c
[2025-05-12T14:27:55.582+0000] {taskinstance.py:2480} INFO - Exporting env vars: AIRFLOW_CTX_DAG_OWNER='simran' AIRFLOW_CTX_DAG_ID='raw_to_staging_dag' AIRFLOW_CTX_TASK_ID='create_staging_transactions' AIRFLOW_CTX_EXECUTION_DATE='2025-01-04T00:00:00+00:00' AIRFLOW_CTX_TRY_NUMBER='1' AIRFLOW_CTX_DAG_RUN_ID='scheduled__2025-01-04T00:00:00+00:00'
[2025-05-12T14:27:55.590+0000] {sql.py:276} INFO - Executing: CREATE TABLE IF NOT EXISTS staging.transactions AS
SELECT * FROM raw.transactions WHERE 1=0;
[2025-05-12T14:27:55.628+0000] {base.py:83} INFO - Using connection ID 'airflow_db' for task execution.
[2025-05-12T14:27:55.656+0000] {base.py:83} INFO - Using connection ID 'airflow_db' for task execution.
[2025-05-12T14:27:55.748+0000] {sql.py:450} INFO - Running statement: CREATE TABLE IF NOT EXISTS staging.transactions AS
SELECT * FROM raw.transactions WHERE 1=0;, parameters: None
[2025-05-12T14:27:55.802+0000] {taskinstance.py:1138} INFO - Marking task as SUCCESS. dag_id=raw_to_staging_dag, task_id=create_staging_transactions, execution_date=20250104T000000, start_date=20250512T142754, end_date=20250512T142755
[2025-05-12T14:27:55.833+0000] {local_task_job_runner.py:234} INFO - Task exited with return code 0
[2025-05-12T14:27:55.948+0000] {taskinstance.py:3280} INFO - 1 downstream tasks scheduled from follow-on schedule check
[2025-05-19T02:43:52.578+0000] {taskinstance.py:1956} INFO - Dependencies all met for dep_context=non-requeueable deps ti=<TaskInstance: raw_to_staging_dag.create_staging_transactions scheduled__2025-01-04T00:00:00+00:00 [queued]>
[2025-05-19T02:43:52.624+0000] {taskinstance.py:1956} INFO - Dependencies all met for dep_context=requeueable deps ti=<TaskInstance: raw_to_staging_dag.create_staging_transactions scheduled__2025-01-04T00:00:00+00:00 [queued]>
[2025-05-19T02:43:52.626+0000] {taskinstance.py:2170} INFO - Starting attempt 1 of 4
[2025-05-19T02:43:52.710+0000] {taskinstance.py:2191} INFO - Executing <Task(PostgresOperator): create_staging_transactions> on 2025-01-04 00:00:00+00:00
[2025-05-19T02:43:52.737+0000] {standard_task_runner.py:60} INFO - Started process 364 to run task
[2025-05-19T02:43:52.744+0000] {standard_task_runner.py:87} INFO - Running: ['airflow', 'tasks', 'run', 'raw_to_staging_dag', 'create_staging_transactions', 'scheduled__2025-01-04T00:00:00+00:00', '--job-id', '17', '--raw', '--subdir', 'DAGS_FOLDER/raw_to_staging_dag.py', '--cfg-path', '/tmp/tmphf511ib8']
[2025-05-19T02:43:52.755+0000] {standard_task_runner.py:88} INFO - Job 17: Subtask create_staging_transactions
[2025-05-19T02:43:52.951+0000] {task_command.py:423} INFO - Running <TaskInstance: raw_to_staging_dag.create_staging_transactions scheduled__2025-01-04T00:00:00+00:00 [running]> on host 98044bf8a4b3
[2025-05-19T02:43:53.141+0000] {taskinstance.py:2480} INFO - Exporting env vars: AIRFLOW_CTX_DAG_OWNER='simran' AIRFLOW_CTX_DAG_ID='raw_to_staging_dag' AIRFLOW_CTX_TASK_ID='create_staging_transactions' AIRFLOW_CTX_EXECUTION_DATE='2025-01-04T00:00:00+00:00' AIRFLOW_CTX_TRY_NUMBER='1' AIRFLOW_CTX_DAG_RUN_ID='scheduled__2025-01-04T00:00:00+00:00'
[2025-05-19T02:43:53.146+0000] {sql.py:276} INFO - Executing: CREATE TABLE IF NOT EXISTS staging.transactions AS
SELECT * FROM raw.transactions WHERE 1=0;
[2025-05-19T02:43:53.160+0000] {base.py:83} INFO - Using connection ID 'airflow_db' for task execution.
[2025-05-19T02:43:53.188+0000] {base.py:83} INFO - Using connection ID 'airflow_db' for task execution.
[2025-05-19T02:43:53.248+0000] {taskinstance.py:2698} ERROR - Task failed with exception
Traceback (most recent call last):
  File "/home/airflow/.local/lib/python3.9/site-packages/airflow/models/taskinstance.py", line 433, in _execute_task
    result = execute_callable(context=context, **execute_callable_kwargs)
  File "/home/airflow/.local/lib/python3.9/site-packages/airflow/providers/common/sql/operators/sql.py", line 282, in execute
    output = hook.run(
  File "/home/airflow/.local/lib/python3.9/site-packages/airflow/providers/common/sql/hooks/sql.py", line 391, in run
    with closing(self.get_conn()) as conn:
  File "/home/airflow/.local/lib/python3.9/site-packages/airflow/providers/mysql/hooks/mysql.py", line 195, in get_conn
    return MySQLdb.connect(**conn_config)
  File "/home/airflow/.local/lib/python3.9/site-packages/MySQLdb/__init__.py", line 121, in Connect
    return Connection(*args, **kwargs)
  File "/home/airflow/.local/lib/python3.9/site-packages/MySQLdb/connections.py", line 193, in __init__
    super().__init__(*args, **kwargs2)
MySQLdb.OperationalError: (2005, "Unknown server host 'mysql' (-2)")
[2025-05-19T02:43:53.268+0000] {taskinstance.py:1138} INFO - Marking task as UP_FOR_RETRY. dag_id=raw_to_staging_dag, task_id=create_staging_transactions, execution_date=20250104T000000, start_date=20250519T024352, end_date=20250519T024353
[2025-05-19T02:43:53.317+0000] {standard_task_runner.py:107} ERROR - Failed to execute job 17 for task create_staging_transactions ((2005, "Unknown server host 'mysql' (-2)"); 364)
[2025-05-19T02:43:53.344+0000] {local_task_job_runner.py:234} INFO - Task exited with return code 1
[2025-05-19T02:43:53.682+0000] {taskinstance.py:3280} INFO - 0 downstream tasks scheduled from follow-on schedule check
[2025-05-20T01:12:20.727+0000] {taskinstance.py:1956} INFO - Dependencies all met for dep_context=non-requeueable deps ti=<TaskInstance: raw_to_staging_dag.create_staging_transactions scheduled__2025-01-04T00:00:00+00:00 [queued]>
[2025-05-20T01:12:20.844+0000] {taskinstance.py:1956} INFO - Dependencies all met for dep_context=requeueable deps ti=<TaskInstance: raw_to_staging_dag.create_staging_transactions scheduled__2025-01-04T00:00:00+00:00 [queued]>
[2025-05-20T01:12:20.852+0000] {taskinstance.py:2170} INFO - Starting attempt 1 of 4
[2025-05-20T01:12:20.974+0000] {taskinstance.py:2191} INFO - Executing <Task(PostgresOperator): create_staging_transactions> on 2025-01-04 00:00:00+00:00
[2025-05-20T01:12:21.030+0000] {standard_task_runner.py:60} INFO - Started process 245 to run task
[2025-05-20T01:12:21.219+0000] {standard_task_runner.py:87} INFO - Running: ['airflow', 'tasks', 'run', 'raw_to_staging_dag', 'create_staging_transactions', 'scheduled__2025-01-04T00:00:00+00:00', '--job-id', '14', '--raw', '--subdir', 'DAGS_FOLDER/raw_to_staging_dag.py', '--cfg-path', '/tmp/tmp7_eujvvj']
[2025-05-20T01:12:21.260+0000] {standard_task_runner.py:88} INFO - Job 14: Subtask create_staging_transactions
[2025-05-20T01:12:21.700+0000] {task_command.py:423} INFO - Running <TaskInstance: raw_to_staging_dag.create_staging_transactions scheduled__2025-01-04T00:00:00+00:00 [running]> on host 123cdc80f7f3
[2025-05-20T01:12:22.371+0000] {taskinstance.py:2480} INFO - Exporting env vars: AIRFLOW_CTX_DAG_OWNER='simran' AIRFLOW_CTX_DAG_ID='raw_to_staging_dag' AIRFLOW_CTX_TASK_ID='create_staging_transactions' AIRFLOW_CTX_EXECUTION_DATE='2025-01-04T00:00:00+00:00' AIRFLOW_CTX_TRY_NUMBER='1' AIRFLOW_CTX_DAG_RUN_ID='scheduled__2025-01-04T00:00:00+00:00'
[2025-05-20T01:12:22.426+0000] {sql.py:276} INFO - Executing: CREATE TABLE IF NOT EXISTS staging.transactions AS
SELECT * FROM raw.transactions WHERE 1=0;
[2025-05-20T01:12:22.487+0000] {base.py:83} INFO - Using connection ID 'airflow_db' for task execution.
[2025-05-20T01:12:22.546+0000] {base.py:83} INFO - Using connection ID 'airflow_db' for task execution.
[2025-05-20T01:12:22.641+0000] {taskinstance.py:2698} ERROR - Task failed with exception
Traceback (most recent call last):
  File "/home/airflow/.local/lib/python3.9/site-packages/airflow/models/taskinstance.py", line 433, in _execute_task
    result = execute_callable(context=context, **execute_callable_kwargs)
  File "/home/airflow/.local/lib/python3.9/site-packages/airflow/providers/common/sql/operators/sql.py", line 282, in execute
    output = hook.run(
  File "/home/airflow/.local/lib/python3.9/site-packages/airflow/providers/common/sql/hooks/sql.py", line 391, in run
    with closing(self.get_conn()) as conn:
  File "/home/airflow/.local/lib/python3.9/site-packages/airflow/providers/mysql/hooks/mysql.py", line 195, in get_conn
    return MySQLdb.connect(**conn_config)
  File "/home/airflow/.local/lib/python3.9/site-packages/MySQLdb/__init__.py", line 121, in Connect
    return Connection(*args, **kwargs)
  File "/home/airflow/.local/lib/python3.9/site-packages/MySQLdb/connections.py", line 193, in __init__
    super().__init__(*args, **kwargs2)
MySQLdb.OperationalError: (2005, "Unknown server host 'mysql' (-2)")
[2025-05-20T01:12:22.749+0000] {taskinstance.py:1138} INFO - Marking task as UP_FOR_RETRY. dag_id=raw_to_staging_dag, task_id=create_staging_transactions, execution_date=20250104T000000, start_date=20250520T011220, end_date=20250520T011222
[2025-05-20T01:12:22.925+0000] {standard_task_runner.py:107} ERROR - Failed to execute job 14 for task create_staging_transactions ((2005, "Unknown server host 'mysql' (-2)"); 245)
[2025-05-20T01:12:23.070+0000] {local_task_job_runner.py:234} INFO - Task exited with return code 1
[2025-05-20T01:12:23.919+0000] {taskinstance.py:3280} INFO - 0 downstream tasks scheduled from follow-on schedule check
[2025-05-20T13:33:05.452+0000] {taskinstance.py:1956} INFO - Dependencies all met for dep_context=non-requeueable deps ti=<TaskInstance: raw_to_staging_dag.create_staging_transactions scheduled__2025-01-04T00:00:00+00:00 [queued]>
[2025-05-20T13:33:05.486+0000] {taskinstance.py:1956} INFO - Dependencies all met for dep_context=requeueable deps ti=<TaskInstance: raw_to_staging_dag.create_staging_transactions scheduled__2025-01-04T00:00:00+00:00 [queued]>
[2025-05-20T13:33:05.492+0000] {taskinstance.py:2170} INFO - Starting attempt 1 of 4
[2025-05-20T13:33:05.592+0000] {taskinstance.py:2191} INFO - Executing <Task(PostgresOperator): create_staging_transactions> on 2025-01-04 00:00:00+00:00
[2025-05-20T13:33:05.636+0000] {standard_task_runner.py:60} INFO - Started process 14031 to run task
[2025-05-20T13:33:05.677+0000] {standard_task_runner.py:87} INFO - Running: ['airflow', 'tasks', 'run', 'raw_to_staging_dag', 'create_staging_transactions', 'scheduled__2025-01-04T00:00:00+00:00', '--job-id', '2822', '--raw', '--subdir', 'DAGS_FOLDER/raw_to_staging_dag.py', '--cfg-path', '/tmp/tmpv0u1mp16']
[2025-05-20T13:33:05.745+0000] {standard_task_runner.py:88} INFO - Job 2822: Subtask create_staging_transactions
[2025-05-20T13:33:06.319+0000] {task_command.py:423} INFO - Running <TaskInstance: raw_to_staging_dag.create_staging_transactions scheduled__2025-01-04T00:00:00+00:00 [running]> on host 123cdc80f7f3
[2025-05-20T13:33:06.602+0000] {taskinstance.py:2480} INFO - Exporting env vars: AIRFLOW_CTX_DAG_OWNER='simran' AIRFLOW_CTX_DAG_ID='raw_to_staging_dag' AIRFLOW_CTX_TASK_ID='create_staging_transactions' AIRFLOW_CTX_EXECUTION_DATE='2025-01-04T00:00:00+00:00' AIRFLOW_CTX_TRY_NUMBER='1' AIRFLOW_CTX_DAG_RUN_ID='scheduled__2025-01-04T00:00:00+00:00'
[2025-05-20T13:33:06.613+0000] {sql.py:276} INFO - Executing: CREATE TABLE IF NOT EXISTS staging.transactions AS
SELECT * FROM raw.transactions WHERE 1=0;
[2025-05-20T13:33:06.726+0000] {base.py:83} INFO - Using connection ID 'airflow_db' for task execution.
[2025-05-20T13:33:06.749+0000] {base.py:83} INFO - Using connection ID 'airflow_db' for task execution.
[2025-05-20T13:33:06.825+0000] {sql.py:450} INFO - Running statement: CREATE TABLE IF NOT EXISTS staging.transactions AS
SELECT * FROM raw.transactions WHERE 1=0;, parameters: None
[2025-05-20T13:33:06.836+0000] {taskinstance.py:2698} ERROR - Task failed with exception
Traceback (most recent call last):
  File "/home/airflow/.local/lib/python3.9/site-packages/airflow/models/taskinstance.py", line 433, in _execute_task
    result = execute_callable(context=context, **execute_callable_kwargs)
  File "/home/airflow/.local/lib/python3.9/site-packages/airflow/providers/common/sql/operators/sql.py", line 282, in execute
    output = hook.run(
  File "/home/airflow/.local/lib/python3.9/site-packages/airflow/providers/common/sql/hooks/sql.py", line 398, in run
    self._run_command(cur, sql_statement, parameters)
  File "/home/airflow/.local/lib/python3.9/site-packages/airflow/providers/common/sql/hooks/sql.py", line 455, in _run_command
    cur.execute(sql_statement)
psycopg2.errors.UndefinedTable: relation "raw.transactions" does not exist
LINE 2: SELECT * FROM raw.transactions WHERE 1=0;
                      ^

[2025-05-20T13:33:06.887+0000] {taskinstance.py:1138} INFO - Marking task as UP_FOR_RETRY. dag_id=raw_to_staging_dag, task_id=create_staging_transactions, execution_date=20250104T000000, start_date=20250520T133305, end_date=20250520T133306
[2025-05-20T13:33:07.429+0000] {standard_task_runner.py:107} ERROR - Failed to execute job 2822 for task create_staging_transactions (relation "raw.transactions" does not exist
LINE 2: SELECT * FROM raw.transactions WHERE 1=0;
                      ^
; 14031)
[2025-05-20T13:33:07.750+0000] {local_task_job_runner.py:234} INFO - Task exited with return code 1
[2025-05-20T13:33:09.073+0000] {taskinstance.py:3280} INFO - 0 downstream tasks scheduled from follow-on schedule check
