[2025-05-12T14:32:25.603+0000] {taskinstance.py:1956} INFO - Dependencies all met for dep_context=non-requeueable deps ti=<TaskInstance: raw_to_staging_dag.load_staging_transactions scheduled__2025-05-07T00:00:00+00:00 [queued]>
[2025-05-12T14:32:25.614+0000] {taskinstance.py:1956} INFO - Dependencies all met for dep_context=requeueable deps ti=<TaskInstance: raw_to_staging_dag.load_staging_transactions scheduled__2025-05-07T00:00:00+00:00 [queued]>
[2025-05-12T14:32:25.619+0000] {taskinstance.py:2170} INFO - Starting attempt 1 of 4
[2025-05-12T14:32:25.668+0000] {taskinstance.py:2191} INFO - Executing <Task(PostgresOperator): load_staging_transactions> on 2025-05-07 00:00:00+00:00
[2025-05-12T14:32:25.678+0000] {standard_task_runner.py:60} INFO - Started process 13769 to run task
[2025-05-12T14:32:25.689+0000] {standard_task_runner.py:87} INFO - Running: ['airflow', 'tasks', 'run', 'raw_to_staging_dag', 'load_staging_transactions', 'scheduled__2025-05-07T00:00:00+00:00', '--job-id', '3974', '--raw', '--subdir', 'DAGS_FOLDER/raw_to_staging_dag.py', '--cfg-path', '/tmp/tmpnh1vm2j5']
[2025-05-12T14:32:25.699+0000] {standard_task_runner.py:88} INFO - Job 3974: Subtask load_staging_transactions
[2025-05-12T14:32:25.977+0000] {task_command.py:423} INFO - Running <TaskInstance: raw_to_staging_dag.load_staging_transactions scheduled__2025-05-07T00:00:00+00:00 [running]> on host 03858235192c
[2025-05-12T14:32:26.363+0000] {taskinstance.py:2480} INFO - Exporting env vars: AIRFLOW_CTX_DAG_OWNER='simran' AIRFLOW_CTX_DAG_ID='raw_to_staging_dag' AIRFLOW_CTX_TASK_ID='load_staging_transactions' AIRFLOW_CTX_EXECUTION_DATE='2025-05-07T00:00:00+00:00' AIRFLOW_CTX_TRY_NUMBER='1' AIRFLOW_CTX_DAG_RUN_ID='scheduled__2025-05-07T00:00:00+00:00'
[2025-05-12T14:32:26.364+0000] {sql.py:276} INFO - Executing: INSERT INTO staging.transactions
SELECT * FROM raw.transactions;
[2025-05-12T14:32:26.390+0000] {base.py:83} INFO - Using connection ID 'airflow_db' for task execution.
[2025-05-12T14:32:26.430+0000] {base.py:83} INFO - Using connection ID 'airflow_db' for task execution.
[2025-05-12T14:32:26.472+0000] {sql.py:450} INFO - Running statement: INSERT INTO staging.transactions
SELECT * FROM raw.transactions;, parameters: None
[2025-05-12T14:32:26.750+0000] {sql.py:459} INFO - Rows affected: 27536
[2025-05-12T14:32:26.814+0000] {taskinstance.py:1138} INFO - Marking task as SUCCESS. dag_id=raw_to_staging_dag, task_id=load_staging_transactions, execution_date=20250507T000000, start_date=20250512T143225, end_date=20250512T143226
[2025-05-12T14:32:26.903+0000] {local_task_job_runner.py:234} INFO - Task exited with return code 0
[2025-05-12T14:32:26.957+0000] {taskinstance.py:3280} INFO - 0 downstream tasks scheduled from follow-on schedule check
[2025-05-22T02:23:37.513+0000] {taskinstance.py:1956} INFO - Dependencies all met for dep_context=non-requeueable deps ti=<TaskInstance: raw_to_staging_dag.load_staging_transactions scheduled__2025-05-07T00:00:00+00:00 [queued]>
[2025-05-22T02:23:37.559+0000] {taskinstance.py:1956} INFO - Dependencies all met for dep_context=requeueable deps ti=<TaskInstance: raw_to_staging_dag.load_staging_transactions scheduled__2025-05-07T00:00:00+00:00 [queued]>
[2025-05-22T02:23:37.560+0000] {taskinstance.py:2170} INFO - Starting attempt 1 of 4
[2025-05-22T02:23:37.607+0000] {taskinstance.py:2191} INFO - Executing <Task(PostgresOperator): load_staging_transactions> on 2025-05-07 00:00:00+00:00
[2025-05-22T02:23:37.620+0000] {standard_task_runner.py:60} INFO - Started process 28647 to run task
[2025-05-22T02:23:37.635+0000] {standard_task_runner.py:87} INFO - Running: ['airflow', 'tasks', 'run', 'raw_to_staging_dag', 'load_staging_transactions', 'scheduled__2025-05-07T00:00:00+00:00', '--job-id', '3938', '--raw', '--subdir', 'DAGS_FOLDER/raw_to_staging_dag.py', '--cfg-path', '/tmp/tmpwewqkbnk']
[2025-05-22T02:23:37.642+0000] {standard_task_runner.py:88} INFO - Job 3938: Subtask load_staging_transactions
[2025-05-22T02:23:37.764+0000] {task_command.py:423} INFO - Running <TaskInstance: raw_to_staging_dag.load_staging_transactions scheduled__2025-05-07T00:00:00+00:00 [running]> on host 123cdc80f7f3
[2025-05-22T02:23:37.982+0000] {taskinstance.py:2480} INFO - Exporting env vars: AIRFLOW_CTX_DAG_OWNER='simran' AIRFLOW_CTX_DAG_ID='raw_to_staging_dag' AIRFLOW_CTX_TASK_ID='load_staging_transactions' AIRFLOW_CTX_EXECUTION_DATE='2025-05-07T00:00:00+00:00' AIRFLOW_CTX_TRY_NUMBER='1' AIRFLOW_CTX_DAG_RUN_ID='scheduled__2025-05-07T00:00:00+00:00'
[2025-05-22T02:23:37.984+0000] {sql.py:276} INFO - Executing: TRUNCATE TABLE staging.transactions;

INSERT INTO staging.transactions
SELECT * FROM raw.transactions;
[2025-05-22T02:23:38.028+0000] {base.py:83} INFO - Using connection ID 'airflow_db' for task execution.
[2025-05-22T02:23:38.080+0000] {base.py:83} INFO - Using connection ID 'airflow_db' for task execution.
[2025-05-22T02:23:38.125+0000] {sql.py:450} INFO - Running statement: TRUNCATE TABLE staging.transactions;

INSERT INTO staging.transactions
SELECT * FROM raw.transactions;, parameters: None
[2025-05-22T02:23:38.147+0000] {sql.py:459} INFO - Rows affected: 0
[2025-05-22T02:23:38.189+0000] {taskinstance.py:1138} INFO - Marking task as SUCCESS. dag_id=raw_to_staging_dag, task_id=load_staging_transactions, execution_date=20250507T000000, start_date=20250522T022337, end_date=20250522T022338
[2025-05-22T02:23:38.280+0000] {local_task_job_runner.py:234} INFO - Task exited with return code 0
[2025-05-22T02:23:38.404+0000] {taskinstance.py:3280} INFO - 0 downstream tasks scheduled from follow-on schedule check
