[2025-05-11T13:48:34.493+0000] {taskinstance.py:1956} INFO - Dependencies all met for dep_context=non-requeueable deps ti=<TaskInstance: raw_to_staging_dag.create_staging_products scheduled__2025-03-27T00:00:00+00:00 [queued]>
[2025-05-11T13:48:34.501+0000] {taskinstance.py:1956} INFO - Dependencies all met for dep_context=requeueable deps ti=<TaskInstance: raw_to_staging_dag.create_staging_products scheduled__2025-03-27T00:00:00+00:00 [queued]>
[2025-05-11T13:48:34.502+0000] {taskinstance.py:2170} INFO - Starting attempt 4 of 4
[2025-05-11T13:48:34.569+0000] {taskinstance.py:2191} INFO - Executing <Task(PostgresOperator): create_staging_products> on 2025-03-27 00:00:00+00:00
[2025-05-11T13:48:34.576+0000] {standard_task_runner.py:60} INFO - Started process 4370 to run task
[2025-05-11T13:48:34.578+0000] {standard_task_runner.py:87} INFO - Running: ['airflow', 'tasks', 'run', 'raw_to_staging_dag', 'create_staging_products', 'scheduled__2025-03-27T00:00:00+00:00', '--job-id', '1867', '--raw', '--subdir', 'DAGS_FOLDER/raw_to_staging_dag.py', '--cfg-path', '/tmp/tmphmnsw2a_']
[2025-05-11T13:48:34.581+0000] {standard_task_runner.py:88} INFO - Job 1867: Subtask create_staging_products
[2025-05-11T13:48:34.659+0000] {task_command.py:423} INFO - Running <TaskInstance: raw_to_staging_dag.create_staging_products scheduled__2025-03-27T00:00:00+00:00 [running]> on host 03858235192c
[2025-05-11T13:48:34.743+0000] {taskinstance.py:2480} INFO - Exporting env vars: AIRFLOW_CTX_DAG_OWNER='simran' AIRFLOW_CTX_DAG_ID='raw_to_staging_dag' AIRFLOW_CTX_TASK_ID='create_staging_products' AIRFLOW_CTX_EXECUTION_DATE='2025-03-27T00:00:00+00:00' AIRFLOW_CTX_TRY_NUMBER='4' AIRFLOW_CTX_DAG_RUN_ID='scheduled__2025-03-27T00:00:00+00:00'
[2025-05-11T13:48:34.745+0000] {sql.py:276} INFO - Executing: CREATE TABLE IF NOT EXISTS staging.products AS
SELECT * FROM raw.product WHERE 1=0;
[2025-05-11T13:48:34.768+0000] {base.py:83} INFO - Using connection ID 'postgres_local' for task execution.
[2025-05-11T13:48:34.796+0000] {base.py:83} INFO - Using connection ID 'postgres_local' for task execution.
[2025-05-11T13:48:34.802+0000] {taskinstance.py:2698} ERROR - Task failed with exception
Traceback (most recent call last):
  File "/home/airflow/.local/lib/python3.8/site-packages/airflow/models/taskinstance.py", line 433, in _execute_task
    result = execute_callable(context=context, **execute_callable_kwargs)
  File "/home/airflow/.local/lib/python3.8/site-packages/airflow/providers/common/sql/operators/sql.py", line 282, in execute
    output = hook.run(
  File "/home/airflow/.local/lib/python3.8/site-packages/airflow/providers/common/sql/hooks/sql.py", line 391, in run
    with closing(self.get_conn()) as conn:
  File "/home/airflow/.local/lib/python3.8/site-packages/airflow/providers/postgres/hooks/postgres.py", line 158, in get_conn
    self.conn = psycopg2.connect(**conn_args)
  File "/home/airflow/.local/lib/python3.8/site-packages/psycopg2/__init__.py", line 122, in connect
    conn = _connect(dsn, connection_factory=connection_factory, **kwasync)
psycopg2.OperationalError: connection to server at "localhost" (::1), port 5433 failed: Connection refused
	Is the server running on that host and accepting TCP/IP connections?
connection to server at "localhost" (127.0.0.1), port 5433 failed: Connection refused
	Is the server running on that host and accepting TCP/IP connections?

[2025-05-11T13:48:34.808+0000] {taskinstance.py:1138} INFO - Marking task as FAILED. dag_id=raw_to_staging_dag, task_id=create_staging_products, execution_date=20250327T000000, start_date=20250511T134834, end_date=20250511T134834
[2025-05-11T13:48:34.847+0000] {standard_task_runner.py:107} ERROR - Failed to execute job 1867 for task create_staging_products (connection to server at "localhost" (::1), port 5433 failed: Connection refused
	Is the server running on that host and accepting TCP/IP connections?
connection to server at "localhost" (127.0.0.1), port 5433 failed: Connection refused
	Is the server running on that host and accepting TCP/IP connections?
; 4370)
[2025-05-11T13:48:34.893+0000] {local_task_job_runner.py:234} INFO - Task exited with return code 1
[2025-05-11T13:48:34.920+0000] {taskinstance.py:3280} INFO - 0 downstream tasks scheduled from follow-on schedule check
[2025-05-19T05:18:43.033+0000] {taskinstance.py:1956} INFO - Dependencies all met for dep_context=non-requeueable deps ti=<TaskInstance: raw_to_staging_dag.create_staging_products scheduled__2025-03-27T00:00:00+00:00 [queued]>
[2025-05-19T05:18:43.047+0000] {taskinstance.py:1956} INFO - Dependencies all met for dep_context=requeueable deps ti=<TaskInstance: raw_to_staging_dag.create_staging_products scheduled__2025-03-27T00:00:00+00:00 [queued]>
[2025-05-19T05:18:43.048+0000] {taskinstance.py:2170} INFO - Starting attempt 4 of 4
[2025-05-19T05:18:43.065+0000] {taskinstance.py:2191} INFO - Executing <Task(PostgresOperator): create_staging_products> on 2025-03-27 00:00:00+00:00
[2025-05-19T05:18:43.070+0000] {standard_task_runner.py:60} INFO - Started process 5589 to run task
[2025-05-19T05:18:43.078+0000] {standard_task_runner.py:87} INFO - Running: ['airflow', 'tasks', 'run', 'raw_to_staging_dag', 'create_staging_products', 'scheduled__2025-03-27T00:00:00+00:00', '--job-id', '1879', '--raw', '--subdir', 'DAGS_FOLDER/raw_to_staging_dag.py', '--cfg-path', '/tmp/tmp1uw25akr']
[2025-05-19T05:18:43.082+0000] {standard_task_runner.py:88} INFO - Job 1879: Subtask create_staging_products
[2025-05-19T05:18:43.189+0000] {task_command.py:423} INFO - Running <TaskInstance: raw_to_staging_dag.create_staging_products scheduled__2025-03-27T00:00:00+00:00 [running]> on host 98044bf8a4b3
[2025-05-19T05:18:43.323+0000] {taskinstance.py:2480} INFO - Exporting env vars: AIRFLOW_CTX_DAG_OWNER='simran' AIRFLOW_CTX_DAG_ID='raw_to_staging_dag' AIRFLOW_CTX_TASK_ID='create_staging_products' AIRFLOW_CTX_EXECUTION_DATE='2025-03-27T00:00:00+00:00' AIRFLOW_CTX_TRY_NUMBER='4' AIRFLOW_CTX_DAG_RUN_ID='scheduled__2025-03-27T00:00:00+00:00'
[2025-05-19T05:18:43.332+0000] {sql.py:276} INFO - Executing: CREATE TABLE IF NOT EXISTS staging.products AS
SELECT * FROM raw.product WHERE 1=0;
[2025-05-19T05:18:43.349+0000] {base.py:83} INFO - Using connection ID 'airflow_db' for task execution.
[2025-05-19T05:18:43.373+0000] {base.py:83} INFO - Using connection ID 'airflow_db' for task execution.
[2025-05-19T05:18:43.395+0000] {taskinstance.py:2698} ERROR - Task failed with exception
Traceback (most recent call last):
  File "/home/airflow/.local/lib/python3.9/site-packages/airflow/models/taskinstance.py", line 433, in _execute_task
    result = execute_callable(context=context, **execute_callable_kwargs)
  File "/home/airflow/.local/lib/python3.9/site-packages/airflow/providers/common/sql/operators/sql.py", line 282, in execute
    output = hook.run(
  File "/home/airflow/.local/lib/python3.9/site-packages/airflow/providers/common/sql/hooks/sql.py", line 391, in run
    with closing(self.get_conn()) as conn:
  File "/home/airflow/.local/lib/python3.9/site-packages/airflow/providers/mysql/hooks/mysql.py", line 195, in get_conn
    return MySQLdb.connect(**conn_config)
  File "/home/airflow/.local/lib/python3.9/site-packages/MySQLdb/__init__.py", line 121, in Connect
    return Connection(*args, **kwargs)
  File "/home/airflow/.local/lib/python3.9/site-packages/MySQLdb/connections.py", line 193, in __init__
    super().__init__(*args, **kwargs2)
MySQLdb.OperationalError: (2005, "Unknown server host 'mysql' (-2)")
[2025-05-19T05:18:43.408+0000] {taskinstance.py:1138} INFO - Marking task as FAILED. dag_id=raw_to_staging_dag, task_id=create_staging_products, execution_date=20250327T000000, start_date=20250519T051843, end_date=20250519T051843
[2025-05-19T05:18:43.442+0000] {standard_task_runner.py:107} ERROR - Failed to execute job 1879 for task create_staging_products ((2005, "Unknown server host 'mysql' (-2)"); 5589)
[2025-05-19T05:18:43.482+0000] {local_task_job_runner.py:234} INFO - Task exited with return code 1
[2025-05-19T05:18:43.537+0000] {taskinstance.py:3280} INFO - 0 downstream tasks scheduled from follow-on schedule check
[2025-05-20T04:12:08.072+0000] {taskinstance.py:1956} INFO - Dependencies all met for dep_context=non-requeueable deps ti=<TaskInstance: raw_to_staging_dag.create_staging_products scheduled__2025-03-27T00:00:00+00:00 [queued]>
[2025-05-20T04:12:08.093+0000] {taskinstance.py:1956} INFO - Dependencies all met for dep_context=requeueable deps ti=<TaskInstance: raw_to_staging_dag.create_staging_products scheduled__2025-03-27T00:00:00+00:00 [queued]>
[2025-05-20T04:12:08.093+0000] {taskinstance.py:2170} INFO - Starting attempt 4 of 4
[2025-05-20T04:12:08.139+0000] {taskinstance.py:2191} INFO - Executing <Task(PostgresOperator): create_staging_products> on 2025-03-27 00:00:00+00:00
[2025-05-20T04:12:08.157+0000] {standard_task_runner.py:60} INFO - Started process 5459 to run task
[2025-05-20T04:12:08.164+0000] {standard_task_runner.py:87} INFO - Running: ['airflow', 'tasks', 'run', 'raw_to_staging_dag', 'create_staging_products', 'scheduled__2025-03-27T00:00:00+00:00', '--job-id', '1864', '--raw', '--subdir', 'DAGS_FOLDER/raw_to_staging_dag.py', '--cfg-path', '/tmp/tmpxhuwlxwm']
[2025-05-20T04:12:08.174+0000] {standard_task_runner.py:88} INFO - Job 1864: Subtask create_staging_products
[2025-05-20T04:12:08.359+0000] {task_command.py:423} INFO - Running <TaskInstance: raw_to_staging_dag.create_staging_products scheduled__2025-03-27T00:00:00+00:00 [running]> on host 123cdc80f7f3
[2025-05-20T04:12:08.648+0000] {taskinstance.py:2480} INFO - Exporting env vars: AIRFLOW_CTX_DAG_OWNER='simran' AIRFLOW_CTX_DAG_ID='raw_to_staging_dag' AIRFLOW_CTX_TASK_ID='create_staging_products' AIRFLOW_CTX_EXECUTION_DATE='2025-03-27T00:00:00+00:00' AIRFLOW_CTX_TRY_NUMBER='4' AIRFLOW_CTX_DAG_RUN_ID='scheduled__2025-03-27T00:00:00+00:00'
[2025-05-20T04:12:08.664+0000] {sql.py:276} INFO - Executing: CREATE TABLE IF NOT EXISTS staging.products AS
SELECT * FROM raw.product WHERE 1=0;
[2025-05-20T04:12:08.723+0000] {base.py:83} INFO - Using connection ID 'airflow_db' for task execution.
[2025-05-20T04:12:08.760+0000] {base.py:83} INFO - Using connection ID 'airflow_db' for task execution.
[2025-05-20T04:12:08.853+0000] {sql.py:450} INFO - Running statement: CREATE TABLE IF NOT EXISTS staging.products AS
SELECT * FROM raw.product WHERE 1=0;, parameters: None
[2025-05-20T04:12:08.921+0000] {taskinstance.py:2698} ERROR - Task failed with exception
Traceback (most recent call last):
  File "/home/airflow/.local/lib/python3.9/site-packages/airflow/models/taskinstance.py", line 433, in _execute_task
    result = execute_callable(context=context, **execute_callable_kwargs)
  File "/home/airflow/.local/lib/python3.9/site-packages/airflow/providers/common/sql/operators/sql.py", line 282, in execute
    output = hook.run(
  File "/home/airflow/.local/lib/python3.9/site-packages/airflow/providers/common/sql/hooks/sql.py", line 398, in run
    self._run_command(cur, sql_statement, parameters)
  File "/home/airflow/.local/lib/python3.9/site-packages/airflow/providers/common/sql/hooks/sql.py", line 455, in _run_command
    cur.execute(sql_statement)
psycopg2.errors.UndefinedTable: relation "raw.product" does not exist
LINE 2: SELECT * FROM raw.product WHERE 1=0;
                      ^

[2025-05-20T04:12:09.013+0000] {taskinstance.py:1138} INFO - Marking task as FAILED. dag_id=raw_to_staging_dag, task_id=create_staging_products, execution_date=20250327T000000, start_date=20250520T041208, end_date=20250520T041209
[2025-05-20T04:12:09.039+0000] {standard_task_runner.py:107} ERROR - Failed to execute job 1864 for task create_staging_products (relation "raw.product" does not exist
LINE 2: SELECT * FROM raw.product WHERE 1=0;
                      ^
; 5459)
[2025-05-20T04:12:09.077+0000] {local_task_job_runner.py:234} INFO - Task exited with return code 1
[2025-05-20T04:12:10.062+0000] {taskinstance.py:3280} INFO - 0 downstream tasks scheduled from follow-on schedule check
