[2025-05-11T11:06:51.463+0000] {taskinstance.py:1956} INFO - Dependencies all met for dep_context=non-requeueable deps ti=<TaskInstance: raw_to_staging_dag.create_staging_cards scheduled__2025-03-08T00:00:00+00:00 [queued]>
[2025-05-11T11:06:51.508+0000] {taskinstance.py:1956} INFO - Dependencies all met for dep_context=requeueable deps ti=<TaskInstance: raw_to_staging_dag.create_staging_cards scheduled__2025-03-08T00:00:00+00:00 [queued]>
[2025-05-11T11:06:51.508+0000] {taskinstance.py:2170} INFO - Starting attempt 1 of 4
[2025-05-11T11:06:51.743+0000] {taskinstance.py:2191} INFO - Executing <Task(PostgresOperator): create_staging_cards> on 2025-03-08 00:00:00+00:00
[2025-05-11T11:06:51.752+0000] {standard_task_runner.py:60} INFO - Started process 2960 to run task
[2025-05-11T11:06:51.759+0000] {standard_task_runner.py:87} INFO - Running: ['airflow', 'tasks', 'run', 'raw_to_staging_dag', 'create_staging_cards', 'scheduled__2025-03-08T00:00:00+00:00', '--job-id', '1247', '--raw', '--subdir', 'DAGS_FOLDER/raw_to_staging_dag.py', '--cfg-path', '/tmp/tmpogyc6sf7']
[2025-05-11T11:06:51.770+0000] {standard_task_runner.py:88} INFO - Job 1247: Subtask create_staging_cards
[2025-05-11T11:06:51.871+0000] {task_command.py:423} INFO - Running <TaskInstance: raw_to_staging_dag.create_staging_cards scheduled__2025-03-08T00:00:00+00:00 [running]> on host 03858235192c
[2025-05-11T11:06:52.057+0000] {taskinstance.py:2480} INFO - Exporting env vars: AIRFLOW_CTX_DAG_OWNER='simran' AIRFLOW_CTX_DAG_ID='raw_to_staging_dag' AIRFLOW_CTX_TASK_ID='create_staging_cards' AIRFLOW_CTX_EXECUTION_DATE='2025-03-08T00:00:00+00:00' AIRFLOW_CTX_TRY_NUMBER='1' AIRFLOW_CTX_DAG_RUN_ID='scheduled__2025-03-08T00:00:00+00:00'
[2025-05-11T11:06:52.059+0000] {sql.py:276} INFO - Executing: CREATE TABLE IF NOT EXISTS staging.cards AS
SELECT * FROM raw.cards WHERE 1=0;
[2025-05-11T11:06:52.085+0000] {taskinstance.py:2698} ERROR - Task failed with exception
Traceback (most recent call last):
  File "/home/airflow/.local/lib/python3.8/site-packages/airflow/models/taskinstance.py", line 433, in _execute_task
    result = execute_callable(context=context, **execute_callable_kwargs)
  File "/home/airflow/.local/lib/python3.8/site-packages/airflow/providers/common/sql/operators/sql.py", line 277, in execute
    hook = self.get_db_hook()
  File "/home/airflow/.local/lib/python3.8/site-packages/airflow/providers/common/sql/operators/sql.py", line 188, in get_db_hook
    return self._hook
  File "/usr/local/lib/python3.8/functools.py", line 967, in __get__
    val = self.func(instance)
  File "/home/airflow/.local/lib/python3.8/site-packages/airflow/providers/common/sql/operators/sql.py", line 150, in _hook
    conn = BaseHook.get_connection(conn_id)
  File "/home/airflow/.local/lib/python3.8/site-packages/airflow/hooks/base.py", line 82, in get_connection
    conn = Connection.get_connection_from_secrets(conn_id)
  File "/home/airflow/.local/lib/python3.8/site-packages/airflow/models/connection.py", line 479, in get_connection_from_secrets
    raise AirflowNotFoundException(f"The conn_id `{conn_id}` isn't defined")
airflow.exceptions.AirflowNotFoundException: The conn_id `postgres_local` isn't defined
[2025-05-11T11:06:52.090+0000] {taskinstance.py:1138} INFO - Marking task as UP_FOR_RETRY. dag_id=raw_to_staging_dag, task_id=create_staging_cards, execution_date=20250308T000000, start_date=20250511T110651, end_date=20250511T110652
[2025-05-11T11:06:52.120+0000] {standard_task_runner.py:107} ERROR - Failed to execute job 1247 for task create_staging_cards (The conn_id `postgres_local` isn't defined; 2960)
[2025-05-11T11:06:52.160+0000] {local_task_job_runner.py:234} INFO - Task exited with return code 1
[2025-05-11T11:06:52.200+0000] {taskinstance.py:3280} INFO - 0 downstream tasks scheduled from follow-on schedule check
[2025-05-12T14:30:21.976+0000] {taskinstance.py:1956} INFO - Dependencies all met for dep_context=non-requeueable deps ti=<TaskInstance: raw_to_staging_dag.create_staging_cards scheduled__2025-03-08T00:00:00+00:00 [queued]>
[2025-05-12T14:30:21.982+0000] {taskinstance.py:1956} INFO - Dependencies all met for dep_context=requeueable deps ti=<TaskInstance: raw_to_staging_dag.create_staging_cards scheduled__2025-03-08T00:00:00+00:00 [queued]>
[2025-05-12T14:30:21.985+0000] {taskinstance.py:2170} INFO - Starting attempt 1 of 4
[2025-05-12T14:30:21.992+0000] {taskinstance.py:2191} INFO - Executing <Task(PostgresOperator): create_staging_cards> on 2025-03-08 00:00:00+00:00
[2025-05-12T14:30:21.998+0000] {standard_task_runner.py:60} INFO - Started process 12540 to run task
[2025-05-12T14:30:22.002+0000] {standard_task_runner.py:87} INFO - Running: ['airflow', 'tasks', 'run', 'raw_to_staging_dag', 'create_staging_cards', 'scheduled__2025-03-08T00:00:00+00:00', '--job-id', '3368', '--raw', '--subdir', 'DAGS_FOLDER/raw_to_staging_dag.py', '--cfg-path', '/tmp/tmprdy_fvsl']
[2025-05-12T14:30:22.003+0000] {standard_task_runner.py:88} INFO - Job 3368: Subtask create_staging_cards
[2025-05-12T14:30:22.048+0000] {task_command.py:423} INFO - Running <TaskInstance: raw_to_staging_dag.create_staging_cards scheduled__2025-03-08T00:00:00+00:00 [running]> on host 03858235192c
[2025-05-12T14:30:22.109+0000] {taskinstance.py:2480} INFO - Exporting env vars: AIRFLOW_CTX_DAG_OWNER='simran' AIRFLOW_CTX_DAG_ID='raw_to_staging_dag' AIRFLOW_CTX_TASK_ID='create_staging_cards' AIRFLOW_CTX_EXECUTION_DATE='2025-03-08T00:00:00+00:00' AIRFLOW_CTX_TRY_NUMBER='1' AIRFLOW_CTX_DAG_RUN_ID='scheduled__2025-03-08T00:00:00+00:00'
[2025-05-12T14:30:22.110+0000] {sql.py:276} INFO - Executing: CREATE TABLE IF NOT EXISTS staging.cards AS
SELECT * FROM raw.cards WHERE 1=0;
[2025-05-12T14:30:22.124+0000] {base.py:83} INFO - Using connection ID 'airflow_db' for task execution.
[2025-05-12T14:30:22.137+0000] {base.py:83} INFO - Using connection ID 'airflow_db' for task execution.
[2025-05-12T14:30:22.152+0000] {sql.py:450} INFO - Running statement: CREATE TABLE IF NOT EXISTS staging.cards AS
SELECT * FROM raw.cards WHERE 1=0;, parameters: None
[2025-05-12T14:30:22.162+0000] {taskinstance.py:1138} INFO - Marking task as SUCCESS. dag_id=raw_to_staging_dag, task_id=create_staging_cards, execution_date=20250308T000000, start_date=20250512T143021, end_date=20250512T143022
[2025-05-12T14:30:22.183+0000] {local_task_job_runner.py:234} INFO - Task exited with return code 0
[2025-05-12T14:30:22.204+0000] {taskinstance.py:3280} INFO - 1 downstream tasks scheduled from follow-on schedule check
