[2025-05-11T07:01:55.893+0000] {taskinstance.py:1956} INFO - Dependencies all met for dep_context=non-requeueable deps ti=<TaskInstance: raw_to_staging_dag.create_staging_accounts scheduled__2025-01-25T00:00:00+00:00 [queued]>
[2025-05-11T07:01:55.901+0000] {taskinstance.py:1956} INFO - Dependencies all met for dep_context=requeueable deps ti=<TaskInstance: raw_to_staging_dag.create_staging_accounts scheduled__2025-01-25T00:00:00+00:00 [queued]>
[2025-05-11T07:01:55.903+0000] {taskinstance.py:2170} INFO - Starting attempt 1 of 4
[2025-05-11T07:01:55.935+0000] {taskinstance.py:2191} INFO - Executing <Task(PostgresOperator): create_staging_accounts> on 2025-01-25 00:00:00+00:00
[2025-05-11T07:01:55.963+0000] {standard_task_runner.py:60} INFO - Started process 1115 to run task
[2025-05-11T07:01:55.990+0000] {standard_task_runner.py:87} INFO - Running: ['airflow', 'tasks', 'run', 'raw_to_staging_dag', 'create_staging_accounts', 'scheduled__2025-01-25T00:00:00+00:00', '--job-id', '366', '--raw', '--subdir', 'DAGS_FOLDER/raw_to_staging_dag.py', '--cfg-path', '/tmp/tmpdzswtuty']
[2025-05-11T07:01:56.010+0000] {standard_task_runner.py:88} INFO - Job 366: Subtask create_staging_accounts
[2025-05-11T07:01:56.430+0000] {task_command.py:423} INFO - Running <TaskInstance: raw_to_staging_dag.create_staging_accounts scheduled__2025-01-25T00:00:00+00:00 [running]> on host 03858235192c
[2025-05-11T07:01:56.701+0000] {taskinstance.py:2480} INFO - Exporting env vars: AIRFLOW_CTX_DAG_OWNER='simran' AIRFLOW_CTX_DAG_ID='raw_to_staging_dag' AIRFLOW_CTX_TASK_ID='create_staging_accounts' AIRFLOW_CTX_EXECUTION_DATE='2025-01-25T00:00:00+00:00' AIRFLOW_CTX_TRY_NUMBER='1' AIRFLOW_CTX_DAG_RUN_ID='scheduled__2025-01-25T00:00:00+00:00'
[2025-05-11T07:01:56.708+0000] {sql.py:276} INFO - Executing: CREATE TABLE IF NOT EXISTS staging.accounts AS
SELECT * FROM raw.account WHERE 1=0;
[2025-05-11T07:01:56.824+0000] {taskinstance.py:2698} ERROR - Task failed with exception
Traceback (most recent call last):
  File "/home/airflow/.local/lib/python3.8/site-packages/airflow/models/taskinstance.py", line 433, in _execute_task
    result = execute_callable(context=context, **execute_callable_kwargs)
  File "/home/airflow/.local/lib/python3.8/site-packages/airflow/providers/common/sql/operators/sql.py", line 277, in execute
    hook = self.get_db_hook()
  File "/home/airflow/.local/lib/python3.8/site-packages/airflow/providers/common/sql/operators/sql.py", line 188, in get_db_hook
    return self._hook
  File "/usr/local/lib/python3.8/functools.py", line 967, in __get__
    val = self.func(instance)
  File "/home/airflow/.local/lib/python3.8/site-packages/airflow/providers/common/sql/operators/sql.py", line 150, in _hook
    conn = BaseHook.get_connection(conn_id)
  File "/home/airflow/.local/lib/python3.8/site-packages/airflow/hooks/base.py", line 82, in get_connection
    conn = Connection.get_connection_from_secrets(conn_id)
  File "/home/airflow/.local/lib/python3.8/site-packages/airflow/models/connection.py", line 479, in get_connection_from_secrets
    raise AirflowNotFoundException(f"The conn_id `{conn_id}` isn't defined")
airflow.exceptions.AirflowNotFoundException: The conn_id `postgres_local` isn't defined
[2025-05-11T07:01:56.837+0000] {taskinstance.py:1138} INFO - Marking task as UP_FOR_RETRY. dag_id=raw_to_staging_dag, task_id=create_staging_accounts, execution_date=20250125T000000, start_date=20250511T070155, end_date=20250511T070156
[2025-05-11T07:01:56.853+0000] {standard_task_runner.py:107} ERROR - Failed to execute job 366 for task create_staging_accounts (The conn_id `postgres_local` isn't defined; 1115)
[2025-05-11T07:01:56.894+0000] {local_task_job_runner.py:234} INFO - Task exited with return code 1
[2025-05-11T07:01:57.059+0000] {taskinstance.py:3280} INFO - 0 downstream tasks scheduled from follow-on schedule check
[2025-05-12T14:28:50.230+0000] {taskinstance.py:1956} INFO - Dependencies all met for dep_context=non-requeueable deps ti=<TaskInstance: raw_to_staging_dag.create_staging_accounts scheduled__2025-01-25T00:00:00+00:00 [queued]>
[2025-05-12T14:28:50.269+0000] {taskinstance.py:1956} INFO - Dependencies all met for dep_context=requeueable deps ti=<TaskInstance: raw_to_staging_dag.create_staging_accounts scheduled__2025-01-25T00:00:00+00:00 [queued]>
[2025-05-12T14:28:50.271+0000] {taskinstance.py:2170} INFO - Starting attempt 1 of 4
[2025-05-12T14:28:50.316+0000] {taskinstance.py:2191} INFO - Executing <Task(PostgresOperator): create_staging_accounts> on 2025-01-25 00:00:00+00:00
[2025-05-12T14:28:50.325+0000] {standard_task_runner.py:60} INFO - Started process 11653 to run task
[2025-05-12T14:28:50.332+0000] {standard_task_runner.py:87} INFO - Running: ['airflow', 'tasks', 'run', 'raw_to_staging_dag', 'create_staging_accounts', 'scheduled__2025-01-25T00:00:00+00:00', '--job-id', '2931', '--raw', '--subdir', 'DAGS_FOLDER/raw_to_staging_dag.py', '--cfg-path', '/tmp/tmpzvdftlln']
[2025-05-12T14:28:50.354+0000] {standard_task_runner.py:88} INFO - Job 2931: Subtask create_staging_accounts
[2025-05-12T14:28:50.570+0000] {task_command.py:423} INFO - Running <TaskInstance: raw_to_staging_dag.create_staging_accounts scheduled__2025-01-25T00:00:00+00:00 [running]> on host 03858235192c
[2025-05-12T14:28:50.850+0000] {taskinstance.py:2480} INFO - Exporting env vars: AIRFLOW_CTX_DAG_OWNER='simran' AIRFLOW_CTX_DAG_ID='raw_to_staging_dag' AIRFLOW_CTX_TASK_ID='create_staging_accounts' AIRFLOW_CTX_EXECUTION_DATE='2025-01-25T00:00:00+00:00' AIRFLOW_CTX_TRY_NUMBER='1' AIRFLOW_CTX_DAG_RUN_ID='scheduled__2025-01-25T00:00:00+00:00'
[2025-05-12T14:28:50.855+0000] {sql.py:276} INFO - Executing: CREATE TABLE IF NOT EXISTS staging.accounts AS
SELECT * FROM raw.account WHERE 1=0;
[2025-05-12T14:28:50.913+0000] {base.py:83} INFO - Using connection ID 'airflow_db' for task execution.
[2025-05-12T14:28:50.944+0000] {base.py:83} INFO - Using connection ID 'airflow_db' for task execution.
[2025-05-12T14:28:50.966+0000] {sql.py:450} INFO - Running statement: CREATE TABLE IF NOT EXISTS staging.accounts AS
SELECT * FROM raw.account WHERE 1=0;, parameters: None
[2025-05-12T14:28:50.983+0000] {taskinstance.py:1138} INFO - Marking task as SUCCESS. dag_id=raw_to_staging_dag, task_id=create_staging_accounts, execution_date=20250125T000000, start_date=20250512T142850, end_date=20250512T142850
[2025-05-12T14:28:51.035+0000] {local_task_job_runner.py:234} INFO - Task exited with return code 0
[2025-05-12T14:28:51.094+0000] {taskinstance.py:3280} INFO - 1 downstream tasks scheduled from follow-on schedule check
[2025-05-19T03:57:25.803+0000] {taskinstance.py:1956} INFO - Dependencies all met for dep_context=non-requeueable deps ti=<TaskInstance: raw_to_staging_dag.create_staging_accounts scheduled__2025-01-25T00:00:00+00:00 [queued]>
[2025-05-19T03:57:25.810+0000] {taskinstance.py:1956} INFO - Dependencies all met for dep_context=requeueable deps ti=<TaskInstance: raw_to_staging_dag.create_staging_accounts scheduled__2025-01-25T00:00:00+00:00 [queued]>
[2025-05-19T03:57:25.813+0000] {taskinstance.py:2170} INFO - Starting attempt 1 of 4
[2025-05-19T03:57:25.890+0000] {taskinstance.py:2191} INFO - Executing <Task(PostgresOperator): create_staging_accounts> on 2025-01-25 00:00:00+00:00
[2025-05-19T03:57:25.892+0000] {standard_task_runner.py:60} INFO - Started process 1125 to run task
[2025-05-19T03:57:25.895+0000] {standard_task_runner.py:87} INFO - Running: ['airflow', 'tasks', 'run', 'raw_to_staging_dag', 'create_staging_accounts', 'scheduled__2025-01-25T00:00:00+00:00', '--job-id', '361', '--raw', '--subdir', 'DAGS_FOLDER/raw_to_staging_dag.py', '--cfg-path', '/tmp/tmpiw6ryx_9']
[2025-05-19T03:57:25.898+0000] {standard_task_runner.py:88} INFO - Job 361: Subtask create_staging_accounts
[2025-05-19T03:57:25.966+0000] {task_command.py:423} INFO - Running <TaskInstance: raw_to_staging_dag.create_staging_accounts scheduled__2025-01-25T00:00:00+00:00 [running]> on host 98044bf8a4b3
[2025-05-19T03:57:26.094+0000] {taskinstance.py:2480} INFO - Exporting env vars: AIRFLOW_CTX_DAG_OWNER='simran' AIRFLOW_CTX_DAG_ID='raw_to_staging_dag' AIRFLOW_CTX_TASK_ID='create_staging_accounts' AIRFLOW_CTX_EXECUTION_DATE='2025-01-25T00:00:00+00:00' AIRFLOW_CTX_TRY_NUMBER='1' AIRFLOW_CTX_DAG_RUN_ID='scheduled__2025-01-25T00:00:00+00:00'
[2025-05-19T03:57:26.096+0000] {sql.py:276} INFO - Executing: CREATE TABLE IF NOT EXISTS staging.accounts AS
SELECT * FROM raw.account WHERE 1=0;
[2025-05-19T03:57:26.120+0000] {base.py:83} INFO - Using connection ID 'airflow_db' for task execution.
[2025-05-19T03:57:26.127+0000] {base.py:83} INFO - Using connection ID 'airflow_db' for task execution.
[2025-05-19T03:57:26.140+0000] {taskinstance.py:2698} ERROR - Task failed with exception
Traceback (most recent call last):
  File "/home/airflow/.local/lib/python3.9/site-packages/airflow/models/taskinstance.py", line 433, in _execute_task
    result = execute_callable(context=context, **execute_callable_kwargs)
  File "/home/airflow/.local/lib/python3.9/site-packages/airflow/providers/common/sql/operators/sql.py", line 282, in execute
    output = hook.run(
  File "/home/airflow/.local/lib/python3.9/site-packages/airflow/providers/common/sql/hooks/sql.py", line 391, in run
    with closing(self.get_conn()) as conn:
  File "/home/airflow/.local/lib/python3.9/site-packages/airflow/providers/mysql/hooks/mysql.py", line 195, in get_conn
    return MySQLdb.connect(**conn_config)
  File "/home/airflow/.local/lib/python3.9/site-packages/MySQLdb/__init__.py", line 121, in Connect
    return Connection(*args, **kwargs)
  File "/home/airflow/.local/lib/python3.9/site-packages/MySQLdb/connections.py", line 193, in __init__
    super().__init__(*args, **kwargs2)
MySQLdb.OperationalError: (2005, "Unknown server host 'mysql' (-2)")
[2025-05-19T03:57:26.147+0000] {taskinstance.py:1138} INFO - Marking task as UP_FOR_RETRY. dag_id=raw_to_staging_dag, task_id=create_staging_accounts, execution_date=20250125T000000, start_date=20250519T035725, end_date=20250519T035726
[2025-05-19T03:57:26.167+0000] {standard_task_runner.py:107} ERROR - Failed to execute job 361 for task create_staging_accounts ((2005, "Unknown server host 'mysql' (-2)"); 1125)
[2025-05-19T03:57:26.209+0000] {local_task_job_runner.py:234} INFO - Task exited with return code 1
[2025-05-19T03:57:26.265+0000] {taskinstance.py:3280} INFO - 0 downstream tasks scheduled from follow-on schedule check
[2025-05-20T01:39:46.157+0000] {taskinstance.py:1956} INFO - Dependencies all met for dep_context=non-requeueable deps ti=<TaskInstance: raw_to_staging_dag.create_staging_accounts scheduled__2025-01-25T00:00:00+00:00 [queued]>
[2025-05-20T01:39:46.177+0000] {taskinstance.py:1956} INFO - Dependencies all met for dep_context=requeueable deps ti=<TaskInstance: raw_to_staging_dag.create_staging_accounts scheduled__2025-01-25T00:00:00+00:00 [queued]>
[2025-05-20T01:39:46.182+0000] {taskinstance.py:2170} INFO - Starting attempt 1 of 4
[2025-05-20T01:39:46.296+0000] {taskinstance.py:2191} INFO - Executing <Task(PostgresOperator): create_staging_accounts> on 2025-01-25 00:00:00+00:00
[2025-05-20T01:39:46.315+0000] {standard_task_runner.py:60} INFO - Started process 1114 to run task
[2025-05-20T01:39:46.334+0000] {standard_task_runner.py:87} INFO - Running: ['airflow', 'tasks', 'run', 'raw_to_staging_dag', 'create_staging_accounts', 'scheduled__2025-01-25T00:00:00+00:00', '--job-id', '363', '--raw', '--subdir', 'DAGS_FOLDER/raw_to_staging_dag.py', '--cfg-path', '/tmp/tmp42_gan20']
[2025-05-20T01:39:46.346+0000] {standard_task_runner.py:88} INFO - Job 363: Subtask create_staging_accounts
[2025-05-20T01:39:46.603+0000] {task_command.py:423} INFO - Running <TaskInstance: raw_to_staging_dag.create_staging_accounts scheduled__2025-01-25T00:00:00+00:00 [running]> on host 123cdc80f7f3
[2025-05-20T01:39:46.940+0000] {taskinstance.py:2480} INFO - Exporting env vars: AIRFLOW_CTX_DAG_OWNER='simran' AIRFLOW_CTX_DAG_ID='raw_to_staging_dag' AIRFLOW_CTX_TASK_ID='create_staging_accounts' AIRFLOW_CTX_EXECUTION_DATE='2025-01-25T00:00:00+00:00' AIRFLOW_CTX_TRY_NUMBER='1' AIRFLOW_CTX_DAG_RUN_ID='scheduled__2025-01-25T00:00:00+00:00'
[2025-05-20T01:39:46.948+0000] {sql.py:276} INFO - Executing: CREATE TABLE IF NOT EXISTS staging.accounts AS
SELECT * FROM raw.account WHERE 1=0;
[2025-05-20T01:39:47.049+0000] {base.py:83} INFO - Using connection ID 'airflow_db' for task execution.
[2025-05-20T01:39:47.113+0000] {base.py:83} INFO - Using connection ID 'airflow_db' for task execution.
[2025-05-20T01:39:47.168+0000] {sql.py:450} INFO - Running statement: CREATE TABLE IF NOT EXISTS staging.accounts AS
SELECT * FROM raw.account WHERE 1=0;, parameters: None
[2025-05-20T01:39:47.173+0000] {taskinstance.py:2698} ERROR - Task failed with exception
Traceback (most recent call last):
  File "/home/airflow/.local/lib/python3.9/site-packages/airflow/models/taskinstance.py", line 433, in _execute_task
    result = execute_callable(context=context, **execute_callable_kwargs)
  File "/home/airflow/.local/lib/python3.9/site-packages/airflow/providers/common/sql/operators/sql.py", line 282, in execute
    output = hook.run(
  File "/home/airflow/.local/lib/python3.9/site-packages/airflow/providers/common/sql/hooks/sql.py", line 398, in run
    self._run_command(cur, sql_statement, parameters)
  File "/home/airflow/.local/lib/python3.9/site-packages/airflow/providers/common/sql/hooks/sql.py", line 455, in _run_command
    cur.execute(sql_statement)
psycopg2.errors.UndefinedTable: relation "raw.account" does not exist
LINE 2: SELECT * FROM raw.account WHERE 1=0;
                      ^

[2025-05-20T01:39:47.220+0000] {taskinstance.py:1138} INFO - Marking task as UP_FOR_RETRY. dag_id=raw_to_staging_dag, task_id=create_staging_accounts, execution_date=20250125T000000, start_date=20250520T013946, end_date=20250520T013947
[2025-05-20T01:39:47.444+0000] {standard_task_runner.py:107} ERROR - Failed to execute job 363 for task create_staging_accounts (relation "raw.account" does not exist
LINE 2: SELECT * FROM raw.account WHERE 1=0;
                      ^
; 1114)
[2025-05-20T01:39:47.528+0000] {local_task_job_runner.py:234} INFO - Task exited with return code 1
[2025-05-20T01:39:47.663+0000] {taskinstance.py:3280} INFO - 0 downstream tasks scheduled from follow-on schedule check
[2025-05-20T13:49:00.391+0000] {taskinstance.py:1956} INFO - Dependencies all met for dep_context=non-requeueable deps ti=<TaskInstance: raw_to_staging_dag.create_staging_accounts scheduled__2025-01-25T00:00:00+00:00 [queued]>
[2025-05-20T13:49:00.410+0000] {taskinstance.py:1956} INFO - Dependencies all met for dep_context=requeueable deps ti=<TaskInstance: raw_to_staging_dag.create_staging_accounts scheduled__2025-01-25T00:00:00+00:00 [queued]>
[2025-05-20T13:49:00.410+0000] {taskinstance.py:2170} INFO - Starting attempt 1 of 4
[2025-05-20T13:49:00.600+0000] {taskinstance.py:2191} INFO - Executing <Task(PostgresOperator): create_staging_accounts> on 2025-01-25 00:00:00+00:00
[2025-05-20T13:49:00.613+0000] {standard_task_runner.py:60} INFO - Started process 15079 to run task
[2025-05-20T13:49:00.620+0000] {standard_task_runner.py:87} INFO - Running: ['airflow', 'tasks', 'run', 'raw_to_staging_dag', 'create_staging_accounts', 'scheduled__2025-01-25T00:00:00+00:00', '--job-id', '3173', '--raw', '--subdir', 'DAGS_FOLDER/raw_to_staging_dag.py', '--cfg-path', '/tmp/tmpjlgbb501']
[2025-05-20T13:49:00.625+0000] {standard_task_runner.py:88} INFO - Job 3173: Subtask create_staging_accounts
[2025-05-20T13:49:00.787+0000] {task_command.py:423} INFO - Running <TaskInstance: raw_to_staging_dag.create_staging_accounts scheduled__2025-01-25T00:00:00+00:00 [running]> on host 123cdc80f7f3
[2025-05-20T13:49:00.905+0000] {taskinstance.py:2480} INFO - Exporting env vars: AIRFLOW_CTX_DAG_OWNER='simran' AIRFLOW_CTX_DAG_ID='raw_to_staging_dag' AIRFLOW_CTX_TASK_ID='create_staging_accounts' AIRFLOW_CTX_EXECUTION_DATE='2025-01-25T00:00:00+00:00' AIRFLOW_CTX_TRY_NUMBER='1' AIRFLOW_CTX_DAG_RUN_ID='scheduled__2025-01-25T00:00:00+00:00'
[2025-05-20T13:49:00.909+0000] {sql.py:276} INFO - Executing: CREATE TABLE IF NOT EXISTS staging.accounts AS
SELECT * FROM raw.account WHERE 1=0;
[2025-05-20T13:49:00.988+0000] {base.py:83} INFO - Using connection ID 'airflow_db' for task execution.
[2025-05-20T13:49:01.035+0000] {base.py:83} INFO - Using connection ID 'airflow_db' for task execution.
[2025-05-20T13:49:01.070+0000] {sql.py:450} INFO - Running statement: CREATE TABLE IF NOT EXISTS staging.accounts AS
SELECT * FROM raw.account WHERE 1=0;, parameters: None
[2025-05-20T13:49:01.086+0000] {taskinstance.py:2698} ERROR - Task failed with exception
Traceback (most recent call last):
  File "/home/airflow/.local/lib/python3.9/site-packages/airflow/models/taskinstance.py", line 433, in _execute_task
    result = execute_callable(context=context, **execute_callable_kwargs)
  File "/home/airflow/.local/lib/python3.9/site-packages/airflow/providers/common/sql/operators/sql.py", line 282, in execute
    output = hook.run(
  File "/home/airflow/.local/lib/python3.9/site-packages/airflow/providers/common/sql/hooks/sql.py", line 398, in run
    self._run_command(cur, sql_statement, parameters)
  File "/home/airflow/.local/lib/python3.9/site-packages/airflow/providers/common/sql/hooks/sql.py", line 455, in _run_command
    cur.execute(sql_statement)
psycopg2.errors.UndefinedTable: relation "raw.account" does not exist
LINE 2: SELECT * FROM raw.account WHERE 1=0;
                      ^

[2025-05-20T13:49:01.104+0000] {taskinstance.py:1138} INFO - Marking task as UP_FOR_RETRY. dag_id=raw_to_staging_dag, task_id=create_staging_accounts, execution_date=20250125T000000, start_date=20250520T134900, end_date=20250520T134901
[2025-05-20T13:49:01.134+0000] {standard_task_runner.py:107} ERROR - Failed to execute job 3173 for task create_staging_accounts (relation "raw.account" does not exist
LINE 2: SELECT * FROM raw.account WHERE 1=0;
                      ^
; 15079)
[2025-05-20T13:49:01.176+0000] {local_task_job_runner.py:234} INFO - Task exited with return code 1
[2025-05-20T13:49:01.255+0000] {taskinstance.py:3280} INFO - 0 downstream tasks scheduled from follow-on schedule check
