[2025-05-11T07:19:35.034+0000] {taskinstance.py:1956} INFO - Dependencies all met for dep_context=non-requeueable deps ti=<TaskInstance: raw_to_staging_dag.create_staging_cards scheduled__2025-01-24T00:00:00+00:00 [queued]>
[2025-05-11T07:19:35.054+0000] {taskinstance.py:1956} INFO - Dependencies all met for dep_context=requeueable deps ti=<TaskInstance: raw_to_staging_dag.create_staging_cards scheduled__2025-01-24T00:00:00+00:00 [queued]>
[2025-05-11T07:19:35.054+0000] {taskinstance.py:2170} INFO - Starting attempt 2 of 4
[2025-05-11T07:19:35.331+0000] {taskinstance.py:2191} INFO - Executing <Task(PostgresOperator): create_staging_cards> on 2025-01-24 00:00:00+00:00
[2025-05-11T07:19:35.347+0000] {standard_task_runner.py:60} INFO - Started process 1289 to run task
[2025-05-11T07:19:35.415+0000] {standard_task_runner.py:87} INFO - Running: ['airflow', 'tasks', 'run', 'raw_to_staging_dag', 'create_staging_cards', 'scheduled__2025-01-24T00:00:00+00:00', '--job-id', '436', '--raw', '--subdir', 'DAGS_FOLDER/raw_to_staging_dag.py', '--cfg-path', '/tmp/tmp3wksoe30']
[2025-05-11T07:19:35.443+0000] {standard_task_runner.py:88} INFO - Job 436: Subtask create_staging_cards
[2025-05-11T07:19:35.774+0000] {task_command.py:423} INFO - Running <TaskInstance: raw_to_staging_dag.create_staging_cards scheduled__2025-01-24T00:00:00+00:00 [running]> on host 03858235192c
[2025-05-11T07:19:35.938+0000] {taskinstance.py:2480} INFO - Exporting env vars: AIRFLOW_CTX_DAG_OWNER='simran' AIRFLOW_CTX_DAG_ID='raw_to_staging_dag' AIRFLOW_CTX_TASK_ID='create_staging_cards' AIRFLOW_CTX_EXECUTION_DATE='2025-01-24T00:00:00+00:00' AIRFLOW_CTX_TRY_NUMBER='2' AIRFLOW_CTX_DAG_RUN_ID='scheduled__2025-01-24T00:00:00+00:00'
[2025-05-11T07:19:35.941+0000] {sql.py:276} INFO - Executing: CREATE TABLE IF NOT EXISTS staging.cards AS
SELECT * FROM raw.cards WHERE 1=0;
[2025-05-11T07:19:35.964+0000] {taskinstance.py:2698} ERROR - Task failed with exception
Traceback (most recent call last):
  File "/home/airflow/.local/lib/python3.8/site-packages/airflow/models/taskinstance.py", line 433, in _execute_task
    result = execute_callable(context=context, **execute_callable_kwargs)
  File "/home/airflow/.local/lib/python3.8/site-packages/airflow/providers/common/sql/operators/sql.py", line 277, in execute
    hook = self.get_db_hook()
  File "/home/airflow/.local/lib/python3.8/site-packages/airflow/providers/common/sql/operators/sql.py", line 188, in get_db_hook
    return self._hook
  File "/usr/local/lib/python3.8/functools.py", line 967, in __get__
    val = self.func(instance)
  File "/home/airflow/.local/lib/python3.8/site-packages/airflow/providers/common/sql/operators/sql.py", line 150, in _hook
    conn = BaseHook.get_connection(conn_id)
  File "/home/airflow/.local/lib/python3.8/site-packages/airflow/hooks/base.py", line 82, in get_connection
    conn = Connection.get_connection_from_secrets(conn_id)
  File "/home/airflow/.local/lib/python3.8/site-packages/airflow/models/connection.py", line 479, in get_connection_from_secrets
    raise AirflowNotFoundException(f"The conn_id `{conn_id}` isn't defined")
airflow.exceptions.AirflowNotFoundException: The conn_id `postgres_local` isn't defined
[2025-05-11T07:19:35.968+0000] {taskinstance.py:1138} INFO - Marking task as UP_FOR_RETRY. dag_id=raw_to_staging_dag, task_id=create_staging_cards, execution_date=20250124T000000, start_date=20250511T071935, end_date=20250511T071935
[2025-05-11T07:19:36.015+0000] {standard_task_runner.py:107} ERROR - Failed to execute job 436 for task create_staging_cards (The conn_id `postgres_local` isn't defined; 1289)
[2025-05-11T07:19:36.056+0000] {local_task_job_runner.py:234} INFO - Task exited with return code 1
[2025-05-11T07:19:36.112+0000] {taskinstance.py:3280} INFO - 0 downstream tasks scheduled from follow-on schedule check
[2025-05-19T04:02:26.120+0000] {taskinstance.py:1956} INFO - Dependencies all met for dep_context=non-requeueable deps ti=<TaskInstance: raw_to_staging_dag.create_staging_cards scheduled__2025-01-24T00:00:00+00:00 [queued]>
[2025-05-19T04:02:26.148+0000] {taskinstance.py:1956} INFO - Dependencies all met for dep_context=requeueable deps ti=<TaskInstance: raw_to_staging_dag.create_staging_cards scheduled__2025-01-24T00:00:00+00:00 [queued]>
[2025-05-19T04:02:26.149+0000] {taskinstance.py:2170} INFO - Starting attempt 2 of 4
[2025-05-19T04:02:26.211+0000] {taskinstance.py:2191} INFO - Executing <Task(PostgresOperator): create_staging_cards> on 2025-01-24 00:00:00+00:00
[2025-05-19T04:02:26.232+0000] {standard_task_runner.py:60} INFO - Started process 1339 to run task
[2025-05-19T04:02:26.241+0000] {standard_task_runner.py:87} INFO - Running: ['airflow', 'tasks', 'run', 'raw_to_staging_dag', 'create_staging_cards', 'scheduled__2025-01-24T00:00:00+00:00', '--job-id', '423', '--raw', '--subdir', 'DAGS_FOLDER/raw_to_staging_dag.py', '--cfg-path', '/tmp/tmp_t9ot7b1']
[2025-05-19T04:02:26.243+0000] {standard_task_runner.py:88} INFO - Job 423: Subtask create_staging_cards
[2025-05-19T04:02:26.366+0000] {task_command.py:423} INFO - Running <TaskInstance: raw_to_staging_dag.create_staging_cards scheduled__2025-01-24T00:00:00+00:00 [running]> on host 98044bf8a4b3
[2025-05-19T04:02:26.607+0000] {taskinstance.py:2480} INFO - Exporting env vars: AIRFLOW_CTX_DAG_OWNER='simran' AIRFLOW_CTX_DAG_ID='raw_to_staging_dag' AIRFLOW_CTX_TASK_ID='create_staging_cards' AIRFLOW_CTX_EXECUTION_DATE='2025-01-24T00:00:00+00:00' AIRFLOW_CTX_TRY_NUMBER='2' AIRFLOW_CTX_DAG_RUN_ID='scheduled__2025-01-24T00:00:00+00:00'
[2025-05-19T04:02:26.608+0000] {sql.py:276} INFO - Executing: CREATE TABLE IF NOT EXISTS staging.cards AS
SELECT * FROM raw.cards WHERE 1=0;
[2025-05-19T04:02:26.621+0000] {base.py:83} INFO - Using connection ID 'airflow_db' for task execution.
[2025-05-19T04:02:26.650+0000] {base.py:83} INFO - Using connection ID 'airflow_db' for task execution.
[2025-05-19T04:02:26.683+0000] {taskinstance.py:2698} ERROR - Task failed with exception
Traceback (most recent call last):
  File "/home/airflow/.local/lib/python3.9/site-packages/airflow/models/taskinstance.py", line 433, in _execute_task
    result = execute_callable(context=context, **execute_callable_kwargs)
  File "/home/airflow/.local/lib/python3.9/site-packages/airflow/providers/common/sql/operators/sql.py", line 282, in execute
    output = hook.run(
  File "/home/airflow/.local/lib/python3.9/site-packages/airflow/providers/common/sql/hooks/sql.py", line 391, in run
    with closing(self.get_conn()) as conn:
  File "/home/airflow/.local/lib/python3.9/site-packages/airflow/providers/mysql/hooks/mysql.py", line 195, in get_conn
    return MySQLdb.connect(**conn_config)
  File "/home/airflow/.local/lib/python3.9/site-packages/MySQLdb/__init__.py", line 121, in Connect
    return Connection(*args, **kwargs)
  File "/home/airflow/.local/lib/python3.9/site-packages/MySQLdb/connections.py", line 193, in __init__
    super().__init__(*args, **kwargs2)
MySQLdb.OperationalError: (2005, "Unknown server host 'mysql' (-2)")
[2025-05-19T04:02:26.703+0000] {taskinstance.py:1138} INFO - Marking task as UP_FOR_RETRY. dag_id=raw_to_staging_dag, task_id=create_staging_cards, execution_date=20250124T000000, start_date=20250519T040226, end_date=20250519T040226
[2025-05-19T04:02:26.755+0000] {standard_task_runner.py:107} ERROR - Failed to execute job 423 for task create_staging_cards ((2005, "Unknown server host 'mysql' (-2)"); 1339)
[2025-05-19T04:02:26.798+0000] {local_task_job_runner.py:234} INFO - Task exited with return code 1
[2025-05-19T04:02:26.961+0000] {taskinstance.py:3280} INFO - 0 downstream tasks scheduled from follow-on schedule check
[2025-05-20T01:44:48.001+0000] {taskinstance.py:1956} INFO - Dependencies all met for dep_context=non-requeueable deps ti=<TaskInstance: raw_to_staging_dag.create_staging_cards scheduled__2025-01-24T00:00:00+00:00 [queued]>
[2025-05-20T01:44:48.007+0000] {taskinstance.py:1956} INFO - Dependencies all met for dep_context=requeueable deps ti=<TaskInstance: raw_to_staging_dag.create_staging_cards scheduled__2025-01-24T00:00:00+00:00 [queued]>
[2025-05-20T01:44:48.007+0000] {taskinstance.py:2170} INFO - Starting attempt 2 of 4
[2025-05-20T01:44:48.017+0000] {taskinstance.py:2191} INFO - Executing <Task(PostgresOperator): create_staging_cards> on 2025-01-24 00:00:00+00:00
[2025-05-20T01:44:48.020+0000] {standard_task_runner.py:60} INFO - Started process 1371 to run task
[2025-05-20T01:44:48.023+0000] {standard_task_runner.py:87} INFO - Running: ['airflow', 'tasks', 'run', 'raw_to_staging_dag', 'create_staging_cards', 'scheduled__2025-01-24T00:00:00+00:00', '--job-id', '444', '--raw', '--subdir', 'DAGS_FOLDER/raw_to_staging_dag.py', '--cfg-path', '/tmp/tmp3nmlpdf4']
[2025-05-20T01:44:48.025+0000] {standard_task_runner.py:88} INFO - Job 444: Subtask create_staging_cards
[2025-05-20T01:44:48.063+0000] {task_command.py:423} INFO - Running <TaskInstance: raw_to_staging_dag.create_staging_cards scheduled__2025-01-24T00:00:00+00:00 [running]> on host 123cdc80f7f3
[2025-05-20T01:44:48.105+0000] {taskinstance.py:2480} INFO - Exporting env vars: AIRFLOW_CTX_DAG_OWNER='simran' AIRFLOW_CTX_DAG_ID='raw_to_staging_dag' AIRFLOW_CTX_TASK_ID='create_staging_cards' AIRFLOW_CTX_EXECUTION_DATE='2025-01-24T00:00:00+00:00' AIRFLOW_CTX_TRY_NUMBER='2' AIRFLOW_CTX_DAG_RUN_ID='scheduled__2025-01-24T00:00:00+00:00'
[2025-05-20T01:44:48.106+0000] {sql.py:276} INFO - Executing: CREATE TABLE IF NOT EXISTS staging.cards AS
SELECT * FROM raw.cards WHERE 1=0;
[2025-05-20T01:44:48.116+0000] {base.py:83} INFO - Using connection ID 'airflow_db' for task execution.
[2025-05-20T01:44:48.121+0000] {base.py:83} INFO - Using connection ID 'airflow_db' for task execution.
[2025-05-20T01:44:48.130+0000] {sql.py:450} INFO - Running statement: CREATE TABLE IF NOT EXISTS staging.cards AS
SELECT * FROM raw.cards WHERE 1=0;, parameters: None
[2025-05-20T01:44:48.132+0000] {taskinstance.py:2698} ERROR - Task failed with exception
Traceback (most recent call last):
  File "/home/airflow/.local/lib/python3.9/site-packages/airflow/models/taskinstance.py", line 433, in _execute_task
    result = execute_callable(context=context, **execute_callable_kwargs)
  File "/home/airflow/.local/lib/python3.9/site-packages/airflow/providers/common/sql/operators/sql.py", line 282, in execute
    output = hook.run(
  File "/home/airflow/.local/lib/python3.9/site-packages/airflow/providers/common/sql/hooks/sql.py", line 398, in run
    self._run_command(cur, sql_statement, parameters)
  File "/home/airflow/.local/lib/python3.9/site-packages/airflow/providers/common/sql/hooks/sql.py", line 455, in _run_command
    cur.execute(sql_statement)
psycopg2.errors.UndefinedTable: relation "raw.cards" does not exist
LINE 2: SELECT * FROM raw.cards WHERE 1=0;
                      ^

[2025-05-20T01:44:48.136+0000] {taskinstance.py:1138} INFO - Marking task as UP_FOR_RETRY. dag_id=raw_to_staging_dag, task_id=create_staging_cards, execution_date=20250124T000000, start_date=20250520T014448, end_date=20250520T014448
[2025-05-20T01:44:48.145+0000] {standard_task_runner.py:107} ERROR - Failed to execute job 444 for task create_staging_cards (relation "raw.cards" does not exist
LINE 2: SELECT * FROM raw.cards WHERE 1=0;
                      ^
; 1371)
[2025-05-20T01:44:48.162+0000] {local_task_job_runner.py:234} INFO - Task exited with return code 1
[2025-05-20T01:44:48.181+0000] {taskinstance.py:3280} INFO - 0 downstream tasks scheduled from follow-on schedule check
[2025-05-20T14:07:29.417+0000] {taskinstance.py:1956} INFO - Dependencies all met for dep_context=non-requeueable deps ti=<TaskInstance: raw_to_staging_dag.create_staging_cards scheduled__2025-01-24T00:00:00+00:00 [queued]>
[2025-05-20T14:07:29.441+0000] {taskinstance.py:1956} INFO - Dependencies all met for dep_context=requeueable deps ti=<TaskInstance: raw_to_staging_dag.create_staging_cards scheduled__2025-01-24T00:00:00+00:00 [queued]>
[2025-05-20T14:07:29.443+0000] {taskinstance.py:2170} INFO - Starting attempt 2 of 4
[2025-05-20T14:07:29.700+0000] {taskinstance.py:2191} INFO - Executing <Task(PostgresOperator): create_staging_cards> on 2025-01-24 00:00:00+00:00
[2025-05-20T14:07:29.712+0000] {standard_task_runner.py:60} INFO - Started process 15294 to run task
[2025-05-20T14:07:29.717+0000] {standard_task_runner.py:87} INFO - Running: ['airflow', 'tasks', 'run', 'raw_to_staging_dag', 'create_staging_cards', 'scheduled__2025-01-24T00:00:00+00:00', '--job-id', '3244', '--raw', '--subdir', 'DAGS_FOLDER/raw_to_staging_dag.py', '--cfg-path', '/tmp/tmpod6c6g4h']
[2025-05-20T14:07:29.724+0000] {standard_task_runner.py:88} INFO - Job 3244: Subtask create_staging_cards
[2025-05-20T14:07:30.030+0000] {task_command.py:423} INFO - Running <TaskInstance: raw_to_staging_dag.create_staging_cards scheduled__2025-01-24T00:00:00+00:00 [running]> on host 123cdc80f7f3
[2025-05-20T14:07:30.283+0000] {taskinstance.py:2480} INFO - Exporting env vars: AIRFLOW_CTX_DAG_OWNER='simran' AIRFLOW_CTX_DAG_ID='raw_to_staging_dag' AIRFLOW_CTX_TASK_ID='create_staging_cards' AIRFLOW_CTX_EXECUTION_DATE='2025-01-24T00:00:00+00:00' AIRFLOW_CTX_TRY_NUMBER='2' AIRFLOW_CTX_DAG_RUN_ID='scheduled__2025-01-24T00:00:00+00:00'
[2025-05-20T14:07:30.286+0000] {sql.py:276} INFO - Executing: CREATE TABLE IF NOT EXISTS staging.cards AS
SELECT * FROM raw.cards WHERE 1=0;
[2025-05-20T14:07:30.373+0000] {base.py:83} INFO - Using connection ID 'airflow_db' for task execution.
[2025-05-20T14:07:30.411+0000] {base.py:83} INFO - Using connection ID 'airflow_db' for task execution.
[2025-05-20T14:07:30.445+0000] {sql.py:450} INFO - Running statement: CREATE TABLE IF NOT EXISTS staging.cards AS
SELECT * FROM raw.cards WHERE 1=0;, parameters: None
[2025-05-20T14:07:30.454+0000] {taskinstance.py:2698} ERROR - Task failed with exception
Traceback (most recent call last):
  File "/home/airflow/.local/lib/python3.9/site-packages/airflow/models/taskinstance.py", line 433, in _execute_task
    result = execute_callable(context=context, **execute_callable_kwargs)
  File "/home/airflow/.local/lib/python3.9/site-packages/airflow/providers/common/sql/operators/sql.py", line 282, in execute
    output = hook.run(
  File "/home/airflow/.local/lib/python3.9/site-packages/airflow/providers/common/sql/hooks/sql.py", line 398, in run
    self._run_command(cur, sql_statement, parameters)
  File "/home/airflow/.local/lib/python3.9/site-packages/airflow/providers/common/sql/hooks/sql.py", line 455, in _run_command
    cur.execute(sql_statement)
psycopg2.errors.UndefinedTable: relation "raw.cards" does not exist
LINE 2: SELECT * FROM raw.cards WHERE 1=0;
                      ^

[2025-05-20T14:07:30.479+0000] {taskinstance.py:1138} INFO - Marking task as UP_FOR_RETRY. dag_id=raw_to_staging_dag, task_id=create_staging_cards, execution_date=20250124T000000, start_date=20250520T140729, end_date=20250520T140730
[2025-05-20T14:07:30.535+0000] {standard_task_runner.py:107} ERROR - Failed to execute job 3244 for task create_staging_cards (relation "raw.cards" does not exist
LINE 2: SELECT * FROM raw.cards WHERE 1=0;
                      ^
; 15294)
[2025-05-20T14:07:30.584+0000] {local_task_job_runner.py:234} INFO - Task exited with return code 1
[2025-05-20T14:07:30.939+0000] {taskinstance.py:3280} INFO - 0 downstream tasks scheduled from follow-on schedule check
