[2025-05-11T13:43:45.798+0000] {taskinstance.py:1956} INFO - Dependencies all met for dep_context=non-requeueable deps ti=<TaskInstance: raw_to_staging_dag.create_staging_products scheduled__2025-04-05T00:00:00+00:00 [queued]>
[2025-05-11T13:43:45.812+0000] {taskinstance.py:1956} INFO - Dependencies all met for dep_context=requeueable deps ti=<TaskInstance: raw_to_staging_dag.create_staging_products scheduled__2025-04-05T00:00:00+00:00 [queued]>
[2025-05-11T13:43:45.812+0000] {taskinstance.py:2170} INFO - Starting attempt 1 of 4
[2025-05-11T13:43:45.842+0000] {taskinstance.py:2191} INFO - Executing <Task(PostgresOperator): create_staging_products> on 2025-04-05 00:00:00+00:00
[2025-05-11T13:43:45.850+0000] {standard_task_runner.py:60} INFO - Started process 4303 to run task
[2025-05-11T13:43:45.856+0000] {standard_task_runner.py:87} INFO - Running: ['airflow', 'tasks', 'run', 'raw_to_staging_dag', 'create_staging_products', 'scheduled__2025-04-05T00:00:00+00:00', '--job-id', '1843', '--raw', '--subdir', 'DAGS_FOLDER/raw_to_staging_dag.py', '--cfg-path', '/tmp/tmp7w_t4ui2']
[2025-05-11T13:43:45.860+0000] {standard_task_runner.py:88} INFO - Job 1843: Subtask create_staging_products
[2025-05-11T13:43:45.963+0000] {task_command.py:423} INFO - Running <TaskInstance: raw_to_staging_dag.create_staging_products scheduled__2025-04-05T00:00:00+00:00 [running]> on host 03858235192c
[2025-05-11T13:43:46.109+0000] {taskinstance.py:2480} INFO - Exporting env vars: AIRFLOW_CTX_DAG_OWNER='simran' AIRFLOW_CTX_DAG_ID='raw_to_staging_dag' AIRFLOW_CTX_TASK_ID='create_staging_products' AIRFLOW_CTX_EXECUTION_DATE='2025-04-05T00:00:00+00:00' AIRFLOW_CTX_TRY_NUMBER='1' AIRFLOW_CTX_DAG_RUN_ID='scheduled__2025-04-05T00:00:00+00:00'
[2025-05-11T13:43:46.112+0000] {sql.py:276} INFO - Executing: CREATE TABLE IF NOT EXISTS staging.products AS
SELECT * FROM raw.product WHERE 1=0;
[2025-05-11T13:43:46.133+0000] {base.py:83} INFO - Using connection ID 'postgres_local' for task execution.
[2025-05-11T13:43:46.149+0000] {base.py:83} INFO - Using connection ID 'postgres_local' for task execution.
[2025-05-11T13:43:46.155+0000] {taskinstance.py:2698} ERROR - Task failed with exception
Traceback (most recent call last):
  File "/home/airflow/.local/lib/python3.8/site-packages/airflow/models/taskinstance.py", line 433, in _execute_task
    result = execute_callable(context=context, **execute_callable_kwargs)
  File "/home/airflow/.local/lib/python3.8/site-packages/airflow/providers/common/sql/operators/sql.py", line 282, in execute
    output = hook.run(
  File "/home/airflow/.local/lib/python3.8/site-packages/airflow/providers/common/sql/hooks/sql.py", line 391, in run
    with closing(self.get_conn()) as conn:
  File "/home/airflow/.local/lib/python3.8/site-packages/airflow/providers/postgres/hooks/postgres.py", line 158, in get_conn
    self.conn = psycopg2.connect(**conn_args)
  File "/home/airflow/.local/lib/python3.8/site-packages/psycopg2/__init__.py", line 122, in connect
    conn = _connect(dsn, connection_factory=connection_factory, **kwasync)
psycopg2.OperationalError: connection to server at "localhost" (::1), port 5433 failed: Connection refused
	Is the server running on that host and accepting TCP/IP connections?
connection to server at "localhost" (127.0.0.1), port 5433 failed: Connection refused
	Is the server running on that host and accepting TCP/IP connections?

[2025-05-11T13:43:46.173+0000] {taskinstance.py:1138} INFO - Marking task as UP_FOR_RETRY. dag_id=raw_to_staging_dag, task_id=create_staging_products, execution_date=20250405T000000, start_date=20250511T134345, end_date=20250511T134346
[2025-05-11T13:43:46.193+0000] {standard_task_runner.py:107} ERROR - Failed to execute job 1843 for task create_staging_products (connection to server at "localhost" (::1), port 5433 failed: Connection refused
	Is the server running on that host and accepting TCP/IP connections?
connection to server at "localhost" (127.0.0.1), port 5433 failed: Connection refused
	Is the server running on that host and accepting TCP/IP connections?
; 4303)
[2025-05-11T13:43:46.205+0000] {local_task_job_runner.py:234} INFO - Task exited with return code 1
[2025-05-11T13:43:46.338+0000] {taskinstance.py:3280} INFO - 0 downstream tasks scheduled from follow-on schedule check
[2025-05-12T14:31:20.532+0000] {taskinstance.py:1956} INFO - Dependencies all met for dep_context=non-requeueable deps ti=<TaskInstance: raw_to_staging_dag.create_staging_products scheduled__2025-04-05T00:00:00+00:00 [queued]>
[2025-05-12T14:31:20.567+0000] {taskinstance.py:1956} INFO - Dependencies all met for dep_context=requeueable deps ti=<TaskInstance: raw_to_staging_dag.create_staging_products scheduled__2025-04-05T00:00:00+00:00 [queued]>
[2025-05-12T14:31:20.568+0000] {taskinstance.py:2170} INFO - Starting attempt 1 of 4
[2025-05-12T14:31:20.643+0000] {taskinstance.py:2191} INFO - Executing <Task(PostgresOperator): create_staging_products> on 2025-04-05 00:00:00+00:00
[2025-05-12T14:31:20.658+0000] {standard_task_runner.py:60} INFO - Started process 13050 to run task
[2025-05-12T14:31:20.679+0000] {standard_task_runner.py:87} INFO - Running: ['airflow', 'tasks', 'run', 'raw_to_staging_dag', 'create_staging_products', 'scheduled__2025-04-05T00:00:00+00:00', '--job-id', '3621', '--raw', '--subdir', 'DAGS_FOLDER/raw_to_staging_dag.py', '--cfg-path', '/tmp/tmpqdsnw8f1']
[2025-05-12T14:31:20.691+0000] {standard_task_runner.py:88} INFO - Job 3621: Subtask create_staging_products
[2025-05-12T14:31:21.027+0000] {task_command.py:423} INFO - Running <TaskInstance: raw_to_staging_dag.create_staging_products scheduled__2025-04-05T00:00:00+00:00 [running]> on host 03858235192c
[2025-05-12T14:31:21.374+0000] {taskinstance.py:2480} INFO - Exporting env vars: AIRFLOW_CTX_DAG_OWNER='simran' AIRFLOW_CTX_DAG_ID='raw_to_staging_dag' AIRFLOW_CTX_TASK_ID='create_staging_products' AIRFLOW_CTX_EXECUTION_DATE='2025-04-05T00:00:00+00:00' AIRFLOW_CTX_TRY_NUMBER='1' AIRFLOW_CTX_DAG_RUN_ID='scheduled__2025-04-05T00:00:00+00:00'
[2025-05-12T14:31:21.380+0000] {sql.py:276} INFO - Executing: CREATE TABLE IF NOT EXISTS staging.products AS
SELECT * FROM raw.product WHERE 1=0;
[2025-05-12T14:31:21.502+0000] {base.py:83} INFO - Using connection ID 'airflow_db' for task execution.
[2025-05-12T14:31:21.568+0000] {base.py:83} INFO - Using connection ID 'airflow_db' for task execution.
[2025-05-12T14:31:21.623+0000] {sql.py:450} INFO - Running statement: CREATE TABLE IF NOT EXISTS staging.products AS
SELECT * FROM raw.product WHERE 1=0;, parameters: None
[2025-05-12T14:31:21.660+0000] {taskinstance.py:1138} INFO - Marking task as SUCCESS. dag_id=raw_to_staging_dag, task_id=create_staging_products, execution_date=20250405T000000, start_date=20250512T143120, end_date=20250512T143121
[2025-05-12T14:31:21.721+0000] {local_task_job_runner.py:234} INFO - Task exited with return code 0
[2025-05-12T14:31:21.825+0000] {taskinstance.py:3280} INFO - 1 downstream tasks scheduled from follow-on schedule check
[2025-05-19T05:03:38.183+0000] {taskinstance.py:1956} INFO - Dependencies all met for dep_context=non-requeueable deps ti=<TaskInstance: raw_to_staging_dag.create_staging_products scheduled__2025-04-05T00:00:00+00:00 [queued]>
[2025-05-19T05:03:38.190+0000] {taskinstance.py:1956} INFO - Dependencies all met for dep_context=requeueable deps ti=<TaskInstance: raw_to_staging_dag.create_staging_products scheduled__2025-04-05T00:00:00+00:00 [queued]>
[2025-05-19T05:03:38.190+0000] {taskinstance.py:2170} INFO - Starting attempt 1 of 4
[2025-05-19T05:03:38.300+0000] {taskinstance.py:2191} INFO - Executing <Task(PostgresOperator): create_staging_products> on 2025-04-05 00:00:00+00:00
[2025-05-19T05:03:38.303+0000] {standard_task_runner.py:60} INFO - Started process 4890 to run task
[2025-05-19T05:03:38.309+0000] {standard_task_runner.py:87} INFO - Running: ['airflow', 'tasks', 'run', 'raw_to_staging_dag', 'create_staging_products', 'scheduled__2025-04-05T00:00:00+00:00', '--job-id', '1673', '--raw', '--subdir', 'DAGS_FOLDER/raw_to_staging_dag.py', '--cfg-path', '/tmp/tmp0d3ww64h']
[2025-05-19T05:03:38.312+0000] {standard_task_runner.py:88} INFO - Job 1673: Subtask create_staging_products
[2025-05-19T05:03:38.353+0000] {task_command.py:423} INFO - Running <TaskInstance: raw_to_staging_dag.create_staging_products scheduled__2025-04-05T00:00:00+00:00 [running]> on host 98044bf8a4b3
[2025-05-19T05:03:38.402+0000] {taskinstance.py:2480} INFO - Exporting env vars: AIRFLOW_CTX_DAG_OWNER='simran' AIRFLOW_CTX_DAG_ID='raw_to_staging_dag' AIRFLOW_CTX_TASK_ID='create_staging_products' AIRFLOW_CTX_EXECUTION_DATE='2025-04-05T00:00:00+00:00' AIRFLOW_CTX_TRY_NUMBER='1' AIRFLOW_CTX_DAG_RUN_ID='scheduled__2025-04-05T00:00:00+00:00'
[2025-05-19T05:03:38.404+0000] {sql.py:276} INFO - Executing: CREATE TABLE IF NOT EXISTS staging.products AS
SELECT * FROM raw.product WHERE 1=0;
[2025-05-19T05:03:38.408+0000] {base.py:83} INFO - Using connection ID 'airflow_db' for task execution.
[2025-05-19T05:03:38.412+0000] {base.py:83} INFO - Using connection ID 'airflow_db' for task execution.
[2025-05-19T05:03:38.420+0000] {taskinstance.py:2698} ERROR - Task failed with exception
Traceback (most recent call last):
  File "/home/airflow/.local/lib/python3.9/site-packages/airflow/models/taskinstance.py", line 433, in _execute_task
    result = execute_callable(context=context, **execute_callable_kwargs)
  File "/home/airflow/.local/lib/python3.9/site-packages/airflow/providers/common/sql/operators/sql.py", line 282, in execute
    output = hook.run(
  File "/home/airflow/.local/lib/python3.9/site-packages/airflow/providers/common/sql/hooks/sql.py", line 391, in run
    with closing(self.get_conn()) as conn:
  File "/home/airflow/.local/lib/python3.9/site-packages/airflow/providers/mysql/hooks/mysql.py", line 195, in get_conn
    return MySQLdb.connect(**conn_config)
  File "/home/airflow/.local/lib/python3.9/site-packages/MySQLdb/__init__.py", line 121, in Connect
    return Connection(*args, **kwargs)
  File "/home/airflow/.local/lib/python3.9/site-packages/MySQLdb/connections.py", line 193, in __init__
    super().__init__(*args, **kwargs2)
MySQLdb.OperationalError: (2005, "Unknown server host 'mysql' (-2)")
[2025-05-19T05:03:38.424+0000] {taskinstance.py:1138} INFO - Marking task as UP_FOR_RETRY. dag_id=raw_to_staging_dag, task_id=create_staging_products, execution_date=20250405T000000, start_date=20250519T050338, end_date=20250519T050338
[2025-05-19T05:03:38.432+0000] {standard_task_runner.py:107} ERROR - Failed to execute job 1673 for task create_staging_products ((2005, "Unknown server host 'mysql' (-2)"); 4890)
[2025-05-19T05:03:38.446+0000] {local_task_job_runner.py:234} INFO - Task exited with return code 1
[2025-05-19T05:03:38.457+0000] {taskinstance.py:3280} INFO - 0 downstream tasks scheduled from follow-on schedule check
[2025-05-20T03:57:01.278+0000] {taskinstance.py:1956} INFO - Dependencies all met for dep_context=non-requeueable deps ti=<TaskInstance: raw_to_staging_dag.create_staging_products scheduled__2025-04-05T00:00:00+00:00 [queued]>
[2025-05-20T03:57:01.286+0000] {taskinstance.py:1956} INFO - Dependencies all met for dep_context=requeueable deps ti=<TaskInstance: raw_to_staging_dag.create_staging_products scheduled__2025-04-05T00:00:00+00:00 [queued]>
[2025-05-20T03:57:01.287+0000] {taskinstance.py:2170} INFO - Starting attempt 1 of 4
[2025-05-20T03:57:01.411+0000] {taskinstance.py:2191} INFO - Executing <Task(PostgresOperator): create_staging_products> on 2025-04-05 00:00:00+00:00
[2025-05-20T03:57:01.416+0000] {standard_task_runner.py:60} INFO - Started process 4814 to run task
[2025-05-20T03:57:01.422+0000] {standard_task_runner.py:87} INFO - Running: ['airflow', 'tasks', 'run', 'raw_to_staging_dag', 'create_staging_products', 'scheduled__2025-04-05T00:00:00+00:00', '--job-id', '1670', '--raw', '--subdir', 'DAGS_FOLDER/raw_to_staging_dag.py', '--cfg-path', '/tmp/tmpw3zbqlrg']
[2025-05-20T03:57:01.423+0000] {standard_task_runner.py:88} INFO - Job 1670: Subtask create_staging_products
[2025-05-20T03:57:01.485+0000] {task_command.py:423} INFO - Running <TaskInstance: raw_to_staging_dag.create_staging_products scheduled__2025-04-05T00:00:00+00:00 [running]> on host 123cdc80f7f3
[2025-05-20T03:57:01.567+0000] {taskinstance.py:2480} INFO - Exporting env vars: AIRFLOW_CTX_DAG_OWNER='simran' AIRFLOW_CTX_DAG_ID='raw_to_staging_dag' AIRFLOW_CTX_TASK_ID='create_staging_products' AIRFLOW_CTX_EXECUTION_DATE='2025-04-05T00:00:00+00:00' AIRFLOW_CTX_TRY_NUMBER='1' AIRFLOW_CTX_DAG_RUN_ID='scheduled__2025-04-05T00:00:00+00:00'
[2025-05-20T03:57:01.570+0000] {sql.py:276} INFO - Executing: CREATE TABLE IF NOT EXISTS staging.products AS
SELECT * FROM raw.product WHERE 1=0;
[2025-05-20T03:57:01.598+0000] {base.py:83} INFO - Using connection ID 'airflow_db' for task execution.
[2025-05-20T03:57:01.615+0000] {base.py:83} INFO - Using connection ID 'airflow_db' for task execution.
[2025-05-20T03:57:01.634+0000] {sql.py:450} INFO - Running statement: CREATE TABLE IF NOT EXISTS staging.products AS
SELECT * FROM raw.product WHERE 1=0;, parameters: None
[2025-05-20T03:57:01.638+0000] {taskinstance.py:2698} ERROR - Task failed with exception
Traceback (most recent call last):
  File "/home/airflow/.local/lib/python3.9/site-packages/airflow/models/taskinstance.py", line 433, in _execute_task
    result = execute_callable(context=context, **execute_callable_kwargs)
  File "/home/airflow/.local/lib/python3.9/site-packages/airflow/providers/common/sql/operators/sql.py", line 282, in execute
    output = hook.run(
  File "/home/airflow/.local/lib/python3.9/site-packages/airflow/providers/common/sql/hooks/sql.py", line 398, in run
    self._run_command(cur, sql_statement, parameters)
  File "/home/airflow/.local/lib/python3.9/site-packages/airflow/providers/common/sql/hooks/sql.py", line 455, in _run_command
    cur.execute(sql_statement)
psycopg2.errors.UndefinedTable: relation "raw.product" does not exist
LINE 2: SELECT * FROM raw.product WHERE 1=0;
                      ^

[2025-05-20T03:57:01.649+0000] {taskinstance.py:1138} INFO - Marking task as UP_FOR_RETRY. dag_id=raw_to_staging_dag, task_id=create_staging_products, execution_date=20250405T000000, start_date=20250520T035701, end_date=20250520T035701
[2025-05-20T03:57:01.687+0000] {standard_task_runner.py:107} ERROR - Failed to execute job 1670 for task create_staging_products (relation "raw.product" does not exist
LINE 2: SELECT * FROM raw.product WHERE 1=0;
                      ^
; 4814)
[2025-05-20T03:57:01.727+0000] {local_task_job_runner.py:234} INFO - Task exited with return code 1
[2025-05-20T03:57:01.824+0000] {taskinstance.py:3280} INFO - 0 downstream tasks scheduled from follow-on schedule check
