[2025-05-15T01:09:57.328+0000] {taskinstance.py:1956} INFO - Dependencies all met for dep_context=non-requeueable deps ti=<TaskInstance: raw_to_staging_dag.load_staging_products scheduled__2025-05-14T00:00:00+00:00 [queued]>
[2025-05-15T01:09:57.333+0000] {taskinstance.py:1956} INFO - Dependencies all met for dep_context=requeueable deps ti=<TaskInstance: raw_to_staging_dag.load_staging_products scheduled__2025-05-14T00:00:00+00:00 [queued]>
[2025-05-15T01:09:57.334+0000] {taskinstance.py:2170} INFO - Starting attempt 2 of 4
[2025-05-15T01:09:57.343+0000] {taskinstance.py:2191} INFO - Executing <Task(PostgresOperator): load_staging_products> on 2025-05-14 00:00:00+00:00
[2025-05-15T01:09:57.346+0000] {standard_task_runner.py:60} INFO - Started process 12110 to run task
[2025-05-15T01:09:57.349+0000] {standard_task_runner.py:87} INFO - Running: ['airflow', 'tasks', 'run', 'raw_to_staging_dag', 'load_staging_products', 'scheduled__2025-05-14T00:00:00+00:00', '--job-id', '4061', '--raw', '--subdir', 'DAGS_FOLDER/raw_to_staging_dag.py', '--cfg-path', '/tmp/tmp815no3vy']
[2025-05-15T01:09:57.352+0000] {standard_task_runner.py:88} INFO - Job 4061: Subtask load_staging_products
[2025-05-15T01:09:57.389+0000] {task_command.py:423} INFO - Running <TaskInstance: raw_to_staging_dag.load_staging_products scheduled__2025-05-14T00:00:00+00:00 [running]> on host 03858235192c
[2025-05-15T01:09:57.461+0000] {taskinstance.py:2480} INFO - Exporting env vars: AIRFLOW_CTX_DAG_OWNER='simran' AIRFLOW_CTX_DAG_ID='raw_to_staging_dag' AIRFLOW_CTX_TASK_ID='load_staging_products' AIRFLOW_CTX_EXECUTION_DATE='2025-05-14T00:00:00+00:00' AIRFLOW_CTX_TRY_NUMBER='2' AIRFLOW_CTX_DAG_RUN_ID='scheduled__2025-05-14T00:00:00+00:00'
[2025-05-15T01:09:57.462+0000] {sql.py:276} INFO - Executing: TRUNCATE TABLE staging.products;I

NSERT INTO staging.products
SELECT * FROM raw.product;
[2025-05-15T01:09:57.475+0000] {base.py:83} INFO - Using connection ID 'airflow_db' for task execution.
[2025-05-15T01:09:57.483+0000] {base.py:83} INFO - Using connection ID 'airflow_db' for task execution.
[2025-05-15T01:09:57.518+0000] {sql.py:450} INFO - Running statement: TRUNCATE TABLE staging.products;I

NSERT INTO staging.products
SELECT * FROM raw.product;, parameters: None
[2025-05-15T01:09:57.520+0000] {taskinstance.py:2698} ERROR - Task failed with exception
Traceback (most recent call last):
  File "/home/airflow/.local/lib/python3.8/site-packages/airflow/models/taskinstance.py", line 433, in _execute_task
    result = execute_callable(context=context, **execute_callable_kwargs)
  File "/home/airflow/.local/lib/python3.8/site-packages/airflow/providers/common/sql/operators/sql.py", line 282, in execute
    output = hook.run(
  File "/home/airflow/.local/lib/python3.8/site-packages/airflow/providers/common/sql/hooks/sql.py", line 398, in run
    self._run_command(cur, sql_statement, parameters)
  File "/home/airflow/.local/lib/python3.8/site-packages/airflow/providers/common/sql/hooks/sql.py", line 455, in _run_command
    cur.execute(sql_statement)
psycopg2.errors.SyntaxError: syntax error at or near "I"
LINE 1: TRUNCATE TABLE staging.products;I
                                        ^

[2025-05-15T01:09:57.525+0000] {taskinstance.py:1138} INFO - Marking task as UP_FOR_RETRY. dag_id=raw_to_staging_dag, task_id=load_staging_products, execution_date=20250514T000000, start_date=20250515T010957, end_date=20250515T010957
[2025-05-15T01:09:57.530+0000] {standard_task_runner.py:107} ERROR - Failed to execute job 4061 for task load_staging_products (syntax error at or near "I"
LINE 1: TRUNCATE TABLE staging.products;I
                                        ^
; 12110)
[2025-05-15T01:09:57.571+0000] {local_task_job_runner.py:234} INFO - Task exited with return code 1
[2025-05-15T01:09:57.589+0000] {taskinstance.py:3280} INFO - 0 downstream tasks scheduled from follow-on schedule check
