[2025-05-19T02:44:00.208+0000] {taskinstance.py:1956} INFO - Dependencies all met for dep_context=non-requeueable deps ti=<TaskInstance: raw_to_staging_dag.create_staging_cards manual__2025-05-19T02:43:53.540196+00:00 [queued]>
[2025-05-19T02:44:00.228+0000] {taskinstance.py:1956} INFO - Dependencies all met for dep_context=requeueable deps ti=<TaskInstance: raw_to_staging_dag.create_staging_cards manual__2025-05-19T02:43:53.540196+00:00 [queued]>
[2025-05-19T02:44:00.228+0000] {taskinstance.py:2170} INFO - Starting attempt 1 of 4
[2025-05-19T02:44:00.246+0000] {taskinstance.py:2191} INFO - Executing <Task(PostgresOperator): create_staging_cards> on 2025-05-19 02:43:53.540196+00:00
[2025-05-19T02:44:00.252+0000] {standard_task_runner.py:60} INFO - Started process 468 to run task
[2025-05-19T02:44:00.255+0000] {standard_task_runner.py:87} INFO - Running: ['airflow', 'tasks', 'run', 'raw_to_staging_dag', 'create_staging_cards', 'manual__2025-05-19T02:43:53.540196+00:00', '--job-id', '68', '--raw', '--subdir', 'DAGS_FOLDER/raw_to_staging_dag.py', '--cfg-path', '/tmp/tmpo7tscvqm']
[2025-05-19T02:44:00.257+0000] {standard_task_runner.py:88} INFO - Job 68: Subtask create_staging_cards
[2025-05-19T02:44:00.396+0000] {task_command.py:423} INFO - Running <TaskInstance: raw_to_staging_dag.create_staging_cards manual__2025-05-19T02:43:53.540196+00:00 [running]> on host 98044bf8a4b3
[2025-05-19T02:44:00.522+0000] {taskinstance.py:2480} INFO - Exporting env vars: AIRFLOW_CTX_DAG_OWNER='simran' AIRFLOW_CTX_DAG_ID='raw_to_staging_dag' AIRFLOW_CTX_TASK_ID='create_staging_cards' AIRFLOW_CTX_EXECUTION_DATE='2025-05-19T02:43:53.540196+00:00' AIRFLOW_CTX_TRY_NUMBER='1' AIRFLOW_CTX_DAG_RUN_ID='manual__2025-05-19T02:43:53.540196+00:00'
[2025-05-19T02:44:00.526+0000] {sql.py:276} INFO - Executing: CREATE TABLE IF NOT EXISTS staging.cards AS
SELECT * FROM raw.cards WHERE 1=0;
[2025-05-19T02:44:00.533+0000] {base.py:83} INFO - Using connection ID 'airflow_db' for task execution.
[2025-05-19T02:44:00.543+0000] {base.py:83} INFO - Using connection ID 'airflow_db' for task execution.
[2025-05-19T02:44:00.558+0000] {taskinstance.py:2698} ERROR - Task failed with exception
Traceback (most recent call last):
  File "/home/airflow/.local/lib/python3.9/site-packages/airflow/models/taskinstance.py", line 433, in _execute_task
    result = execute_callable(context=context, **execute_callable_kwargs)
  File "/home/airflow/.local/lib/python3.9/site-packages/airflow/providers/common/sql/operators/sql.py", line 282, in execute
    output = hook.run(
  File "/home/airflow/.local/lib/python3.9/site-packages/airflow/providers/common/sql/hooks/sql.py", line 391, in run
    with closing(self.get_conn()) as conn:
  File "/home/airflow/.local/lib/python3.9/site-packages/airflow/providers/mysql/hooks/mysql.py", line 195, in get_conn
    return MySQLdb.connect(**conn_config)
  File "/home/airflow/.local/lib/python3.9/site-packages/MySQLdb/__init__.py", line 121, in Connect
    return Connection(*args, **kwargs)
  File "/home/airflow/.local/lib/python3.9/site-packages/MySQLdb/connections.py", line 193, in __init__
    super().__init__(*args, **kwargs2)
MySQLdb.OperationalError: (2005, "Unknown server host 'mysql' (-2)")
[2025-05-19T02:44:00.570+0000] {taskinstance.py:1138} INFO - Marking task as UP_FOR_RETRY. dag_id=raw_to_staging_dag, task_id=create_staging_cards, execution_date=20250519T024353, start_date=20250519T024400, end_date=20250519T024400
[2025-05-19T02:44:00.584+0000] {standard_task_runner.py:107} ERROR - Failed to execute job 68 for task create_staging_cards ((2005, "Unknown server host 'mysql' (-2)"); 468)
[2025-05-19T02:44:00.608+0000] {local_task_job_runner.py:234} INFO - Task exited with return code 1
[2025-05-19T02:44:00.635+0000] {taskinstance.py:3280} INFO - 0 downstream tasks scheduled from follow-on schedule check
