[2025-05-12T00:16:50.713+0000] {taskinstance.py:1956} INFO - Dependencies all met for dep_context=non-requeueable deps ti=<TaskInstance: raw_to_staging_dag.create_staging_customers scheduled__2025-05-11T00:00:00+00:00 [queued]>
[2025-05-12T00:16:50.726+0000] {taskinstance.py:1956} INFO - Dependencies all met for dep_context=requeueable deps ti=<TaskInstance: raw_to_staging_dag.create_staging_customers scheduled__2025-05-11T00:00:00+00:00 [queued]>
[2025-05-12T00:16:50.727+0000] {taskinstance.py:2170} INFO - Starting attempt 1 of 4
[2025-05-12T00:16:50.744+0000] {taskinstance.py:2191} INFO - Executing <Task(PostgresOperator): create_staging_customers> on 2025-05-11 00:00:00+00:00
[2025-05-12T00:16:50.761+0000] {standard_task_runner.py:60} INFO - Started process 7231 to run task
[2025-05-12T00:16:50.764+0000] {standard_task_runner.py:87} INFO - Running: ['airflow', 'tasks', 'run', 'raw_to_staging_dag', 'create_staging_customers', 'scheduled__2025-05-11T00:00:00+00:00', '--job-id', '2686', '--raw', '--subdir', 'DAGS_FOLDER/raw_to_staging_dag.py', '--cfg-path', '/tmp/tmp64wicd3q']
[2025-05-12T00:16:50.772+0000] {standard_task_runner.py:88} INFO - Job 2686: Subtask create_staging_customers
[2025-05-12T00:16:50.841+0000] {task_command.py:423} INFO - Running <TaskInstance: raw_to_staging_dag.create_staging_customers scheduled__2025-05-11T00:00:00+00:00 [running]> on host 03858235192c
[2025-05-12T00:16:50.916+0000] {taskinstance.py:2480} INFO - Exporting env vars: AIRFLOW_CTX_DAG_OWNER='simran' AIRFLOW_CTX_DAG_ID='raw_to_staging_dag' AIRFLOW_CTX_TASK_ID='create_staging_customers' AIRFLOW_CTX_EXECUTION_DATE='2025-05-11T00:00:00+00:00' AIRFLOW_CTX_TRY_NUMBER='1' AIRFLOW_CTX_DAG_RUN_ID='scheduled__2025-05-11T00:00:00+00:00'
[2025-05-12T00:16:50.918+0000] {sql.py:276} INFO - Executing: CREATE TABLE IF NOT EXISTS staging.customers AS
SELECT * FROM raw.customers WHERE 1=0;
[2025-05-12T00:16:50.954+0000] {base.py:83} INFO - Using connection ID 'airflow_db' for task execution.
[2025-05-12T00:16:50.975+0000] {base.py:83} INFO - Using connection ID 'airflow_db' for task execution.
[2025-05-12T00:16:50.983+0000] {sql.py:450} INFO - Running statement: CREATE TABLE IF NOT EXISTS staging.customers AS
SELECT * FROM raw.customers WHERE 1=0;, parameters: None
[2025-05-12T00:16:50.988+0000] {taskinstance.py:2698} ERROR - Task failed with exception
Traceback (most recent call last):
  File "/home/airflow/.local/lib/python3.8/site-packages/airflow/models/taskinstance.py", line 433, in _execute_task
    result = execute_callable(context=context, **execute_callable_kwargs)
  File "/home/airflow/.local/lib/python3.8/site-packages/airflow/providers/common/sql/operators/sql.py", line 282, in execute
    output = hook.run(
  File "/home/airflow/.local/lib/python3.8/site-packages/airflow/providers/common/sql/hooks/sql.py", line 398, in run
    self._run_command(cur, sql_statement, parameters)
  File "/home/airflow/.local/lib/python3.8/site-packages/airflow/providers/common/sql/hooks/sql.py", line 455, in _run_command
    cur.execute(sql_statement)
psycopg2.errors.UndefinedTable: relation "raw.customers" does not exist
LINE 2: SELECT * FROM raw.customers WHERE 1=0;
                      ^

[2025-05-12T00:16:51.036+0000] {taskinstance.py:1138} INFO - Marking task as UP_FOR_RETRY. dag_id=raw_to_staging_dag, task_id=create_staging_customers, execution_date=20250511T000000, start_date=20250512T001650, end_date=20250512T001651
[2025-05-12T00:16:51.071+0000] {standard_task_runner.py:107} ERROR - Failed to execute job 2686 for task create_staging_customers (relation "raw.customers" does not exist
LINE 2: SELECT * FROM raw.customers WHERE 1=0;
                      ^
; 7231)
[2025-05-12T00:16:51.121+0000] {local_task_job_runner.py:234} INFO - Task exited with return code 1
[2025-05-12T00:16:51.176+0000] {taskinstance.py:3280} INFO - 0 downstream tasks scheduled from follow-on schedule check
[2025-05-12T14:32:47.500+0000] {taskinstance.py:1956} INFO - Dependencies all met for dep_context=non-requeueable deps ti=<TaskInstance: raw_to_staging_dag.create_staging_customers scheduled__2025-05-11T00:00:00+00:00 [queued]>
[2025-05-12T14:32:47.520+0000] {taskinstance.py:1956} INFO - Dependencies all met for dep_context=requeueable deps ti=<TaskInstance: raw_to_staging_dag.create_staging_customers scheduled__2025-05-11T00:00:00+00:00 [queued]>
[2025-05-12T14:32:47.522+0000] {taskinstance.py:2170} INFO - Starting attempt 1 of 4
[2025-05-12T14:32:47.550+0000] {taskinstance.py:2191} INFO - Executing <Task(PostgresOperator): create_staging_customers> on 2025-05-11 00:00:00+00:00
[2025-05-12T14:32:47.561+0000] {standard_task_runner.py:60} INFO - Started process 194 to run task
[2025-05-12T14:32:47.572+0000] {standard_task_runner.py:87} INFO - Running: ['airflow', 'tasks', 'run', 'raw_to_staging_dag', 'create_staging_customers', 'scheduled__2025-05-11T00:00:00+00:00', '--job-id', '4003', '--raw', '--subdir', 'DAGS_FOLDER/raw_to_staging_dag.py', '--cfg-path', '/tmp/tmpj4g9xni6']
[2025-05-12T14:32:47.576+0000] {standard_task_runner.py:88} INFO - Job 4003: Subtask create_staging_customers
[2025-05-12T14:32:47.666+0000] {task_command.py:423} INFO - Running <TaskInstance: raw_to_staging_dag.create_staging_customers scheduled__2025-05-11T00:00:00+00:00 [running]> on host 03858235192c
[2025-05-12T14:32:47.865+0000] {taskinstance.py:2480} INFO - Exporting env vars: AIRFLOW_CTX_DAG_OWNER='simran' AIRFLOW_CTX_DAG_ID='raw_to_staging_dag' AIRFLOW_CTX_TASK_ID='create_staging_customers' AIRFLOW_CTX_EXECUTION_DATE='2025-05-11T00:00:00+00:00' AIRFLOW_CTX_TRY_NUMBER='1' AIRFLOW_CTX_DAG_RUN_ID='scheduled__2025-05-11T00:00:00+00:00'
[2025-05-12T14:32:47.866+0000] {sql.py:276} INFO - Executing: CREATE TABLE IF NOT EXISTS staging.customers AS
SELECT * FROM raw.customers WHERE 1=0;
[2025-05-12T14:32:47.922+0000] {base.py:83} INFO - Using connection ID 'airflow_db' for task execution.
[2025-05-12T14:32:47.971+0000] {base.py:83} INFO - Using connection ID 'airflow_db' for task execution.
[2025-05-12T14:32:48.044+0000] {sql.py:450} INFO - Running statement: CREATE TABLE IF NOT EXISTS staging.customers AS
SELECT * FROM raw.customers WHERE 1=0;, parameters: None
[2025-05-12T14:32:48.075+0000] {taskinstance.py:1138} INFO - Marking task as SUCCESS. dag_id=raw_to_staging_dag, task_id=create_staging_customers, execution_date=20250511T000000, start_date=20250512T143247, end_date=20250512T143248
[2025-05-12T14:32:48.124+0000] {local_task_job_runner.py:234} INFO - Task exited with return code 0
[2025-05-12T14:32:48.190+0000] {taskinstance.py:3280} INFO - 1 downstream tasks scheduled from follow-on schedule check
