[2025-05-20T00:15:04.354+0000] {taskinstance.py:1956} INFO - Dependencies all met for dep_context=non-requeueable deps ti=<TaskInstance: raw_to_staging_dag.create_staging_transactions scheduled__2025-05-19T00:00:00+00:00 [queued]>
[2025-05-20T00:15:04.369+0000] {taskinstance.py:1956} INFO - Dependencies all met for dep_context=requeueable deps ti=<TaskInstance: raw_to_staging_dag.create_staging_transactions scheduled__2025-05-19T00:00:00+00:00 [queued]>
[2025-05-20T00:15:04.372+0000] {taskinstance.py:2170} INFO - Starting attempt 4 of 4
[2025-05-20T00:15:04.417+0000] {taskinstance.py:2191} INFO - Executing <Task(PostgresOperator): create_staging_transactions> on 2025-05-19 00:00:00+00:00
[2025-05-20T00:15:04.424+0000] {standard_task_runner.py:60} INFO - Started process 16918 to run task
[2025-05-20T00:15:04.433+0000] {standard_task_runner.py:87} INFO - Running: ['airflow', 'tasks', 'run', 'raw_to_staging_dag', 'create_staging_transactions', 'scheduled__2025-05-19T00:00:00+00:00', '--job-id', '2799', '--raw', '--subdir', 'DAGS_FOLDER/raw_to_staging_dag.py', '--cfg-path', '/tmp/tmpmouo9al2']
[2025-05-20T00:15:04.436+0000] {standard_task_runner.py:88} INFO - Job 2799: Subtask create_staging_transactions
[2025-05-20T00:15:04.528+0000] {task_command.py:423} INFO - Running <TaskInstance: raw_to_staging_dag.create_staging_transactions scheduled__2025-05-19T00:00:00+00:00 [running]> on host 98044bf8a4b3
[2025-05-20T00:15:04.634+0000] {taskinstance.py:2480} INFO - Exporting env vars: AIRFLOW_CTX_DAG_OWNER='simran' AIRFLOW_CTX_DAG_ID='raw_to_staging_dag' AIRFLOW_CTX_TASK_ID='create_staging_transactions' AIRFLOW_CTX_EXECUTION_DATE='2025-05-19T00:00:00+00:00' AIRFLOW_CTX_TRY_NUMBER='4' AIRFLOW_CTX_DAG_RUN_ID='scheduled__2025-05-19T00:00:00+00:00'
[2025-05-20T00:15:04.636+0000] {sql.py:276} INFO - Executing: CREATE TABLE IF NOT EXISTS staging.transactions AS
SELECT * FROM raw.transactions WHERE 1=0;
[2025-05-20T00:15:04.693+0000] {base.py:83} INFO - Using connection ID 'airflow_db' for task execution.
[2025-05-20T00:15:04.728+0000] {base.py:83} INFO - Using connection ID 'airflow_db' for task execution.
[2025-05-20T00:15:04.773+0000] {sql.py:450} INFO - Running statement: CREATE TABLE IF NOT EXISTS staging.transactions AS
SELECT * FROM raw.transactions WHERE 1=0;, parameters: None
[2025-05-20T00:15:04.796+0000] {taskinstance.py:1138} INFO - Marking task as SUCCESS. dag_id=raw_to_staging_dag, task_id=create_staging_transactions, execution_date=20250519T000000, start_date=20250520T001504, end_date=20250520T001504
[2025-05-20T00:15:04.820+0000] {local_task_job_runner.py:234} INFO - Task exited with return code 0
[2025-05-20T00:15:04.851+0000] {taskinstance.py:3280} INFO - 1 downstream tasks scheduled from follow-on schedule check
[2025-05-20T04:58:34.449+0000] {taskinstance.py:1956} INFO - Dependencies all met for dep_context=non-requeueable deps ti=<TaskInstance: raw_to_staging_dag.create_staging_transactions scheduled__2025-05-19T00:00:00+00:00 [queued]>
[2025-05-20T04:58:34.470+0000] {taskinstance.py:1956} INFO - Dependencies all met for dep_context=requeueable deps ti=<TaskInstance: raw_to_staging_dag.create_staging_transactions scheduled__2025-05-19T00:00:00+00:00 [queued]>
[2025-05-20T04:58:34.471+0000] {taskinstance.py:2170} INFO - Starting attempt 4 of 4
[2025-05-20T04:58:34.495+0000] {taskinstance.py:2191} INFO - Executing <Task(PostgresOperator): create_staging_transactions> on 2025-05-19 00:00:00+00:00
[2025-05-20T04:58:34.500+0000] {standard_task_runner.py:60} INFO - Started process 8227 to run task
[2025-05-20T04:58:34.506+0000] {standard_task_runner.py:87} INFO - Running: ['airflow', 'tasks', 'run', 'raw_to_staging_dag', 'create_staging_transactions', 'scheduled__2025-05-19T00:00:00+00:00', '--job-id', '2792', '--raw', '--subdir', 'DAGS_FOLDER/raw_to_staging_dag.py', '--cfg-path', '/tmp/tmpu24b98dd']
[2025-05-20T04:58:34.515+0000] {standard_task_runner.py:88} INFO - Job 2792: Subtask create_staging_transactions
[2025-05-20T04:58:34.716+0000] {task_command.py:423} INFO - Running <TaskInstance: raw_to_staging_dag.create_staging_transactions scheduled__2025-05-19T00:00:00+00:00 [running]> on host 123cdc80f7f3
[2025-05-20T04:58:34.865+0000] {taskinstance.py:2480} INFO - Exporting env vars: AIRFLOW_CTX_DAG_OWNER='simran' AIRFLOW_CTX_DAG_ID='raw_to_staging_dag' AIRFLOW_CTX_TASK_ID='create_staging_transactions' AIRFLOW_CTX_EXECUTION_DATE='2025-05-19T00:00:00+00:00' AIRFLOW_CTX_TRY_NUMBER='4' AIRFLOW_CTX_DAG_RUN_ID='scheduled__2025-05-19T00:00:00+00:00'
[2025-05-20T04:58:34.865+0000] {sql.py:276} INFO - Executing: CREATE TABLE IF NOT EXISTS staging.transactions AS
SELECT * FROM raw.transactions WHERE 1=0;
[2025-05-20T04:58:34.895+0000] {base.py:83} INFO - Using connection ID 'airflow_db' for task execution.
[2025-05-20T04:58:34.911+0000] {base.py:83} INFO - Using connection ID 'airflow_db' for task execution.
[2025-05-20T04:58:34.933+0000] {sql.py:450} INFO - Running statement: CREATE TABLE IF NOT EXISTS staging.transactions AS
SELECT * FROM raw.transactions WHERE 1=0;, parameters: None
[2025-05-20T04:58:34.940+0000] {taskinstance.py:2698} ERROR - Task failed with exception
Traceback (most recent call last):
  File "/home/airflow/.local/lib/python3.9/site-packages/airflow/models/taskinstance.py", line 433, in _execute_task
    result = execute_callable(context=context, **execute_callable_kwargs)
  File "/home/airflow/.local/lib/python3.9/site-packages/airflow/providers/common/sql/operators/sql.py", line 282, in execute
    output = hook.run(
  File "/home/airflow/.local/lib/python3.9/site-packages/airflow/providers/common/sql/hooks/sql.py", line 398, in run
    self._run_command(cur, sql_statement, parameters)
  File "/home/airflow/.local/lib/python3.9/site-packages/airflow/providers/common/sql/hooks/sql.py", line 455, in _run_command
    cur.execute(sql_statement)
psycopg2.errors.UndefinedTable: relation "raw.transactions" does not exist
LINE 2: SELECT * FROM raw.transactions WHERE 1=0;
                      ^

[2025-05-20T04:58:34.952+0000] {taskinstance.py:1138} INFO - Marking task as FAILED. dag_id=raw_to_staging_dag, task_id=create_staging_transactions, execution_date=20250519T000000, start_date=20250520T045834, end_date=20250520T045834
[2025-05-20T04:58:34.969+0000] {standard_task_runner.py:107} ERROR - Failed to execute job 2792 for task create_staging_transactions (relation "raw.transactions" does not exist
LINE 2: SELECT * FROM raw.transactions WHERE 1=0;
                      ^
; 8227)
[2025-05-20T04:58:34.988+0000] {local_task_job_runner.py:234} INFO - Task exited with return code 1
[2025-05-20T04:58:35.043+0000] {taskinstance.py:3280} INFO - 0 downstream tasks scheduled from follow-on schedule check
