[2025-05-19T06:00:49.106+0000] {taskinstance.py:1956} INFO - Dependencies all met for dep_context=non-requeueable deps ti=<TaskInstance: raw_to_staging_dag.create_staging_cards scheduled__2025-05-16T00:00:00+00:00 [queued]>
[2025-05-19T06:00:49.113+0000] {taskinstance.py:1956} INFO - Dependencies all met for dep_context=requeueable deps ti=<TaskInstance: raw_to_staging_dag.create_staging_cards scheduled__2025-05-16T00:00:00+00:00 [queued]>
[2025-05-19T06:00:49.114+0000] {taskinstance.py:2170} INFO - Starting attempt 3 of 4
[2025-05-19T06:00:49.166+0000] {taskinstance.py:2191} INFO - Executing <Task(PostgresOperator): create_staging_cards> on 2025-05-16 00:00:00+00:00
[2025-05-19T06:00:49.175+0000] {standard_task_runner.py:60} INFO - Started process 8077 to run task
[2025-05-19T06:00:49.187+0000] {standard_task_runner.py:87} INFO - Running: ['airflow', 'tasks', 'run', 'raw_to_staging_dag', 'create_staging_cards', 'scheduled__2025-05-16T00:00:00+00:00', '--job-id', '2711', '--raw', '--subdir', 'DAGS_FOLDER/raw_to_staging_dag.py', '--cfg-path', '/tmp/tmpu2iobi5u']
[2025-05-19T06:00:49.192+0000] {standard_task_runner.py:88} INFO - Job 2711: Subtask create_staging_cards
[2025-05-19T06:00:49.361+0000] {task_command.py:423} INFO - Running <TaskInstance: raw_to_staging_dag.create_staging_cards scheduled__2025-05-16T00:00:00+00:00 [running]> on host 98044bf8a4b3
[2025-05-19T06:00:49.535+0000] {taskinstance.py:2480} INFO - Exporting env vars: AIRFLOW_CTX_DAG_OWNER='simran' AIRFLOW_CTX_DAG_ID='raw_to_staging_dag' AIRFLOW_CTX_TASK_ID='create_staging_cards' AIRFLOW_CTX_EXECUTION_DATE='2025-05-16T00:00:00+00:00' AIRFLOW_CTX_TRY_NUMBER='3' AIRFLOW_CTX_DAG_RUN_ID='scheduled__2025-05-16T00:00:00+00:00'
[2025-05-19T06:00:49.539+0000] {sql.py:276} INFO - Executing: CREATE TABLE IF NOT EXISTS staging.cards AS
SELECT * FROM raw.cards WHERE 1=0;
[2025-05-19T06:00:49.559+0000] {base.py:83} INFO - Using connection ID 'airflow_db' for task execution.
[2025-05-19T06:00:49.635+0000] {base.py:83} INFO - Using connection ID 'airflow_db' for task execution.
[2025-05-19T06:00:49.704+0000] {taskinstance.py:2698} ERROR - Task failed with exception
Traceback (most recent call last):
  File "/home/airflow/.local/lib/python3.9/site-packages/airflow/models/taskinstance.py", line 433, in _execute_task
    result = execute_callable(context=context, **execute_callable_kwargs)
  File "/home/airflow/.local/lib/python3.9/site-packages/airflow/providers/common/sql/operators/sql.py", line 282, in execute
    output = hook.run(
  File "/home/airflow/.local/lib/python3.9/site-packages/airflow/providers/common/sql/hooks/sql.py", line 391, in run
    with closing(self.get_conn()) as conn:
  File "/home/airflow/.local/lib/python3.9/site-packages/airflow/providers/mysql/hooks/mysql.py", line 195, in get_conn
    return MySQLdb.connect(**conn_config)
  File "/home/airflow/.local/lib/python3.9/site-packages/MySQLdb/__init__.py", line 121, in Connect
    return Connection(*args, **kwargs)
  File "/home/airflow/.local/lib/python3.9/site-packages/MySQLdb/connections.py", line 193, in __init__
    super().__init__(*args, **kwargs2)
MySQLdb.OperationalError: (2005, "Unknown server host 'mysql' (-2)")
[2025-05-19T06:00:49.750+0000] {taskinstance.py:1138} INFO - Marking task as UP_FOR_RETRY. dag_id=raw_to_staging_dag, task_id=create_staging_cards, execution_date=20250516T000000, start_date=20250519T060049, end_date=20250519T060049
[2025-05-19T06:00:49.869+0000] {standard_task_runner.py:107} ERROR - Failed to execute job 2711 for task create_staging_cards ((2005, "Unknown server host 'mysql' (-2)"); 8077)
[2025-05-19T06:00:49.924+0000] {local_task_job_runner.py:234} INFO - Task exited with return code 1
[2025-05-19T06:00:50.226+0000] {taskinstance.py:3280} INFO - 0 downstream tasks scheduled from follow-on schedule check
[2025-05-20T04:53:29.872+0000] {taskinstance.py:1956} INFO - Dependencies all met for dep_context=non-requeueable deps ti=<TaskInstance: raw_to_staging_dag.create_staging_cards scheduled__2025-05-16T00:00:00+00:00 [queued]>
[2025-05-20T04:53:29.902+0000] {taskinstance.py:1956} INFO - Dependencies all met for dep_context=requeueable deps ti=<TaskInstance: raw_to_staging_dag.create_staging_cards scheduled__2025-05-16T00:00:00+00:00 [queued]>
[2025-05-20T04:53:29.910+0000] {taskinstance.py:2170} INFO - Starting attempt 3 of 4
[2025-05-20T04:53:30.012+0000] {taskinstance.py:2191} INFO - Executing <Task(PostgresOperator): create_staging_cards> on 2025-05-16 00:00:00+00:00
[2025-05-20T04:53:30.153+0000] {standard_task_runner.py:60} INFO - Started process 7986 to run task
[2025-05-20T04:53:30.210+0000] {standard_task_runner.py:87} INFO - Running: ['airflow', 'tasks', 'run', 'raw_to_staging_dag', 'create_staging_cards', 'scheduled__2025-05-16T00:00:00+00:00', '--job-id', '2721', '--raw', '--subdir', 'DAGS_FOLDER/raw_to_staging_dag.py', '--cfg-path', '/tmp/tmpf9y747hg']
[2025-05-20T04:53:30.259+0000] {standard_task_runner.py:88} INFO - Job 2721: Subtask create_staging_cards
[2025-05-20T04:53:30.561+0000] {task_command.py:423} INFO - Running <TaskInstance: raw_to_staging_dag.create_staging_cards scheduled__2025-05-16T00:00:00+00:00 [running]> on host 123cdc80f7f3
[2025-05-20T04:53:30.930+0000] {taskinstance.py:2480} INFO - Exporting env vars: AIRFLOW_CTX_DAG_OWNER='simran' AIRFLOW_CTX_DAG_ID='raw_to_staging_dag' AIRFLOW_CTX_TASK_ID='create_staging_cards' AIRFLOW_CTX_EXECUTION_DATE='2025-05-16T00:00:00+00:00' AIRFLOW_CTX_TRY_NUMBER='3' AIRFLOW_CTX_DAG_RUN_ID='scheduled__2025-05-16T00:00:00+00:00'
[2025-05-20T04:53:30.978+0000] {sql.py:276} INFO - Executing: CREATE TABLE IF NOT EXISTS staging.cards AS
SELECT * FROM raw.cards WHERE 1=0;
[2025-05-20T04:53:31.167+0000] {base.py:83} INFO - Using connection ID 'airflow_db' for task execution.
[2025-05-20T04:53:31.472+0000] {base.py:83} INFO - Using connection ID 'airflow_db' for task execution.
[2025-05-20T04:53:31.612+0000] {sql.py:450} INFO - Running statement: CREATE TABLE IF NOT EXISTS staging.cards AS
SELECT * FROM raw.cards WHERE 1=0;, parameters: None
[2025-05-20T04:53:31.638+0000] {taskinstance.py:2698} ERROR - Task failed with exception
Traceback (most recent call last):
  File "/home/airflow/.local/lib/python3.9/site-packages/airflow/models/taskinstance.py", line 433, in _execute_task
    result = execute_callable(context=context, **execute_callable_kwargs)
  File "/home/airflow/.local/lib/python3.9/site-packages/airflow/providers/common/sql/operators/sql.py", line 282, in execute
    output = hook.run(
  File "/home/airflow/.local/lib/python3.9/site-packages/airflow/providers/common/sql/hooks/sql.py", line 398, in run
    self._run_command(cur, sql_statement, parameters)
  File "/home/airflow/.local/lib/python3.9/site-packages/airflow/providers/common/sql/hooks/sql.py", line 455, in _run_command
    cur.execute(sql_statement)
psycopg2.errors.UndefinedTable: relation "raw.cards" does not exist
LINE 2: SELECT * FROM raw.cards WHERE 1=0;
                      ^

[2025-05-20T04:53:31.771+0000] {taskinstance.py:1138} INFO - Marking task as UP_FOR_RETRY. dag_id=raw_to_staging_dag, task_id=create_staging_cards, execution_date=20250516T000000, start_date=20250520T045329, end_date=20250520T045331
[2025-05-20T04:53:31.897+0000] {standard_task_runner.py:107} ERROR - Failed to execute job 2721 for task create_staging_cards (relation "raw.cards" does not exist
LINE 2: SELECT * FROM raw.cards WHERE 1=0;
                      ^
; 7986)
[2025-05-20T04:53:32.080+0000] {local_task_job_runner.py:234} INFO - Task exited with return code 1
[2025-05-20T04:53:32.311+0000] {taskinstance.py:3280} INFO - 0 downstream tasks scheduled from follow-on schedule check
