[2025-05-11T14:09:05.298+0000] {taskinstance.py:1956} INFO - Dependencies all met for dep_context=non-requeueable deps ti=<TaskInstance: raw_to_staging_dag.create_staging_accounts scheduled__2025-04-16T00:00:00+00:00 [queued]>
[2025-05-11T14:09:05.313+0000] {taskinstance.py:1956} INFO - Dependencies all met for dep_context=requeueable deps ti=<TaskInstance: raw_to_staging_dag.create_staging_accounts scheduled__2025-04-16T00:00:00+00:00 [queued]>
[2025-05-11T14:09:05.314+0000] {taskinstance.py:2170} INFO - Starting attempt 4 of 4
[2025-05-11T14:09:05.326+0000] {taskinstance.py:2191} INFO - Executing <Task(PostgresOperator): create_staging_accounts> on 2025-04-16 00:00:00+00:00
[2025-05-11T14:09:05.334+0000] {standard_task_runner.py:60} INFO - Started process 5423 to run task
[2025-05-11T14:09:05.338+0000] {standard_task_runner.py:87} INFO - Running: ['airflow', 'tasks', 'run', 'raw_to_staging_dag', 'create_staging_accounts', 'scheduled__2025-04-16T00:00:00+00:00', '--job-id', '2294', '--raw', '--subdir', 'DAGS_FOLDER/raw_to_staging_dag.py', '--cfg-path', '/tmp/tmp_vd1u99y']
[2025-05-11T14:09:05.347+0000] {standard_task_runner.py:88} INFO - Job 2294: Subtask create_staging_accounts
[2025-05-11T14:09:05.437+0000] {task_command.py:423} INFO - Running <TaskInstance: raw_to_staging_dag.create_staging_accounts scheduled__2025-04-16T00:00:00+00:00 [running]> on host 03858235192c
[2025-05-11T14:09:05.553+0000] {taskinstance.py:2480} INFO - Exporting env vars: AIRFLOW_CTX_DAG_OWNER='simran' AIRFLOW_CTX_DAG_ID='raw_to_staging_dag' AIRFLOW_CTX_TASK_ID='create_staging_accounts' AIRFLOW_CTX_EXECUTION_DATE='2025-04-16T00:00:00+00:00' AIRFLOW_CTX_TRY_NUMBER='4' AIRFLOW_CTX_DAG_RUN_ID='scheduled__2025-04-16T00:00:00+00:00'
[2025-05-11T14:09:05.556+0000] {sql.py:276} INFO - Executing: CREATE TABLE IF NOT EXISTS staging.accounts AS
SELECT * FROM raw.account WHERE 1=0;
[2025-05-11T14:09:05.596+0000] {base.py:83} INFO - Using connection ID 'postgres_local' for task execution.
[2025-05-11T14:09:05.604+0000] {base.py:83} INFO - Using connection ID 'postgres_local' for task execution.
[2025-05-11T14:09:05.606+0000] {taskinstance.py:2698} ERROR - Task failed with exception
Traceback (most recent call last):
  File "/home/airflow/.local/lib/python3.8/site-packages/airflow/models/taskinstance.py", line 433, in _execute_task
    result = execute_callable(context=context, **execute_callable_kwargs)
  File "/home/airflow/.local/lib/python3.8/site-packages/airflow/providers/common/sql/operators/sql.py", line 282, in execute
    output = hook.run(
  File "/home/airflow/.local/lib/python3.8/site-packages/airflow/providers/common/sql/hooks/sql.py", line 391, in run
    with closing(self.get_conn()) as conn:
  File "/home/airflow/.local/lib/python3.8/site-packages/airflow/providers/postgres/hooks/postgres.py", line 158, in get_conn
    self.conn = psycopg2.connect(**conn_args)
  File "/home/airflow/.local/lib/python3.8/site-packages/psycopg2/__init__.py", line 122, in connect
    conn = _connect(dsn, connection_factory=connection_factory, **kwasync)
psycopg2.OperationalError: connection to server at "localhost" (::1), port 5433 failed: Connection refused
	Is the server running on that host and accepting TCP/IP connections?
connection to server at "localhost" (127.0.0.1), port 5433 failed: Connection refused
	Is the server running on that host and accepting TCP/IP connections?

[2025-05-11T14:09:05.617+0000] {taskinstance.py:1138} INFO - Marking task as FAILED. dag_id=raw_to_staging_dag, task_id=create_staging_accounts, execution_date=20250416T000000, start_date=20250511T140905, end_date=20250511T140905
[2025-05-11T14:09:05.638+0000] {standard_task_runner.py:107} ERROR - Failed to execute job 2294 for task create_staging_accounts (connection to server at "localhost" (::1), port 5433 failed: Connection refused
	Is the server running on that host and accepting TCP/IP connections?
connection to server at "localhost" (127.0.0.1), port 5433 failed: Connection refused
	Is the server running on that host and accepting TCP/IP connections?
; 5423)
[2025-05-11T14:09:05.670+0000] {local_task_job_runner.py:234} INFO - Task exited with return code 1
[2025-05-11T14:09:05.824+0000] {taskinstance.py:3280} INFO - 0 downstream tasks scheduled from follow-on schedule check
[2025-05-19T05:34:18.148+0000] {taskinstance.py:1956} INFO - Dependencies all met for dep_context=non-requeueable deps ti=<TaskInstance: raw_to_staging_dag.create_staging_accounts scheduled__2025-04-16T00:00:00+00:00 [queued]>
[2025-05-19T05:34:18.158+0000] {taskinstance.py:1956} INFO - Dependencies all met for dep_context=requeueable deps ti=<TaskInstance: raw_to_staging_dag.create_staging_accounts scheduled__2025-04-16T00:00:00+00:00 [queued]>
[2025-05-19T05:34:18.159+0000] {taskinstance.py:2170} INFO - Starting attempt 4 of 4
[2025-05-19T05:34:18.175+0000] {taskinstance.py:2191} INFO - Executing <Task(PostgresOperator): create_staging_accounts> on 2025-04-16 00:00:00+00:00
[2025-05-19T05:34:18.186+0000] {standard_task_runner.py:60} INFO - Started process 6598 to run task
[2025-05-19T05:34:18.200+0000] {standard_task_runner.py:87} INFO - Running: ['airflow', 'tasks', 'run', 'raw_to_staging_dag', 'create_staging_accounts', 'scheduled__2025-04-16T00:00:00+00:00', '--job-id', '2226', '--raw', '--subdir', 'DAGS_FOLDER/raw_to_staging_dag.py', '--cfg-path', '/tmp/tmp_gvh_3mo']
[2025-05-19T05:34:18.219+0000] {standard_task_runner.py:88} INFO - Job 2226: Subtask create_staging_accounts
[2025-05-19T05:34:18.368+0000] {task_command.py:423} INFO - Running <TaskInstance: raw_to_staging_dag.create_staging_accounts scheduled__2025-04-16T00:00:00+00:00 [running]> on host 98044bf8a4b3
[2025-05-19T05:34:18.506+0000] {taskinstance.py:2480} INFO - Exporting env vars: AIRFLOW_CTX_DAG_OWNER='simran' AIRFLOW_CTX_DAG_ID='raw_to_staging_dag' AIRFLOW_CTX_TASK_ID='create_staging_accounts' AIRFLOW_CTX_EXECUTION_DATE='2025-04-16T00:00:00+00:00' AIRFLOW_CTX_TRY_NUMBER='4' AIRFLOW_CTX_DAG_RUN_ID='scheduled__2025-04-16T00:00:00+00:00'
[2025-05-19T05:34:18.509+0000] {sql.py:276} INFO - Executing: CREATE TABLE IF NOT EXISTS staging.accounts AS
SELECT * FROM raw.account WHERE 1=0;
[2025-05-19T05:34:18.547+0000] {base.py:83} INFO - Using connection ID 'airflow_db' for task execution.
[2025-05-19T05:34:18.574+0000] {base.py:83} INFO - Using connection ID 'airflow_db' for task execution.
[2025-05-19T05:34:18.610+0000] {taskinstance.py:2698} ERROR - Task failed with exception
Traceback (most recent call last):
  File "/home/airflow/.local/lib/python3.9/site-packages/airflow/models/taskinstance.py", line 433, in _execute_task
    result = execute_callable(context=context, **execute_callable_kwargs)
  File "/home/airflow/.local/lib/python3.9/site-packages/airflow/providers/common/sql/operators/sql.py", line 282, in execute
    output = hook.run(
  File "/home/airflow/.local/lib/python3.9/site-packages/airflow/providers/common/sql/hooks/sql.py", line 391, in run
    with closing(self.get_conn()) as conn:
  File "/home/airflow/.local/lib/python3.9/site-packages/airflow/providers/mysql/hooks/mysql.py", line 195, in get_conn
    return MySQLdb.connect(**conn_config)
  File "/home/airflow/.local/lib/python3.9/site-packages/MySQLdb/__init__.py", line 121, in Connect
    return Connection(*args, **kwargs)
  File "/home/airflow/.local/lib/python3.9/site-packages/MySQLdb/connections.py", line 193, in __init__
    super().__init__(*args, **kwargs2)
MySQLdb.OperationalError: (2005, "Unknown server host 'mysql' (-2)")
[2025-05-19T05:34:18.640+0000] {taskinstance.py:1138} INFO - Marking task as FAILED. dag_id=raw_to_staging_dag, task_id=create_staging_accounts, execution_date=20250416T000000, start_date=20250519T053418, end_date=20250519T053418
[2025-05-19T05:34:18.654+0000] {standard_task_runner.py:107} ERROR - Failed to execute job 2226 for task create_staging_accounts ((2005, "Unknown server host 'mysql' (-2)"); 6598)
[2025-05-19T05:34:18.715+0000] {local_task_job_runner.py:234} INFO - Task exited with return code 1
[2025-05-19T05:34:18.898+0000] {taskinstance.py:3280} INFO - 0 downstream tasks scheduled from follow-on schedule check
[2025-05-20T04:27:40.255+0000] {taskinstance.py:1956} INFO - Dependencies all met for dep_context=non-requeueable deps ti=<TaskInstance: raw_to_staging_dag.create_staging_accounts scheduled__2025-04-16T00:00:00+00:00 [queued]>
[2025-05-20T04:27:40.277+0000] {taskinstance.py:1956} INFO - Dependencies all met for dep_context=requeueable deps ti=<TaskInstance: raw_to_staging_dag.create_staging_accounts scheduled__2025-04-16T00:00:00+00:00 [queued]>
[2025-05-20T04:27:40.282+0000] {taskinstance.py:2170} INFO - Starting attempt 4 of 4
[2025-05-20T04:27:40.461+0000] {taskinstance.py:2191} INFO - Executing <Task(PostgresOperator): create_staging_accounts> on 2025-04-16 00:00:00+00:00
[2025-05-20T04:27:40.488+0000] {standard_task_runner.py:87} INFO - Running: ['airflow', 'tasks', 'run', 'raw_to_staging_dag', 'create_staging_accounts', 'scheduled__2025-04-16T00:00:00+00:00', '--job-id', '2208', '--raw', '--subdir', 'DAGS_FOLDER/raw_to_staging_dag.py', '--cfg-path', '/tmp/tmp0lyxt7m8']
[2025-05-20T04:27:40.493+0000] {standard_task_runner.py:88} INFO - Job 2208: Subtask create_staging_accounts
[2025-05-20T04:27:40.483+0000] {standard_task_runner.py:60} INFO - Started process 6468 to run task
[2025-05-20T04:27:40.647+0000] {task_command.py:423} INFO - Running <TaskInstance: raw_to_staging_dag.create_staging_accounts scheduled__2025-04-16T00:00:00+00:00 [running]> on host 123cdc80f7f3
[2025-05-20T04:27:40.817+0000] {taskinstance.py:2480} INFO - Exporting env vars: AIRFLOW_CTX_DAG_OWNER='simran' AIRFLOW_CTX_DAG_ID='raw_to_staging_dag' AIRFLOW_CTX_TASK_ID='create_staging_accounts' AIRFLOW_CTX_EXECUTION_DATE='2025-04-16T00:00:00+00:00' AIRFLOW_CTX_TRY_NUMBER='4' AIRFLOW_CTX_DAG_RUN_ID='scheduled__2025-04-16T00:00:00+00:00'
[2025-05-20T04:27:40.818+0000] {sql.py:276} INFO - Executing: CREATE TABLE IF NOT EXISTS staging.accounts AS
SELECT * FROM raw.account WHERE 1=0;
[2025-05-20T04:27:40.864+0000] {base.py:83} INFO - Using connection ID 'airflow_db' for task execution.
[2025-05-20T04:27:40.898+0000] {base.py:83} INFO - Using connection ID 'airflow_db' for task execution.
[2025-05-20T04:27:40.915+0000] {sql.py:450} INFO - Running statement: CREATE TABLE IF NOT EXISTS staging.accounts AS
SELECT * FROM raw.account WHERE 1=0;, parameters: None
[2025-05-20T04:27:40.919+0000] {taskinstance.py:2698} ERROR - Task failed with exception
Traceback (most recent call last):
  File "/home/airflow/.local/lib/python3.9/site-packages/airflow/models/taskinstance.py", line 433, in _execute_task
    result = execute_callable(context=context, **execute_callable_kwargs)
  File "/home/airflow/.local/lib/python3.9/site-packages/airflow/providers/common/sql/operators/sql.py", line 282, in execute
    output = hook.run(
  File "/home/airflow/.local/lib/python3.9/site-packages/airflow/providers/common/sql/hooks/sql.py", line 398, in run
    self._run_command(cur, sql_statement, parameters)
  File "/home/airflow/.local/lib/python3.9/site-packages/airflow/providers/common/sql/hooks/sql.py", line 455, in _run_command
    cur.execute(sql_statement)
psycopg2.errors.UndefinedTable: relation "raw.account" does not exist
LINE 2: SELECT * FROM raw.account WHERE 1=0;
                      ^

[2025-05-20T04:27:40.932+0000] {taskinstance.py:1138} INFO - Marking task as FAILED. dag_id=raw_to_staging_dag, task_id=create_staging_accounts, execution_date=20250416T000000, start_date=20250520T042740, end_date=20250520T042740
[2025-05-20T04:27:41.206+0000] {standard_task_runner.py:107} ERROR - Failed to execute job 2208 for task create_staging_accounts (relation "raw.account" does not exist
LINE 2: SELECT * FROM raw.account WHERE 1=0;
                      ^
; 6468)
[2025-05-20T04:27:41.249+0000] {local_task_job_runner.py:234} INFO - Task exited with return code 1
[2025-05-20T04:27:41.418+0000] {taskinstance.py:3280} INFO - 0 downstream tasks scheduled from follow-on schedule check
